[0.011s] Invoking command in '/home/guichen/Documents/drone-radar-fusion/build/interface': CMAKE_PREFIX_PATH=/opt/ros/humble /usr/bin/cmake /home/guichen/Documents/drone-radar-fusion/src/interface -DAMENT_CMAKE_SYMLINK_INSTALL=1 -DCMAKE_INSTALL_PREFIX=/home/guichen/Documents/drone-radar-fusion/install/interface
[0.071s] -- The C compiler identification is GNU 11.4.0
[0.126s] -- The CXX compiler identification is GNU 11.4.0
[0.133s] -- Detecting C compiler ABI info
[0.180s] -- Detecting C compiler ABI info - done
[0.185s] -- Check for working C compiler: /usr/bin/cc - skipped
[0.185s] -- Detecting C compile features
[0.186s] -- Detecting C compile features - done
[0.188s] -- Detecting CXX compiler ABI info
[0.243s] -- Detecting CXX compiler ABI info - done
[0.248s] -- Check for working CXX compiler: /usr/bin/c++ - skipped
[0.248s] -- Detecting CXX compile features
[0.249s] -- Detecting CXX compile features - done
[0.253s] -- Found ament_cmake: 1.3.14 (/opt/ros/humble/share/ament_cmake/cmake)
[0.355s] -- Found Python3: /usr/bin/python3 (found version "3.10.12") found components: Interpreter 
[0.399s] -- Override CMake install command with custom implementation using symlinks instead of copying resources
[0.421s] -- Found rosidl_default_generators: 1.2.1 (/opt/ros/humble/share/rosidl_default_generators/cmake)
[0.424s] -- Using all available rosidl_typesupport_c: rosidl_typesupport_fastrtps_c;rosidl_typesupport_introspection_c
[0.429s] -- Found rosidl_adapter: 3.1.8 (/opt/ros/humble/share/rosidl_adapter/cmake)
[0.463s] -- Using all available rosidl_typesupport_cpp: rosidl_typesupport_fastrtps_cpp;rosidl_typesupport_introspection_cpp
[0.491s] -- Found std_msgs: 4.9.1 (/opt/ros/humble/share/std_msgs/cmake)
[0.707s] -- Found ament_cmake_ros: 0.10.0 (/opt/ros/humble/share/ament_cmake_ros/cmake)
[0.849s] -- Using all available rosidl_typesupport_c: rosidl_typesupport_fastrtps_c;rosidl_typesupport_introspection_c
[1.039s] -- Using all available rosidl_typesupport_cpp: rosidl_typesupport_fastrtps_cpp;rosidl_typesupport_introspection_cpp
[1.053s] -- Found PythonInterp: /usr/bin/python3 (found suitable version "3.10.12", minimum required is "3.6") 
[1.054s] -- Found python_cmake_module: 0.10.0 (/opt/ros/humble/share/python_cmake_module/cmake)
[1.071s] -- Found PythonLibs: /usr/lib/x86_64-linux-gnu/libpython3.10.so (found suitable version "3.10.12", minimum required is "3.5") 
[1.071s] -- Using PYTHON_EXECUTABLE: /usr/bin/python3
[1.071s] -- Using PYTHON_INCLUDE_DIRS: /usr/include/python3.10
[1.071s] -- Using PYTHON_LIBRARIES: /usr/lib/x86_64-linux-gnu/libpython3.10.so
[1.084s] -- Found PythonExtra: .so  
[1.169s] -- Configuring done
[1.191s] -- Generating done
[1.198s] -- Build files have been written to: /home/guichen/Documents/drone-radar-fusion/build/interface
[1.203s] Invoked command in '/home/guichen/Documents/drone-radar-fusion/build/interface' returned '0': CMAKE_PREFIX_PATH=/opt/ros/humble /usr/bin/cmake /home/guichen/Documents/drone-radar-fusion/src/interface -DAMENT_CMAKE_SYMLINK_INSTALL=1 -DCMAKE_INSTALL_PREFIX=/home/guichen/Documents/drone-radar-fusion/install/interface
[1.204s] Invoking command in '/home/guichen/Documents/drone-radar-fusion/build/interface': CMAKE_PREFIX_PATH=/opt/ros/humble /usr/bin/cmake --build /home/guichen/Documents/drone-radar-fusion/build/interface -- -j16 -l16
[1.233s] [  2%] [34m[1mGenerating C code for ROS interfaces[0m
[1.240s] [  4%] [34m[1mGenerating C++ code for ROS interfaces[0m
[1.240s] [  6%] [34m[1mGenerating Rust code for ROS interfaces[0m
[1.246s] [  6%] Built target ament_cmake_python_symlink_interface
[1.511s] running egg_info
[1.511s] creating interface.egg-info
[1.512s] writing interface.egg-info/PKG-INFO
[1.512s] writing dependency_links to interface.egg-info/dependency_links.txt
[1.512s] writing top-level names to interface.egg-info/top_level.txt
[1.512s] writing manifest file 'interface.egg-info/SOURCES.txt'
[1.515s] reading manifest file 'interface.egg-info/SOURCES.txt'
[1.515s] writing manifest file 'interface.egg-info/SOURCES.txt'
[1.545s] [  6%] Built target ament_cmake_python_build_interface_egg
[1.793s] [  6%] Built target interface__rs
[1.891s] [  6%] Built target interface__cpp
[1.903s] [  8%] [34m[1mGenerating C++ introspection for ROS interfaces[0m
[1.903s] [ 10%] [34m[1mGenerating C++ type support dispatch for ROS interfaces[0m
[1.906s] [ 12%] [34m[1mGenerating C++ type support for eProsima Fast-RTPS[0m
[1.917s] [ 14%] [32mBuilding C object CMakeFiles/interface__rosidl_generator_c.dir/rosidl_generator_c/interface/msg/detail/drone_detect__functions.c.o[0m
[1.918s] [ 16%] [32mBuilding C object CMakeFiles/interface__rosidl_generator_c.dir/rosidl_generator_c/interface/msg/detail/drone_detect_array__functions.c.o[0m
[1.918s] [ 18%] [32mBuilding C object CMakeFiles/interface__rosidl_generator_c.dir/rosidl_generator_c/interface/msg/detail/radar_warn__functions.c.o[0m
[2.003s] [ 20%] [32m[1mLinking C shared library libinterface__rosidl_generator_c.so[0m
[2.050s] [ 20%] Built target interface__rosidl_generator_c
[2.064s] [ 22%] [34m[1mGenerating C introspection for ROS interfaces[0m
[2.068s] [ 25%] [34m[1mGenerating C type support for eProsima Fast-RTPS[0m
[2.068s] [ 27%] [34m[1mGenerating C type support dispatch for ROS interfaces[0m
[2.955s] [ 29%] [32mBuilding CXX object CMakeFiles/interface__rosidl_typesupport_introspection_cpp.dir/rosidl_typesupport_introspection_cpp/interface/msg/detail/drone_detect_array__type_support.cpp.o[0m
[2.959s] [ 31%] [32mBuilding CXX object CMakeFiles/interface__rosidl_typesupport_introspection_cpp.dir/rosidl_typesupport_introspection_cpp/interface/msg/detail/radar_warn__type_support.cpp.o[0m
[2.961s] [ 33%] [32mBuilding CXX object CMakeFiles/interface__rosidl_typesupport_introspection_cpp.dir/rosidl_typesupport_introspection_cpp/interface/msg/detail/drone_detect__type_support.cpp.o[0m
[2.991s] [ 35%] [32mBuilding CXX object CMakeFiles/interface__rosidl_typesupport_cpp.dir/rosidl_typesupport_cpp/interface/msg/drone_detect__type_support.cpp.o[0m
[3.005s] [ 37%] [32mBuilding CXX object CMakeFiles/interface__rosidl_typesupport_cpp.dir/rosidl_typesupport_cpp/interface/msg/drone_detect_array__type_support.cpp.o[0m
[3.005s] [ 39%] [32mBuilding CXX object CMakeFiles/interface__rosidl_typesupport_cpp.dir/rosidl_typesupport_cpp/interface/msg/radar_warn__type_support.cpp.o[0m
[3.208s] [ 41%] [32mBuilding CXX object CMakeFiles/interface__rosidl_typesupport_c.dir/rosidl_typesupport_c/interface/msg/drone_detect__type_support.cpp.o[0m
[3.211s] [ 43%] [32mBuilding CXX object CMakeFiles/interface__rosidl_typesupport_c.dir/rosidl_typesupport_c/interface/msg/drone_detect_array__type_support.cpp.o[0m
[3.213s] [ 45%] [32mBuilding CXX object CMakeFiles/interface__rosidl_typesupport_c.dir/rosidl_typesupport_c/interface/msg/radar_warn__type_support.cpp.o[0m
[3.241s] [ 47%] [32mBuilding C object CMakeFiles/interface__rosidl_typesupport_introspection_c.dir/rosidl_typesupport_introspection_c/interface/msg/detail/drone_detect__type_support.c.o[0m
[3.257s] [ 50%] [32mBuilding C object CMakeFiles/interface__rosidl_typesupport_introspection_c.dir/rosidl_typesupport_introspection_c/interface/msg/detail/drone_detect_array__type_support.c.o[0m
[3.273s] [ 52%] [32mBuilding C object CMakeFiles/interface__rosidl_typesupport_introspection_c.dir/rosidl_typesupport_introspection_c/interface/msg/detail/radar_warn__type_support.c.o[0m
[3.294s] [ 54%] [32mBuilding CXX object CMakeFiles/interface__rosidl_typesupport_fastrtps_cpp.dir/rosidl_typesupport_fastrtps_cpp/interface/msg/detail/dds_fastrtps/drone_detect__type_support.cpp.o[0m
[3.295s] [ 56%] [32mBuilding CXX object CMakeFiles/interface__rosidl_typesupport_fastrtps_cpp.dir/rosidl_typesupport_fastrtps_cpp/interface/msg/detail/dds_fastrtps/radar_warn__type_support.cpp.o[0m
[3.300s] [ 58%] [32mBuilding CXX object CMakeFiles/interface__rosidl_typesupport_fastrtps_cpp.dir/rosidl_typesupport_fastrtps_cpp/interface/msg/detail/dds_fastrtps/drone_detect_array__type_support.cpp.o[0m
[3.315s] [ 60%] [32m[1mLinking CXX shared library libinterface__rosidl_typesupport_c.so[0m
[3.390s] [ 62%] [32m[1mLinking C shared library libinterface__rosidl_typesupport_introspection_c.so[0m
[3.404s] [ 62%] Built target interface__rosidl_typesupport_c
[3.420s] [ 64%] [32mBuilding CXX object CMakeFiles/interface__rosidl_typesupport_fastrtps_c.dir/rosidl_typesupport_fastrtps_c/interface/msg/detail/drone_detect__type_support_c.cpp.o[0m
[3.439s] [ 66%] [32mBuilding CXX object CMakeFiles/interface__rosidl_typesupport_fastrtps_c.dir/rosidl_typesupport_fastrtps_c/interface/msg/detail/drone_detect_array__type_support_c.cpp.o[0m
[3.444s] [ 66%] Built target interface__rosidl_typesupport_introspection_c
[3.444s] [ 68%] [32mBuilding CXX object CMakeFiles/interface__rosidl_typesupport_fastrtps_c.dir/rosidl_typesupport_fastrtps_c/interface/msg/detail/radar_warn__type_support_c.cpp.o[0m
[3.514s] [ 70%] [32m[1mLinking CXX shared library libinterface__rosidl_typesupport_cpp.so[0m
[3.576s] [ 70%] Built target interface__rosidl_typesupport_cpp
[3.703s] [ 72%] [32m[1mLinking CXX shared library libinterface__rosidl_typesupport_introspection_cpp.so[0m
[3.778s] [ 72%] Built target interface__rosidl_typesupport_introspection_cpp
[3.846s] [ 75%] [32m[1mLinking CXX shared library libinterface__rosidl_typesupport_fastrtps_c.so[0m
[3.872s] [ 77%] [32m[1mLinking CXX shared library libinterface__rosidl_typesupport_fastrtps_cpp.so[0m
[3.893s] [ 77%] Built target interface__rosidl_typesupport_fastrtps_c
[3.920s] [ 77%] Built target interface__rosidl_typesupport_fastrtps_cpp
[3.934s] [ 77%] Built target interface
[3.948s] [ 79%] [34m[1mGenerating Python code for ROS interfaces[0m
[4.649s] [ 79%] Built target interface__py
[4.669s] [ 81%] [32mBuilding C object CMakeFiles/interface__rosidl_generator_py.dir/rosidl_generator_py/interface/msg/_radar_warn_s.c.o[0m
[4.669s] [ 83%] [32mBuilding C object CMakeFiles/interface__rosidl_generator_py.dir/rosidl_generator_py/interface/msg/_drone_detect_array_s.c.o[0m
[4.675s] [ 85%] [32mBuilding C object CMakeFiles/interface__rosidl_generator_py.dir/rosidl_generator_py/interface/msg/_drone_detect_s.c.o[0m
[4.998s] [ 87%] [32m[1mLinking C shared library rosidl_generator_py/interface/libinterface__rosidl_generator_py.so[0m
[5.153s] [ 87%] Built target interface__rosidl_generator_py
[5.196s] [ 89%] [32mBuilding C object CMakeFiles/interface__rosidl_typesupport_c__pyext.dir/rosidl_generator_py/interface/_interface_s.ep.rosidl_typesupport_c.c.o[0m
[5.231s] [ 91%] [32mBuilding C object CMakeFiles/interface__rosidl_typesupport_introspection_c__pyext.dir/rosidl_generator_py/interface/_interface_s.ep.rosidl_typesupport_introspection_c.c.o[0m
[5.235s] [ 93%] [32mBuilding C object CMakeFiles/interface__rosidl_typesupport_fastrtps_c__pyext.dir/rosidl_generator_py/interface/_interface_s.ep.rosidl_typesupport_fastrtps_c.c.o[0m
[5.612s] [ 95%] [32m[1mLinking C shared library rosidl_generator_py/interface/interface_s__rosidl_typesupport_c.cpython-310-x86_64-linux-gnu.so[0m
[5.643s] [ 97%] [32m[1mLinking C shared library rosidl_generator_py/interface/interface_s__rosidl_typesupport_fastrtps_c.cpython-310-x86_64-linux-gnu.so[0m
[5.646s] [100%] [32m[1mLinking C shared library rosidl_generator_py/interface/interface_s__rosidl_typesupport_introspection_c.cpython-310-x86_64-linux-gnu.so[0m
[5.718s] [100%] Built target interface__rosidl_typesupport_c__pyext
[5.756s] [100%] Built target interface__rosidl_typesupport_fastrtps_c__pyext
[5.763s] [100%] Built target interface__rosidl_typesupport_introspection_c__pyext
[5.808s] Invoked command in '/home/guichen/Documents/drone-radar-fusion/build/interface' returned '0': CMAKE_PREFIX_PATH=/opt/ros/humble /usr/bin/cmake --build /home/guichen/Documents/drone-radar-fusion/build/interface -- -j16 -l16
[5.810s] Invoking command in '/home/guichen/Documents/drone-radar-fusion/build/interface': CMAKE_PREFIX_PATH=/opt/ros/humble /usr/bin/cmake --install /home/guichen/Documents/drone-radar-fusion/build/interface
[5.833s] -- Install configuration: ""
[5.833s] -- Execute custom install script
[5.834s] -- Symlinking: /home/guichen/Documents/drone-radar-fusion/install/interface/share/ament_index/resource_index/rosidl_interfaces/interface
[5.869s] -- Symlinking: /home/guichen/Documents/drone-radar-fusion/install/interface/include/interface/interface/msg/detail/drone_detect__functions.h
[5.881s] -- Symlinking: /home/guichen/Documents/drone-radar-fusion/install/interface/include/interface/interface/msg/detail/drone_detect__struct.h
[5.909s] -- Symlinking: /home/guichen/Documents/drone-radar-fusion/install/interface/include/interface/interface/msg/detail/drone_detect__type_support.h
[5.944s] -- Symlinking: /home/guichen/Documents/drone-radar-fusion/install/interface/include/interface/interface/msg/detail/drone_detect_array__functions.h
[5.961s] -- Symlinking: /home/guichen/Documents/drone-radar-fusion/install/interface/include/interface/interface/msg/detail/drone_detect_array__struct.h
[5.975s] -- Symlinking: /home/guichen/Documents/drone-radar-fusion/install/interface/include/interface/interface/msg/detail/drone_detect_array__type_support.h
[5.990s] -- Symlinking: /home/guichen/Documents/drone-radar-fusion/install/interface/include/interface/interface/msg/detail/radar_warn__functions.h
[6.005s] -- Symlinking: /home/guichen/Documents/drone-radar-fusion/install/interface/include/interface/interface/msg/detail/radar_warn__struct.h
[6.027s] -- Symlinking: /home/guichen/Documents/drone-radar-fusion/install/interface/include/interface/interface/msg/detail/radar_warn__type_support.h
[6.066s] -- Symlinking: /home/guichen/Documents/drone-radar-fusion/install/interface/include/interface/interface/msg/drone_detect.h
[6.078s] -- Symlinking: /home/guichen/Documents/drone-radar-fusion/install/interface/include/interface/interface/msg/drone_detect_array.h
[6.093s] -- Symlinking: /home/guichen/Documents/drone-radar-fusion/install/interface/include/interface/interface/msg/radar_warn.h
[6.111s] -- Symlinking: /home/guichen/Documents/drone-radar-fusion/install/interface/include/interface/interface/msg/rosidl_generator_c__visibility_control.h
[6.128s] -- Symlinking: /home/guichen/Documents/drone-radar-fusion/install/interface/share/interface/environment/library_path.sh
[6.145s] -- Symlinking: /home/guichen/Documents/drone-radar-fusion/install/interface/share/interface/environment/library_path.dsv
[6.164s] -- Symlinking: /home/guichen/Documents/drone-radar-fusion/install/interface/include/interface/interface/msg/detail/drone_detect__rosidl_typesupport_fastrtps_c.h
[6.181s] -- Symlinking: /home/guichen/Documents/drone-radar-fusion/install/interface/include/interface/interface/msg/detail/drone_detect_array__rosidl_typesupport_fastrtps_c.h
[6.193s] -- Symlinking: /home/guichen/Documents/drone-radar-fusion/install/interface/include/interface/interface/msg/detail/radar_warn__rosidl_typesupport_fastrtps_c.h
[6.208s] -- Symlinking: /home/guichen/Documents/drone-radar-fusion/install/interface/include/interface/interface/msg/rosidl_typesupport_fastrtps_c__visibility_control.h
[6.219s] -- Symlinking: /home/guichen/Documents/drone-radar-fusion/install/interface/include/interface/interface/msg/detail/drone_detect__rosidl_typesupport_introspection_c.h
[6.231s] -- Symlinking: /home/guichen/Documents/drone-radar-fusion/install/interface/include/interface/interface/msg/detail/drone_detect_array__rosidl_typesupport_introspection_c.h
[6.245s] -- Symlinking: /home/guichen/Documents/drone-radar-fusion/install/interface/include/interface/interface/msg/detail/radar_warn__rosidl_typesupport_introspection_c.h
[6.255s] -- Symlinking: /home/guichen/Documents/drone-radar-fusion/install/interface/include/interface/interface/msg/rosidl_typesupport_introspection_c__visibility_control.h
[6.265s] -- Symlinking: /home/guichen/Documents/drone-radar-fusion/install/interface/include/interface/interface/msg/detail/drone_detect__builder.hpp
[6.277s] -- Symlinking: /home/guichen/Documents/drone-radar-fusion/install/interface/include/interface/interface/msg/detail/drone_detect__struct.hpp
[6.288s] -- Symlinking: /home/guichen/Documents/drone-radar-fusion/install/interface/include/interface/interface/msg/detail/drone_detect__traits.hpp
[6.298s] -- Symlinking: /home/guichen/Documents/drone-radar-fusion/install/interface/include/interface/interface/msg/detail/drone_detect__type_support.hpp
[6.310s] -- Symlinking: /home/guichen/Documents/drone-radar-fusion/install/interface/include/interface/interface/msg/detail/drone_detect_array__builder.hpp
[6.319s] -- Symlinking: /home/guichen/Documents/drone-radar-fusion/install/interface/include/interface/interface/msg/detail/drone_detect_array__struct.hpp
[6.330s] -- Symlinking: /home/guichen/Documents/drone-radar-fusion/install/interface/include/interface/interface/msg/detail/drone_detect_array__traits.hpp
[6.342s] -- Symlinking: /home/guichen/Documents/drone-radar-fusion/install/interface/include/interface/interface/msg/detail/drone_detect_array__type_support.hpp
[6.354s] -- Symlinking: /home/guichen/Documents/drone-radar-fusion/install/interface/include/interface/interface/msg/detail/radar_warn__builder.hpp
[6.369s] -- Symlinking: /home/guichen/Documents/drone-radar-fusion/install/interface/include/interface/interface/msg/detail/radar_warn__struct.hpp
[6.381s] -- Symlinking: /home/guichen/Documents/drone-radar-fusion/install/interface/include/interface/interface/msg/detail/radar_warn__traits.hpp
[6.393s] -- Symlinking: /home/guichen/Documents/drone-radar-fusion/install/interface/include/interface/interface/msg/detail/radar_warn__type_support.hpp
[6.404s] -- Symlinking: /home/guichen/Documents/drone-radar-fusion/install/interface/include/interface/interface/msg/drone_detect.hpp
[6.416s] -- Symlinking: /home/guichen/Documents/drone-radar-fusion/install/interface/include/interface/interface/msg/drone_detect_array.hpp
[6.428s] -- Symlinking: /home/guichen/Documents/drone-radar-fusion/install/interface/include/interface/interface/msg/radar_warn.hpp
[6.440s] -- Symlinking: /home/guichen/Documents/drone-radar-fusion/install/interface/include/interface/interface/msg/rosidl_generator_cpp__visibility_control.hpp
[6.455s] -- Symlinking: /home/guichen/Documents/drone-radar-fusion/install/interface/include/interface/interface/msg/detail/drone_detect__rosidl_typesupport_fastrtps_cpp.hpp
[6.472s] -- Symlinking: /home/guichen/Documents/drone-radar-fusion/install/interface/include/interface/interface/msg/detail/drone_detect_array__rosidl_typesupport_fastrtps_cpp.hpp
[6.487s] -- Symlinking: /home/guichen/Documents/drone-radar-fusion/install/interface/include/interface/interface/msg/detail/radar_warn__rosidl_typesupport_fastrtps_cpp.hpp
[6.502s] -- Symlinking: /home/guichen/Documents/drone-radar-fusion/install/interface/include/interface/interface/msg/rosidl_typesupport_fastrtps_cpp__visibility_control.h
[6.517s] -- Symlinking: /home/guichen/Documents/drone-radar-fusion/install/interface/include/interface/interface/msg/detail/drone_detect__rosidl_typesupport_introspection_cpp.hpp
[6.529s] -- Symlinking: /home/guichen/Documents/drone-radar-fusion/install/interface/include/interface/interface/msg/detail/drone_detect_array__rosidl_typesupport_introspection_cpp.hpp
[6.541s] -- Symlinking: /home/guichen/Documents/drone-radar-fusion/install/interface/include/interface/interface/msg/detail/radar_warn__rosidl_typesupport_introspection_cpp.hpp
[6.555s] -- Symlinking: /home/guichen/Documents/drone-radar-fusion/install/interface/share/interface/environment/pythonpath.sh
[6.566s] -- Symlinking: /home/guichen/Documents/drone-radar-fusion/install/interface/share/interface/environment/pythonpath.dsv
[6.578s] -- Symlinking: /home/guichen/Documents/drone-radar-fusion/install/interface/local/lib/python3.10/dist-packages/interface-1.0.0-py3.10.egg-info/PKG-INFO
[6.591s] -- Symlinking: /home/guichen/Documents/drone-radar-fusion/install/interface/local/lib/python3.10/dist-packages/interface-1.0.0-py3.10.egg-info/SOURCES.txt
[6.605s] -- Symlinking: /home/guichen/Documents/drone-radar-fusion/install/interface/local/lib/python3.10/dist-packages/interface-1.0.0-py3.10.egg-info/dependency_links.txt
[6.620s] -- Symlinking: /home/guichen/Documents/drone-radar-fusion/install/interface/local/lib/python3.10/dist-packages/interface-1.0.0-py3.10.egg-info/top_level.txt
[6.636s] -- Symlinking: /home/guichen/Documents/drone-radar-fusion/install/interface/local/lib/python3.10/dist-packages/interface/__init__.py
[6.648s] -- Symlinking: /home/guichen/Documents/drone-radar-fusion/install/interface/local/lib/python3.10/dist-packages/interface/_interface_s.ep.rosidl_typesupport_c.c
[6.658s] -- Symlinking: /home/guichen/Documents/drone-radar-fusion/install/interface/local/lib/python3.10/dist-packages/interface/_interface_s.ep.rosidl_typesupport_fastrtps_c.c
[6.668s] -- Symlinking: /home/guichen/Documents/drone-radar-fusion/install/interface/local/lib/python3.10/dist-packages/interface/_interface_s.ep.rosidl_typesupport_introspection_c.c
[6.678s] -- Symlinking: /home/guichen/Documents/drone-radar-fusion/install/interface/local/lib/python3.10/dist-packages/interface/interface_s__rosidl_typesupport_c.cpython-310-x86_64-linux-gnu.so
[6.688s] -- Symlinking: /home/guichen/Documents/drone-radar-fusion/install/interface/local/lib/python3.10/dist-packages/interface/interface_s__rosidl_typesupport_fastrtps_c.cpython-310-x86_64-linux-gnu.so
[6.698s] -- Symlinking: /home/guichen/Documents/drone-radar-fusion/install/interface/local/lib/python3.10/dist-packages/interface/interface_s__rosidl_typesupport_introspection_c.cpython-310-x86_64-linux-gnu.so
[6.709s] -- Symlinking: /home/guichen/Documents/drone-radar-fusion/install/interface/local/lib/python3.10/dist-packages/interface/libinterface__rosidl_generator_py.so
[6.720s] -- Symlinking: /home/guichen/Documents/drone-radar-fusion/install/interface/local/lib/python3.10/dist-packages/interface/msg/__init__.py
[6.734s] -- Symlinking: /home/guichen/Documents/drone-radar-fusion/install/interface/local/lib/python3.10/dist-packages/interface/msg/_drone_detect.py
[6.745s] -- Symlinking: /home/guichen/Documents/drone-radar-fusion/install/interface/local/lib/python3.10/dist-packages/interface/msg/_drone_detect_array.py
[6.757s] -- Symlinking: /home/guichen/Documents/drone-radar-fusion/install/interface/local/lib/python3.10/dist-packages/interface/msg/_drone_detect_array_s.c
[6.768s] -- Symlinking: /home/guichen/Documents/drone-radar-fusion/install/interface/local/lib/python3.10/dist-packages/interface/msg/_drone_detect_s.c
[6.777s] -- Symlinking: /home/guichen/Documents/drone-radar-fusion/install/interface/local/lib/python3.10/dist-packages/interface/msg/_radar_warn.py
[6.787s] -- Symlinking: /home/guichen/Documents/drone-radar-fusion/install/interface/local/lib/python3.10/dist-packages/interface/msg/_radar_warn_s.c
[6.797s] -- Up-to-date symlink: /home/guichen/Documents/drone-radar-fusion/install/interface/local/lib/python3.10/dist-packages/interface/interface_s__rosidl_typesupport_fastrtps_c.cpython-310-x86_64-linux-gnu.so
[6.797s] -- Up-to-date symlink: /home/guichen/Documents/drone-radar-fusion/install/interface/local/lib/python3.10/dist-packages/interface/interface_s__rosidl_typesupport_introspection_c.cpython-310-x86_64-linux-gnu.so
[6.797s] -- Up-to-date symlink: /home/guichen/Documents/drone-radar-fusion/install/interface/local/lib/python3.10/dist-packages/interface/interface_s__rosidl_typesupport_c.cpython-310-x86_64-linux-gnu.so
[6.797s] -- Symlinking: /home/guichen/Documents/drone-radar-fusion/install/interface/share/ament_index/resource_index/rust_packages/interface
[6.809s] -- Symlinking: /home/guichen/Documents/drone-radar-fusion/install/interface/share/interface/rust/Cargo.toml
[6.818s] -- Symlinking: /home/guichen/Documents/drone-radar-fusion/install/interface/share/interface/rust/build.rs
[6.828s] -- Symlinking: /home/guichen/Documents/drone-radar-fusion/install/interface/share/interface/rust/src/lib.rs
[6.841s] -- Symlinking: /home/guichen/Documents/drone-radar-fusion/install/interface/share/interface/rust/src/msg.rs
[6.851s] -- Symlinking: /home/guichen/Documents/drone-radar-fusion/install/interface/share/interface/rust/src/msg/rmw.rs
[6.863s] -- Symlinking: /home/guichen/Documents/drone-radar-fusion/install/interface/share/interface/msg/DroneDetect.idl
[6.872s] -- Symlinking: /home/guichen/Documents/drone-radar-fusion/install/interface/share/interface/msg/DroneDetectArray.idl
[6.884s] -- Symlinking: /home/guichen/Documents/drone-radar-fusion/install/interface/share/interface/msg/RadarWarn.idl
[6.895s] -- Symlinking: /home/guichen/Documents/drone-radar-fusion/install/interface/share/interface/msg/DroneDetect.msg
[6.904s] -- Symlinking: /home/guichen/Documents/drone-radar-fusion/install/interface/share/interface/msg/DroneDetectArray.msg
[6.915s] -- Symlinking: /home/guichen/Documents/drone-radar-fusion/install/interface/share/interface/msg/RadarWarn.msg
[6.925s] -- Symlinking: /home/guichen/Documents/drone-radar-fusion/install/interface/share/ament_index/resource_index/package_run_dependencies/interface
[6.937s] -- Symlinking: /home/guichen/Documents/drone-radar-fusion/install/interface/share/ament_index/resource_index/parent_prefix_path/interface
[6.952s] -- Symlinking: /home/guichen/Documents/drone-radar-fusion/install/interface/share/interface/environment/ament_prefix_path.sh
[6.963s] -- Symlinking: /home/guichen/Documents/drone-radar-fusion/install/interface/share/interface/environment/ament_prefix_path.dsv
[6.973s] -- Symlinking: /home/guichen/Documents/drone-radar-fusion/install/interface/share/interface/environment/path.sh
[6.981s] -- Symlinking: /home/guichen/Documents/drone-radar-fusion/install/interface/share/interface/environment/path.dsv
[6.990s] -- Symlinking: /home/guichen/Documents/drone-radar-fusion/install/interface/share/interface/local_setup.bash
[6.998s] -- Symlinking: /home/guichen/Documents/drone-radar-fusion/install/interface/share/interface/local_setup.sh
[7.007s] -- Symlinking: /home/guichen/Documents/drone-radar-fusion/install/interface/share/interface/local_setup.zsh
[7.016s] -- Symlinking: /home/guichen/Documents/drone-radar-fusion/install/interface/share/interface/local_setup.dsv
[7.025s] -- Symlinking: /home/guichen/Documents/drone-radar-fusion/install/interface/share/interface/package.dsv
[7.035s] -- Symlinking: /home/guichen/Documents/drone-radar-fusion/install/interface/share/ament_index/resource_index/packages/interface
[7.047s] -- Symlinking: /home/guichen/Documents/drone-radar-fusion/install/interface/share/interface/cmake/rosidl_cmake-extras.cmake
[7.057s] -- Symlinking: /home/guichen/Documents/drone-radar-fusion/install/interface/share/interface/cmake/ament_cmake_export_dependencies-extras.cmake
[7.067s] -- Symlinking: /home/guichen/Documents/drone-radar-fusion/install/interface/share/interface/cmake/ament_cmake_export_include_directories-extras.cmake
[7.076s] -- Symlinking: /home/guichen/Documents/drone-radar-fusion/install/interface/share/interface/cmake/ament_cmake_export_libraries-extras.cmake
[7.087s] -- Symlinking: /home/guichen/Documents/drone-radar-fusion/install/interface/share/interface/cmake/ament_cmake_export_targets-extras.cmake
[7.098s] -- Symlinking: /home/guichen/Documents/drone-radar-fusion/install/interface/share/interface/cmake/rosidl_cmake_export_typesupport_targets-extras.cmake
[7.109s] -- Symlinking: /home/guichen/Documents/drone-radar-fusion/install/interface/share/interface/cmake/rosidl_cmake_export_typesupport_libraries-extras.cmake
[7.120s] -- Symlinking: /home/guichen/Documents/drone-radar-fusion/install/interface/share/interface/cmake/interfaceConfig.cmake
[7.132s] -- Symlinking: /home/guichen/Documents/drone-radar-fusion/install/interface/share/interface/cmake/interfaceConfig-version.cmake
[7.144s] -- Symlinking: /home/guichen/Documents/drone-radar-fusion/install/interface/share/interface/package.xml
[7.153s] -- Installing: /home/guichen/Documents/drone-radar-fusion/install/interface/lib/libinterface__rosidl_generator_c.so
[7.154s] -- Set runtime path of "/home/guichen/Documents/drone-radar-fusion/install/interface/lib/libinterface__rosidl_generator_c.so" to ""
[7.154s] -- Installing: /home/guichen/Documents/drone-radar-fusion/install/interface/lib/libinterface__rosidl_typesupport_fastrtps_c.so
[7.154s] -- Set runtime path of "/home/guichen/Documents/drone-radar-fusion/install/interface/lib/libinterface__rosidl_typesupport_fastrtps_c.so" to ""
[7.155s] -- Installing: /home/guichen/Documents/drone-radar-fusion/install/interface/lib/libinterface__rosidl_typesupport_introspection_c.so
[7.155s] -- Set runtime path of "/home/guichen/Documents/drone-radar-fusion/install/interface/lib/libinterface__rosidl_typesupport_introspection_c.so" to ""
[7.155s] -- Installing: /home/guichen/Documents/drone-radar-fusion/install/interface/lib/libinterface__rosidl_typesupport_c.so
[7.156s] -- Set runtime path of "/home/guichen/Documents/drone-radar-fusion/install/interface/lib/libinterface__rosidl_typesupport_c.so" to ""
[7.156s] -- Installing: /home/guichen/Documents/drone-radar-fusion/install/interface/lib/libinterface__rosidl_typesupport_fastrtps_cpp.so
[7.159s] -- Set runtime path of "/home/guichen/Documents/drone-radar-fusion/install/interface/lib/libinterface__rosidl_typesupport_fastrtps_cpp.so" to ""
[7.159s] -- Installing: /home/guichen/Documents/drone-radar-fusion/install/interface/lib/libinterface__rosidl_typesupport_introspection_cpp.so
[7.159s] -- Set runtime path of "/home/guichen/Documents/drone-radar-fusion/install/interface/lib/libinterface__rosidl_typesupport_introspection_cpp.so" to ""
[7.159s] -- Installing: /home/guichen/Documents/drone-radar-fusion/install/interface/lib/libinterface__rosidl_typesupport_cpp.so
[7.159s] -- Set runtime path of "/home/guichen/Documents/drone-radar-fusion/install/interface/lib/libinterface__rosidl_typesupport_cpp.so" to ""
[7.216s] Listing '/home/guichen/Documents/drone-radar-fusion/install/interface/local/lib/python3.10/dist-packages/interface'...
[7.216s] Compiling '/home/guichen/Documents/drone-radar-fusion/install/interface/local/lib/python3.10/dist-packages/interface/__init__.py'...
[7.216s] Listing '/home/guichen/Documents/drone-radar-fusion/install/interface/local/lib/python3.10/dist-packages/interface/msg'...
[7.216s] Compiling '/home/guichen/Documents/drone-radar-fusion/install/interface/local/lib/python3.10/dist-packages/interface/msg/__init__.py'...
[7.216s] Compiling '/home/guichen/Documents/drone-radar-fusion/install/interface/local/lib/python3.10/dist-packages/interface/msg/_drone_detect.py'...
[7.217s] Compiling '/home/guichen/Documents/drone-radar-fusion/install/interface/local/lib/python3.10/dist-packages/interface/msg/_drone_detect_array.py'...
[7.217s] Compiling '/home/guichen/Documents/drone-radar-fusion/install/interface/local/lib/python3.10/dist-packages/interface/msg/_radar_warn.py'...
[7.222s] -- Installing: /home/guichen/Documents/drone-radar-fusion/install/interface/lib/libinterface__rosidl_generator_py.so
[7.222s] -- Set runtime path of "/home/guichen/Documents/drone-radar-fusion/install/interface/lib/libinterface__rosidl_generator_py.so" to ""
[7.224s] -- Installing: /home/guichen/Documents/drone-radar-fusion/install/interface/share/interface/cmake/export_interface__rosidl_generator_cExport.cmake
[7.224s] -- Installing: /home/guichen/Documents/drone-radar-fusion/install/interface/share/interface/cmake/export_interface__rosidl_generator_cExport-noconfig.cmake
[7.224s] -- Installing: /home/guichen/Documents/drone-radar-fusion/install/interface/share/interface/cmake/export_interface__rosidl_typesupport_fastrtps_cExport.cmake
[7.225s] -- Installing: /home/guichen/Documents/drone-radar-fusion/install/interface/share/interface/cmake/export_interface__rosidl_typesupport_fastrtps_cExport-noconfig.cmake
[7.225s] -- Installing: /home/guichen/Documents/drone-radar-fusion/install/interface/share/interface/cmake/interface__rosidl_typesupport_introspection_cExport.cmake
[7.225s] -- Installing: /home/guichen/Documents/drone-radar-fusion/install/interface/share/interface/cmake/interface__rosidl_typesupport_introspection_cExport-noconfig.cmake
[7.225s] -- Installing: /home/guichen/Documents/drone-radar-fusion/install/interface/share/interface/cmake/interface__rosidl_typesupport_cExport.cmake
[7.225s] -- Installing: /home/guichen/Documents/drone-radar-fusion/install/interface/share/interface/cmake/interface__rosidl_typesupport_cExport-noconfig.cmake
[7.225s] -- Installing: /home/guichen/Documents/drone-radar-fusion/install/interface/share/interface/cmake/export_interface__rosidl_generator_cppExport.cmake
[7.225s] -- Installing: /home/guichen/Documents/drone-radar-fusion/install/interface/share/interface/cmake/export_interface__rosidl_typesupport_fastrtps_cppExport.cmake
[7.225s] -- Installing: /home/guichen/Documents/drone-radar-fusion/install/interface/share/interface/cmake/export_interface__rosidl_typesupport_fastrtps_cppExport-noconfig.cmake
[7.225s] -- Installing: /home/guichen/Documents/drone-radar-fusion/install/interface/share/interface/cmake/interface__rosidl_typesupport_introspection_cppExport.cmake
[7.225s] -- Installing: /home/guichen/Documents/drone-radar-fusion/install/interface/share/interface/cmake/interface__rosidl_typesupport_introspection_cppExport-noconfig.cmake
[7.225s] -- Installing: /home/guichen/Documents/drone-radar-fusion/install/interface/share/interface/cmake/interface__rosidl_typesupport_cppExport.cmake
[7.226s] -- Installing: /home/guichen/Documents/drone-radar-fusion/install/interface/share/interface/cmake/interface__rosidl_typesupport_cppExport-noconfig.cmake
[7.226s] -- Installing: /home/guichen/Documents/drone-radar-fusion/install/interface/share/interface/cmake/export_interface__rosidl_generator_pyExport.cmake
[7.226s] -- Installing: /home/guichen/Documents/drone-radar-fusion/install/interface/share/interface/cmake/export_interface__rosidl_generator_pyExport-noconfig.cmake
[7.228s] Invoked command in '/home/guichen/Documents/drone-radar-fusion/build/interface' returned '0': CMAKE_PREFIX_PATH=/opt/ros/humble /usr/bin/cmake --install /home/guichen/Documents/drone-radar-fusion/build/interface
