[0.005s] Invoking command in '/home/guichen/Documents/drone-radar-fusion/build/hik_camera_ros2_driver': CMAKE_PREFIX_PATH=${CMAKE_PREFIX_PATH}:/opt/ros/humble /usr/bin/cmake /home/guichen/Documents/drone-radar-fusion/src/hik_camera -DAMENT_CMAKE_SYMLINK_INSTALL=1 -DCMAKE_INSTALL_PREFIX=/home/guichen/Documents/drone-radar-fusion/install/hik_camera_ros2_driver
[0.041s] -- The C compiler identification is GNU 11.4.0
[0.078s] -- The CXX compiler identification is GNU 11.4.0
[0.083s] -- Detecting C compiler ABI info
[0.126s] -- Detecting C compiler ABI info - done
[0.131s] -- Check for working C compiler: /usr/bin/cc - skipped
[0.131s] -- Detecting C compile features
[0.132s] -- Detecting C compile features - done
[0.134s] -- Detecting CXX compiler ABI info
[0.185s] -- Detecting CXX compiler ABI info - done
[0.190s] -- Check for working CXX compiler: /usr/bin/c++ - skipped
[0.190s] -- Detecting CXX compile features
[0.191s] -- Detecting CXX compile features - done
[0.192s] -- Found ament_cmake_auto: 1.3.14 (/opt/ros/humble/share/ament_cmake_auto/cmake)
[0.293s] -- Found Python3: /usr/bin/python3 (found version "3.10.12") found components: Interpreter 
[0.335s] -- Override CMake install command with custom implementation using symlinks instead of copying resources
[0.423s] -- Found rosidl_generator_c: 3.1.8 (/opt/ros/humble/share/rosidl_generator_c/cmake)
[0.426s] -- Found rosidl_adapter: 3.1.8 (/opt/ros/humble/share/rosidl_adapter/cmake)
[0.431s] -- Found rosidl_generator_cpp: 3.1.8 (/opt/ros/humble/share/rosidl_generator_cpp/cmake)
[0.438s] -- Using all available rosidl_typesupport_c: rosidl_typesupport_fastrtps_c;rosidl_typesupport_introspection_c
[0.448s] -- Using all available rosidl_typesupport_cpp: rosidl_typesupport_fastrtps_cpp;rosidl_typesupport_introspection_cpp
[0.477s] -- Found rmw_implementation_cmake: 6.1.2 (/opt/ros/humble/share/rmw_implementation_cmake/cmake)
[0.478s] -- Found rmw_fastrtps_cpp: 6.2.10 (/opt/ros/humble/share/rmw_fastrtps_cpp/cmake)
[0.534s] -- Found OpenSSL: /usr/lib/x86_64-linux-gnu/libcrypto.so (found version "3.0.2")  
[0.562s] -- Found FastRTPS: /opt/ros/humble/include  
[0.594s] -- Using RMW implementation 'rmw_fastrtps_cpp' as default
[0.600s] -- Looking for pthread.h
[0.652s] -- Looking for pthread.h - found
[0.652s] -- Performing Test CMAKE_HAVE_LIBC_PTHREAD
[0.701s] -- Performing Test CMAKE_HAVE_LIBC_PTHREAD - Success
[0.701s] -- Found Threads: TRUE  
[0.804s] -- Found ament_lint_auto: 0.12.15 (/opt/ros/humble/share/ament_lint_auto/cmake)
[0.818s] -- Added test 'cppcheck' to perform static code analysis on C / C++ code
[0.818s] -- Configured cppcheck include dirs: /home/guichen/Documents/drone-radar-fusion/src/hik_camera/hikSDK/include
[0.818s] -- Configured cppcheck exclude dirs and/or files: 
[0.819s] -- Added test 'lint_cmake' to check CMake code style
[0.819s] -- Added test 'pep257' to check Python code against some of the docstring style conventions in PEP 257
[0.820s] -- Added test 'xmllint' to check XML markup files
[0.821s] -- Configuring done
[0.830s] -- Generating done
[0.833s] -- Build files have been written to: /home/guichen/Documents/drone-radar-fusion/build/hik_camera_ros2_driver
[0.841s] Invoked command in '/home/guichen/Documents/drone-radar-fusion/build/hik_camera_ros2_driver' returned '0': CMAKE_PREFIX_PATH=${CMAKE_PREFIX_PATH}:/opt/ros/humble /usr/bin/cmake /home/guichen/Documents/drone-radar-fusion/src/hik_camera -DAMENT_CMAKE_SYMLINK_INSTALL=1 -DCMAKE_INSTALL_PREFIX=/home/guichen/Documents/drone-radar-fusion/install/hik_camera_ros2_driver
[0.842s] Invoking command in '/home/guichen/Documents/drone-radar-fusion/build/hik_camera_ros2_driver': CMAKE_PREFIX_PATH=${CMAKE_PREFIX_PATH}:/opt/ros/humble /usr/bin/cmake --build /home/guichen/Documents/drone-radar-fusion/build/hik_camera_ros2_driver -- -j16 -l16
[0.875s] [ 50%] [32mBuilding CXX object CMakeFiles/hik_camera_ros2_driver_node.dir/rclcpp_components/node_main_hik_camera_ros2_driver_node.cpp.o[0m
[0.875s] [ 50%] [32mBuilding CXX object CMakeFiles/hik_camera_ros2_driver.dir/src/hik_camera_node.cpp.o[0m
[2.645s] [ 75%] [32m[1mLinking CXX shared library libhik_camera_ros2_driver.so[0m
[2.748s] [ 75%] Built target hik_camera_ros2_driver
[3.044s] [100%] [32m[1mLinking CXX executable hik_camera_ros2_driver_node[0m
[3.124s] [100%] Built target hik_camera_ros2_driver_node
[3.131s] Invoked command in '/home/guichen/Documents/drone-radar-fusion/build/hik_camera_ros2_driver' returned '0': CMAKE_PREFIX_PATH=${CMAKE_PREFIX_PATH}:/opt/ros/humble /usr/bin/cmake --build /home/guichen/Documents/drone-radar-fusion/build/hik_camera_ros2_driver -- -j16 -l16
[3.133s] Invoking command in '/home/guichen/Documents/drone-radar-fusion/build/hik_camera_ros2_driver': CMAKE_PREFIX_PATH=${CMAKE_PREFIX_PATH}:/opt/ros/humble /usr/bin/cmake --install /home/guichen/Documents/drone-radar-fusion/build/hik_camera_ros2_driver
[3.137s] -- Install configuration: ""
[3.138s] -- Execute custom install script
[3.138s] -- Symlinking: /home/guichen/Documents/drone-radar-fusion/install/hik_camera_ros2_driver/lib/libFormatConversion.so
[3.144s] -- Symlinking: /home/guichen/Documents/drone-radar-fusion/install/hik_camera_ros2_driver/lib/libMVRender.so
[3.150s] -- Symlinking: /home/guichen/Documents/drone-radar-fusion/install/hik_camera_ros2_driver/lib/libMediaProcess.so
[3.157s] -- Symlinking: /home/guichen/Documents/drone-radar-fusion/install/hik_camera_ros2_driver/lib/libMvCameraControl.so
[3.163s] -- Symlinking: /home/guichen/Documents/drone-radar-fusion/install/hik_camera_ros2_driver/lib/libMvUsb3vTL.so
[3.169s] -- Symlinking: /home/guichen/Documents/drone-radar-fusion/install/hik_camera_ros2_driver/lib/hik_camera_ros2_driver/hik_camera_ros2_driver_node
[3.175s] -- Symlinking: /home/guichen/Documents/drone-radar-fusion/install/hik_camera_ros2_driver/share/hik_camera_ros2_driver/environment/library_path.sh
[3.180s] -- Symlinking: /home/guichen/Documents/drone-radar-fusion/install/hik_camera_ros2_driver/share/hik_camera_ros2_driver/environment/library_path.dsv
[3.186s] -- Symlinking: /home/guichen/Documents/drone-radar-fusion/install/hik_camera_ros2_driver/lib/libhik_camera_ros2_driver.so
[3.192s] -- Symlinking: /home/guichen/Documents/drone-radar-fusion/install/hik_camera_ros2_driver/share/hik_camera_ros2_driver/launch/hik_camera_launch.py
[3.197s] -- Symlinking: /home/guichen/Documents/drone-radar-fusion/install/hik_camera_ros2_driver/share/hik_camera_ros2_driver/config/camera_info.yaml
[3.203s] -- Symlinking: /home/guichen/Documents/drone-radar-fusion/install/hik_camera_ros2_driver/share/hik_camera_ros2_driver/config/camera_params.yaml
[3.208s] -- Symlinking: /home/guichen/Documents/drone-radar-fusion/install/hik_camera_ros2_driver/share/ament_index/resource_index/package_run_dependencies/hik_camera_ros2_driver
[3.214s] -- Symlinking: /home/guichen/Documents/drone-radar-fusion/install/hik_camera_ros2_driver/share/ament_index/resource_index/parent_prefix_path/hik_camera_ros2_driver
[3.219s] -- Symlinking: /home/guichen/Documents/drone-radar-fusion/install/hik_camera_ros2_driver/share/hik_camera_ros2_driver/environment/ament_prefix_path.sh
[3.224s] -- Symlinking: /home/guichen/Documents/drone-radar-fusion/install/hik_camera_ros2_driver/share/hik_camera_ros2_driver/environment/ament_prefix_path.dsv
[3.229s] -- Symlinking: /home/guichen/Documents/drone-radar-fusion/install/hik_camera_ros2_driver/share/hik_camera_ros2_driver/environment/path.sh
[3.235s] -- Symlinking: /home/guichen/Documents/drone-radar-fusion/install/hik_camera_ros2_driver/share/hik_camera_ros2_driver/environment/path.dsv
[3.240s] -- Symlinking: /home/guichen/Documents/drone-radar-fusion/install/hik_camera_ros2_driver/share/hik_camera_ros2_driver/local_setup.bash
[3.246s] -- Symlinking: /home/guichen/Documents/drone-radar-fusion/install/hik_camera_ros2_driver/share/hik_camera_ros2_driver/local_setup.sh
[3.252s] -- Symlinking: /home/guichen/Documents/drone-radar-fusion/install/hik_camera_ros2_driver/share/hik_camera_ros2_driver/local_setup.zsh
[3.259s] -- Symlinking: /home/guichen/Documents/drone-radar-fusion/install/hik_camera_ros2_driver/share/hik_camera_ros2_driver/local_setup.dsv
[3.265s] -- Symlinking: /home/guichen/Documents/drone-radar-fusion/install/hik_camera_ros2_driver/share/hik_camera_ros2_driver/package.dsv
[3.271s] -- Symlinking: /home/guichen/Documents/drone-radar-fusion/install/hik_camera_ros2_driver/share/ament_index/resource_index/packages/hik_camera_ros2_driver
[3.277s] -- Symlinking: /home/guichen/Documents/drone-radar-fusion/install/hik_camera_ros2_driver/share/ament_index/resource_index/rclcpp_components/hik_camera_ros2_driver
[3.282s] -- Symlinking: /home/guichen/Documents/drone-radar-fusion/install/hik_camera_ros2_driver/share/hik_camera_ros2_driver/cmake/ament_cmake_export_dependencies-extras.cmake
[3.288s] -- Symlinking: /home/guichen/Documents/drone-radar-fusion/install/hik_camera_ros2_driver/share/hik_camera_ros2_driver/cmake/ament_cmake_export_libraries-extras.cmake
[3.293s] -- Symlinking: /home/guichen/Documents/drone-radar-fusion/install/hik_camera_ros2_driver/share/hik_camera_ros2_driver/cmake/hik_camera_ros2_driverConfig.cmake
[3.299s] -- Symlinking: /home/guichen/Documents/drone-radar-fusion/install/hik_camera_ros2_driver/share/hik_camera_ros2_driver/cmake/hik_camera_ros2_driverConfig-version.cmake
[3.304s] -- Symlinking: /home/guichen/Documents/drone-radar-fusion/install/hik_camera_ros2_driver/share/hik_camera_ros2_driver/package.xml
[3.311s] Invoked command in '/home/guichen/Documents/drone-radar-fusion/build/hik_camera_ros2_driver' returned '0': CMAKE_PREFIX_PATH=${CMAKE_PREFIX_PATH}:/opt/ros/humble /usr/bin/cmake --install /home/guichen/Documents/drone-radar-fusion/build/hik_camera_ros2_driver
