[0.007s] Invoking command in '/home/guichen/Documents/drone-radar-fusion/build/camera_vision': CMAKE_PREFIX_PATH=/home/guichen/Documents/drone-radar-fusion/install/interface:/home/guichen/Documents/drone-radar-fusion/install/radar:/home/guichen/Documents/drone-radar-fusion/install/livox_ros2_avia:/home/guichen/Documents/drone-radar-fusion/install/livox_sdk_vendor:/home/guichen/Documents/drone-radar-fusion/install/livox_interfaces:/home/guichen/Documents/drone-radar-fusion/install/fusion:/home/guichen/Documents/drone-radar-fusion/install/camera_vision:/home/guichen/Documents/drone-radar-fusion/install/hik_camera_ros2_driver:/home/guichen/Documents/drone-radar-fusion/install/camera_yolo:/home/guichen/Documents/drone-radar-fusion/install/web_dashboard:/home/guichen/Documents/drone-radar-fusion/install/simulation:/opt/ros/humble LD_LIBRARY_PATH=/home/guichen/Documents/drone-radar-fusion/install/interface/lib:/home/guichen/Documents/drone-radar-fusion/install/livox_ros2_avia/lib:/home/guichen/Documents/drone-radar-fusion/install/livox_interfaces/lib:/home/guichen/Documents/drone-radar-fusion/install/hik_camera_ros2_driver/lib:/opt/MVS/lib/64:/opt/MVS/lib/32:/opt/MVS/lib/64:/opt/MVS/lib/32:/usr/lib/x86_64-linux-gnu/gazebo-11/plugins:/opt/ros/humble/opt/rviz_ogre_vendor/lib:/opt/ros/humble/lib/x86_64-linux-gnu:/opt/ros/humble/lib:/opt/MVS/lib/64:/opt/MVS/lib/32:/opt/MVS/lib/64:/opt/MVS/lib/32 /usr/bin/cmake --build /home/guichen/Documents/drone-radar-fusion/build/camera_vision -- -j16 -l16
[0.025s] -- Found ament_cmake: 1.3.14 (/opt/ros/humble/share/ament_cmake/cmake)
[0.116s] -- Override CMake install command with custom implementation using symlinks instead of copying resources
[0.120s] -- Found rclcpp: 16.0.19 (/opt/ros/humble/share/rclcpp/cmake)
[0.139s] -- Found rosidl_generator_c: 3.1.8 (/opt/ros/humble/share/rosidl_generator_c/cmake)
[0.140s] -- Found rosidl_adapter: 3.1.8 (/opt/ros/humble/share/rosidl_adapter/cmake)
[0.144s] -- Found rosidl_generator_cpp: 3.1.8 (/opt/ros/humble/share/rosidl_generator_cpp/cmake)
[0.150s] -- Using all available rosidl_typesupport_c: rosidl_typesupport_fastrtps_c;rosidl_typesupport_introspection_c
[0.159s] -- Using all available rosidl_typesupport_cpp: rosidl_typesupport_fastrtps_cpp;rosidl_typesupport_introspection_cpp
[0.179s] -- Found rmw_implementation_cmake: 6.1.2 (/opt/ros/humble/share/rmw_implementation_cmake/cmake)
[0.180s] -- Found rmw_fastrtps_cpp: 6.2.10 (/opt/ros/humble/share/rmw_fastrtps_cpp/cmake)
[0.256s] -- Using RMW implementation 'rmw_fastrtps_cpp' as default
[0.288s] -- Found sensor_msgs: 4.9.1 (/opt/ros/humble/share/sensor_msgs/cmake)
[0.306s] -- Found cv_bridge: 3.2.1 (/opt/ros/humble/share/cv_bridge/cmake)
[0.314s] -- Found interface: 1.0.0 (/home/guichen/Documents/drone-radar-fusion/install/interface/share/interface/cmake)
[0.378s] -- Configuring done
[0.387s] -- Generating done
[0.390s] -- Build files have been written to: /home/guichen/Documents/drone-radar-fusion/build/camera_vision
[0.412s] [35m[1mConsolidate compiler generated dependencies of target camera_node[0m
[0.429s] [ 33%] [32mBuilding CXX object CMakeFiles/camera_node.dir/src/yolo_detector.cpp.o[0m
[0.429s] [ 66%] [32mBuilding CXX object CMakeFiles/camera_node.dir/src/camera_node.cpp.o[0m
[11.160s] [100%] [32m[1mLinking CXX executable camera_node[0m
[11.430s] [100%] Built target camera_node
[11.437s] Invoked command in '/home/guichen/Documents/drone-radar-fusion/build/camera_vision' returned '0': CMAKE_PREFIX_PATH=/home/guichen/Documents/drone-radar-fusion/install/interface:/home/guichen/Documents/drone-radar-fusion/install/radar:/home/guichen/Documents/drone-radar-fusion/install/livox_ros2_avia:/home/guichen/Documents/drone-radar-fusion/install/livox_sdk_vendor:/home/guichen/Documents/drone-radar-fusion/install/livox_interfaces:/home/guichen/Documents/drone-radar-fusion/install/fusion:/home/guichen/Documents/drone-radar-fusion/install/camera_vision:/home/guichen/Documents/drone-radar-fusion/install/hik_camera_ros2_driver:/home/guichen/Documents/drone-radar-fusion/install/camera_yolo:/home/guichen/Documents/drone-radar-fusion/install/web_dashboard:/home/guichen/Documents/drone-radar-fusion/install/simulation:/opt/ros/humble LD_LIBRARY_PATH=/home/guichen/Documents/drone-radar-fusion/install/interface/lib:/home/guichen/Documents/drone-radar-fusion/install/livox_ros2_avia/lib:/home/guichen/Documents/drone-radar-fusion/install/livox_interfaces/lib:/home/guichen/Documents/drone-radar-fusion/install/hik_camera_ros2_driver/lib:/opt/MVS/lib/64:/opt/MVS/lib/32:/opt/MVS/lib/64:/opt/MVS/lib/32:/usr/lib/x86_64-linux-gnu/gazebo-11/plugins:/opt/ros/humble/opt/rviz_ogre_vendor/lib:/opt/ros/humble/lib/x86_64-linux-gnu:/opt/ros/humble/lib:/opt/MVS/lib/64:/opt/MVS/lib/32:/opt/MVS/lib/64:/opt/MVS/lib/32 /usr/bin/cmake --build /home/guichen/Documents/drone-radar-fusion/build/camera_vision -- -j16 -l16
[11.439s] Invoking command in '/home/guichen/Documents/drone-radar-fusion/build/camera_vision': CMAKE_PREFIX_PATH=/home/guichen/Documents/drone-radar-fusion/install/interface:/home/guichen/Documents/drone-radar-fusion/install/radar:/home/guichen/Documents/drone-radar-fusion/install/livox_ros2_avia:/home/guichen/Documents/drone-radar-fusion/install/livox_sdk_vendor:/home/guichen/Documents/drone-radar-fusion/install/livox_interfaces:/home/guichen/Documents/drone-radar-fusion/install/fusion:/home/guichen/Documents/drone-radar-fusion/install/camera_vision:/home/guichen/Documents/drone-radar-fusion/install/hik_camera_ros2_driver:/home/guichen/Documents/drone-radar-fusion/install/camera_yolo:/home/guichen/Documents/drone-radar-fusion/install/web_dashboard:/home/guichen/Documents/drone-radar-fusion/install/simulation:/opt/ros/humble LD_LIBRARY_PATH=/home/guichen/Documents/drone-radar-fusion/install/interface/lib:/home/guichen/Documents/drone-radar-fusion/install/livox_ros2_avia/lib:/home/guichen/Documents/drone-radar-fusion/install/livox_interfaces/lib:/home/guichen/Documents/drone-radar-fusion/install/hik_camera_ros2_driver/lib:/opt/MVS/lib/64:/opt/MVS/lib/32:/opt/MVS/lib/64:/opt/MVS/lib/32:/usr/lib/x86_64-linux-gnu/gazebo-11/plugins:/opt/ros/humble/opt/rviz_ogre_vendor/lib:/opt/ros/humble/lib/x86_64-linux-gnu:/opt/ros/humble/lib:/opt/MVS/lib/64:/opt/MVS/lib/32:/opt/MVS/lib/64:/opt/MVS/lib/32 /usr/bin/cmake --install /home/guichen/Documents/drone-radar-fusion/build/camera_vision
[11.444s] -- Install configuration: ""
[11.444s] -- Execute custom install script
[11.444s] -- Up-to-date symlink: /home/guichen/Documents/drone-radar-fusion/install/camera_vision/lib/camera_vision/camera_node
[11.444s] -- Up-to-date symlink: /home/guichen/Documents/drone-radar-fusion/install/camera_vision/include/camera_vision/yolo_detector.hpp
[11.444s] -- Up-to-date symlink: /home/guichen/Documents/drone-radar-fusion/install/camera_vision/share/camera_vision/launch/camera_launch.py
[11.444s] -- Up-to-date symlink: /home/guichen/Documents/drone-radar-fusion/install/camera_vision/share/ament_index/resource_index/package_run_dependencies/camera_vision
[11.445s] -- Up-to-date symlink: /home/guichen/Documents/drone-radar-fusion/install/camera_vision/share/ament_index/resource_index/parent_prefix_path/camera_vision
[11.445s] -- Up-to-date symlink: /home/guichen/Documents/drone-radar-fusion/install/camera_vision/share/camera_vision/environment/ament_prefix_path.sh
[11.445s] -- Up-to-date symlink: /home/guichen/Documents/drone-radar-fusion/install/camera_vision/share/camera_vision/environment/ament_prefix_path.dsv
[11.445s] -- Up-to-date symlink: /home/guichen/Documents/drone-radar-fusion/install/camera_vision/share/camera_vision/environment/path.sh
[11.445s] -- Up-to-date symlink: /home/guichen/Documents/drone-radar-fusion/install/camera_vision/share/camera_vision/environment/path.dsv
[11.445s] -- Up-to-date symlink: /home/guichen/Documents/drone-radar-fusion/install/camera_vision/share/camera_vision/local_setup.bash
[11.445s] -- Up-to-date symlink: /home/guichen/Documents/drone-radar-fusion/install/camera_vision/share/camera_vision/local_setup.sh
[11.445s] -- Up-to-date symlink: /home/guichen/Documents/drone-radar-fusion/install/camera_vision/share/camera_vision/local_setup.zsh
[11.445s] -- Up-to-date symlink: /home/guichen/Documents/drone-radar-fusion/install/camera_vision/share/camera_vision/local_setup.dsv
[11.446s] -- Symlinking: /home/guichen/Documents/drone-radar-fusion/install/camera_vision/share/camera_vision/package.dsv
[11.453s] -- Up-to-date symlink: /home/guichen/Documents/drone-radar-fusion/install/camera_vision/share/ament_index/resource_index/packages/camera_vision
[11.453s] -- Up-to-date symlink: /home/guichen/Documents/drone-radar-fusion/install/camera_vision/share/camera_vision/cmake/camera_visionConfig.cmake
[11.453s] -- Up-to-date symlink: /home/guichen/Documents/drone-radar-fusion/install/camera_vision/share/camera_vision/cmake/camera_visionConfig-version.cmake
[11.453s] -- Up-to-date symlink: /home/guichen/Documents/drone-radar-fusion/install/camera_vision/share/camera_vision/package.xml
[11.454s] Invoked command in '/home/guichen/Documents/drone-radar-fusion/build/camera_vision' returned '0': CMAKE_PREFIX_PATH=/home/guichen/Documents/drone-radar-fusion/install/interface:/home/guichen/Documents/drone-radar-fusion/install/radar:/home/guichen/Documents/drone-radar-fusion/install/livox_ros2_avia:/home/guichen/Documents/drone-radar-fusion/install/livox_sdk_vendor:/home/guichen/Documents/drone-radar-fusion/install/livox_interfaces:/home/guichen/Documents/drone-radar-fusion/install/fusion:/home/guichen/Documents/drone-radar-fusion/install/camera_vision:/home/guichen/Documents/drone-radar-fusion/install/hik_camera_ros2_driver:/home/guichen/Documents/drone-radar-fusion/install/camera_yolo:/home/guichen/Documents/drone-radar-fusion/install/web_dashboard:/home/guichen/Documents/drone-radar-fusion/install/simulation:/opt/ros/humble LD_LIBRARY_PATH=/home/guichen/Documents/drone-radar-fusion/install/interface/lib:/home/guichen/Documents/drone-radar-fusion/install/livox_ros2_avia/lib:/home/guichen/Documents/drone-radar-fusion/install/livox_interfaces/lib:/home/guichen/Documents/drone-radar-fusion/install/hik_camera_ros2_driver/lib:/opt/MVS/lib/64:/opt/MVS/lib/32:/opt/MVS/lib/64:/opt/MVS/lib/32:/usr/lib/x86_64-linux-gnu/gazebo-11/plugins:/opt/ros/humble/opt/rviz_ogre_vendor/lib:/opt/ros/humble/lib/x86_64-linux-gnu:/opt/ros/humble/lib:/opt/MVS/lib/64:/opt/MVS/lib/32:/opt/MVS/lib/64:/opt/MVS/lib/32 /usr/bin/cmake --install /home/guichen/Documents/drone-radar-fusion/build/camera_vision
