[0.004s] Invoking command in '/home/guichen/Documents/drone-radar-fusion/build/livox_sdk_vendor': CMAKE_PREFIX_PATH=/opt/ros/humble /usr/bin/cmake /home/guichen/Documents/drone-radar-fusion/src/livox_driver/livox_sdk_vendor -DCMAKE_BUILD_TYPE=Release -DAMENT_CMAKE_SYMLINK_INSTALL=1 -DCMAKE_INSTALL_PREFIX=/home/guichen/Documents/drone-radar-fusion/install/livox_sdk_vendor
[0.036s] -- The C compiler identification is GNU 11.4.0
[0.071s] -- The CXX compiler identification is GNU 11.4.0
[0.076s] -- Detecting C compiler ABI info
[0.119s] -- Detecting C compiler ABI info - done
[0.124s] -- Check for working C compiler: /usr/bin/cc - skipped
[0.124s] -- Detecting C compile features
[0.124s] -- Detecting C compile features - done
[0.126s] -- Detecting CXX compiler ABI info
[0.176s] -- Detecting CXX compiler ABI info - done
[0.181s] -- Check for working CXX compiler: /usr/bin/c++ - skipped
[0.181s] -- Detecting CXX compile features
[0.181s] -- Detecting CXX compile features - done
[0.182s] -- Found ament_cmake: 1.3.14 (/opt/ros/humble/share/ament_cmake/cmake)
[0.279s] -- Found Python3: /usr/bin/python3 (found version "3.10.12") found components: Interpreter 
[0.322s] -- Override CMake install command with custom implementation using symlinks instead of copying resources
[0.409s] -- Configuring done
[0.411s] -- Generating done
[0.413s] -- Build files have been written to: /home/guichen/Documents/drone-radar-fusion/build/livox_sdk_vendor
[0.418s] Invoked command in '/home/guichen/Documents/drone-radar-fusion/build/livox_sdk_vendor' returned '0': CMAKE_PREFIX_PATH=/opt/ros/humble /usr/bin/cmake /home/guichen/Documents/drone-radar-fusion/src/livox_driver/livox_sdk_vendor -DCMAKE_BUILD_TYPE=Release -DAMENT_CMAKE_SYMLINK_INSTALL=1 -DCMAKE_INSTALL_PREFIX=/home/guichen/Documents/drone-radar-fusion/install/livox_sdk_vendor
[0.419s] Invoking command in '/home/guichen/Documents/drone-radar-fusion/build/livox_sdk_vendor': CMAKE_PREFIX_PATH=/opt/ros/humble /usr/bin/cmake --build /home/guichen/Documents/drone-radar-fusion/build/livox_sdk_vendor -- -j16 -l16
[0.447s] [ 12%] Creating directories for 'livox-sdk-master'
[0.488s] [ 25%] Performing download step (git clone) for 'livox-sdk-master'
[0.499s] 正克隆到 'livox-sdk-master'...
[6.964s] 已经位于 'master'
[6.964s] 您的分支与上游分支 'origin/master' 一致。
[6.994s] [ 37%] Performing update step for 'livox-sdk-master'
[9.178s] HEAD 目前位于 1b3ef28 fix build ubuntu 22.04
[9.199s] [ 50%] No patch step for 'livox-sdk-master'
[9.213s] [ 62%] Performing configure step for 'livox-sdk-master'
[9.249s] -- The C compiler identification is GNU 11.4.0
[9.285s] -- The CXX compiler identification is GNU 11.4.0
[9.290s] -- Detecting C compiler ABI info
[9.338s] -- Detecting C compiler ABI info - done
[9.344s] -- Check for working C compiler: /usr/bin/cc - skipped
[9.344s] -- Detecting C compile features
[9.344s] -- Detecting C compile features - done
[9.347s] -- Detecting CXX compiler ABI info
[9.395s] -- Detecting CXX compiler ABI info - done
[9.401s] -- Check for working CXX compiler: /usr/bin/c++ - skipped
[9.401s] -- Detecting CXX compile features
[9.401s] -- Detecting CXX compile features - done
[9.402s] -- main project dir: /home/guichen/Documents/drone-radar-fusion/build/livox_sdk_vendor/livox-sdk-master-prefix/src/livox-sdk-master
[9.404s] -- Configuring done
[9.416s] -- Generating done
[9.418s] -- Build files have been written to: /home/guichen/Documents/drone-radar-fusion/build/livox_sdk_vendor/livox-sdk-master-prefix/src/livox-sdk-master-build
[9.429s] [ 75%] Performing build step for 'livox-sdk-master'
[9.453s] [  2%] Building CXX object sdk_core/CMakeFiles/livox_sdk_static.dir/src/third_party/FastCRC/FastCRCsw.cpp.o
[9.453s] [  4%] Building CXX object sdk_core/CMakeFiles/livox_sdk_static.dir/src/base/io_loop.cpp.o
[9.454s] [  6%] Building CXX object sdk_core/CMakeFiles/livox_sdk_static.dir/src/base/network/unix/network_util.cpp.o
[9.454s] [  8%] Building CXX object sdk_core/CMakeFiles/livox_sdk_static.dir/src/device_manager.cpp.o
[9.454s] [ 12%] Building CXX object sdk_core/CMakeFiles/livox_sdk_static.dir/src/livox_sdk.cpp.o
[9.455s] [ 12%] Building CXX object sdk_core/CMakeFiles/livox_sdk_static.dir/src/base/io_thread.cpp.o
[9.455s] [ 14%] Building CXX object sdk_core/CMakeFiles/livox_sdk_static.dir/src/device_discovery.cpp.o
[9.455s] [ 16%] Building CXX object sdk_core/CMakeFiles/livox_sdk_static.dir/src/comm/comm_port.cpp.o
[9.455s] [ 22%] Building CXX object sdk_core/CMakeFiles/livox_sdk_static.dir/src/data_handler/lidar_data_handler.cpp.o
[9.455s] [ 22%] Building CXX object sdk_core/CMakeFiles/livox_sdk_static.dir/src/data_handler/data_handler.cpp.o
[9.455s] [ 22%] Building CXX object sdk_core/CMakeFiles/livox_sdk_static.dir/src/base/logging.cpp.o
[9.455s] [ 27%] Building CXX object sdk_core/CMakeFiles/livox_sdk_static.dir/src/data_handler/hub_data_handler.cpp.o
[9.455s] [ 27%] Building CXX object sdk_core/CMakeFiles/livox_sdk_static.dir/src/comm/sdk_protocol.cpp.o
[9.455s] [ 29%] Building CXX object sdk_core/CMakeFiles/livox_sdk_static.dir/src/command_handler/command_handler.cpp.o
[9.456s] [ 31%] Building CXX object sdk_core/CMakeFiles/livox_sdk_static.dir/src/base/thread_base.cpp.o
[9.457s] [ 33%] Building CXX object sdk_core/CMakeFiles/livox_sdk_static.dir/src/command_handler/command_channel.cpp.o
[9.530s] [ 35%] Building CXX object sdk_core/CMakeFiles/livox_sdk_static.dir/src/command_handler/hub_command_handler.cpp.o
[9.545s] [ 37%] Building CXX object sdk_core/CMakeFiles/livox_sdk_static.dir/src/command_handler/lidar_command_handler.cpp.o
[9.678s] [ 39%] Building CXX object sdk_core/CMakeFiles/livox_sdk_static.dir/src/command_handler/command_impl.cpp.o
[9.726s] [ 41%] Building CXX object sdk_core/CMakeFiles/livox_sdk_static.dir/src/base/multiple_io/multiple_io_base.cpp.o
[9.785s] [ 43%] Building CXX object sdk_core/CMakeFiles/livox_sdk_static.dir/src/base/multiple_io/multiple_io_epoll.cpp.o
[10.012s] [ 45%] Building CXX object sdk_core/CMakeFiles/livox_sdk_static.dir/src/base/multiple_io/multiple_io_poll.cpp.o
[10.074s] [ 47%] Building CXX object sdk_core/CMakeFiles/livox_sdk_static.dir/src/base/multiple_io/multiple_io_select.cpp.o
[10.221s] [ 50%] Building CXX object sdk_core/CMakeFiles/livox_sdk_static.dir/src/base/multiple_io/multiple_io_kqueue.cpp.o
[10.302s] [ 52%] Building CXX object sdk_core/CMakeFiles/livox_sdk_static.dir/src/base/wake_up/unix/wake_up_pipe.cpp.o
[13.965s] [ 54%] Linking CXX static library liblivox_sdk_static.a
[14.024s] [ 54%] Built target livox_sdk_static
[14.038s] [ 58%] Building CXX object sample/lidar_lvx_file/CMakeFiles/lidar_lvx_sample.dir/main.cpp.o
[14.038s] [ 58%] Building CXX object sample_cc/lidar_utc_sync/CMakeFiles/lidar_utc_sync.dir/main.cpp.o
[14.038s] [ 62%] Building CXX object sample/hub_lvx_file/CMakeFiles/hub_lvx_sample.dir/main.cpp.o
[14.038s] [ 62%] Building C object sample/lidar/CMakeFiles/lidar_sample.dir/main.c.o
[14.038s] [ 64%] Building C object sample/hub/CMakeFiles/hub_sample.dir/main.c.o
[14.038s] [ 66%] Building CXX object sample/hub_lvx_file/CMakeFiles/hub_lvx_sample.dir/lvx_file.cpp.o
[14.038s] [ 75%] Building CXX object sample_cc/lidar/CMakeFiles/lidar_sample_cc.dir/main.cpp.o
[14.039s] [ 68%] Building CXX object sample/lidar_lvx_file/CMakeFiles/lidar_lvx_sample.dir/lvx_file.cpp.o
[14.039s] [ 75%] Building CXX object sample_cc/hub/CMakeFiles/hub_sample_cc.dir/main.cpp.o
[14.039s] [ 75%] Building CXX object sample_cc/hub/CMakeFiles/hub_sample_cc.dir/lds_hub.cpp.o
[14.039s] [ 79%] Building CXX object sample_cc/trouble_shooting/CMakeFiles/trouble_shooting.dir/main.cpp.o
[14.039s] [ 79%] Building CXX object sample_cc/lidar/CMakeFiles/lidar_sample_cc.dir/lds_lidar.cpp.o
[14.039s] [ 81%] Building CXX object sample_cc/lidar_utc_sync/CMakeFiles/lidar_utc_sync.dir/lds_lidar.cpp.o
[14.039s] [ 83%] Building CXX object sample_cc/lidar_utc_sync/CMakeFiles/lidar_utc_sync.dir/synchro.cpp.o
[14.135s] [ 85%] Linking CXX executable lidar_sample
[14.141s] [ 87%] Linking CXX executable hub_sample
[14.280s] [ 87%] Built target lidar_sample
[14.281s] [ 87%] Built target hub_sample
[14.438s] [ 89%] Linking CXX executable trouble_shooting
[14.521s] [ 89%] Built target trouble_shooting
[15.122s] [ 91%] Linking CXX executable lidar_sample_cc
[15.188s] [ 93%] Linking CXX executable hub_sample_cc
[15.202s] [ 93%] Built target lidar_sample_cc
[15.262s] [ 95%] Linking CXX executable lidar_utc_sync
[15.267s] [ 95%] Built target hub_sample_cc
[15.337s] [ 95%] Built target lidar_utc_sync
[15.490s] [ 97%] Linking CXX executable hub_lvx_sample
[15.547s] [100%] Linking CXX executable lidar_lvx_sample
[15.564s] [100%] Built target hub_lvx_sample
[15.619s] [100%] Built target lidar_lvx_sample
[15.634s] [ 87%] Performing install step for 'livox-sdk-master'
[15.662s] Consolidate compiler generated dependencies of target livox_sdk_static
[15.672s] [ 54%] Built target livox_sdk_static
[15.679s] Consolidate compiler generated dependencies of target hub_sample
[15.679s] Consolidate compiler generated dependencies of target lidar_sample
[15.679s] Consolidate compiler generated dependencies of target trouble_shooting
[15.680s] Consolidate compiler generated dependencies of target hub_lvx_sample
[15.680s] Consolidate compiler generated dependencies of target lidar_sample_cc
[15.680s] Consolidate compiler generated dependencies of target hub_sample_cc
[15.680s] Consolidate compiler generated dependencies of target lidar_lvx_sample
[15.680s] Consolidate compiler generated dependencies of target lidar_utc_sync
[15.685s] [ 66%] Built target hub_sample
[15.685s] [ 66%] Built target lidar_sample
[15.686s] [ 66%] Built target trouble_shooting
[15.686s] [ 72%] Built target hub_sample_cc
[15.686s] [ 79%] Built target hub_lvx_sample
[15.686s] [ 85%] Built target lidar_lvx_sample
[15.686s] [ 91%] Built target lidar_sample_cc
[15.687s] [100%] Built target lidar_utc_sync
[15.699s] Install the project...
[15.704s] -- Install configuration: "Release"
[15.704s] -- Installing: /home/guichen/Documents/drone-radar-fusion/build/livox_sdk_vendor/livox-sdk_install/lib/liblivox_sdk_static.a
[15.705s] -- Installing: /home/guichen/Documents/drone-radar-fusion/build/livox_sdk_vendor/livox-sdk_install/include/livox_def.h
[15.705s] -- Installing: /home/guichen/Documents/drone-radar-fusion/build/livox_sdk_vendor/livox-sdk_install/include/livox_sdk.h
[15.717s] [100%] Completed 'livox-sdk-master'
[15.735s] [100%] Built target livox-sdk-master
[15.741s] Invoked command in '/home/guichen/Documents/drone-radar-fusion/build/livox_sdk_vendor' returned '0': CMAKE_PREFIX_PATH=/opt/ros/humble /usr/bin/cmake --build /home/guichen/Documents/drone-radar-fusion/build/livox_sdk_vendor -- -j16 -l16
[15.742s] Invoking command in '/home/guichen/Documents/drone-radar-fusion/build/livox_sdk_vendor': CMAKE_PREFIX_PATH=/opt/ros/humble /usr/bin/cmake --install /home/guichen/Documents/drone-radar-fusion/build/livox_sdk_vendor
[15.746s] -- Install configuration: "Release"
[15.747s] -- Execute custom install script
[15.747s] -- Symlinking: /home/guichen/Documents/drone-radar-fusion/install/livox_sdk_vendor/include/livox_def.h
[15.752s] -- Symlinking: /home/guichen/Documents/drone-radar-fusion/install/livox_sdk_vendor/include/livox_sdk.h
[15.756s] -- Symlinking: /home/guichen/Documents/drone-radar-fusion/install/livox_sdk_vendor/lib/liblivox_sdk_static.a
[15.761s] -- Symlinking: /home/guichen/Documents/drone-radar-fusion/install/livox_sdk_vendor/share/livox_sdk_vendor/cmake/Modules/Findlivox_sdk.cmake
[15.766s] -- Symlinking: /home/guichen/Documents/drone-radar-fusion/install/livox_sdk_vendor/share/ament_index/resource_index/package_run_dependencies/livox_sdk_vendor
[15.770s] -- Symlinking: /home/guichen/Documents/drone-radar-fusion/install/livox_sdk_vendor/share/ament_index/resource_index/parent_prefix_path/livox_sdk_vendor
[15.774s] -- Symlinking: /home/guichen/Documents/drone-radar-fusion/install/livox_sdk_vendor/share/livox_sdk_vendor/environment/ament_prefix_path.sh
[15.779s] -- Symlinking: /home/guichen/Documents/drone-radar-fusion/install/livox_sdk_vendor/share/livox_sdk_vendor/environment/ament_prefix_path.dsv
[15.784s] -- Symlinking: /home/guichen/Documents/drone-radar-fusion/install/livox_sdk_vendor/share/livox_sdk_vendor/environment/path.sh
[15.788s] -- Symlinking: /home/guichen/Documents/drone-radar-fusion/install/livox_sdk_vendor/share/livox_sdk_vendor/environment/path.dsv
[15.793s] -- Symlinking: /home/guichen/Documents/drone-radar-fusion/install/livox_sdk_vendor/share/livox_sdk_vendor/local_setup.bash
[15.798s] -- Symlinking: /home/guichen/Documents/drone-radar-fusion/install/livox_sdk_vendor/share/livox_sdk_vendor/local_setup.sh
[15.803s] -- Symlinking: /home/guichen/Documents/drone-radar-fusion/install/livox_sdk_vendor/share/livox_sdk_vendor/local_setup.zsh
[15.808s] -- Symlinking: /home/guichen/Documents/drone-radar-fusion/install/livox_sdk_vendor/share/livox_sdk_vendor/local_setup.dsv
[15.813s] -- Symlinking: /home/guichen/Documents/drone-radar-fusion/install/livox_sdk_vendor/share/livox_sdk_vendor/package.dsv
[15.818s] -- Symlinking: /home/guichen/Documents/drone-radar-fusion/install/livox_sdk_vendor/share/ament_index/resource_index/packages/livox_sdk_vendor
[15.824s] -- Symlinking: /home/guichen/Documents/drone-radar-fusion/install/livox_sdk_vendor/share/livox_sdk_vendor/cmake/livox_sdk_vendor-extras.cmake
[15.828s] -- Symlinking: /home/guichen/Documents/drone-radar-fusion/install/livox_sdk_vendor/share/livox_sdk_vendor/cmake/livox_sdk_vendorConfig.cmake
[15.833s] -- Symlinking: /home/guichen/Documents/drone-radar-fusion/install/livox_sdk_vendor/share/livox_sdk_vendor/cmake/livox_sdk_vendorConfig-version.cmake
[15.837s] -- Symlinking: /home/guichen/Documents/drone-radar-fusion/install/livox_sdk_vendor/share/livox_sdk_vendor/package.xml
[15.843s] Invoked command in '/home/guichen/Documents/drone-radar-fusion/build/livox_sdk_vendor' returned '0': CMAKE_PREFIX_PATH=/opt/ros/humble /usr/bin/cmake --install /home/guichen/Documents/drone-radar-fusion/build/livox_sdk_vendor
