CMake Warning (dev) at CMakeLists.txt:31 (find_package):
  Policy CMP0074 is not set: find_package uses <PackageName>_ROOT variables.
  Run "cmake --help-policy CMP0074" for policy details.  Use the cmake_policy
  command to set the policy and suppress this warning.

  CMake variable PCL_ROOT is set to:

    /usr

  For compatibility, CMake is ignoring the variable.
This warning is for project developers.  Use -Wno-dev to suppress it.

In file included from /usr/include/string.h:535,
                 from /usr/include/c++/11/cstring:42,
                 from /home/guichen/Documents/drone-radar-fusion/src/livox_driver/livox_ros2_avia/common/rapidjson/rapidjson.h:45,
                 from /home/guichen/Documents/drone-radar-fusion/src/livox_driver/livox_ros2_avia/common/rapidjson/stream.h:19,
                 from /home/guichen/Documents/drone-radar-fusion/src/livox_driver/livox_ros2_avia/common/rapidjson/memorystream.h:22,
                 from /home/guichen/Documents/drone-radar-fusion/src/livox_driver/livox_ros2_avia/common/rapidjson/encodedstream.h:22,
                 from /home/guichen/Documents/drone-radar-fusion/src/livox_driver/livox_ros2_avia/common/rapidjson/document.h:26,
                 from /home/guichen/Documents/drone-radar-fusion/src/livox_driver/livox_ros2_avia/livox_ros2_avia/lds_lidar.h:36,
                 from /home/guichen/Documents/drone-radar-fusion/src/livox_driver/livox_ros2_avia/livox_ros2_avia/lds_lidar.cpp:25:
In function ‘char* strncpy(char*, const char*, size_t)’,
    inlined from ‘int livox_ros::LdsLidar::ParseTimesyncConfig(rapidjson::Document&)’ at /home/guichen/Documents/drone-radar-fusion/src/livox_driver/livox_ros2_avia/livox_ros2_avia/lds_lidar.cpp:607:17:
/usr/include/x86_64-linux-gnu/bits/string_fortified.h:95:34: warning: ‘char* __builtin_strncpy(char*, const char*, long unsigned int)’ specified bound 256 equals destination size [-Wstringop-truncation]
   95 |   return __builtin___strncpy_chk (__dest, __src, __len,
      |          ~~~~~~~~~~~~~~~~~~~~~~~~^~~~~~~~~~~~~~~~~~~~~~
   96 |                                   __glibc_objsize (__dest));
      |                                   ~~~~~~~~~~~~~~~~~~~~~~~~~
In function ‘char* strncpy(char*, const char*, size_t)’,
    inlined from ‘int livox_ros::LdsLidar::ParseConfigFile(const char*)’ at /home/guichen/Documents/drone-radar-fusion/src/livox_driver/livox_ros2_avia/livox_ros2_avia/lds_lidar.cpp:670:25:
/usr/include/x86_64-linux-gnu/bits/string_fortified.h:95:34: warning: ‘char* __builtin_strncpy(char*, const char*, long unsigned int)’ specified bound 16 equals destination size [-Wstringop-truncation]
   95 |   return __builtin___strncpy_chk (__dest, __src, __len,
      |          ~~~~~~~~~~~~~~~~~~~~~~~~^~~~~~~~~~~~~~~~~~~~~~
   96 |                                   __glibc_objsize (__dest));
      |                                   ~~~~~~~~~~~~~~~~~~~~~~~~~
