[0.005s] Invoking command in '/home/guichen/Documents/drone-radar-fusion/build/livox_ros2_avia': AMENT_PREFIX_PATH=/home/guichen/Documents/drone-radar-fusion/install/livox_sdk_vendor:/home/guichen/Documents/drone-radar-fusion/install/livox_interfaces:${AMENT_PREFIX_PATH} CMAKE_PREFIX_PATH=/home/guichen/Documents/drone-radar-fusion/install/livox_sdk_vendor:/home/guichen/Documents/drone-radar-fusion/install/livox_interfaces:/opt/ros/humble LD_LIBRARY_PATH=/home/guichen/Documents/drone-radar-fusion/install/livox_interfaces/lib:${LD_LIBRARY_PATH} PYTHONPATH=/home/guichen/Documents/drone-radar-fusion/install/livox_interfaces/local/lib/python3.10/dist-packages:${PYTHONPATH} /usr/bin/cmake /home/guichen/Documents/drone-radar-fusion/src/livox_driver/livox_ros2_avia -DCMAKE_BUILD_TYPE=Release -DAMENT_CMAKE_SYMLINK_INSTALL=1 -DCMAKE_INSTALL_PREFIX=/home/guichen/Documents/drone-radar-fusion/install/livox_ros2_avia
[0.037s] -- The C compiler identification is GNU 11.4.0
[0.070s] -- The CXX compiler identification is GNU 11.4.0
[0.074s] -- Detecting C compiler ABI info
[0.118s] -- Detecting C compiler ABI info - done
[0.122s] -- Check for working C compiler: /usr/bin/cc - skipped
[0.122s] -- Detecting C compile features
[0.122s] -- Detecting C compile features - done
[0.124s] -- Detecting CXX compiler ABI info
[0.173s] -- Detecting CXX compiler ABI info - done
[0.178s] -- Check for working CXX compiler: /usr/bin/c++ - skipped
[0.178s] -- Detecting CXX compile features
[0.178s] -- Detecting CXX compile features - done
[0.179s] -- livox_ros2_avia version: 0.0.1
[0.180s] -- Found ament_cmake_auto: 1.3.14 (/opt/ros/humble/share/ament_cmake_auto/cmake)
[0.270s] -- Found Python3: /usr/bin/python3 (found version "3.10.12") found components: Interpreter 
[0.309s] -- Override CMake install command with custom implementation using symlinks instead of copying resources
[0.386s] -- Found rosidl_generator_c: 3.1.8 (/opt/ros/humble/share/rosidl_generator_c/cmake)
[0.388s] -- Found rosidl_adapter: 3.1.8 (/opt/ros/humble/share/rosidl_adapter/cmake)
[0.393s] -- Found rosidl_generator_cpp: 3.1.8 (/opt/ros/humble/share/rosidl_generator_cpp/cmake)
[0.400s] -- Using all available rosidl_typesupport_c: rosidl_typesupport_fastrtps_c;rosidl_typesupport_introspection_c
[0.414s] -- Using all available rosidl_typesupport_cpp: rosidl_typesupport_fastrtps_cpp;rosidl_typesupport_introspection_cpp
[0.452s] -- Found rmw_implementation_cmake: 6.1.2 (/opt/ros/humble/share/rmw_implementation_cmake/cmake)
[0.453s] -- Found rmw_fastrtps_cpp: 6.2.10 (/opt/ros/humble/share/rmw_fastrtps_cpp/cmake)
[0.502s] -- Found OpenSSL: /usr/lib/x86_64-linux-gnu/libcrypto.so (found version "3.0.2")  
[0.518s] -- Found FastRTPS: /opt/ros/humble/include  
[0.541s] -- Using RMW implementation 'rmw_fastrtps_cpp' as default
[0.546s] -- Looking for pthread.h
[0.592s] -- Looking for pthread.h - found
[0.592s] -- Performing Test CMAKE_HAVE_LIBC_PTHREAD
[0.637s] -- Performing Test CMAKE_HAVE_LIBC_PTHREAD - Success
[0.638s] -- Found Threads: TRUE  
[0.744s] -- Checking for module 'eigen3'
[0.751s] --   Found eigen3, version 3.4.0
[0.769s] -- Found Eigen: /usr/include/eigen3 (Required is at least version "3.1") 
[0.769s] -- Eigen found (include: /usr/include/eigen3, version: 3.4.0)
[0.790s] -- Checking for module 'flann'
[0.797s] --   Found flann, version 1.9.1
[0.821s] -- Found FLANN: /usr/lib/x86_64-linux-gnu/libflann_cpp.so  
[0.821s] -- FLANN found (include: /usr/include, lib: /usr/lib/x86_64-linux-gnu/libflann_cpp.so)
[1.414s] -- Checking for module 'libusb-1.0'
[1.423s] --   Found libusb-1.0, version 1.0.25
[1.444s] -- Found libusb: /usr/lib/x86_64-linux-gnu/libusb-1.0.so  
[1.445s] -- OpenNI found (version: 1.5.4.0, include: /usr/include/ni, lib: /usr/lib/libOpenNI.so;libusb::libusb)
[1.478s] -- OpenNI2 found (version: 2.2.0.33, include: /usr/include/openni2, lib: /usr/lib/x86_64-linux-gnu/libOpenNI2.so;libusb::libusb)
[1.578s] -- Eigen found (include: /usr/include/eigen3, version: 3.4.0)
[1.582s] -- OpenNI found (version: 1.5.4.0, include: /usr/include/ni, lib: /usr/lib/libOpenNI.so;libusb::libusb)
[1.586s] -- OpenNI2 found (version: 2.2.0.33, include: /usr/include/openni2, lib: /usr/lib/x86_64-linux-gnu/libOpenNI2.so;libusb::libusb)
[1.686s] -- Found Qhull version 8.0.2
[1.777s] -- OpenNI found (version: 1.5.4.0, include: /usr/include/ni, lib: /usr/lib/libOpenNI.so;libusb::libusb)
[1.862s] -- Found PCL_COMMON: /usr/lib/x86_64-linux-gnu/libpcl_common.so  
[1.862s] -- Found PCL_KDTREE: /usr/lib/x86_64-linux-gnu/libpcl_kdtree.so  
[1.863s] -- Found PCL_OCTREE: /usr/lib/x86_64-linux-gnu/libpcl_octree.so  
[1.863s] -- Found PCL_SEARCH: /usr/lib/x86_64-linux-gnu/libpcl_search.so  
[1.864s] -- Found PCL_SAMPLE_CONSENSUS: /usr/lib/x86_64-linux-gnu/libpcl_sample_consensus.so  
[1.865s] -- Found PCL_FILTERS: /usr/lib/x86_64-linux-gnu/libpcl_filters.so  
[1.865s] -- Found PCL_2D: /usr/include/pcl-1.12  
[1.865s] -- Found PCL_GEOMETRY: /usr/include/pcl-1.12  
[1.866s] -- Found PCL_IO: /usr/lib/x86_64-linux-gnu/libpcl_io.so  
[1.866s] -- Found PCL_FEATURES: /usr/lib/x86_64-linux-gnu/libpcl_features.so  
[1.867s] -- Found PCL_ML: /usr/lib/x86_64-linux-gnu/libpcl_ml.so  
[1.867s] -- Found PCL_SEGMENTATION: /usr/lib/x86_64-linux-gnu/libpcl_segmentation.so  
[1.868s] -- Found PCL_VISUALIZATION: /usr/lib/x86_64-linux-gnu/libpcl_visualization.so  
[1.868s] -- Found PCL_SURFACE: /usr/lib/x86_64-linux-gnu/libpcl_surface.so  
[1.869s] -- Found PCL_REGISTRATION: /usr/lib/x86_64-linux-gnu/libpcl_registration.so  
[1.870s] -- Found PCL_KEYPOINTS: /usr/lib/x86_64-linux-gnu/libpcl_keypoints.so  
[1.870s] -- Found PCL_TRACKING: /usr/lib/x86_64-linux-gnu/libpcl_tracking.so  
[1.871s] -- Found PCL_RECOGNITION: /usr/lib/x86_64-linux-gnu/libpcl_recognition.so  
[1.871s] -- Found PCL_STEREO: /usr/lib/x86_64-linux-gnu/libpcl_stereo.so  
[1.872s] -- Found PCL_APPS: /usr/lib/x86_64-linux-gnu/libpcl_apps.so  
[1.872s] -- Found PCL_IN_HAND_SCANNER: /usr/include/pcl-1.12  
[1.872s] -- Found PCL_MODELER: /usr/include/pcl-1.12  
[1.873s] -- Found PCL_POINT_CLOUD_EDITOR: /usr/include/pcl-1.12  
[1.873s] -- Found PCL_OUTOFCORE: /usr/lib/x86_64-linux-gnu/libpcl_outofcore.so  
[1.874s] -- Found PCL_PEOPLE: /usr/lib/x86_64-linux-gnu/libpcl_people.so  
[1.900s] CMake Warning (dev) at CMakeLists.txt:31 (find_package):
[1.900s]   Policy CMP0074 is not set: find_package uses <PackageName>_ROOT variables.
[1.900s]   Run "cmake --help-policy CMP0074" for policy details.  Use the cmake_policy
[1.901s]   command to set the policy and suppress this warning.
[1.901s] 
[1.901s]   CMake variable PCL_ROOT is set to:
[1.901s] 
[1.901s]     /usr
[1.901s] 
[1.901s]   For compatibility, CMake is ignoring the variable.
[1.901s] This warning is for project developers.  Use -Wno-dev to suppress it.
[1.901s] 
[1.906s] -- Found livox_sdk: /home/guichen/Documents/drone-radar-fusion/install/livox_sdk_vendor/include  
[1.909s] -- Found PkgConfig: /usr/bin/pkg-config (found version "0.29.2") 
[1.910s] -- Checking for module 'apr-1'
[1.912s] --   No package 'apr-1' found
[1.920s] -- Found ament_lint_auto: 0.12.15 (/opt/ros/humble/share/ament_lint_auto/cmake)
[1.933s] -- Added test 'copyright' to check source files copyright and LICENSE
[1.935s] -- Added test 'cppcheck' to perform static code analysis on C / C++ code
[1.936s] -- Configured cppcheck include dirs: /home/guichen/Documents/drone-radar-fusion/src/livox_driver/livox_ros2_avia/common;/home/guichen/Documents/drone-radar-fusion/src/livox_driver/livox_ros2_avia/common/rapidjson;/home/guichen/Documents/drone-radar-fusion/src/livox_driver/livox_ros2_avia/comon/rapdidxml;/home/guichen/Documents/drone-radar-fusion/src/livox_driver/livox_ros2_avia/common/comm;/home/guichen/Documents/drone-radar-fusion/src/livox_driver/livox_ros2_avia/timesync;/home/guichen/Documents/drone-radar-fusion/src/livox_driver/livox_ros2_avia/timesync/user_uart;/home/guichen/Documents/drone-radar-fusion/src/livox_driver/livox_ros2_avia/livox_ros2_avia
[1.936s] -- Configured cppcheck exclude dirs and/or files: 
[1.938s] -- Added test 'cpplint' to check C / C++ code against the Google style
[1.938s] -- Configured cpplint exclude dirs and/or files: 
[1.938s] -- Added test 'flake8' to check Python code syntax and style conventions
[1.939s] -- Added test 'lint_cmake' to check CMake code style
[1.939s] -- Added test 'pep257' to check Python code against some of the docstring style conventions in PEP 257
[1.941s] -- Added test 'uncrustify' to check C / C++ code style
[1.941s] -- Configured uncrustify additional arguments: 
[1.942s] -- Added test 'xmllint' to check XML markup files
[1.943s] -- Configuring done
[1.967s] -- Generating done
[1.973s] -- Build files have been written to: /home/guichen/Documents/drone-radar-fusion/build/livox_ros2_avia
[1.984s] Invoked command in '/home/guichen/Documents/drone-radar-fusion/build/livox_ros2_avia' returned '0': AMENT_PREFIX_PATH=/home/guichen/Documents/drone-radar-fusion/install/livox_sdk_vendor:/home/guichen/Documents/drone-radar-fusion/install/livox_interfaces:${AMENT_PREFIX_PATH} CMAKE_PREFIX_PATH=/home/guichen/Documents/drone-radar-fusion/install/livox_sdk_vendor:/home/guichen/Documents/drone-radar-fusion/install/livox_interfaces:/opt/ros/humble LD_LIBRARY_PATH=/home/guichen/Documents/drone-radar-fusion/install/livox_interfaces/lib:${LD_LIBRARY_PATH} PYTHONPATH=/home/guichen/Documents/drone-radar-fusion/install/livox_interfaces/local/lib/python3.10/dist-packages:${PYTHONPATH} /usr/bin/cmake /home/guichen/Documents/drone-radar-fusion/src/livox_driver/livox_ros2_avia -DCMAKE_BUILD_TYPE=Release -DAMENT_CMAKE_SYMLINK_INSTALL=1 -DCMAKE_INSTALL_PREFIX=/home/guichen/Documents/drone-radar-fusion/install/livox_ros2_avia
[1.985s] Invoking command in '/home/guichen/Documents/drone-radar-fusion/build/livox_ros2_avia': AMENT_PREFIX_PATH=/home/guichen/Documents/drone-radar-fusion/install/livox_sdk_vendor:/home/guichen/Documents/drone-radar-fusion/install/livox_interfaces:${AMENT_PREFIX_PATH} CMAKE_PREFIX_PATH=/home/guichen/Documents/drone-radar-fusion/install/livox_sdk_vendor:/home/guichen/Documents/drone-radar-fusion/install/livox_interfaces:/opt/ros/humble LD_LIBRARY_PATH=/home/guichen/Documents/drone-radar-fusion/install/livox_interfaces/lib:${LD_LIBRARY_PATH} PYTHONPATH=/home/guichen/Documents/drone-radar-fusion/install/livox_interfaces/local/lib/python3.10/dist-packages:${PYTHONPATH} /usr/bin/cmake --build /home/guichen/Documents/drone-radar-fusion/build/livox_ros2_avia -- -j16 -l16
[2.019s] [ 12%] Building CXX object CMakeFiles/livox_ros2_avia.dir/livox_ros2_avia/ldq.cpp.o
[2.019s] [ 12%] Building CXX object CMakeFiles/livox_ros2_avia.dir/livox_ros2_avia/lds_lvx.cpp.o
[2.019s] [ 18%] Building CXX object CMakeFiles/livox_ros2_avia_node.dir/rclcpp_components/node_main_livox_ros2_avia_node.cpp.o
[2.020s] [ 25%] Building CXX object CMakeFiles/livox_ros2_avia.dir/livox_ros2_avia/lvx_file.cpp.o
[2.020s] [ 31%] Building CXX object CMakeFiles/livox_ros2_avia.dir/livox_ros2_avia/lds.cpp.o
[2.020s] [ 37%] Building CXX object CMakeFiles/livox_ros2_avia.dir/livox_ros2_avia/lds_lidar.cpp.o
[2.020s] [ 43%] Building CXX object CMakeFiles/livox_ros2_avia.dir/livox_ros2_avia/lds_hub.cpp.o
[2.022s] [ 50%] Building CXX object CMakeFiles/livox_ros2_avia.dir/livox_ros2_avia/lddc.cpp.o
[2.022s] [ 56%] Building CXX object CMakeFiles/livox_ros2_avia.dir/livox_ros2_avia/livox_ros2_driver.cpp.o
[2.022s] [ 62%] Building CXX object CMakeFiles/livox_ros2_avia.dir/timesync/timesync.cpp.o
[2.022s] [ 68%] Building CXX object CMakeFiles/livox_ros2_avia.dir/timesync/user_uart/user_uart.cpp.o
[2.022s] [ 75%] Building CXX object CMakeFiles/livox_ros2_avia.dir/common/comm/sdk_protocol.cpp.o
[2.022s] [ 87%] Building CXX object CMakeFiles/livox_ros2_avia.dir/common/comm/comm_protocol.cpp.o
[2.022s] [ 87%] Building CXX object CMakeFiles/livox_ros2_avia.dir/common/comm/gps_protocol.cpp.o
[2.672s] In file included from /usr/include/string.h:535,
[2.673s]                  from /usr/include/c++/11/cstring:42,
[2.673s]                  from /home/guichen/Documents/drone-radar-fusion/src/livox_driver/livox_ros2_avia/common/rapidjson/rapidjson.h:45,
[2.673s]                  from /home/guichen/Documents/drone-radar-fusion/src/livox_driver/livox_ros2_avia/common/rapidjson/stream.h:19,
[2.673s]                  from /home/guichen/Documents/drone-radar-fusion/src/livox_driver/livox_ros2_avia/common/rapidjson/memorystream.h:22,
[2.673s]                  from /home/guichen/Documents/drone-radar-fusion/src/livox_driver/livox_ros2_avia/common/rapidjson/encodedstream.h:22,
[2.673s]                  from /home/guichen/Documents/drone-radar-fusion/src/livox_driver/livox_ros2_avia/common/rapidjson/document.h:26,
[2.673s]                  from /home/guichen/Documents/drone-radar-fusion/src/livox_driver/livox_ros2_avia/livox_ros2_avia/lds_lidar.h:36,
[2.673s]                  from /home/guichen/Documents/drone-radar-fusion/src/livox_driver/livox_ros2_avia/livox_ros2_avia/lds_lidar.cpp:25:
[2.673s] In function ‘char* strncpy(char*, const char*, size_t)’,
[2.673s]     inlined from ‘int livox_ros::LdsLidar::ParseTimesyncConfig(rapidjson::Document&)’ at /home/guichen/Documents/drone-radar-fusion/src/livox_driver/livox_ros2_avia/livox_ros2_avia/lds_lidar.cpp:607:17:
[2.673s] /usr/include/x86_64-linux-gnu/bits/string_fortified.h:95:34: warning: ‘char* __builtin_strncpy(char*, const char*, long unsigned int)’ specified bound 256 equals destination size [-Wstringop-truncation]
[2.673s]    95 |   return __builtin___strncpy_chk (__dest, __src, __len,
[2.673s]       |          ~~~~~~~~~~~~~~~~~~~~~~~~^~~~~~~~~~~~~~~~~~~~~~
[2.673s]    96 |                                   __glibc_objsize (__dest));
[2.673s]       |                                   ~~~~~~~~~~~~~~~~~~~~~~~~~
[3.077s] In function ‘char* strncpy(char*, const char*, size_t)’,
[3.077s]     inlined from ‘int livox_ros::LdsLidar::ParseConfigFile(const char*)’ at /home/guichen/Documents/drone-radar-fusion/src/livox_driver/livox_ros2_avia/livox_ros2_avia/lds_lidar.cpp:670:25:
[3.077s] /usr/include/x86_64-linux-gnu/bits/string_fortified.h:95:34: warning: ‘char* __builtin_strncpy(char*, const char*, long unsigned int)’ specified bound 16 equals destination size [-Wstringop-truncation]
[3.077s]    95 |   return __builtin___strncpy_chk (__dest, __src, __len,
[3.077s]       |          ~~~~~~~~~~~~~~~~~~~~~~~~^~~~~~~~~~~~~~~~~~~~~~
[3.077s]    96 |                                   __glibc_objsize (__dest));
[3.077s]       |                                   ~~~~~~~~~~~~~~~~~~~~~~~~~
[4.474s] [ 93%] Linking CXX executable livox_ros2_avia_node
[4.547s] [ 93%] Built target livox_ros2_avia_node
[8.616s] [100%] Linking CXX shared library liblivox_ros2_avia.so
[8.891s] [100%] Built target livox_ros2_avia
[8.898s] Invoked command in '/home/guichen/Documents/drone-radar-fusion/build/livox_ros2_avia' returned '0': AMENT_PREFIX_PATH=/home/guichen/Documents/drone-radar-fusion/install/livox_sdk_vendor:/home/guichen/Documents/drone-radar-fusion/install/livox_interfaces:${AMENT_PREFIX_PATH} CMAKE_PREFIX_PATH=/home/guichen/Documents/drone-radar-fusion/install/livox_sdk_vendor:/home/guichen/Documents/drone-radar-fusion/install/livox_interfaces:/opt/ros/humble LD_LIBRARY_PATH=/home/guichen/Documents/drone-radar-fusion/install/livox_interfaces/lib:${LD_LIBRARY_PATH} PYTHONPATH=/home/guichen/Documents/drone-radar-fusion/install/livox_interfaces/local/lib/python3.10/dist-packages:${PYTHONPATH} /usr/bin/cmake --build /home/guichen/Documents/drone-radar-fusion/build/livox_ros2_avia -- -j16 -l16
[8.899s] Invoking command in '/home/guichen/Documents/drone-radar-fusion/build/livox_ros2_avia': AMENT_PREFIX_PATH=/home/guichen/Documents/drone-radar-fusion/install/livox_sdk_vendor:/home/guichen/Documents/drone-radar-fusion/install/livox_interfaces:${AMENT_PREFIX_PATH} CMAKE_PREFIX_PATH=/home/guichen/Documents/drone-radar-fusion/install/livox_sdk_vendor:/home/guichen/Documents/drone-radar-fusion/install/livox_interfaces:/opt/ros/humble LD_LIBRARY_PATH=/home/guichen/Documents/drone-radar-fusion/install/livox_interfaces/lib:${LD_LIBRARY_PATH} PYTHONPATH=/home/guichen/Documents/drone-radar-fusion/install/livox_interfaces/local/lib/python3.10/dist-packages:${PYTHONPATH} /usr/bin/cmake --install /home/guichen/Documents/drone-radar-fusion/build/livox_ros2_avia
[8.903s] -- Install configuration: "Release"
[8.903s] -- Execute custom install script
[8.904s] -- Symlinking: /home/guichen/Documents/drone-radar-fusion/install/livox_ros2_avia/lib/livox_ros2_avia/livox_ros2_avia_node
[8.909s] -- Symlinking: /home/guichen/Documents/drone-radar-fusion/install/livox_ros2_avia/share/livox_ros2_avia/environment/library_path.sh
[8.915s] -- Symlinking: /home/guichen/Documents/drone-radar-fusion/install/livox_ros2_avia/share/livox_ros2_avia/environment/library_path.dsv
[8.920s] -- Symlinking: /home/guichen/Documents/drone-radar-fusion/install/livox_ros2_avia/lib/liblivox_ros2_avia.so
[8.925s] -- Symlinking: /home/guichen/Documents/drone-radar-fusion/install/livox_ros2_avia/share/livox_ros2_avia/config/livox_hub.rviz
[8.929s] -- Symlinking: /home/guichen/Documents/drone-radar-fusion/install/livox_ros2_avia/share/livox_ros2_avia/config/livox_hub_config.json
[8.934s] -- Symlinking: /home/guichen/Documents/drone-radar-fusion/install/livox_ros2_avia/share/livox_ros2_avia/config/livox_lidar.rviz
[8.939s] -- Symlinking: /home/guichen/Documents/drone-radar-fusion/install/livox_ros2_avia/share/livox_ros2_avia/config/livox_lidar_config.json
[8.944s] -- Symlinking: /home/guichen/Documents/drone-radar-fusion/install/livox_ros2_avia/share/livox_ros2_avia/launch/livox_hub_launch.py
[8.949s] -- Symlinking: /home/guichen/Documents/drone-radar-fusion/install/livox_ros2_avia/share/livox_ros2_avia/launch/livox_hub_msg_launch .py
[8.954s] -- Symlinking: /home/guichen/Documents/drone-radar-fusion/install/livox_ros2_avia/share/livox_ros2_avia/launch/livox_hub_rviz_launch.py
[8.960s] -- Symlinking: /home/guichen/Documents/drone-radar-fusion/install/livox_ros2_avia/share/livox_ros2_avia/launch/livox_lidar_launch.py
[8.965s] -- Symlinking: /home/guichen/Documents/drone-radar-fusion/install/livox_ros2_avia/share/livox_ros2_avia/launch/livox_lidar_msg_launch.py
[8.970s] -- Symlinking: /home/guichen/Documents/drone-radar-fusion/install/livox_ros2_avia/share/livox_ros2_avia/launch/livox_lidar_rviz_launch.py
[8.975s] -- Symlinking: /home/guichen/Documents/drone-radar-fusion/install/livox_ros2_avia/share/livox_ros2_avia/launch/livox_template_launch.py
[8.980s] -- Symlinking: /home/guichen/Documents/drone-radar-fusion/install/livox_ros2_avia/share/ament_index/resource_index/package_run_dependencies/livox_ros2_avia
[8.986s] -- Symlinking: /home/guichen/Documents/drone-radar-fusion/install/livox_ros2_avia/share/ament_index/resource_index/parent_prefix_path/livox_ros2_avia
[8.991s] -- Symlinking: /home/guichen/Documents/drone-radar-fusion/install/livox_ros2_avia/share/livox_ros2_avia/environment/ament_prefix_path.sh
[8.997s] -- Symlinking: /home/guichen/Documents/drone-radar-fusion/install/livox_ros2_avia/share/livox_ros2_avia/environment/ament_prefix_path.dsv
[9.002s] -- Symlinking: /home/guichen/Documents/drone-radar-fusion/install/livox_ros2_avia/share/livox_ros2_avia/environment/path.sh
[9.007s] -- Symlinking: /home/guichen/Documents/drone-radar-fusion/install/livox_ros2_avia/share/livox_ros2_avia/environment/path.dsv
[9.012s] -- Symlinking: /home/guichen/Documents/drone-radar-fusion/install/livox_ros2_avia/share/livox_ros2_avia/local_setup.bash
[9.017s] -- Symlinking: /home/guichen/Documents/drone-radar-fusion/install/livox_ros2_avia/share/livox_ros2_avia/local_setup.sh
[9.021s] -- Symlinking: /home/guichen/Documents/drone-radar-fusion/install/livox_ros2_avia/share/livox_ros2_avia/local_setup.zsh
[9.026s] -- Symlinking: /home/guichen/Documents/drone-radar-fusion/install/livox_ros2_avia/share/livox_ros2_avia/local_setup.dsv
[9.031s] -- Symlinking: /home/guichen/Documents/drone-radar-fusion/install/livox_ros2_avia/share/livox_ros2_avia/package.dsv
[9.036s] -- Symlinking: /home/guichen/Documents/drone-radar-fusion/install/livox_ros2_avia/share/ament_index/resource_index/packages/livox_ros2_avia
[9.041s] -- Symlinking: /home/guichen/Documents/drone-radar-fusion/install/livox_ros2_avia/share/ament_index/resource_index/rclcpp_components/livox_ros2_avia
[9.046s] -- Symlinking: /home/guichen/Documents/drone-radar-fusion/install/livox_ros2_avia/share/livox_ros2_avia/cmake/ament_cmake_export_dependencies-extras.cmake
[9.051s] -- Symlinking: /home/guichen/Documents/drone-radar-fusion/install/livox_ros2_avia/share/livox_ros2_avia/cmake/ament_cmake_export_libraries-extras.cmake
[9.056s] -- Symlinking: /home/guichen/Documents/drone-radar-fusion/install/livox_ros2_avia/share/livox_ros2_avia/cmake/livox_ros2_aviaConfig.cmake
[9.060s] -- Symlinking: /home/guichen/Documents/drone-radar-fusion/install/livox_ros2_avia/share/livox_ros2_avia/cmake/livox_ros2_aviaConfig-version.cmake
[9.065s] -- Symlinking: /home/guichen/Documents/drone-radar-fusion/install/livox_ros2_avia/share/livox_ros2_avia/package.xml
[9.071s] Invoked command in '/home/guichen/Documents/drone-radar-fusion/build/livox_ros2_avia' returned '0': AMENT_PREFIX_PATH=/home/guichen/Documents/drone-radar-fusion/install/livox_sdk_vendor:/home/guichen/Documents/drone-radar-fusion/install/livox_interfaces:${AMENT_PREFIX_PATH} CMAKE_PREFIX_PATH=/home/guichen/Documents/drone-radar-fusion/install/livox_sdk_vendor:/home/guichen/Documents/drone-radar-fusion/install/livox_interfaces:/opt/ros/humble LD_LIBRARY_PATH=/home/guichen/Documents/drone-radar-fusion/install/livox_interfaces/lib:${LD_LIBRARY_PATH} PYTHONPATH=/home/guichen/Documents/drone-radar-fusion/install/livox_interfaces/local/lib/python3.10/dist-packages:${PYTHONPATH} /usr/bin/cmake --install /home/guichen/Documents/drone-radar-fusion/build/livox_ros2_avia
