[0.009s] Invoking command in '/home/guichen/Documents/drone-radar-fusion/build/livox_sdk_vendor': CMAKE_PREFIX_PATH=/opt/ros/humble /usr/bin/cmake /home/guichen/Documents/drone-radar-fusion/src/livox_driver/livox_sdk_vendor -DCMAKE_INSTALL_PREFIX=/home/guichen/Documents/drone-radar-fusion/install/livox_sdk_vendor
[0.046s] -- The C compiler identification is GNU 11.4.0
[0.083s] -- The CXX compiler identification is GNU 11.4.0
[0.088s] -- Detecting C compiler ABI info
[0.138s] -- Detecting C compiler ABI info - done
[0.143s] -- Check for working C compiler: /usr/bin/cc - skipped
[0.143s] -- Detecting C compile features
[0.144s] -- Detecting C compile features - done
[0.146s] -- Detecting CXX compiler ABI info
[0.201s] -- Detecting CXX compiler ABI info - done
[0.211s] -- Check for working CXX compiler: /usr/bin/c++ - skipped
[0.211s] -- Detecting CXX compile features
[0.212s] -- Detecting CXX compile features - done
[0.214s] -- Found ament_cmake: 1.3.14 (/opt/ros/humble/share/ament_cmake/cmake)
[0.320s] -- Found Python3: /usr/bin/python3 (found version "3.10.12") found components: Interpreter 
[0.443s] -- Configuring done
[0.446s] -- Generating done
[0.447s] -- Build files have been written to: /home/guichen/Documents/drone-radar-fusion/build/livox_sdk_vendor
[0.453s] Invoked command in '/home/guichen/Documents/drone-radar-fusion/build/livox_sdk_vendor' returned '0': CMAKE_PREFIX_PATH=/opt/ros/humble /usr/bin/cmake /home/guichen/Documents/drone-radar-fusion/src/livox_driver/livox_sdk_vendor -DCMAKE_INSTALL_PREFIX=/home/guichen/Documents/drone-radar-fusion/install/livox_sdk_vendor
[0.455s] Invoking command in '/home/guichen/Documents/drone-radar-fusion/build/livox_sdk_vendor': CMAKE_PREFIX_PATH=/opt/ros/humble /usr/bin/cmake --build /home/guichen/Documents/drone-radar-fusion/build/livox_sdk_vendor -- -j16 -l16
[0.490s] [ 12%] [34m[1mCreating directories for 'livox-sdk-master'[0m
[0.545s] [ 25%] [34m[1mPerforming download step (git clone) for 'livox-sdk-master'[0m
[0.565s] 正克隆到 'livox-sdk-master'...
[8.331s] 已经位于 'master'
[8.332s] 您的分支与上游分支 'origin/master' 一致。
[8.379s] [ 37%] [34m[1mPerforming update step for 'livox-sdk-master'[0m
[9.287s] HEAD 目前位于 1b3ef28 fix build ubuntu 22.04
[9.318s] [ 50%] [34m[1mNo patch step for 'livox-sdk-master'[0m
[9.345s] [ 62%] [34m[1mPerforming configure step for 'livox-sdk-master'[0m
[9.398s] -- The C compiler identification is GNU 11.4.0
[9.448s] -- The CXX compiler identification is GNU 11.4.0
[9.455s] -- Detecting C compiler ABI info
[9.517s] -- Detecting C compiler ABI info - done
[9.523s] -- Check for working C compiler: /usr/bin/cc - skipped
[9.523s] -- Detecting C compile features
[9.524s] -- Detecting C compile features - done
[9.526s] -- Detecting CXX compiler ABI info
[9.601s] -- Detecting CXX compiler ABI info - done
[9.609s] -- Check for working CXX compiler: /usr/bin/c++ - skipped
[9.609s] -- Detecting CXX compile features
[9.609s] -- Detecting CXX compile features - done
[9.609s] -- main project dir: /home/guichen/Documents/drone-radar-fusion/build/livox_sdk_vendor/livox-sdk-master-prefix/src/livox-sdk-master
[9.613s] -- Configuring done
[9.629s] -- Generating done
[9.630s] -- Build files have been written to: /home/guichen/Documents/drone-radar-fusion/build/livox_sdk_vendor/livox-sdk-master-prefix/src/livox-sdk-master-build
[9.649s] [ 75%] [34m[1mPerforming build step for 'livox-sdk-master'[0m
[9.692s] [  2%] [32mBuilding CXX object sdk_core/CMakeFiles/livox_sdk_static.dir/src/data_handler/hub_data_handler.cpp.o[0m
[9.694s] [  6%] [32mBuilding CXX object sdk_core/CMakeFiles/livox_sdk_static.dir/src/base/network/unix/network_util.cpp.o[0m
[9.694s] [  8%] [32mBuilding CXX object sdk_core/CMakeFiles/livox_sdk_static.dir/src/comm/comm_port.cpp.o[0m
[9.694s] [  8%] [32mBuilding CXX object sdk_core/CMakeFiles/livox_sdk_static.dir/src/device_discovery.cpp.o[0m
[9.694s] [ 10%] [32mBuilding CXX object sdk_core/CMakeFiles/livox_sdk_static.dir/src/device_manager.cpp.o[0m
[9.694s] [ 12%] [32mBuilding CXX object sdk_core/CMakeFiles/livox_sdk_static.dir/src/base/logging.cpp.o[0m
[9.694s] [ 14%] [32mBuilding CXX object sdk_core/CMakeFiles/livox_sdk_static.dir/src/base/io_thread.cpp.o[0m
[9.695s] [ 16%] [32mBuilding CXX object sdk_core/CMakeFiles/livox_sdk_static.dir/src/base/io_loop.cpp.o[0m
[9.702s] [ 18%] [32mBuilding CXX object sdk_core/CMakeFiles/livox_sdk_static.dir/src/base/thread_base.cpp.o[0m
[9.702s] [ 20%] [32mBuilding CXX object sdk_core/CMakeFiles/livox_sdk_static.dir/src/third_party/FastCRC/FastCRCsw.cpp.o[0m
[9.702s] [ 22%] [32mBuilding CXX object sdk_core/CMakeFiles/livox_sdk_static.dir/src/command_handler/command_channel.cpp.o[0m
[9.702s] [ 25%] [32mBuilding CXX object sdk_core/CMakeFiles/livox_sdk_static.dir/src/data_handler/data_handler.cpp.o[0m
[9.708s] [ 29%] [32mBuilding CXX object sdk_core/CMakeFiles/livox_sdk_static.dir/src/livox_sdk.cpp.o[0m
[9.709s] [ 31%] [32mBuilding CXX object sdk_core/CMakeFiles/livox_sdk_static.dir/src/command_handler/command_handler.cpp.o[0m
[9.710s] [ 33%] [32mBuilding CXX object sdk_core/CMakeFiles/livox_sdk_static.dir/src/data_handler/lidar_data_handler.cpp.o[0m
[9.710s] [ 33%] [32mBuilding CXX object sdk_core/CMakeFiles/livox_sdk_static.dir/src/comm/sdk_protocol.cpp.o[0m
[9.824s] [ 35%] [32mBuilding CXX object sdk_core/CMakeFiles/livox_sdk_static.dir/src/command_handler/hub_command_handler.cpp.o[0m
[9.833s] [ 37%] [32mBuilding CXX object sdk_core/CMakeFiles/livox_sdk_static.dir/src/command_handler/lidar_command_handler.cpp.o[0m
[9.978s] [ 39%] [32mBuilding CXX object sdk_core/CMakeFiles/livox_sdk_static.dir/src/command_handler/command_impl.cpp.o[0m
[10.162s] [ 41%] [32mBuilding CXX object sdk_core/CMakeFiles/livox_sdk_static.dir/src/base/multiple_io/multiple_io_base.cpp.o[0m
[10.478s] [ 43%] [32mBuilding CXX object sdk_core/CMakeFiles/livox_sdk_static.dir/src/base/multiple_io/multiple_io_epoll.cpp.o[0m
[10.603s] [ 45%] [32mBuilding CXX object sdk_core/CMakeFiles/livox_sdk_static.dir/src/base/multiple_io/multiple_io_poll.cpp.o[0m
[10.952s] [ 47%] [32mBuilding CXX object sdk_core/CMakeFiles/livox_sdk_static.dir/src/base/multiple_io/multiple_io_select.cpp.o[0m
[11.110s] [ 50%] [32mBuilding CXX object sdk_core/CMakeFiles/livox_sdk_static.dir/src/base/multiple_io/multiple_io_kqueue.cpp.o[0m
[11.129s] [ 52%] [32mBuilding CXX object sdk_core/CMakeFiles/livox_sdk_static.dir/src/base/wake_up/unix/wake_up_pipe.cpp.o[0m
[14.356s] [ 54%] [32m[1mLinking CXX static library liblivox_sdk_static.a[0m
[14.514s] [ 54%] Built target livox_sdk_static
[14.538s] [ 60%] [32mBuilding CXX object sample/lidar_lvx_file/CMakeFiles/lidar_lvx_sample.dir/main.cpp.o[0m
[14.538s] [ 60%] [32mBuilding CXX object sample/lidar_lvx_file/CMakeFiles/lidar_lvx_sample.dir/lvx_file.cpp.o[0m
[14.539s] [ 62%] [32mBuilding C object sample/hub/CMakeFiles/hub_sample.dir/main.c.o[0m
[14.539s] [ 62%] [32mBuilding CXX object sample_cc/lidar/CMakeFiles/lidar_sample_cc.dir/main.cpp.o[0m
[14.539s] [ 64%] [32mBuilding C object sample/lidar/CMakeFiles/lidar_sample.dir/main.c.o[0m
[14.539s] [ 66%] [32mBuilding CXX object sample/hub_lvx_file/CMakeFiles/hub_lvx_sample.dir/lvx_file.cpp.o[0m
[14.539s] [ 68%] [32mBuilding CXX object sample_cc/hub/CMakeFiles/hub_sample_cc.dir/lds_hub.cpp.o[0m
[14.539s] [ 70%] [32mBuilding CXX object sample_cc/lidar_utc_sync/CMakeFiles/lidar_utc_sync.dir/main.cpp.o[0m
[14.540s] [ 72%] [32mBuilding CXX object sample_cc/trouble_shooting/CMakeFiles/trouble_shooting.dir/main.cpp.o[0m
[14.541s] [ 75%] [32mBuilding CXX object sample/hub_lvx_file/CMakeFiles/hub_lvx_sample.dir/main.cpp.o[0m
[14.544s] [ 77%] [32mBuilding CXX object sample_cc/lidar/CMakeFiles/lidar_sample_cc.dir/lds_lidar.cpp.o[0m
[14.544s] [ 79%] [32mBuilding CXX object sample_cc/hub/CMakeFiles/hub_sample_cc.dir/main.cpp.o[0m
[14.544s] [ 81%] [32mBuilding CXX object sample_cc/lidar_utc_sync/CMakeFiles/lidar_utc_sync.dir/lds_lidar.cpp.o[0m
[14.561s] [ 83%] [32mBuilding CXX object sample_cc/lidar_utc_sync/CMakeFiles/lidar_utc_sync.dir/synchro.cpp.o[0m
[14.670s] [ 85%] [32m[1mLinking CXX executable hub_sample[0m
[14.679s] [ 87%] [32m[1mLinking CXX executable lidar_sample[0m
[14.997s] [ 89%] [32m[1mLinking CXX executable trouble_shooting[0m
[15.479s] [ 89%] Built target lidar_sample
[15.575s] [ 91%] [32m[1mLinking CXX executable hub_sample_cc[0m
[15.597s] [ 93%] [32m[1mLinking CXX executable lidar_sample_cc[0m
[15.655s] [ 95%] [32m[1mLinking CXX executable lidar_utc_sync[0m
[15.775s] [ 97%] [32m[1mLinking CXX executable lidar_lvx_sample[0m
[15.786s] [ 97%] Built target hub_sample
[15.786s] [ 97%] Built target trouble_shooting
[15.877s] [100%] [32m[1mLinking CXX executable hub_lvx_sample[0m
[17.086s] [100%] Built target hub_sample_cc
[17.129s] [100%] Built target lidar_sample_cc
[17.158s] [100%] Built target lidar_utc_sync
[17.263s] [100%] Built target lidar_lvx_sample
[17.344s] [100%] Built target hub_lvx_sample
[17.372s] [ 87%] [34m[1mPerforming install step for 'livox-sdk-master'[0m
[17.406s] [35m[1mConsolidate compiler generated dependencies of target livox_sdk_static[0m
[17.432s] [ 54%] Built target livox_sdk_static
[17.445s] [35m[1mConsolidate compiler generated dependencies of target lidar_sample[0m
[17.445s] [35m[1mConsolidate compiler generated dependencies of target hub_sample[0m
[17.445s] [35m[1mConsolidate compiler generated dependencies of target lidar_sample_cc[0m
[17.445s] [35m[1mConsolidate compiler generated dependencies of target hub_sample_cc[0m
[17.445s] [35m[1mConsolidate compiler generated dependencies of target lidar_lvx_sample[0m
[17.446s] [35m[1mConsolidate compiler generated dependencies of target trouble_shooting[0m
[17.446s] [35m[1mConsolidate compiler generated dependencies of target hub_lvx_sample[0m
[17.446s] [35m[1mConsolidate compiler generated dependencies of target lidar_utc_sync[0m
[17.463s] [ 72%] Built target trouble_shooting
[17.463s] [ 72%] Built target lidar_sample
[17.463s] [ 72%] Built target hub_sample
[17.463s] [ 75%] Built target lidar_sample_cc
[17.463s] [ 83%] Built target lidar_utc_sync
[17.464s] [ 89%] Built target hub_sample_cc
[17.464s] [ 93%] Built target hub_lvx_sample
[17.466s] [100%] Built target lidar_lvx_sample
[17.483s] [36mInstall the project...[0m
[17.490s] -- Install configuration: ""
[17.490s] -- Installing: /home/guichen/Documents/drone-radar-fusion/build/livox_sdk_vendor/livox-sdk_install/lib/liblivox_sdk_static.a
[17.499s] -- Installing: /home/guichen/Documents/drone-radar-fusion/build/livox_sdk_vendor/livox-sdk_install/include/livox_def.h
[17.499s] -- Installing: /home/guichen/Documents/drone-radar-fusion/build/livox_sdk_vendor/livox-sdk_install/include/livox_sdk.h
[17.517s] [100%] [34m[1mCompleted 'livox-sdk-master'[0m
[17.546s] [100%] Built target livox-sdk-master
[17.558s] Invoked command in '/home/guichen/Documents/drone-radar-fusion/build/livox_sdk_vendor' returned '0': CMAKE_PREFIX_PATH=/opt/ros/humble /usr/bin/cmake --build /home/guichen/Documents/drone-radar-fusion/build/livox_sdk_vendor -- -j16 -l16
[17.560s] Invoking command in '/home/guichen/Documents/drone-radar-fusion/build/livox_sdk_vendor': CMAKE_PREFIX_PATH=/opt/ros/humble /usr/bin/cmake --install /home/guichen/Documents/drone-radar-fusion/build/livox_sdk_vendor
[17.566s] -- Install configuration: ""
[17.566s] -- Installing: /home/guichen/Documents/drone-radar-fusion/install/livox_sdk_vendor
[17.566s] -- Installing: /home/guichen/Documents/drone-radar-fusion/install/livox_sdk_vendor/include
[17.566s] -- Installing: /home/guichen/Documents/drone-radar-fusion/install/livox_sdk_vendor/include/livox_sdk.h
[17.566s] -- Installing: /home/guichen/Documents/drone-radar-fusion/install/livox_sdk_vendor/include/livox_def.h
[17.566s] -- Installing: /home/guichen/Documents/drone-radar-fusion/install/livox_sdk_vendor/lib
[17.567s] -- Installing: /home/guichen/Documents/drone-radar-fusion/install/livox_sdk_vendor/lib/liblivox_sdk_static.a
[17.575s] -- Installing: /home/guichen/Documents/drone-radar-fusion/install/livox_sdk_vendor/share/livox_sdk_vendor/cmake
[17.576s] -- Installing: /home/guichen/Documents/drone-radar-fusion/install/livox_sdk_vendor/share/livox_sdk_vendor/cmake/Modules
[17.576s] -- Installing: /home/guichen/Documents/drone-radar-fusion/install/livox_sdk_vendor/share/livox_sdk_vendor/cmake/Modules/Findlivox_sdk.cmake
[17.576s] -- Installing: /home/guichen/Documents/drone-radar-fusion/install/livox_sdk_vendor/share/ament_index/resource_index/package_run_dependencies/livox_sdk_vendor
[17.576s] -- Installing: /home/guichen/Documents/drone-radar-fusion/install/livox_sdk_vendor/share/ament_index/resource_index/parent_prefix_path/livox_sdk_vendor
[17.576s] -- Installing: /home/guichen/Documents/drone-radar-fusion/install/livox_sdk_vendor/share/livox_sdk_vendor/environment/ament_prefix_path.sh
[17.576s] -- Installing: /home/guichen/Documents/drone-radar-fusion/install/livox_sdk_vendor/share/livox_sdk_vendor/environment/ament_prefix_path.dsv
[17.576s] -- Installing: /home/guichen/Documents/drone-radar-fusion/install/livox_sdk_vendor/share/livox_sdk_vendor/environment/path.sh
[17.576s] -- Installing: /home/guichen/Documents/drone-radar-fusion/install/livox_sdk_vendor/share/livox_sdk_vendor/environment/path.dsv
[17.576s] -- Installing: /home/guichen/Documents/drone-radar-fusion/install/livox_sdk_vendor/share/livox_sdk_vendor/local_setup.bash
[17.576s] -- Installing: /home/guichen/Documents/drone-radar-fusion/install/livox_sdk_vendor/share/livox_sdk_vendor/local_setup.sh
[17.576s] -- Installing: /home/guichen/Documents/drone-radar-fusion/install/livox_sdk_vendor/share/livox_sdk_vendor/local_setup.zsh
[17.576s] -- Installing: /home/guichen/Documents/drone-radar-fusion/install/livox_sdk_vendor/share/livox_sdk_vendor/local_setup.dsv
[17.576s] -- Installing: /home/guichen/Documents/drone-radar-fusion/install/livox_sdk_vendor/share/livox_sdk_vendor/package.dsv
[17.577s] -- Installing: /home/guichen/Documents/drone-radar-fusion/install/livox_sdk_vendor/share/ament_index/resource_index/packages/livox_sdk_vendor
[17.577s] -- Installing: /home/guichen/Documents/drone-radar-fusion/install/livox_sdk_vendor/share/livox_sdk_vendor/cmake/livox_sdk_vendor-extras.cmake
[17.577s] -- Installing: /home/guichen/Documents/drone-radar-fusion/install/livox_sdk_vendor/share/livox_sdk_vendor/cmake/livox_sdk_vendorConfig.cmake
[17.577s] -- Installing: /home/guichen/Documents/drone-radar-fusion/install/livox_sdk_vendor/share/livox_sdk_vendor/cmake/livox_sdk_vendorConfig-version.cmake
[17.577s] -- Installing: /home/guichen/Documents/drone-radar-fusion/install/livox_sdk_vendor/share/livox_sdk_vendor/package.xml
[17.579s] Invoked command in '/home/guichen/Documents/drone-radar-fusion/build/livox_sdk_vendor' returned '0': CMAKE_PREFIX_PATH=/opt/ros/humble /usr/bin/cmake --install /home/guichen/Documents/drone-radar-fusion/build/livox_sdk_vendor
