[0.008s] Invoking command in '/home/guichen/Documents/drone-radar-fusion/build/livox_interfaces': CMAKE_PREFIX_PATH=${CMAKE_PREFIX_PATH}:/opt/ros/humble /usr/bin/cmake /home/guichen/Documents/drone-radar-fusion/src/livox_driver/livox_interfaces -DAMENT_CMAKE_SYMLINK_INSTALL=1 -DCMAKE_INSTALL_PREFIX=/home/guichen/Documents/drone-radar-fusion/install/livox_interfaces
[0.054s] -- The C compiler identification is GNU 11.4.0
[0.106s] -- The CXX compiler identification is GNU 11.4.0
[0.111s] -- Detecting C compiler ABI info
[0.157s] -- Detecting C compiler ABI info - done
[0.162s] -- Check for working C compiler: /usr/bin/cc - skipped
[0.162s] -- Detecting C compile features
[0.163s] -- Detecting C compile features - done
[0.165s] -- Detecting CXX compiler ABI info
[0.218s] -- Detecting CXX compiler ABI info - done
[0.223s] -- Check for working CXX compiler: /usr/bin/c++ - skipped
[0.223s] -- Detecting CXX compile features
[0.223s] -- Detecting CXX compile features - done
[0.225s] -- Found ament_cmake: 1.3.14 (/opt/ros/humble/share/ament_cmake/cmake)
[0.336s] -- Found Python3: /usr/bin/python3 (found version "3.10.12") found components: Interpreter 
[0.381s] -- Override CMake install command with custom implementation using symlinks instead of copying resources
[0.403s] -- Found std_msgs: 4.9.1 (/opt/ros/humble/share/std_msgs/cmake)
[0.423s] -- Found rosidl_generator_c: 3.1.8 (/opt/ros/humble/share/rosidl_generator_c/cmake)
[0.425s] -- Found rosidl_adapter: 3.1.8 (/opt/ros/humble/share/rosidl_adapter/cmake)
[0.430s] -- Found rosidl_generator_cpp: 3.1.8 (/opt/ros/humble/share/rosidl_generator_cpp/cmake)
[0.437s] -- Using all available rosidl_typesupport_c: rosidl_typesupport_fastrtps_c;rosidl_typesupport_introspection_c
[0.447s] -- Using all available rosidl_typesupport_cpp: rosidl_typesupport_fastrtps_cpp;rosidl_typesupport_introspection_cpp
[0.462s] -- Found rosidl_default_generators: 1.2.1 (/opt/ros/humble/share/rosidl_default_generators/cmake)
[0.655s] -- Found ament_cmake_ros: 0.10.0 (/opt/ros/humble/share/ament_cmake_ros/cmake)
[0.887s] -- Using all available rosidl_typesupport_c: rosidl_typesupport_fastrtps_c;rosidl_typesupport_introspection_c
[0.978s] -- Using all available rosidl_typesupport_cpp: rosidl_typesupport_fastrtps_cpp;rosidl_typesupport_introspection_cpp
[0.993s] -- Found PythonInterp: /usr/bin/python3 (found suitable version "3.10.12", minimum required is "3.6") 
[0.993s] -- Found python_cmake_module: 0.10.0 (/opt/ros/humble/share/python_cmake_module/cmake)
[1.014s] -- Found PythonLibs: /usr/lib/x86_64-linux-gnu/libpython3.10.so (found suitable version "3.10.12", minimum required is "3.5") 
[1.014s] -- Using PYTHON_EXECUTABLE: /usr/bin/python3
[1.014s] -- Using PYTHON_INCLUDE_DIRS: /usr/include/python3.10
[1.014s] -- Using PYTHON_LIBRARIES: /usr/lib/x86_64-linux-gnu/libpython3.10.so
[1.028s] -- Found PythonExtra: .so  
[1.116s] -- Found ament_lint_auto: 0.12.15 (/opt/ros/humble/share/ament_lint_auto/cmake)
[1.128s] -- Added test 'copyright' to check source files copyright and LICENSE
[1.129s] -- Added test 'lint_cmake' to check CMake code style
[1.129s] -- Added test 'xmllint' to check XML markup files
[1.132s] -- Configuring done
[1.152s] -- Generating done
[1.159s] -- Build files have been written to: /home/guichen/Documents/drone-radar-fusion/build/livox_interfaces
[1.167s] Invoked command in '/home/guichen/Documents/drone-radar-fusion/build/livox_interfaces' returned '0': CMAKE_PREFIX_PATH=${CMAKE_PREFIX_PATH}:/opt/ros/humble /usr/bin/cmake /home/guichen/Documents/drone-radar-fusion/src/livox_driver/livox_interfaces -DAMENT_CMAKE_SYMLINK_INSTALL=1 -DCMAKE_INSTALL_PREFIX=/home/guichen/Documents/drone-radar-fusion/install/livox_interfaces
[1.167s] Invoking command in '/home/guichen/Documents/drone-radar-fusion/build/livox_interfaces': CMAKE_PREFIX_PATH=${CMAKE_PREFIX_PATH}:/opt/ros/humble /usr/bin/cmake --build /home/guichen/Documents/drone-radar-fusion/build/livox_interfaces -- -j16 -l16
[1.192s] [  2%] [34m[1mGenerating C code for ROS interfaces[0m
[1.198s] [  5%] [34m[1mGenerating Rust code for ROS interfaces[0m
[1.198s] [  7%] [34m[1mGenerating C++ code for ROS interfaces[0m
[1.204s] [  7%] Built target ament_cmake_python_symlink_livox_interfaces
[1.369s] running egg_info
[1.369s] creating livox_interfaces.egg-info
[1.369s] writing livox_interfaces.egg-info/PKG-INFO
[1.369s] writing dependency_links to livox_interfaces.egg-info/dependency_links.txt
[1.369s] writing top-level names to livox_interfaces.egg-info/top_level.txt
[1.370s] writing manifest file 'livox_interfaces.egg-info/SOURCES.txt'
[1.371s] reading manifest file 'livox_interfaces.egg-info/SOURCES.txt'
[1.371s] writing manifest file 'livox_interfaces.egg-info/SOURCES.txt'
[1.392s] [  7%] Built target ament_cmake_python_build_livox_interfaces_egg
[1.466s] [  7%] Built target livox_interfaces__rs
[1.502s] [  7%] Built target livox_interfaces__cpp
[1.503s] [ 10%] [32mBuilding C object CMakeFiles/livox_interfaces__rosidl_generator_c.dir/rosidl_generator_c/livox_interfaces/msg/detail/custom_point__functions.c.o[0m
[1.503s] [ 12%] [32mBuilding C object CMakeFiles/livox_interfaces__rosidl_generator_c.dir/rosidl_generator_c/livox_interfaces/msg/detail/custom_msg__functions.c.o[0m
[1.509s] [ 20%] [34m[1mGenerating C++ introspection for ROS interfaces[0m
[1.509s] [ 20%] [34m[1mGenerating C++ type support dispatch for ROS interfaces[0m
[1.509s] [ 20%] [34m[1mGenerating C++ type support for eProsima Fast-RTPS[0m
[1.544s] [ 22%] [32m[1mLinking C shared library liblivox_interfaces__rosidl_generator_c.so[0m
[1.570s] [ 22%] Built target livox_interfaces__rosidl_generator_c
[1.577s] [ 30%] [34m[1mGenerating C type support dispatch for ROS interfaces[0m
[1.577s] [ 30%] [34m[1mGenerating C type support for eProsima Fast-RTPS[0m
[1.577s] [ 30%] [34m[1mGenerating C introspection for ROS interfaces[0m
[1.798s] [ 32%] [32mBuilding CXX object CMakeFiles/livox_interfaces__rosidl_typesupport_cpp.dir/rosidl_typesupport_cpp/livox_interfaces/msg/custom_point__type_support.cpp.o[0m
[1.800s] [ 35%] [32mBuilding CXX object CMakeFiles/livox_interfaces__rosidl_typesupport_cpp.dir/rosidl_typesupport_cpp/livox_interfaces/msg/custom_msg__type_support.cpp.o[0m
[1.841s] [ 40%] [32mBuilding CXX object CMakeFiles/livox_interfaces__rosidl_typesupport_fastrtps_cpp.dir/rosidl_typesupport_fastrtps_cpp/livox_interfaces/msg/detail/dds_fastrtps/custom_msg__type_support.cpp.o[0m
[1.841s] [ 40%] [32mBuilding CXX object CMakeFiles/livox_interfaces__rosidl_typesupport_fastrtps_cpp.dir/rosidl_typesupport_fastrtps_cpp/livox_interfaces/msg/detail/dds_fastrtps/custom_point__type_support.cpp.o[0m
[1.884s] [ 42%] [32mBuilding CXX object CMakeFiles/livox_interfaces__rosidl_typesupport_introspection_cpp.dir/rosidl_typesupport_introspection_cpp/livox_interfaces/msg/detail/custom_msg__type_support.cpp.o[0m
[1.884s] [ 45%] [32mBuilding CXX object CMakeFiles/livox_interfaces__rosidl_typesupport_introspection_cpp.dir/rosidl_typesupport_introspection_cpp/livox_interfaces/msg/detail/custom_point__type_support.cpp.o[0m
[1.958s] [ 47%] [32mBuilding CXX object CMakeFiles/livox_interfaces__rosidl_typesupport_fastrtps_c.dir/rosidl_typesupport_fastrtps_c/livox_interfaces/msg/detail/custom_msg__type_support_c.cpp.o[0m
[1.959s] [ 50%] [32mBuilding CXX object CMakeFiles/livox_interfaces__rosidl_typesupport_fastrtps_c.dir/rosidl_typesupport_fastrtps_c/livox_interfaces/msg/detail/custom_point__type_support_c.cpp.o[0m
[2.045s] [ 52%] [32mBuilding CXX object CMakeFiles/livox_interfaces__rosidl_typesupport_c.dir/rosidl_typesupport_c/livox_interfaces/msg/custom_msg__type_support.cpp.o[0m
[2.050s] [ 55%] [32mBuilding CXX object CMakeFiles/livox_interfaces__rosidl_typesupport_c.dir/rosidl_typesupport_c/livox_interfaces/msg/custom_point__type_support.cpp.o[0m
[2.088s] [ 57%] [32mBuilding C object CMakeFiles/livox_interfaces__rosidl_typesupport_introspection_c.dir/rosidl_typesupport_introspection_c/livox_interfaces/msg/detail/custom_point__type_support.c.o[0m
[2.091s] [ 60%] [32mBuilding C object CMakeFiles/livox_interfaces__rosidl_typesupport_introspection_c.dir/rosidl_typesupport_introspection_c/livox_interfaces/msg/detail/custom_msg__type_support.c.o[0m
[2.096s] [ 62%] [32m[1mLinking CXX shared library liblivox_interfaces__rosidl_typesupport_c.so[0m
[2.114s] [ 65%] [32m[1mLinking CXX shared library liblivox_interfaces__rosidl_typesupport_cpp.so[0m
[2.137s] [ 67%] [32m[1mLinking C shared library liblivox_interfaces__rosidl_typesupport_introspection_c.so[0m
[2.153s] [ 67%] Built target livox_interfaces__rosidl_typesupport_c
[2.169s] [ 67%] Built target livox_interfaces__rosidl_typesupport_cpp
[2.173s] [ 67%] Built target livox_interfaces__rosidl_typesupport_introspection_c
[2.309s] [ 70%] [32m[1mLinking CXX shared library liblivox_interfaces__rosidl_typesupport_fastrtps_c.so[0m
[2.309s] [ 72%] [32m[1mLinking CXX shared library liblivox_interfaces__rosidl_typesupport_introspection_cpp.so[0m
[2.316s] [ 75%] [32m[1mLinking CXX shared library liblivox_interfaces__rosidl_typesupport_fastrtps_cpp.so[0m
[2.425s] [ 75%] Built target livox_interfaces__rosidl_typesupport_fastrtps_c
[2.426s] [ 75%] Built target livox_interfaces__rosidl_typesupport_introspection_cpp
[2.462s] [ 75%] Built target livox_interfaces__rosidl_typesupport_fastrtps_cpp
[2.495s] [ 75%] Built target livox_interfaces
[2.511s] [ 77%] [34m[1mGenerating Python code for ROS interfaces[0m
[3.031s] [ 77%] Built target livox_interfaces__py
[3.043s] [ 80%] [32mBuilding C object CMakeFiles/livox_interfaces__rosidl_generator_py.dir/rosidl_generator_py/livox_interfaces/msg/_custom_point_s.c.o[0m
[3.044s] [ 82%] [32mBuilding C object CMakeFiles/livox_interfaces__rosidl_generator_py.dir/rosidl_generator_py/livox_interfaces/msg/_custom_msg_s.c.o[0m
[3.126s] [ 85%] [32m[1mLinking C shared library rosidl_generator_py/livox_interfaces/liblivox_interfaces__rosidl_generator_py.so[0m
[3.153s] [ 85%] Built target livox_interfaces__rosidl_generator_py
[3.166s] [ 90%] [32mBuilding C object CMakeFiles/livox_interfaces__rosidl_typesupport_introspection_c__pyext.dir/rosidl_generator_py/livox_interfaces/_livox_interfaces_s.ep.rosidl_typesupport_introspection_c.c.o[0m
[3.166s] [ 92%] [32mBuilding C object CMakeFiles/livox_interfaces__rosidl_typesupport_c__pyext.dir/rosidl_generator_py/livox_interfaces/_livox_interfaces_s.ep.rosidl_typesupport_c.c.o[0m
[3.166s] [ 92%] [32mBuilding C object CMakeFiles/livox_interfaces__rosidl_typesupport_fastrtps_c__pyext.dir/rosidl_generator_py/livox_interfaces/_livox_interfaces_s.ep.rosidl_typesupport_fastrtps_c.c.o[0m
[3.231s] [100%] [32m[1mLinking C shared library rosidl_generator_py/livox_interfaces/livox_interfaces_s__rosidl_typesupport_fastrtps_c.cpython-310-x86_64-linux-gnu.so[0m
[3.231s] [100%] [32m[1mLinking C shared library rosidl_generator_py/livox_interfaces/livox_interfaces_s__rosidl_typesupport_c.cpython-310-x86_64-linux-gnu.so[0m
[3.231s] [100%] [32m[1mLinking C shared library rosidl_generator_py/livox_interfaces/livox_interfaces_s__rosidl_typesupport_introspection_c.cpython-310-x86_64-linux-gnu.so[0m
[3.256s] [100%] Built target livox_interfaces__rosidl_typesupport_c__pyext
[3.256s] [100%] Built target livox_interfaces__rosidl_typesupport_introspection_c__pyext
[3.256s] [100%] Built target livox_interfaces__rosidl_typesupport_fastrtps_c__pyext
[3.264s] Invoked command in '/home/guichen/Documents/drone-radar-fusion/build/livox_interfaces' returned '0': CMAKE_PREFIX_PATH=${CMAKE_PREFIX_PATH}:/opt/ros/humble /usr/bin/cmake --build /home/guichen/Documents/drone-radar-fusion/build/livox_interfaces -- -j16 -l16
[3.270s] Invoking command in '/home/guichen/Documents/drone-radar-fusion/build/livox_interfaces': CMAKE_PREFIX_PATH=${CMAKE_PREFIX_PATH}:/opt/ros/humble /usr/bin/cmake --install /home/guichen/Documents/drone-radar-fusion/build/livox_interfaces
[3.274s] -- Install configuration: ""
[3.274s] -- Execute custom install script
[3.275s] -- Symlinking: /home/guichen/Documents/drone-radar-fusion/install/livox_interfaces/share/ament_index/resource_index/rosidl_interfaces/livox_interfaces
[3.280s] -- Symlinking: /home/guichen/Documents/drone-radar-fusion/install/livox_interfaces/include/livox_interfaces/livox_interfaces/msg/custom_msg.h
[3.285s] -- Symlinking: /home/guichen/Documents/drone-radar-fusion/install/livox_interfaces/include/livox_interfaces/livox_interfaces/msg/custom_point.h
[3.289s] -- Symlinking: /home/guichen/Documents/drone-radar-fusion/install/livox_interfaces/include/livox_interfaces/livox_interfaces/msg/detail/custom_msg__functions.h
[3.294s] -- Symlinking: /home/guichen/Documents/drone-radar-fusion/install/livox_interfaces/include/livox_interfaces/livox_interfaces/msg/detail/custom_msg__struct.h
[3.299s] -- Symlinking: /home/guichen/Documents/drone-radar-fusion/install/livox_interfaces/include/livox_interfaces/livox_interfaces/msg/detail/custom_msg__type_support.h
[3.304s] -- Symlinking: /home/guichen/Documents/drone-radar-fusion/install/livox_interfaces/include/livox_interfaces/livox_interfaces/msg/detail/custom_point__functions.h
[3.309s] -- Symlinking: /home/guichen/Documents/drone-radar-fusion/install/livox_interfaces/include/livox_interfaces/livox_interfaces/msg/detail/custom_point__struct.h
[3.315s] -- Symlinking: /home/guichen/Documents/drone-radar-fusion/install/livox_interfaces/include/livox_interfaces/livox_interfaces/msg/detail/custom_point__type_support.h
[3.320s] -- Symlinking: /home/guichen/Documents/drone-radar-fusion/install/livox_interfaces/include/livox_interfaces/livox_interfaces/msg/rosidl_generator_c__visibility_control.h
[3.325s] -- Symlinking: /home/guichen/Documents/drone-radar-fusion/install/livox_interfaces/share/livox_interfaces/environment/library_path.sh
[3.330s] -- Symlinking: /home/guichen/Documents/drone-radar-fusion/install/livox_interfaces/share/livox_interfaces/environment/library_path.dsv
[3.336s] -- Symlinking: /home/guichen/Documents/drone-radar-fusion/install/livox_interfaces/include/livox_interfaces/livox_interfaces/msg/detail/custom_msg__rosidl_typesupport_fastrtps_c.h
[3.341s] -- Symlinking: /home/guichen/Documents/drone-radar-fusion/install/livox_interfaces/include/livox_interfaces/livox_interfaces/msg/detail/custom_point__rosidl_typesupport_fastrtps_c.h
[3.346s] -- Symlinking: /home/guichen/Documents/drone-radar-fusion/install/livox_interfaces/include/livox_interfaces/livox_interfaces/msg/rosidl_typesupport_fastrtps_c__visibility_control.h
[3.351s] -- Symlinking: /home/guichen/Documents/drone-radar-fusion/install/livox_interfaces/include/livox_interfaces/livox_interfaces/msg/custom_msg.hpp
[3.356s] -- Symlinking: /home/guichen/Documents/drone-radar-fusion/install/livox_interfaces/include/livox_interfaces/livox_interfaces/msg/custom_point.hpp
[3.360s] -- Symlinking: /home/guichen/Documents/drone-radar-fusion/install/livox_interfaces/include/livox_interfaces/livox_interfaces/msg/detail/custom_msg__builder.hpp
[3.365s] -- Symlinking: /home/guichen/Documents/drone-radar-fusion/install/livox_interfaces/include/livox_interfaces/livox_interfaces/msg/detail/custom_msg__struct.hpp
[3.370s] -- Symlinking: /home/guichen/Documents/drone-radar-fusion/install/livox_interfaces/include/livox_interfaces/livox_interfaces/msg/detail/custom_msg__traits.hpp
[3.374s] -- Symlinking: /home/guichen/Documents/drone-radar-fusion/install/livox_interfaces/include/livox_interfaces/livox_interfaces/msg/detail/custom_msg__type_support.hpp
[3.379s] -- Symlinking: /home/guichen/Documents/drone-radar-fusion/install/livox_interfaces/include/livox_interfaces/livox_interfaces/msg/detail/custom_point__builder.hpp
[3.383s] -- Symlinking: /home/guichen/Documents/drone-radar-fusion/install/livox_interfaces/include/livox_interfaces/livox_interfaces/msg/detail/custom_point__struct.hpp
[3.388s] -- Symlinking: /home/guichen/Documents/drone-radar-fusion/install/livox_interfaces/include/livox_interfaces/livox_interfaces/msg/detail/custom_point__traits.hpp
[3.393s] -- Symlinking: /home/guichen/Documents/drone-radar-fusion/install/livox_interfaces/include/livox_interfaces/livox_interfaces/msg/detail/custom_point__type_support.hpp
[3.397s] -- Symlinking: /home/guichen/Documents/drone-radar-fusion/install/livox_interfaces/include/livox_interfaces/livox_interfaces/msg/rosidl_generator_cpp__visibility_control.hpp
[3.402s] -- Symlinking: /home/guichen/Documents/drone-radar-fusion/install/livox_interfaces/include/livox_interfaces/livox_interfaces/msg/detail/custom_msg__rosidl_typesupport_fastrtps_cpp.hpp
[3.407s] -- Symlinking: /home/guichen/Documents/drone-radar-fusion/install/livox_interfaces/include/livox_interfaces/livox_interfaces/msg/detail/custom_point__rosidl_typesupport_fastrtps_cpp.hpp
[3.413s] -- Symlinking: /home/guichen/Documents/drone-radar-fusion/install/livox_interfaces/include/livox_interfaces/livox_interfaces/msg/rosidl_typesupport_fastrtps_cpp__visibility_control.h
[3.419s] -- Symlinking: /home/guichen/Documents/drone-radar-fusion/install/livox_interfaces/include/livox_interfaces/livox_interfaces/msg/detail/custom_msg__rosidl_typesupport_introspection_c.h
[3.425s] -- Symlinking: /home/guichen/Documents/drone-radar-fusion/install/livox_interfaces/include/livox_interfaces/livox_interfaces/msg/detail/custom_point__rosidl_typesupport_introspection_c.h
[3.430s] -- Symlinking: /home/guichen/Documents/drone-radar-fusion/install/livox_interfaces/include/livox_interfaces/livox_interfaces/msg/rosidl_typesupport_introspection_c__visibility_control.h
[3.435s] -- Symlinking: /home/guichen/Documents/drone-radar-fusion/install/livox_interfaces/include/livox_interfaces/livox_interfaces/msg/detail/custom_msg__rosidl_typesupport_introspection_cpp.hpp
[3.440s] -- Symlinking: /home/guichen/Documents/drone-radar-fusion/install/livox_interfaces/include/livox_interfaces/livox_interfaces/msg/detail/custom_point__rosidl_typesupport_introspection_cpp.hpp
[3.445s] -- Symlinking: /home/guichen/Documents/drone-radar-fusion/install/livox_interfaces/share/livox_interfaces/environment/pythonpath.sh
[3.450s] -- Symlinking: /home/guichen/Documents/drone-radar-fusion/install/livox_interfaces/share/livox_interfaces/environment/pythonpath.dsv
[3.455s] -- Symlinking: /home/guichen/Documents/drone-radar-fusion/install/livox_interfaces/local/lib/python3.10/dist-packages/livox_interfaces-0.0.1-py3.10.egg-info/PKG-INFO
[3.460s] -- Symlinking: /home/guichen/Documents/drone-radar-fusion/install/livox_interfaces/local/lib/python3.10/dist-packages/livox_interfaces-0.0.1-py3.10.egg-info/SOURCES.txt
[3.465s] -- Symlinking: /home/guichen/Documents/drone-radar-fusion/install/livox_interfaces/local/lib/python3.10/dist-packages/livox_interfaces-0.0.1-py3.10.egg-info/dependency_links.txt
[3.469s] -- Symlinking: /home/guichen/Documents/drone-radar-fusion/install/livox_interfaces/local/lib/python3.10/dist-packages/livox_interfaces-0.0.1-py3.10.egg-info/top_level.txt
[3.475s] -- Symlinking: /home/guichen/Documents/drone-radar-fusion/install/livox_interfaces/local/lib/python3.10/dist-packages/livox_interfaces/__init__.py
[3.479s] -- Symlinking: /home/guichen/Documents/drone-radar-fusion/install/livox_interfaces/local/lib/python3.10/dist-packages/livox_interfaces/_livox_interfaces_s.ep.rosidl_typesupport_c.c
[3.484s] -- Symlinking: /home/guichen/Documents/drone-radar-fusion/install/livox_interfaces/local/lib/python3.10/dist-packages/livox_interfaces/_livox_interfaces_s.ep.rosidl_typesupport_fastrtps_c.c
[3.489s] -- Symlinking: /home/guichen/Documents/drone-radar-fusion/install/livox_interfaces/local/lib/python3.10/dist-packages/livox_interfaces/_livox_interfaces_s.ep.rosidl_typesupport_introspection_c.c
[3.494s] -- Symlinking: /home/guichen/Documents/drone-radar-fusion/install/livox_interfaces/local/lib/python3.10/dist-packages/livox_interfaces/liblivox_interfaces__rosidl_generator_py.so
[3.499s] -- Symlinking: /home/guichen/Documents/drone-radar-fusion/install/livox_interfaces/local/lib/python3.10/dist-packages/livox_interfaces/livox_interfaces_s__rosidl_typesupport_c.cpython-310-x86_64-linux-gnu.so
[3.504s] -- Symlinking: /home/guichen/Documents/drone-radar-fusion/install/livox_interfaces/local/lib/python3.10/dist-packages/livox_interfaces/livox_interfaces_s__rosidl_typesupport_fastrtps_c.cpython-310-x86_64-linux-gnu.so
[3.510s] -- Symlinking: /home/guichen/Documents/drone-radar-fusion/install/livox_interfaces/local/lib/python3.10/dist-packages/livox_interfaces/livox_interfaces_s__rosidl_typesupport_introspection_c.cpython-310-x86_64-linux-gnu.so
[3.516s] -- Symlinking: /home/guichen/Documents/drone-radar-fusion/install/livox_interfaces/local/lib/python3.10/dist-packages/livox_interfaces/msg/__init__.py
[3.523s] -- Symlinking: /home/guichen/Documents/drone-radar-fusion/install/livox_interfaces/local/lib/python3.10/dist-packages/livox_interfaces/msg/_custom_msg.py
[3.528s] -- Symlinking: /home/guichen/Documents/drone-radar-fusion/install/livox_interfaces/local/lib/python3.10/dist-packages/livox_interfaces/msg/_custom_msg_s.c
[3.533s] -- Symlinking: /home/guichen/Documents/drone-radar-fusion/install/livox_interfaces/local/lib/python3.10/dist-packages/livox_interfaces/msg/_custom_point.py
[3.538s] -- Symlinking: /home/guichen/Documents/drone-radar-fusion/install/livox_interfaces/local/lib/python3.10/dist-packages/livox_interfaces/msg/_custom_point_s.c
[3.543s] -- Up-to-date symlink: /home/guichen/Documents/drone-radar-fusion/install/livox_interfaces/local/lib/python3.10/dist-packages/livox_interfaces/livox_interfaces_s__rosidl_typesupport_fastrtps_c.cpython-310-x86_64-linux-gnu.so
[3.543s] -- Up-to-date symlink: /home/guichen/Documents/drone-radar-fusion/install/livox_interfaces/local/lib/python3.10/dist-packages/livox_interfaces/livox_interfaces_s__rosidl_typesupport_introspection_c.cpython-310-x86_64-linux-gnu.so
[3.544s] -- Up-to-date symlink: /home/guichen/Documents/drone-radar-fusion/install/livox_interfaces/local/lib/python3.10/dist-packages/livox_interfaces/livox_interfaces_s__rosidl_typesupport_c.cpython-310-x86_64-linux-gnu.so
[3.544s] -- Symlinking: /home/guichen/Documents/drone-radar-fusion/install/livox_interfaces/share/ament_index/resource_index/rust_packages/livox_interfaces
[3.550s] -- Symlinking: /home/guichen/Documents/drone-radar-fusion/install/livox_interfaces/share/livox_interfaces/rust/Cargo.toml
[3.555s] -- Symlinking: /home/guichen/Documents/drone-radar-fusion/install/livox_interfaces/share/livox_interfaces/rust/build.rs
[3.560s] -- Symlinking: /home/guichen/Documents/drone-radar-fusion/install/livox_interfaces/share/livox_interfaces/rust/src/lib.rs
[3.566s] -- Symlinking: /home/guichen/Documents/drone-radar-fusion/install/livox_interfaces/share/livox_interfaces/rust/src/msg.rs
[3.571s] -- Symlinking: /home/guichen/Documents/drone-radar-fusion/install/livox_interfaces/share/livox_interfaces/rust/src/msg/rmw.rs
[3.577s] -- Symlinking: /home/guichen/Documents/drone-radar-fusion/install/livox_interfaces/share/livox_interfaces/msg/CustomPoint.idl
[3.582s] -- Symlinking: /home/guichen/Documents/drone-radar-fusion/install/livox_interfaces/share/livox_interfaces/msg/CustomMsg.idl
[3.587s] -- Symlinking: /home/guichen/Documents/drone-radar-fusion/install/livox_interfaces/share/livox_interfaces/msg/CustomPoint.msg
[3.592s] -- Symlinking: /home/guichen/Documents/drone-radar-fusion/install/livox_interfaces/share/livox_interfaces/msg/CustomMsg.msg
[3.598s] -- Symlinking: /home/guichen/Documents/drone-radar-fusion/install/livox_interfaces/share/ament_index/resource_index/package_run_dependencies/livox_interfaces
[3.604s] -- Symlinking: /home/guichen/Documents/drone-radar-fusion/install/livox_interfaces/share/ament_index/resource_index/parent_prefix_path/livox_interfaces
[3.609s] -- Symlinking: /home/guichen/Documents/drone-radar-fusion/install/livox_interfaces/share/livox_interfaces/environment/ament_prefix_path.sh
[3.615s] -- Symlinking: /home/guichen/Documents/drone-radar-fusion/install/livox_interfaces/share/livox_interfaces/environment/ament_prefix_path.dsv
[3.621s] -- Symlinking: /home/guichen/Documents/drone-radar-fusion/install/livox_interfaces/share/livox_interfaces/environment/path.sh
[3.626s] -- Symlinking: /home/guichen/Documents/drone-radar-fusion/install/livox_interfaces/share/livox_interfaces/environment/path.dsv
[3.631s] -- Symlinking: /home/guichen/Documents/drone-radar-fusion/install/livox_interfaces/share/livox_interfaces/local_setup.bash
[3.637s] -- Symlinking: /home/guichen/Documents/drone-radar-fusion/install/livox_interfaces/share/livox_interfaces/local_setup.sh
[3.642s] -- Symlinking: /home/guichen/Documents/drone-radar-fusion/install/livox_interfaces/share/livox_interfaces/local_setup.zsh
[3.648s] -- Symlinking: /home/guichen/Documents/drone-radar-fusion/install/livox_interfaces/share/livox_interfaces/local_setup.dsv
[3.653s] -- Symlinking: /home/guichen/Documents/drone-radar-fusion/install/livox_interfaces/share/livox_interfaces/package.dsv
[3.658s] -- Symlinking: /home/guichen/Documents/drone-radar-fusion/install/livox_interfaces/share/ament_index/resource_index/packages/livox_interfaces
[3.663s] -- Symlinking: /home/guichen/Documents/drone-radar-fusion/install/livox_interfaces/share/livox_interfaces/cmake/rosidl_cmake-extras.cmake
[3.668s] -- Symlinking: /home/guichen/Documents/drone-radar-fusion/install/livox_interfaces/share/livox_interfaces/cmake/ament_cmake_export_dependencies-extras.cmake
[3.673s] -- Symlinking: /home/guichen/Documents/drone-radar-fusion/install/livox_interfaces/share/livox_interfaces/cmake/ament_cmake_export_include_directories-extras.cmake
[3.678s] -- Symlinking: /home/guichen/Documents/drone-radar-fusion/install/livox_interfaces/share/livox_interfaces/cmake/ament_cmake_export_libraries-extras.cmake
[3.683s] -- Symlinking: /home/guichen/Documents/drone-radar-fusion/install/livox_interfaces/share/livox_interfaces/cmake/ament_cmake_export_targets-extras.cmake
[3.688s] -- Symlinking: /home/guichen/Documents/drone-radar-fusion/install/livox_interfaces/share/livox_interfaces/cmake/rosidl_cmake_export_typesupport_targets-extras.cmake
[3.693s] -- Symlinking: /home/guichen/Documents/drone-radar-fusion/install/livox_interfaces/share/livox_interfaces/cmake/rosidl_cmake_export_typesupport_libraries-extras.cmake
[3.698s] -- Symlinking: /home/guichen/Documents/drone-radar-fusion/install/livox_interfaces/share/livox_interfaces/cmake/livox_interfacesConfig.cmake
[3.703s] -- Symlinking: /home/guichen/Documents/drone-radar-fusion/install/livox_interfaces/share/livox_interfaces/cmake/livox_interfacesConfig-version.cmake
[3.709s] -- Symlinking: /home/guichen/Documents/drone-radar-fusion/install/livox_interfaces/share/livox_interfaces/package.xml
[3.716s] -- Installing: /home/guichen/Documents/drone-radar-fusion/install/livox_interfaces/lib/liblivox_interfaces__rosidl_generator_c.so
[3.716s] -- Set runtime path of "/home/guichen/Documents/drone-radar-fusion/install/livox_interfaces/lib/liblivox_interfaces__rosidl_generator_c.so" to ""
[3.716s] -- Installing: /home/guichen/Documents/drone-radar-fusion/install/livox_interfaces/lib/liblivox_interfaces__rosidl_typesupport_fastrtps_c.so
[3.716s] -- Set runtime path of "/home/guichen/Documents/drone-radar-fusion/install/livox_interfaces/lib/liblivox_interfaces__rosidl_typesupport_fastrtps_c.so" to ""
[3.716s] -- Installing: /home/guichen/Documents/drone-radar-fusion/install/livox_interfaces/lib/liblivox_interfaces__rosidl_typesupport_fastrtps_cpp.so
[3.716s] -- Set runtime path of "/home/guichen/Documents/drone-radar-fusion/install/livox_interfaces/lib/liblivox_interfaces__rosidl_typesupport_fastrtps_cpp.so" to ""
[3.716s] -- Installing: /home/guichen/Documents/drone-radar-fusion/install/livox_interfaces/lib/liblivox_interfaces__rosidl_typesupport_introspection_c.so
[3.717s] -- Set runtime path of "/home/guichen/Documents/drone-radar-fusion/install/livox_interfaces/lib/liblivox_interfaces__rosidl_typesupport_introspection_c.so" to ""
[3.717s] -- Installing: /home/guichen/Documents/drone-radar-fusion/install/livox_interfaces/lib/liblivox_interfaces__rosidl_typesupport_c.so
[3.717s] -- Set runtime path of "/home/guichen/Documents/drone-radar-fusion/install/livox_interfaces/lib/liblivox_interfaces__rosidl_typesupport_c.so" to ""
[3.717s] -- Installing: /home/guichen/Documents/drone-radar-fusion/install/livox_interfaces/lib/liblivox_interfaces__rosidl_typesupport_introspection_cpp.so
[3.717s] -- Set runtime path of "/home/guichen/Documents/drone-radar-fusion/install/livox_interfaces/lib/liblivox_interfaces__rosidl_typesupport_introspection_cpp.so" to ""
[3.717s] -- Installing: /home/guichen/Documents/drone-radar-fusion/install/livox_interfaces/lib/liblivox_interfaces__rosidl_typesupport_cpp.so
[3.718s] -- Set runtime path of "/home/guichen/Documents/drone-radar-fusion/install/livox_interfaces/lib/liblivox_interfaces__rosidl_typesupport_cpp.so" to ""
[3.743s] Listing '/home/guichen/Documents/drone-radar-fusion/install/livox_interfaces/local/lib/python3.10/dist-packages/livox_interfaces'...
[3.743s] Compiling '/home/guichen/Documents/drone-radar-fusion/install/livox_interfaces/local/lib/python3.10/dist-packages/livox_interfaces/__init__.py'...
[3.743s] Listing '/home/guichen/Documents/drone-radar-fusion/install/livox_interfaces/local/lib/python3.10/dist-packages/livox_interfaces/msg'...
[3.743s] Compiling '/home/guichen/Documents/drone-radar-fusion/install/livox_interfaces/local/lib/python3.10/dist-packages/livox_interfaces/msg/__init__.py'...
[3.743s] Compiling '/home/guichen/Documents/drone-radar-fusion/install/livox_interfaces/local/lib/python3.10/dist-packages/livox_interfaces/msg/_custom_msg.py'...
[3.743s] Compiling '/home/guichen/Documents/drone-radar-fusion/install/livox_interfaces/local/lib/python3.10/dist-packages/livox_interfaces/msg/_custom_point.py'...
[3.746s] -- Installing: /home/guichen/Documents/drone-radar-fusion/install/livox_interfaces/lib/liblivox_interfaces__rosidl_generator_py.so
[3.746s] -- Set runtime path of "/home/guichen/Documents/drone-radar-fusion/install/livox_interfaces/lib/liblivox_interfaces__rosidl_generator_py.so" to ""
[3.746s] -- Installing: /home/guichen/Documents/drone-radar-fusion/install/livox_interfaces/share/livox_interfaces/cmake/export_livox_interfaces__rosidl_generator_cExport.cmake
[3.747s] -- Installing: /home/guichen/Documents/drone-radar-fusion/install/livox_interfaces/share/livox_interfaces/cmake/export_livox_interfaces__rosidl_generator_cExport-noconfig.cmake
[3.747s] -- Installing: /home/guichen/Documents/drone-radar-fusion/install/livox_interfaces/share/livox_interfaces/cmake/export_livox_interfaces__rosidl_typesupport_fastrtps_cExport.cmake
[3.747s] -- Installing: /home/guichen/Documents/drone-radar-fusion/install/livox_interfaces/share/livox_interfaces/cmake/export_livox_interfaces__rosidl_typesupport_fastrtps_cExport-noconfig.cmake
[3.747s] -- Installing: /home/guichen/Documents/drone-radar-fusion/install/livox_interfaces/share/livox_interfaces/cmake/export_livox_interfaces__rosidl_generator_cppExport.cmake
[3.747s] -- Installing: /home/guichen/Documents/drone-radar-fusion/install/livox_interfaces/share/livox_interfaces/cmake/export_livox_interfaces__rosidl_typesupport_fastrtps_cppExport.cmake
[3.747s] -- Installing: /home/guichen/Documents/drone-radar-fusion/install/livox_interfaces/share/livox_interfaces/cmake/export_livox_interfaces__rosidl_typesupport_fastrtps_cppExport-noconfig.cmake
[3.747s] -- Installing: /home/guichen/Documents/drone-radar-fusion/install/livox_interfaces/share/livox_interfaces/cmake/livox_interfaces__rosidl_typesupport_introspection_cExport.cmake
[3.747s] -- Installing: /home/guichen/Documents/drone-radar-fusion/install/livox_interfaces/share/livox_interfaces/cmake/livox_interfaces__rosidl_typesupport_introspection_cExport-noconfig.cmake
[3.747s] -- Installing: /home/guichen/Documents/drone-radar-fusion/install/livox_interfaces/share/livox_interfaces/cmake/livox_interfaces__rosidl_typesupport_cExport.cmake
[3.747s] -- Installing: /home/guichen/Documents/drone-radar-fusion/install/livox_interfaces/share/livox_interfaces/cmake/livox_interfaces__rosidl_typesupport_cExport-noconfig.cmake
[3.747s] -- Installing: /home/guichen/Documents/drone-radar-fusion/install/livox_interfaces/share/livox_interfaces/cmake/livox_interfaces__rosidl_typesupport_introspection_cppExport.cmake
[3.747s] -- Installing: /home/guichen/Documents/drone-radar-fusion/install/livox_interfaces/share/livox_interfaces/cmake/livox_interfaces__rosidl_typesupport_introspection_cppExport-noconfig.cmake
[3.747s] -- Installing: /home/guichen/Documents/drone-radar-fusion/install/livox_interfaces/share/livox_interfaces/cmake/livox_interfaces__rosidl_typesupport_cppExport.cmake
[3.748s] -- Installing: /home/guichen/Documents/drone-radar-fusion/install/livox_interfaces/share/livox_interfaces/cmake/livox_interfaces__rosidl_typesupport_cppExport-noconfig.cmake
[3.748s] -- Installing: /home/guichen/Documents/drone-radar-fusion/install/livox_interfaces/share/livox_interfaces/cmake/export_livox_interfaces__rosidl_generator_pyExport.cmake
[3.748s] -- Installing: /home/guichen/Documents/drone-radar-fusion/install/livox_interfaces/share/livox_interfaces/cmake/export_livox_interfaces__rosidl_generator_pyExport-noconfig.cmake
[3.750s] Invoked command in '/home/guichen/Documents/drone-radar-fusion/build/livox_interfaces' returned '0': CMAKE_PREFIX_PATH=${CMAKE_PREFIX_PATH}:/opt/ros/humble /usr/bin/cmake --install /home/guichen/Documents/drone-radar-fusion/build/livox_interfaces
