-- Found ament_cmake: 1.3.14 (/opt/ros/humble/share/ament_cmake/cmake)
-- Override CMake install command with custom implementation using symlinks instead of copying resources
-- Found rclcpp: 16.0.19 (/opt/ros/humble/share/rclcpp/cmake)
-- Found rosidl_generator_c: 3.1.8 (/opt/ros/humble/share/rosidl_generator_c/cmake)
-- Found rosidl_adapter: 3.1.8 (/opt/ros/humble/share/rosidl_adapter/cmake)
-- Found rosidl_generator_cpp: 3.1.8 (/opt/ros/humble/share/rosidl_generator_cpp/cmake)
-- Using all available rosidl_typesupport_c: rosidl_typesupport_fastrtps_c;rosidl_typesupport_introspection_c
-- Using all available rosidl_typesupport_cpp: rosidl_typesupport_fastrtps_cpp;rosidl_typesupport_introspection_cpp
-- Found rmw_implementation_cmake: 6.1.2 (/opt/ros/humble/share/rmw_implementation_cmake/cmake)
-- Found rmw_fastrtps_cpp: 6.2.10 (/opt/ros/humble/share/rmw_fastrtps_cpp/cmake)
-- Using RMW implementation 'rmw_fastrtps_cpp' as default
-- Found message_filters: 4.3.15 (/opt/ros/humble/share/message_filters/cmake)
-- Found visualization_msgs: 4.9.1 (/opt/ros/humble/share/visualization_msgs/cmake)
-- Found interface: 1.0.0 (/home/guichen/Documents/drone-radar-fusion/install/interface/share/interface/cmake)
-- Using the multi-header code from /home/guichen/Documents/drone-radar-fusion/build/fusion/_deps/json-src/include/
-- Configuring done
-- Generating done
-- Build files have been written to: /home/guichen/Documents/drone-radar-fusion/build/fusion
Consolidate compiler generated dependencies of target fusion_node
[ 25%] Building CXX object CMakeFiles/fusion_node.dir/src/fusion_node.cpp.o
[ 50%] Building CXX object CMakeFiles/fusion_node.dir/src/fusion_manager.cpp.o
[ 75%] Linking CXX executable fusion_node
[100%] Built target fusion_node
-- Install configuration: ""
-- Execute custom install script
-- Symlinking: /home/guichen/Documents/drone-radar-fusion/install/fusion/lib/fusion/fusion_node
-- Symlinking: /home/guichen/Documents/drone-radar-fusion/install/fusion/include/fusion/fusion_manager.hpp
-- Symlinking: /home/guichen/Documents/drone-radar-fusion/install/fusion/include/fusion/kalman_filter.hpp
-- Symlinking: /home/guichen/Documents/drone-radar-fusion/install/fusion/share/fusion/launch/fusion_launch.py
-- Symlinking: /home/guichen/Documents/drone-radar-fusion/install/fusion/share/ament_index/resource_index/package_run_dependencies/fusion
-- Symlinking: /home/guichen/Documents/drone-radar-fusion/install/fusion/share/ament_index/resource_index/parent_prefix_path/fusion
-- Symlinking: /home/guichen/Documents/drone-radar-fusion/install/fusion/share/fusion/environment/ament_prefix_path.sh
-- Symlinking: /home/guichen/Documents/drone-radar-fusion/install/fusion/share/fusion/environment/ament_prefix_path.dsv
-- Symlinking: /home/guichen/Documents/drone-radar-fusion/install/fusion/share/fusion/environment/path.sh
-- Symlinking: /home/guichen/Documents/drone-radar-fusion/install/fusion/share/fusion/environment/path.dsv
-- Symlinking: /home/guichen/Documents/drone-radar-fusion/install/fusion/share/fusion/local_setup.bash
-- Symlinking: /home/guichen/Documents/drone-radar-fusion/install/fusion/share/fusion/local_setup.sh
-- Symlinking: /home/guichen/Documents/drone-radar-fusion/install/fusion/share/fusion/local_setup.zsh
-- Symlinking: /home/guichen/Documents/drone-radar-fusion/install/fusion/share/fusion/local_setup.dsv
-- Symlinking: /home/guichen/Documents/drone-radar-fusion/install/fusion/share/fusion/package.dsv
-- Symlinking: /home/guichen/Documents/drone-radar-fusion/install/fusion/share/ament_index/resource_index/packages/fusion
-- Symlinking: /home/guichen/Documents/drone-radar-fusion/install/fusion/share/fusion/cmake/fusionConfig.cmake
-- Symlinking: /home/guichen/Documents/drone-radar-fusion/install/fusion/share/fusion/cmake/fusionConfig-version.cmake
-- Symlinking: /home/guichen/Documents/drone-radar-fusion/install/fusion/share/fusion/package.xml
