-- Found ament_cmake: 1.3.14 (/opt/ros/humble/share/ament_cmake/cmake)
-- Override CMake install command with custom implementation using symlinks instead of copying resources
-- Found std_msgs: 4.9.1 (/opt/ros/humble/share/std_msgs/cmake)
-- Found rosidl_generator_c: 3.1.8 (/opt/ros/humble/share/rosidl_generator_c/cmake)
-- Found rosidl_adapter: 3.1.8 (/opt/ros/humble/share/rosidl_adapter/cmake)
-- Found rosidl_generator_cpp: 3.1.8 (/opt/ros/humble/share/rosidl_generator_cpp/cmake)
-- Using all available rosidl_typesupport_c: rosidl_typesupport_fastrtps_c;rosidl_typesupport_introspection_c
-- Using all available rosidl_typesupport_cpp: rosidl_typesupport_fastrtps_cpp;rosidl_typesupport_introspection_cpp
-- Found rosidl_default_generators: 1.2.1 (/opt/ros/humble/share/rosidl_default_generators/cmake)
-- Found ament_cmake_ros: 0.10.0 (/opt/ros/humble/share/ament_cmake_ros/cmake)
-- Using all available rosidl_typesupport_c: rosidl_typesupport_fastrtps_c;rosidl_typesupport_introspection_c
-- Using all available rosidl_typesupport_cpp: rosidl_typesupport_fastrtps_cpp;rosidl_typesupport_introspection_cpp
-- Found python_cmake_module: 0.10.0 (/opt/ros/humble/share/python_cmake_module/cmake)
-- Using PYTHON_EXECUTABLE: /usr/bin/python3
-- Using PYTHON_INCLUDE_DIRS: /usr/include/python3.10
-- Using PYTHON_LIBRARIES: /usr/lib/x86_64-linux-gnu/libpython3.10.so
-- Found ament_lint_auto: 0.12.15 (/opt/ros/humble/share/ament_lint_auto/cmake)
-- Added test 'copyright' to check source files copyright and LICENSE
-- Added test 'lint_cmake' to check CMake code style
-- Added test 'xmllint' to check XML markup files
-- Configuring done
-- Generating done
-- Build files have been written to: /home/guichen/Documents/drone-radar-fusion/build/livox_interfaces
[35m[1mConsolidate compiler generated dependencies of target livox_interfaces__rosidl_generator_c[0m
[  2%] Built target livox_interfaces__cpp
[  5%] Built target livox_interfaces__rs
[  7%] [32mBuilding C object CMakeFiles/livox_interfaces__rosidl_generator_c.dir/rosidl_generator_c/livox_interfaces/msg/detail/custom_point__functions.c.o[0m
[ 10%] [32mBuilding C object CMakeFiles/livox_interfaces__rosidl_generator_c.dir/rosidl_generator_c/livox_interfaces/msg/detail/custom_msg__functions.c.o[0m
[ 10%] Built target ament_cmake_python_symlink_livox_interfaces
[35m[1mConsolidate compiler generated dependencies of target livox_interfaces__rosidl_typesupport_cpp[0m
[35m[1mConsolidate compiler generated dependencies of target livox_interfaces__rosidl_typesupport_fastrtps_cpp[0m
[35m[1mConsolidate compiler generated dependencies of target livox_interfaces__rosidl_typesupport_introspection_cpp[0m
[ 12%] [32mBuilding CXX object CMakeFiles/livox_interfaces__rosidl_typesupport_fastrtps_cpp.dir/rosidl_typesupport_fastrtps_cpp/livox_interfaces/msg/detail/dds_fastrtps/custom_point__type_support.cpp.o[0m
[ 15%] [32mBuilding CXX object CMakeFiles/livox_interfaces__rosidl_typesupport_fastrtps_cpp.dir/rosidl_typesupport_fastrtps_cpp/livox_interfaces/msg/detail/dds_fastrtps/custom_msg__type_support.cpp.o[0m
[ 17%] [32mBuilding CXX object CMakeFiles/livox_interfaces__rosidl_typesupport_cpp.dir/rosidl_typesupport_cpp/livox_interfaces/msg/custom_msg__type_support.cpp.o[0m
[ 20%] [32mBuilding CXX object CMakeFiles/livox_interfaces__rosidl_typesupport_cpp.dir/rosidl_typesupport_cpp/livox_interfaces/msg/custom_point__type_support.cpp.o[0m
[ 22%] [32mBuilding CXX object CMakeFiles/livox_interfaces__rosidl_typesupport_introspection_cpp.dir/rosidl_typesupport_introspection_cpp/livox_interfaces/msg/detail/custom_point__type_support.cpp.o[0m
[ 25%] [32mBuilding CXX object CMakeFiles/livox_interfaces__rosidl_typesupport_introspection_cpp.dir/rosidl_typesupport_introspection_cpp/livox_interfaces/msg/detail/custom_msg__type_support.cpp.o[0m
[ 27%] [32m[1mLinking C shared library liblivox_interfaces__rosidl_generator_c.so[0m
[ 30%] Built target livox_interfaces__rosidl_generator_c
[35m[1mConsolidate compiler generated dependencies of target livox_interfaces__rosidl_typesupport_introspection_c[0m
[35m[1mConsolidate compiler generated dependencies of target livox_interfaces__rosidl_typesupport_c[0m
[35m[1mConsolidate compiler generated dependencies of target livox_interfaces__rosidl_typesupport_fastrtps_c[0m
[ 32%] [32mBuilding C object CMakeFiles/livox_interfaces__rosidl_typesupport_introspection_c.dir/rosidl_typesupport_introspection_c/livox_interfaces/msg/detail/custom_point__type_support.c.o[0m
[ 35%] [32mBuilding C object CMakeFiles/livox_interfaces__rosidl_typesupport_introspection_c.dir/rosidl_typesupport_introspection_c/livox_interfaces/msg/detail/custom_msg__type_support.c.o[0m
[ 37%] [32mBuilding CXX object CMakeFiles/livox_interfaces__rosidl_typesupport_c.dir/rosidl_typesupport_c/livox_interfaces/msg/custom_point__type_support.cpp.o[0m
[ 42%] [32mBuilding CXX object CMakeFiles/livox_interfaces__rosidl_typesupport_c.dir/rosidl_typesupport_c/livox_interfaces/msg/custom_msg__type_support.cpp.o[0m
[ 42%] [32mBuilding CXX object CMakeFiles/livox_interfaces__rosidl_typesupport_fastrtps_c.dir/rosidl_typesupport_fastrtps_c/livox_interfaces/msg/detail/custom_msg__type_support_c.cpp.o[0m
[ 45%] [32mBuilding CXX object CMakeFiles/livox_interfaces__rosidl_typesupport_fastrtps_c.dir/rosidl_typesupport_fastrtps_c/livox_interfaces/msg/detail/custom_point__type_support_c.cpp.o[0m
[ 47%] [32m[1mLinking CXX shared library liblivox_interfaces__rosidl_typesupport_c.so[0m
[ 50%] [32m[1mLinking C shared library liblivox_interfaces__rosidl_typesupport_introspection_c.so[0m
running egg_info
writing livox_interfaces.egg-info/PKG-INFO
writing dependency_links to livox_interfaces.egg-info/dependency_links.txt
writing top-level names to livox_interfaces.egg-info/top_level.txt
reading manifest file 'livox_interfaces.egg-info/SOURCES.txt'
writing manifest file 'livox_interfaces.egg-info/SOURCES.txt'
[ 52%] Built target livox_interfaces__rosidl_typesupport_introspection_c
[ 52%] Built target ament_cmake_python_build_livox_interfaces_egg
[ 55%] Built target livox_interfaces__rosidl_typesupport_c
[ 57%] [32m[1mLinking CXX shared library liblivox_interfaces__rosidl_typesupport_cpp.so[0m
[ 60%] Built target livox_interfaces__rosidl_typesupport_cpp
[ 62%] [32m[1mLinking CXX shared library liblivox_interfaces__rosidl_typesupport_fastrtps_cpp.so[0m
[ 65%] [32m[1mLinking CXX shared library liblivox_interfaces__rosidl_typesupport_introspection_cpp.so[0m
[ 67%] Built target livox_interfaces__rosidl_typesupport_fastrtps_cpp
[ 70%] Built target livox_interfaces__rosidl_typesupport_introspection_cpp
[ 72%] [32m[1mLinking CXX shared library liblivox_interfaces__rosidl_typesupport_fastrtps_c.so[0m
[ 75%] Built target livox_interfaces__rosidl_typesupport_fastrtps_c
[ 75%] Built target livox_interfaces
[ 77%] Built target livox_interfaces__py
[35m[1mConsolidate compiler generated dependencies of target livox_interfaces__rosidl_generator_py[0m
[ 82%] [32mBuilding C object CMakeFiles/livox_interfaces__rosidl_generator_py.dir/rosidl_generator_py/livox_interfaces/msg/_custom_msg_s.c.o[0m
[ 82%] [32mBuilding C object CMakeFiles/livox_interfaces__rosidl_generator_py.dir/rosidl_generator_py/livox_interfaces/msg/_custom_point_s.c.o[0m
[ 85%] [32m[1mLinking C shared library rosidl_generator_py/livox_interfaces/liblivox_interfaces__rosidl_generator_py.so[0m
[ 85%] Built target livox_interfaces__rosidl_generator_py
[35m[1mConsolidate compiler generated dependencies of target livox_interfaces__rosidl_typesupport_introspection_c__pyext[0m
[35m[1mConsolidate compiler generated dependencies of target livox_interfaces__rosidl_typesupport_c__pyext[0m
[35m[1mConsolidate compiler generated dependencies of target livox_interfaces__rosidl_typesupport_fastrtps_c__pyext[0m
[ 87%] [32mBuilding C object CMakeFiles/livox_interfaces__rosidl_typesupport_introspection_c__pyext.dir/rosidl_generator_py/livox_interfaces/_livox_interfaces_s.ep.rosidl_typesupport_introspection_c.c.o[0m
[ 90%] [32mBuilding C object CMakeFiles/livox_interfaces__rosidl_typesupport_c__pyext.dir/rosidl_generator_py/livox_interfaces/_livox_interfaces_s.ep.rosidl_typesupport_c.c.o[0m
[ 92%] [32mBuilding C object CMakeFiles/livox_interfaces__rosidl_typesupport_fastrtps_c__pyext.dir/rosidl_generator_py/livox_interfaces/_livox_interfaces_s.ep.rosidl_typesupport_fastrtps_c.c.o[0m
[ 95%] [32m[1mLinking C shared library rosidl_generator_py/livox_interfaces/livox_interfaces_s__rosidl_typesupport_introspection_c.cpython-310-x86_64-linux-gnu.so[0m
[ 97%] [32m[1mLinking C shared library rosidl_generator_py/livox_interfaces/livox_interfaces_s__rosidl_typesupport_c.cpython-310-x86_64-linux-gnu.so[0m
[100%] [32m[1mLinking C shared library rosidl_generator_py/livox_interfaces/livox_interfaces_s__rosidl_typesupport_fastrtps_c.cpython-310-x86_64-linux-gnu.so[0m
[100%] Built target livox_interfaces__rosidl_typesupport_c__pyext
[100%] Built target livox_interfaces__rosidl_typesupport_introspection_c__pyext
[100%] Built target livox_interfaces__rosidl_typesupport_fastrtps_c__pyext
-- Install configuration: ""
-- Execute custom install script
-- Up-to-date symlink: /home/guichen/Documents/drone-radar-fusion/install/livox_interfaces/share/ament_index/resource_index/rosidl_interfaces/livox_interfaces
-- Up-to-date symlink: /home/guichen/Documents/drone-radar-fusion/install/livox_interfaces/include/livox_interfaces/livox_interfaces/msg/custom_msg.h
-- Up-to-date symlink: /home/guichen/Documents/drone-radar-fusion/install/livox_interfaces/include/livox_interfaces/livox_interfaces/msg/custom_point.h
-- Up-to-date symlink: /home/guichen/Documents/drone-radar-fusion/install/livox_interfaces/include/livox_interfaces/livox_interfaces/msg/detail/custom_msg__functions.h
-- Up-to-date symlink: /home/guichen/Documents/drone-radar-fusion/install/livox_interfaces/include/livox_interfaces/livox_interfaces/msg/detail/custom_msg__struct.h
-- Up-to-date symlink: /home/guichen/Documents/drone-radar-fusion/install/livox_interfaces/include/livox_interfaces/livox_interfaces/msg/detail/custom_msg__type_support.h
-- Up-to-date symlink: /home/guichen/Documents/drone-radar-fusion/install/livox_interfaces/include/livox_interfaces/livox_interfaces/msg/detail/custom_point__functions.h
-- Up-to-date symlink: /home/guichen/Documents/drone-radar-fusion/install/livox_interfaces/include/livox_interfaces/livox_interfaces/msg/detail/custom_point__struct.h
-- Up-to-date symlink: /home/guichen/Documents/drone-radar-fusion/install/livox_interfaces/include/livox_interfaces/livox_interfaces/msg/detail/custom_point__type_support.h
-- Up-to-date symlink: /home/guichen/Documents/drone-radar-fusion/install/livox_interfaces/include/livox_interfaces/livox_interfaces/msg/rosidl_generator_c__visibility_control.h
-- Up-to-date symlink: /home/guichen/Documents/drone-radar-fusion/install/livox_interfaces/share/livox_interfaces/environment/library_path.sh
-- Up-to-date symlink: /home/guichen/Documents/drone-radar-fusion/install/livox_interfaces/share/livox_interfaces/environment/library_path.dsv
-- Up-to-date symlink: /home/guichen/Documents/drone-radar-fusion/install/livox_interfaces/include/livox_interfaces/livox_interfaces/msg/detail/custom_msg__rosidl_typesupport_fastrtps_c.h
-- Up-to-date symlink: /home/guichen/Documents/drone-radar-fusion/install/livox_interfaces/include/livox_interfaces/livox_interfaces/msg/detail/custom_point__rosidl_typesupport_fastrtps_c.h
-- Up-to-date symlink: /home/guichen/Documents/drone-radar-fusion/install/livox_interfaces/include/livox_interfaces/livox_interfaces/msg/rosidl_typesupport_fastrtps_c__visibility_control.h
-- Up-to-date symlink: /home/guichen/Documents/drone-radar-fusion/install/livox_interfaces/include/livox_interfaces/livox_interfaces/msg/custom_msg.hpp
-- Up-to-date symlink: /home/guichen/Documents/drone-radar-fusion/install/livox_interfaces/include/livox_interfaces/livox_interfaces/msg/custom_point.hpp
-- Up-to-date symlink: /home/guichen/Documents/drone-radar-fusion/install/livox_interfaces/include/livox_interfaces/livox_interfaces/msg/detail/custom_msg__builder.hpp
-- Up-to-date symlink: /home/guichen/Documents/drone-radar-fusion/install/livox_interfaces/include/livox_interfaces/livox_interfaces/msg/detail/custom_msg__struct.hpp
-- Up-to-date symlink: /home/guichen/Documents/drone-radar-fusion/install/livox_interfaces/include/livox_interfaces/livox_interfaces/msg/detail/custom_msg__traits.hpp
-- Up-to-date symlink: /home/guichen/Documents/drone-radar-fusion/install/livox_interfaces/include/livox_interfaces/livox_interfaces/msg/detail/custom_msg__type_support.hpp
-- Up-to-date symlink: /home/guichen/Documents/drone-radar-fusion/install/livox_interfaces/include/livox_interfaces/livox_interfaces/msg/detail/custom_point__builder.hpp
-- Up-to-date symlink: /home/guichen/Documents/drone-radar-fusion/install/livox_interfaces/include/livox_interfaces/livox_interfaces/msg/detail/custom_point__struct.hpp
-- Up-to-date symlink: /home/guichen/Documents/drone-radar-fusion/install/livox_interfaces/include/livox_interfaces/livox_interfaces/msg/detail/custom_point__traits.hpp
-- Up-to-date symlink: /home/guichen/Documents/drone-radar-fusion/install/livox_interfaces/include/livox_interfaces/livox_interfaces/msg/detail/custom_point__type_support.hpp
-- Up-to-date symlink: /home/guichen/Documents/drone-radar-fusion/install/livox_interfaces/include/livox_interfaces/livox_interfaces/msg/rosidl_generator_cpp__visibility_control.hpp
-- Up-to-date symlink: /home/guichen/Documents/drone-radar-fusion/install/livox_interfaces/include/livox_interfaces/livox_interfaces/msg/detail/custom_msg__rosidl_typesupport_fastrtps_cpp.hpp
-- Up-to-date symlink: /home/guichen/Documents/drone-radar-fusion/install/livox_interfaces/include/livox_interfaces/livox_interfaces/msg/detail/custom_point__rosidl_typesupport_fastrtps_cpp.hpp
-- Up-to-date symlink: /home/guichen/Documents/drone-radar-fusion/install/livox_interfaces/include/livox_interfaces/livox_interfaces/msg/rosidl_typesupport_fastrtps_cpp__visibility_control.h
-- Up-to-date symlink: /home/guichen/Documents/drone-radar-fusion/install/livox_interfaces/include/livox_interfaces/livox_interfaces/msg/detail/custom_msg__rosidl_typesupport_introspection_c.h
-- Up-to-date symlink: /home/guichen/Documents/drone-radar-fusion/install/livox_interfaces/include/livox_interfaces/livox_interfaces/msg/detail/custom_point__rosidl_typesupport_introspection_c.h
-- Up-to-date symlink: /home/guichen/Documents/drone-radar-fusion/install/livox_interfaces/include/livox_interfaces/livox_interfaces/msg/rosidl_typesupport_introspection_c__visibility_control.h
-- Up-to-date symlink: /home/guichen/Documents/drone-radar-fusion/install/livox_interfaces/include/livox_interfaces/livox_interfaces/msg/detail/custom_msg__rosidl_typesupport_introspection_cpp.hpp
-- Up-to-date symlink: /home/guichen/Documents/drone-radar-fusion/install/livox_interfaces/include/livox_interfaces/livox_interfaces/msg/detail/custom_point__rosidl_typesupport_introspection_cpp.hpp
-- Up-to-date symlink: /home/guichen/Documents/drone-radar-fusion/install/livox_interfaces/share/livox_interfaces/environment/pythonpath.sh
-- Up-to-date symlink: /home/guichen/Documents/drone-radar-fusion/install/livox_interfaces/share/livox_interfaces/environment/pythonpath.dsv
-- Up-to-date symlink: /home/guichen/Documents/drone-radar-fusion/install/livox_interfaces/local/lib/python3.10/dist-packages/livox_interfaces-0.0.1-py3.10.egg-info/PKG-INFO
-- Up-to-date symlink: /home/guichen/Documents/drone-radar-fusion/install/livox_interfaces/local/lib/python3.10/dist-packages/livox_interfaces-0.0.1-py3.10.egg-info/SOURCES.txt
-- Up-to-date symlink: /home/guichen/Documents/drone-radar-fusion/install/livox_interfaces/local/lib/python3.10/dist-packages/livox_interfaces-0.0.1-py3.10.egg-info/dependency_links.txt
-- Up-to-date symlink: /home/guichen/Documents/drone-radar-fusion/install/livox_interfaces/local/lib/python3.10/dist-packages/livox_interfaces-0.0.1-py3.10.egg-info/top_level.txt
-- Up-to-date symlink: /home/guichen/Documents/drone-radar-fusion/install/livox_interfaces/local/lib/python3.10/dist-packages/livox_interfaces/__init__.py
-- Up-to-date symlink: /home/guichen/Documents/drone-radar-fusion/install/livox_interfaces/local/lib/python3.10/dist-packages/livox_interfaces/_livox_interfaces_s.ep.rosidl_typesupport_c.c
-- Up-to-date symlink: /home/guichen/Documents/drone-radar-fusion/install/livox_interfaces/local/lib/python3.10/dist-packages/livox_interfaces/_livox_interfaces_s.ep.rosidl_typesupport_fastrtps_c.c
-- Up-to-date symlink: /home/guichen/Documents/drone-radar-fusion/install/livox_interfaces/local/lib/python3.10/dist-packages/livox_interfaces/_livox_interfaces_s.ep.rosidl_typesupport_introspection_c.c
-- Up-to-date symlink: /home/guichen/Documents/drone-radar-fusion/install/livox_interfaces/local/lib/python3.10/dist-packages/livox_interfaces/liblivox_interfaces__rosidl_generator_py.so
-- Up-to-date symlink: /home/guichen/Documents/drone-radar-fusion/install/livox_interfaces/local/lib/python3.10/dist-packages/livox_interfaces/livox_interfaces_s__rosidl_typesupport_c.cpython-310-x86_64-linux-gnu.so
-- Up-to-date symlink: /home/guichen/Documents/drone-radar-fusion/install/livox_interfaces/local/lib/python3.10/dist-packages/livox_interfaces/livox_interfaces_s__rosidl_typesupport_fastrtps_c.cpython-310-x86_64-linux-gnu.so
-- Up-to-date symlink: /home/guichen/Documents/drone-radar-fusion/install/livox_interfaces/local/lib/python3.10/dist-packages/livox_interfaces/livox_interfaces_s__rosidl_typesupport_introspection_c.cpython-310-x86_64-linux-gnu.so
-- Up-to-date symlink: /home/guichen/Documents/drone-radar-fusion/install/livox_interfaces/local/lib/python3.10/dist-packages/livox_interfaces/msg/__init__.py
-- Up-to-date symlink: /home/guichen/Documents/drone-radar-fusion/install/livox_interfaces/local/lib/python3.10/dist-packages/livox_interfaces/msg/_custom_msg.py
-- Up-to-date symlink: /home/guichen/Documents/drone-radar-fusion/install/livox_interfaces/local/lib/python3.10/dist-packages/livox_interfaces/msg/_custom_msg_s.c
-- Up-to-date symlink: /home/guichen/Documents/drone-radar-fusion/install/livox_interfaces/local/lib/python3.10/dist-packages/livox_interfaces/msg/_custom_point.py
-- Up-to-date symlink: /home/guichen/Documents/drone-radar-fusion/install/livox_interfaces/local/lib/python3.10/dist-packages/livox_interfaces/msg/_custom_point_s.c
-- Up-to-date symlink: /home/guichen/Documents/drone-radar-fusion/install/livox_interfaces/local/lib/python3.10/dist-packages/livox_interfaces/livox_interfaces_s__rosidl_typesupport_fastrtps_c.cpython-310-x86_64-linux-gnu.so
-- Up-to-date symlink: /home/guichen/Documents/drone-radar-fusion/install/livox_interfaces/local/lib/python3.10/dist-packages/livox_interfaces/livox_interfaces_s__rosidl_typesupport_introspection_c.cpython-310-x86_64-linux-gnu.so
-- Up-to-date symlink: /home/guichen/Documents/drone-radar-fusion/install/livox_interfaces/local/lib/python3.10/dist-packages/livox_interfaces/livox_interfaces_s__rosidl_typesupport_c.cpython-310-x86_64-linux-gnu.so
-- Up-to-date symlink: /home/guichen/Documents/drone-radar-fusion/install/livox_interfaces/share/ament_index/resource_index/rust_packages/livox_interfaces
-- Up-to-date symlink: /home/guichen/Documents/drone-radar-fusion/install/livox_interfaces/share/livox_interfaces/rust/Cargo.toml
-- Up-to-date symlink: /home/guichen/Documents/drone-radar-fusion/install/livox_interfaces/share/livox_interfaces/rust/build.rs
-- Up-to-date symlink: /home/guichen/Documents/drone-radar-fusion/install/livox_interfaces/share/livox_interfaces/rust/src/lib.rs
-- Up-to-date symlink: /home/guichen/Documents/drone-radar-fusion/install/livox_interfaces/share/livox_interfaces/rust/src/msg.rs
-- Up-to-date symlink: /home/guichen/Documents/drone-radar-fusion/install/livox_interfaces/share/livox_interfaces/rust/src/msg/rmw.rs
-- Up-to-date symlink: /home/guichen/Documents/drone-radar-fusion/install/livox_interfaces/share/livox_interfaces/msg/CustomPoint.idl
-- Up-to-date symlink: /home/guichen/Documents/drone-radar-fusion/install/livox_interfaces/share/livox_interfaces/msg/CustomMsg.idl
-- Up-to-date symlink: /home/guichen/Documents/drone-radar-fusion/install/livox_interfaces/share/livox_interfaces/msg/CustomPoint.msg
-- Up-to-date symlink: /home/guichen/Documents/drone-radar-fusion/install/livox_interfaces/share/livox_interfaces/msg/CustomMsg.msg
-- Up-to-date symlink: /home/guichen/Documents/drone-radar-fusion/install/livox_interfaces/share/ament_index/resource_index/package_run_dependencies/livox_interfaces
-- Up-to-date symlink: /home/guichen/Documents/drone-radar-fusion/install/livox_interfaces/share/ament_index/resource_index/parent_prefix_path/livox_interfaces
-- Up-to-date symlink: /home/guichen/Documents/drone-radar-fusion/install/livox_interfaces/share/livox_interfaces/environment/ament_prefix_path.sh
-- Up-to-date symlink: /home/guichen/Documents/drone-radar-fusion/install/livox_interfaces/share/livox_interfaces/environment/ament_prefix_path.dsv
-- Up-to-date symlink: /home/guichen/Documents/drone-radar-fusion/install/livox_interfaces/share/livox_interfaces/environment/path.sh
-- Up-to-date symlink: /home/guichen/Documents/drone-radar-fusion/install/livox_interfaces/share/livox_interfaces/environment/path.dsv
-- Up-to-date symlink: /home/guichen/Documents/drone-radar-fusion/install/livox_interfaces/share/livox_interfaces/local_setup.bash
-- Up-to-date symlink: /home/guichen/Documents/drone-radar-fusion/install/livox_interfaces/share/livox_interfaces/local_setup.sh
-- Up-to-date symlink: /home/guichen/Documents/drone-radar-fusion/install/livox_interfaces/share/livox_interfaces/local_setup.zsh
-- Up-to-date symlink: /home/guichen/Documents/drone-radar-fusion/install/livox_interfaces/share/livox_interfaces/local_setup.dsv
-- Symlinking: /home/guichen/Documents/drone-radar-fusion/install/livox_interfaces/share/livox_interfaces/package.dsv
-- Up-to-date symlink: /home/guichen/Documents/drone-radar-fusion/install/livox_interfaces/share/ament_index/resource_index/packages/livox_interfaces
-- Up-to-date symlink: /home/guichen/Documents/drone-radar-fusion/install/livox_interfaces/share/livox_interfaces/cmake/rosidl_cmake-extras.cmake
-- Up-to-date symlink: /home/guichen/Documents/drone-radar-fusion/install/livox_interfaces/share/livox_interfaces/cmake/ament_cmake_export_dependencies-extras.cmake
-- Up-to-date symlink: /home/guichen/Documents/drone-radar-fusion/install/livox_interfaces/share/livox_interfaces/cmake/ament_cmake_export_include_directories-extras.cmake
-- Up-to-date symlink: /home/guichen/Documents/drone-radar-fusion/install/livox_interfaces/share/livox_interfaces/cmake/ament_cmake_export_libraries-extras.cmake
-- Up-to-date symlink: /home/guichen/Documents/drone-radar-fusion/install/livox_interfaces/share/livox_interfaces/cmake/ament_cmake_export_targets-extras.cmake
-- Up-to-date symlink: /home/guichen/Documents/drone-radar-fusion/install/livox_interfaces/share/livox_interfaces/cmake/rosidl_cmake_export_typesupport_targets-extras.cmake
-- Up-to-date symlink: /home/guichen/Documents/drone-radar-fusion/install/livox_interfaces/share/livox_interfaces/cmake/rosidl_cmake_export_typesupport_libraries-extras.cmake
-- Up-to-date symlink: /home/guichen/Documents/drone-radar-fusion/install/livox_interfaces/share/livox_interfaces/cmake/livox_interfacesConfig.cmake
-- Up-to-date symlink: /home/guichen/Documents/drone-radar-fusion/install/livox_interfaces/share/livox_interfaces/cmake/livox_interfacesConfig-version.cmake
-- Up-to-date symlink: /home/guichen/Documents/drone-radar-fusion/install/livox_interfaces/share/livox_interfaces/package.xml
-- Installing: /home/guichen/Documents/drone-radar-fusion/install/livox_interfaces/lib/liblivox_interfaces__rosidl_generator_c.so
-- Set runtime path of "/home/guichen/Documents/drone-radar-fusion/install/livox_interfaces/lib/liblivox_interfaces__rosidl_generator_c.so" to ""
-- Installing: /home/guichen/Documents/drone-radar-fusion/install/livox_interfaces/lib/liblivox_interfaces__rosidl_typesupport_fastrtps_c.so
-- Set runtime path of "/home/guichen/Documents/drone-radar-fusion/install/livox_interfaces/lib/liblivox_interfaces__rosidl_typesupport_fastrtps_c.so" to ""
-- Installing: /home/guichen/Documents/drone-radar-fusion/install/livox_interfaces/lib/liblivox_interfaces__rosidl_typesupport_fastrtps_cpp.so
-- Set runtime path of "/home/guichen/Documents/drone-radar-fusion/install/livox_interfaces/lib/liblivox_interfaces__rosidl_typesupport_fastrtps_cpp.so" to ""
-- Installing: /home/guichen/Documents/drone-radar-fusion/install/livox_interfaces/lib/liblivox_interfaces__rosidl_typesupport_introspection_c.so
-- Set runtime path of "/home/guichen/Documents/drone-radar-fusion/install/livox_interfaces/lib/liblivox_interfaces__rosidl_typesupport_introspection_c.so" to ""
-- Installing: /home/guichen/Documents/drone-radar-fusion/install/livox_interfaces/lib/liblivox_interfaces__rosidl_typesupport_c.so
-- Set runtime path of "/home/guichen/Documents/drone-radar-fusion/install/livox_interfaces/lib/liblivox_interfaces__rosidl_typesupport_c.so" to ""
-- Installing: /home/guichen/Documents/drone-radar-fusion/install/livox_interfaces/lib/liblivox_interfaces__rosidl_typesupport_introspection_cpp.so
-- Set runtime path of "/home/guichen/Documents/drone-radar-fusion/install/livox_interfaces/lib/liblivox_interfaces__rosidl_typesupport_introspection_cpp.so" to ""
-- Installing: /home/guichen/Documents/drone-radar-fusion/install/livox_interfaces/lib/liblivox_interfaces__rosidl_typesupport_cpp.so
-- Set runtime path of "/home/guichen/Documents/drone-radar-fusion/install/livox_interfaces/lib/liblivox_interfaces__rosidl_typesupport_cpp.so" to ""
Listing '/home/guichen/Documents/drone-radar-fusion/install/livox_interfaces/local/lib/python3.10/dist-packages/livox_interfaces'...
Compiling '/home/guichen/Documents/drone-radar-fusion/install/livox_interfaces/local/lib/python3.10/dist-packages/livox_interfaces/__init__.py'...
Listing '/home/guichen/Documents/drone-radar-fusion/install/livox_interfaces/local/lib/python3.10/dist-packages/livox_interfaces/msg'...
Compiling '/home/guichen/Documents/drone-radar-fusion/install/livox_interfaces/local/lib/python3.10/dist-packages/livox_interfaces/msg/__init__.py'...
Compiling '/home/guichen/Documents/drone-radar-fusion/install/livox_interfaces/local/lib/python3.10/dist-packages/livox_interfaces/msg/_custom_msg.py'...
Compiling '/home/guichen/Documents/drone-radar-fusion/install/livox_interfaces/local/lib/python3.10/dist-packages/livox_interfaces/msg/_custom_point.py'...
-- Installing: /home/guichen/Documents/drone-radar-fusion/install/livox_interfaces/lib/liblivox_interfaces__rosidl_generator_py.so
-- Set runtime path of "/home/guichen/Documents/drone-radar-fusion/install/livox_interfaces/lib/liblivox_interfaces__rosidl_generator_py.so" to ""
-- Up-to-date: /home/guichen/Documents/drone-radar-fusion/install/livox_interfaces/share/livox_interfaces/cmake/export_livox_interfaces__rosidl_generator_cExport.cmake
-- Up-to-date: /home/guichen/Documents/drone-radar-fusion/install/livox_interfaces/share/livox_interfaces/cmake/export_livox_interfaces__rosidl_generator_cExport-noconfig.cmake
-- Up-to-date: /home/guichen/Documents/drone-radar-fusion/install/livox_interfaces/share/livox_interfaces/cmake/export_livox_interfaces__rosidl_typesupport_fastrtps_cExport.cmake
-- Up-to-date: /home/guichen/Documents/drone-radar-fusion/install/livox_interfaces/share/livox_interfaces/cmake/export_livox_interfaces__rosidl_typesupport_fastrtps_cExport-noconfig.cmake
-- Up-to-date: /home/guichen/Documents/drone-radar-fusion/install/livox_interfaces/share/livox_interfaces/cmake/export_livox_interfaces__rosidl_generator_cppExport.cmake
-- Up-to-date: /home/guichen/Documents/drone-radar-fusion/install/livox_interfaces/share/livox_interfaces/cmake/export_livox_interfaces__rosidl_typesupport_fastrtps_cppExport.cmake
-- Up-to-date: /home/guichen/Documents/drone-radar-fusion/install/livox_interfaces/share/livox_interfaces/cmake/export_livox_interfaces__rosidl_typesupport_fastrtps_cppExport-noconfig.cmake
-- Up-to-date: /home/guichen/Documents/drone-radar-fusion/install/livox_interfaces/share/livox_interfaces/cmake/livox_interfaces__rosidl_typesupport_introspection_cExport.cmake
-- Up-to-date: /home/guichen/Documents/drone-radar-fusion/install/livox_interfaces/share/livox_interfaces/cmake/livox_interfaces__rosidl_typesupport_introspection_cExport-noconfig.cmake
-- Up-to-date: /home/guichen/Documents/drone-radar-fusion/install/livox_interfaces/share/livox_interfaces/cmake/livox_interfaces__rosidl_typesupport_cExport.cmake
-- Up-to-date: /home/guichen/Documents/drone-radar-fusion/install/livox_interfaces/share/livox_interfaces/cmake/livox_interfaces__rosidl_typesupport_cExport-noconfig.cmake
-- Up-to-date: /home/guichen/Documents/drone-radar-fusion/install/livox_interfaces/share/livox_interfaces/cmake/livox_interfaces__rosidl_typesupport_introspection_cppExport.cmake
-- Up-to-date: /home/guichen/Documents/drone-radar-fusion/install/livox_interfaces/share/livox_interfaces/cmake/livox_interfaces__rosidl_typesupport_introspection_cppExport-noconfig.cmake
-- Up-to-date: /home/guichen/Documents/drone-radar-fusion/install/livox_interfaces/share/livox_interfaces/cmake/livox_interfaces__rosidl_typesupport_cppExport.cmake
-- Up-to-date: /home/guichen/Documents/drone-radar-fusion/install/livox_interfaces/share/livox_interfaces/cmake/livox_interfaces__rosidl_typesupport_cppExport-noconfig.cmake
-- Up-to-date: /home/guichen/Documents/drone-radar-fusion/install/livox_interfaces/share/livox_interfaces/cmake/export_livox_interfaces__rosidl_generator_pyExport.cmake
-- Up-to-date: /home/guichen/Documents/drone-radar-fusion/install/livox_interfaces/share/livox_interfaces/cmake/export_livox_interfaces__rosidl_generator_pyExport-noconfig.cmake
