-- The C compiler identification is GNU 11.4.0
-- The CXX compiler identification is GNU 11.4.0
-- Detecting C compiler ABI info
-- Detecting C compiler ABI info - done
-- Check for working C compiler: /usr/bin/cc - skipped
-- Detecting C compile features
-- Detecting C compile features - done
-- Detecting CXX compiler ABI info
-- Detecting CXX compiler ABI info - done
-- Check for working CXX compiler: /usr/bin/c++ - skipped
-- Detecting CXX compile features
-- Detecting CXX compile features - done
-- Found ament_cmake: 1.3.14 (/opt/ros/humble/share/ament_cmake/cmake)
-- Found Python3: /usr/bin/python3 (found version "3.10.12") found components: Interpreter 
-- Override CMake install command with custom implementation using symlinks instead of copying resources
[0mCMake Error: File /home/guichen/Documents/drone-radar-fusion/src/utils/cmake/utilsConfig.cmake.in does not exist.[0m
[31mCMake Error at /usr/share/cmake-3.22/Modules/CMakePackageConfigHelpers.cmake:342 (configure_file):
  configure_file Problem configuring file
Call Stack (most recent call first):
  CMakeLists.txt:36 (configure_package_config_file)

[0m
-- Configuring incomplete, errors occurred!
See also "/home/guichen/Documents/drone-radar-fusion/build/utils/CMakeFiles/CMakeOutput.log".
