[0.006s] Invoking command in '/home/guichen/Documents/drone-radar-fusion/build/utils': CMAKE_PREFIX_PATH=/opt/ros/humble /usr/bin/cmake /home/guichen/Documents/drone-radar-fusion/src/utils -DAMENT_CMAKE_SYMLINK_INSTALL=1 -DCMAKE_INSTALL_PREFIX=/home/guichen/Documents/drone-radar-fusion/install/utils
[0.041s] -- The C compiler identification is GNU 11.4.0
[0.076s] -- The CXX compiler identification is GNU 11.4.0
[0.081s] -- Detecting C compiler ABI info
[0.125s] -- Detecting C compiler ABI info - done
[0.130s] -- Check for working C compiler: /usr/bin/cc - skipped
[0.130s] -- Detecting C compile features
[0.130s] -- Detecting C compile features - done
[0.132s] -- Detecting CXX compiler ABI info
[0.181s] -- Detecting CXX compiler ABI info - done
[0.186s] -- Check for working CXX compiler: /usr/bin/c++ - skipped
[0.186s] -- Detecting CXX compile features
[0.186s] -- Detecting CXX compile features - done
[0.188s] -- Found ament_cmake: 1.3.14 (/opt/ros/humble/share/ament_cmake/cmake)
[0.283s] -- Found Python3: /usr/bin/python3 (found version "3.10.12") found components: Interpreter 
[0.322s] -- Override CMake install command with custom implementation using symlinks instead of copying resources
[0.345s] [0mCMake Error: File /home/guichen/Documents/drone-radar-fusion/src/utils/cmake/utilsConfig.cmake.in does not exist.[0m
[0.345s] [31mCMake Error at /usr/share/cmake-3.22/Modules/CMakePackageConfigHelpers.cmake:342 (configure_file):
[0.345s]   configure_file Problem configuring file
[0.345s] Call Stack (most recent call first):
[0.345s]   CMakeLists.txt:36 (configure_package_config_file)
[0.345s] 
[0.345s] [0m
[0.385s] -- Configuring incomplete, errors occurred!
[0.385s] See also "/home/guichen/Documents/drone-radar-fusion/build/utils/CMakeFiles/CMakeOutput.log".
[0.388s] Invoked command in '/home/guichen/Documents/drone-radar-fusion/build/utils' returned '1': CMAKE_PREFIX_PATH=/opt/ros/humble /usr/bin/cmake /home/guichen/Documents/drone-radar-fusion/src/utils -DAMENT_CMAKE_SYMLINK_INSTALL=1 -DCMAKE_INSTALL_PREFIX=/home/guichen/Documents/drone-radar-fusion/install/utils
