In file included from /home/guichen/Documents/drone-radar-fusion/src/fusion/src/fusion_node.cpp:1:
/home/guichen/Documents/drone-radar-fusion/src/fusion/include/fusion/fusion_manager.hpp:50:5: error: ‘cv’ does not name a type
   50 |     cv::Point2f projectToImage(
      |     ^~
In file included from /home/guichen/Documents/drone-radar-fusion/src/fusion/src/fusion_manager.cpp:1:
/home/guichen/Documents/drone-radar-fusion/src/fusion/include/fusion/fusion_manager.hpp:50:5: error: ‘cv’ does not name a type
   50 |     cv::Point2f projectToImage(
      |     ^~
/home/guichen/Documents/drone-radar-fusion/src/fusion/src/fusion_manager.cpp: In member function ‘std::vector<std::pair<int, int> > fusion::FusionManager::matchDetections(const DroneDetectArray&, const DroneDetectArray&, const Matrix3d&, const Matrix4d&)’:
/home/guichen/Documents/drone-radar-fusion/src/fusion/src/fusion_manager.cpp:134:28: error: ‘projectToImage’ was not declared in this scope
  134 |         cv::Point2f proj = projectToImage(pt, K, T_cam_lidar);
      |                            ^~~~~~~~~~~~~~
/home/guichen/Documents/drone-radar-fusion/src/fusion/src/fusion_manager.cpp: At global scope:
/home/guichen/Documents/drone-radar-fusion/src/fusion/src/fusion_manager.cpp:164:13: error: no declaration matches ‘cv::Point2f fusion::FusionManager::projectToImage(const Vector3d&, const Matrix3d&, const Matrix4d&)’
  164 | cv::Point2f FusionManager::projectToImage(
      |             ^~~~~~~~~~~~~
/home/guichen/Documents/drone-radar-fusion/src/fusion/src/fusion_manager.cpp:164:13: note: no functions named ‘cv::Point2f fusion::FusionManager::projectToImage(const Vector3d&, const Matrix3d&, const Matrix4d&)’
In file included from /home/guichen/Documents/drone-radar-fusion/src/fusion/src/fusion_manager.cpp:1:
/home/guichen/Documents/drone-radar-fusion/src/fusion/include/fusion/fusion_manager.hpp:29:7: note: ‘class fusion::FusionManager’ defined here
   29 | class FusionManager : public rclcpp::Node
      |       ^~~~~~~~~~~~~
gmake[2]: *** [CMakeFiles/fusion_node.dir/build.make:76：CMakeFiles/fusion_node.dir/src/fusion_node.cpp.o] 错误 1
gmake[2]: *** 正在等待未完成的任务....
gmake[2]: *** [CMakeFiles/fusion_node.dir/build.make:90：CMakeFiles/fusion_node.dir/src/fusion_manager.cpp.o] 错误 1
gmake[1]: *** [CMakeFiles/Makefile2:154：CMakeFiles/fusion_node.dir/all] 错误 2
gmake: *** [Makefile:146：all] 错误 2
