-- Found ament_cmake: 1.3.14 (/opt/ros/humble/share/ament_cmake/cmake)
-- Override CMake install command with custom implementation using symlinks instead of copying resources
-- Found rclcpp: 16.0.19 (/opt/ros/humble/share/rclcpp/cmake)
-- Found rosidl_generator_c: 3.1.8 (/opt/ros/humble/share/rosidl_generator_c/cmake)
-- Found rosidl_adapter: 3.1.8 (/opt/ros/humble/share/rosidl_adapter/cmake)
-- Found rosidl_generator_cpp: 3.1.8 (/opt/ros/humble/share/rosidl_generator_cpp/cmake)
-- Using all available rosidl_typesupport_c: rosidl_typesupport_fastrtps_c;rosidl_typesupport_introspection_c
-- Using all available rosidl_typesupport_cpp: rosidl_typesupport_fastrtps_cpp;rosidl_typesupport_introspection_cpp
-- Found rmw_implementation_cmake: 6.1.2 (/opt/ros/humble/share/rmw_implementation_cmake/cmake)
-- Found rmw_fastrtps_cpp: 6.2.10 (/opt/ros/humble/share/rmw_fastrtps_cpp/cmake)
-- Using RMW implementation 'rmw_fastrtps_cpp' as default
-- Found message_filters: 4.3.15 (/opt/ros/humble/share/message_filters/cmake)
-- Found visualization_msgs: 4.9.1 (/opt/ros/humble/share/visualization_msgs/cmake)
-- Found interface: 1.0.0 (/home/guichen/Documents/drone-radar-fusion/install/interface/share/interface/cmake)
-- Using the multi-header code from /home/guichen/Documents/drone-radar-fusion/build/fusion/_deps/json-src/include/
-- Configuring done
-- Generating done
-- Build files have been written to: /home/guichen/Documents/drone-radar-fusion/build/fusion
[ 25%] Building CXX object CMakeFiles/fusion_node.dir/src/fusion_node.cpp.o
[ 50%] Building CXX object CMakeFiles/fusion_node.dir/src/fusion_manager.cpp.o
[ 75%] Building CXX object CMakeFiles/fusion_node.dir/src/kalman_filter.cpp.o
In file included from /home/guichen/Documents/drone-radar-fusion/src/fusion/src/fusion_node.cpp:1:
/home/guichen/Documents/drone-radar-fusion/src/fusion/include/fusion/fusion_manager.hpp:50:5: error: ‘cv’ does not name a type
   50 |     cv::Point2f projectToImage(
      |     ^~
In file included from /home/guichen/Documents/drone-radar-fusion/src/fusion/src/fusion_manager.cpp:1:
/home/guichen/Documents/drone-radar-fusion/src/fusion/include/fusion/fusion_manager.hpp:50:5: error: ‘cv’ does not name a type
   50 |     cv::Point2f projectToImage(
      |     ^~
/home/guichen/Documents/drone-radar-fusion/src/fusion/src/fusion_manager.cpp: In member function ‘std::vector<std::pair<int, int> > fusion::FusionManager::matchDetections(const DroneDetectArray&, const DroneDetectArray&, const Matrix3d&, const Matrix4d&)’:
/home/guichen/Documents/drone-radar-fusion/src/fusion/src/fusion_manager.cpp:134:28: error: ‘projectToImage’ was not declared in this scope
  134 |         cv::Point2f proj = projectToImage(pt, K, T_cam_lidar);
      |                            ^~~~~~~~~~~~~~
/home/guichen/Documents/drone-radar-fusion/src/fusion/src/fusion_manager.cpp: At global scope:
/home/guichen/Documents/drone-radar-fusion/src/fusion/src/fusion_manager.cpp:164:13: error: no declaration matches ‘cv::Point2f fusion::FusionManager::projectToImage(const Vector3d&, const Matrix3d&, const Matrix4d&)’
  164 | cv::Point2f FusionManager::projectToImage(
      |             ^~~~~~~~~~~~~
/home/guichen/Documents/drone-radar-fusion/src/fusion/src/fusion_manager.cpp:164:13: note: no functions named ‘cv::Point2f fusion::FusionManager::projectToImage(const Vector3d&, const Matrix3d&, const Matrix4d&)’
In file included from /home/guichen/Documents/drone-radar-fusion/src/fusion/src/fusion_manager.cpp:1:
/home/guichen/Documents/drone-radar-fusion/src/fusion/include/fusion/fusion_manager.hpp:29:7: note: ‘class fusion::FusionManager’ defined here
   29 | class FusionManager : public rclcpp::Node
      |       ^~~~~~~~~~~~~
gmake[2]: *** [CMakeFiles/fusion_node.dir/build.make:76：CMakeFiles/fusion_node.dir/src/fusion_node.cpp.o] 错误 1
gmake[2]: *** 正在等待未完成的任务....
gmake[2]: *** [CMakeFiles/fusion_node.dir/build.make:90：CMakeFiles/fusion_node.dir/src/fusion_manager.cpp.o] 错误 1
gmake[1]: *** [CMakeFiles/Makefile2:154：CMakeFiles/fusion_node.dir/all] 错误 2
gmake: *** [Makefile:146：all] 错误 2
