running develop
running egg_info
creating camera_yolo.egg-info
writing camera_yolo.egg-info/PKG-INFO
writing dependency_links to camera_yolo.egg-info/dependency_links.txt
writing entry points to camera_yolo.egg-info/entry_points.txt
writing requirements to camera_yolo.egg-info/requires.txt
writing top-level names to camera_yolo.egg-info/top_level.txt
writing manifest file 'camera_yolo.egg-info/SOURCES.txt'
reading manifest file 'camera_yolo.egg-info/SOURCES.txt'
writing manifest file 'camera_yolo.egg-info/SOURCES.txt'
running build_ext
Creating /home/guichen/Documents/drone-radar-fusion/install/camera_yolo/lib/python3.10/site-packages/camera-yolo.egg-link (link to .)
Installing yolo_node script to /home/guichen/Documents/drone-radar-fusion/install/camera_yolo/lib/camera_yolo

Installed /home/guichen/Documents/drone-radar-fusion/build/camera_yolo
running symlink_data
creating /home/guichen/Documents/drone-radar-fusion/install/camera_yolo/share/ament_index
creating /home/guichen/Documents/drone-radar-fusion/install/camera_yolo/share/ament_index/resource_index
creating /home/guichen/Documents/drone-radar-fusion/install/camera_yolo/share/ament_index/resource_index/packages
symbolically linking /home/guichen/Documents/drone-radar-fusion/build/camera_yolo/resource/camera_yolo -> /home/guichen/Documents/drone-radar-fusion/install/camera_yolo/share/ament_index/resource_index/packages
symbolically linking /home/guichen/Documents/drone-radar-fusion/build/camera_yolo/package.xml -> /home/guichen/Documents/drone-radar-fusion/install/camera_yolo/share/camera_yolo
creating /home/guichen/Documents/drone-radar-fusion/install/camera_yolo/share/camera_yolo/launch
