[0.457s] Invoking command in '/home/guichen/Documents/drone-radar-fusion/build/web_dashboard': CMAKE_PREFIX_PATH=/home/guichen/Documents/drone-radar-fusion/install/interface:/home/guichen/Documents/drone-radar-fusion/install/radar:/home/guichen/Documents/drone-radar-fusion/install/livox_ros2_avia:/home/guichen/Documents/drone-radar-fusion/install/livox_sdk_vendor:/home/guichen/Documents/drone-radar-fusion/install/livox_interfaces:/home/guichen/Documents/drone-radar-fusion/install/fusion:/home/guichen/Documents/drone-radar-fusion/install/camera_vision:/home/guichen/Documents/drone-radar-fusion/install/hik_camera_ros2_driver LD_LIBRARY_PATH=/home/guichen/Documents/drone-radar-fusion/install/interface/lib:/home/guichen/Documents/drone-radar-fusion/install/livox_ros2_avia/lib:/home/guichen/Documents/drone-radar-fusion/install/livox_interfaces/lib:/home/guichen/Documents/drone-radar-fusion/install/hik_camera_ros2_driver/lib:/opt/MVS/lib/64:/opt/MVS/lib/32:/opt/MVS/lib/64:/opt/MVS/lib/32:/usr/lib/x86_64-linux-gnu/gazebo-11/plugins:/opt/ros/humble/opt/rviz_ogre_vendor/lib:/opt/ros/humble/lib/x86_64-linux-gnu:/opt/ros/humble/lib:/opt/MVS/lib/64:/opt/MVS/lib/32:/opt/MVS/lib/64:/opt/MVS/lib/32 PYTHONPATH=/home/guichen/Documents/drone-radar-fusion/build/web_dashboard/prefix_override:/usr/lib/python3/dist-packages/colcon_core/task/python/colcon_distutils_commands:/home/guichen/Documents/drone-radar-fusion/install/web_dashboard/lib/python3.10/site-packages:${PYTHONPATH} /usr/bin/python3 -W ignore:setup.py install is deprecated -W ignore:easy_install command is deprecated setup.py develop --editable --build-directory /home/guichen/Documents/drone-radar-fusion/build/web_dashboard/build --no-deps symlink_data
[0.639s] running develop
[0.749s] running egg_info
[0.749s] creating web_dashboard.egg-info
[0.750s] writing web_dashboard.egg-info/PKG-INFO
[0.750s] writing dependency_links to web_dashboard.egg-info/dependency_links.txt
[0.750s] writing entry points to web_dashboard.egg-info/entry_points.txt
[0.750s] writing requirements to web_dashboard.egg-info/requires.txt
[0.750s] writing top-level names to web_dashboard.egg-info/top_level.txt
[0.750s] writing manifest file 'web_dashboard.egg-info/SOURCES.txt'
[0.751s] reading manifest file 'web_dashboard.egg-info/SOURCES.txt'
[0.752s] writing manifest file 'web_dashboard.egg-info/SOURCES.txt'
[0.753s] running build_ext
[0.753s] Creating /home/guichen/Documents/drone-radar-fusion/install/web_dashboard/lib/python3.10/site-packages/web-dashboard.egg-link (link to .)
[0.754s] Installing watchdog_node script to /home/guichen/Documents/drone-radar-fusion/install/web_dashboard/lib/web_dashboard
[0.754s] Installing web_dashboard_node script to /home/guichen/Documents/drone-radar-fusion/install/web_dashboard/lib/web_dashboard
[0.754s] 
[0.754s] Installed /home/guichen/Documents/drone-radar-fusion/build/web_dashboard
[0.754s] running symlink_data
[0.754s] creating /home/guichen/Documents/drone-radar-fusion/install/web_dashboard/share/ament_index
[0.754s] creating /home/guichen/Documents/drone-radar-fusion/install/web_dashboard/share/ament_index/resource_index
[0.754s] creating /home/guichen/Documents/drone-radar-fusion/install/web_dashboard/share/ament_index/resource_index/packages
[0.754s] symbolically linking /home/guichen/Documents/drone-radar-fusion/build/web_dashboard/resource/web_dashboard -> /home/guichen/Documents/drone-radar-fusion/install/web_dashboard/share/ament_index/resource_index/packages
[0.754s] symbolically linking /home/guichen/Documents/drone-radar-fusion/build/web_dashboard/package.xml -> /home/guichen/Documents/drone-radar-fusion/install/web_dashboard/share/web_dashboard
[0.754s] creating /home/guichen/Documents/drone-radar-fusion/install/web_dashboard/share/web_dashboard/templates
[0.754s] symbolically linking /home/guichen/Documents/drone-radar-fusion/build/web_dashboard/templates/index.html -> /home/guichen/Documents/drone-radar-fusion/install/web_dashboard/share/web_dashboard/templates
[0.781s] Invoked command in '/home/guichen/Documents/drone-radar-fusion/build/web_dashboard' returned '0': CMAKE_PREFIX_PATH=/home/guichen/Documents/drone-radar-fusion/install/interface:/home/guichen/Documents/drone-radar-fusion/install/radar:/home/guichen/Documents/drone-radar-fusion/install/livox_ros2_avia:/home/guichen/Documents/drone-radar-fusion/install/livox_sdk_vendor:/home/guichen/Documents/drone-radar-fusion/install/livox_interfaces:/home/guichen/Documents/drone-radar-fusion/install/fusion:/home/guichen/Documents/drone-radar-fusion/install/camera_vision:/home/guichen/Documents/drone-radar-fusion/install/hik_camera_ros2_driver LD_LIBRARY_PATH=/home/guichen/Documents/drone-radar-fusion/install/interface/lib:/home/guichen/Documents/drone-radar-fusion/install/livox_ros2_avia/lib:/home/guichen/Documents/drone-radar-fusion/install/livox_interfaces/lib:/home/guichen/Documents/drone-radar-fusion/install/hik_camera_ros2_driver/lib:/opt/MVS/lib/64:/opt/MVS/lib/32:/opt/MVS/lib/64:/opt/MVS/lib/32:/usr/lib/x86_64-linux-gnu/gazebo-11/plugins:/opt/ros/humble/opt/rviz_ogre_vendor/lib:/opt/ros/humble/lib/x86_64-linux-gnu:/opt/ros/humble/lib:/opt/MVS/lib/64:/opt/MVS/lib/32:/opt/MVS/lib/64:/opt/MVS/lib/32 PYTHONPATH=/home/guichen/Documents/drone-radar-fusion/build/web_dashboard/prefix_override:/usr/lib/python3/dist-packages/colcon_core/task/python/colcon_distutils_commands:/home/guichen/Documents/drone-radar-fusion/install/web_dashboard/lib/python3.10/site-packages:${PYTHONPATH} /usr/bin/python3 -W ignore:setup.py install is deprecated -W ignore:easy_install command is deprecated setup.py develop --editable --build-directory /home/guichen/Documents/drone-radar-fusion/build/web_dashboard/build --no-deps symlink_data
