[  4%] Built target interface__cpp
[  4%] Built target interface__rs
[ 14%] Built target interface__rosidl_generator_c
[ 14%] Built target ament_cmake_python_symlink_interface
[ 35%] Built target interface__rosidl_typesupport_introspection_c
[ 35%] Built target interface__rosidl_typesupport_cpp
[ 45%] Built target interface__rosidl_typesupport_c
[ 56%] Built target interface__rosidl_typesupport_fastrtps_cpp
[ 66%] Built target interface__rosidl_typesupport_fastrtps_c
[ 77%] Built target interface__rosidl_typesupport_introspection_cpp
[ 77%] Built target interface
[ 79%] Built target interface__py
[ 87%] Built target interface__rosidl_generator_py
[ 95%] Built target interface__rosidl_typesupport_fastrtps_c__pyext
[ 95%] Built target interface__rosidl_typesupport_c__pyext
[100%] Built target interface__rosidl_typesupport_introspection_c__pyext
running egg_info
writing interface.egg-info/PKG-INFO
writing dependency_links to interface.egg-info/dependency_links.txt
writing top-level names to interface.egg-info/top_level.txt
reading manifest file 'interface.egg-info/SOURCES.txt'
writing manifest file 'interface.egg-info/SOURCES.txt'
[100%] Built target ament_cmake_python_build_interface_egg
-- Install configuration: "Release"
-- Execute custom install script
-- Up-to-date symlink: /home/guichen/Documents/drone-radar-fusion/install/interface/share/ament_index/resource_index/rosidl_interfaces/interface
-- Up-to-date symlink: /home/guichen/Documents/drone-radar-fusion/install/interface/include/interface/interface/msg/detail/drone_detect__functions.h
-- Up-to-date symlink: /home/guichen/Documents/drone-radar-fusion/install/interface/include/interface/interface/msg/detail/drone_detect__struct.h
-- Up-to-date symlink: /home/guichen/Documents/drone-radar-fusion/install/interface/include/interface/interface/msg/detail/drone_detect__type_support.h
-- Up-to-date symlink: /home/guichen/Documents/drone-radar-fusion/install/interface/include/interface/interface/msg/detail/drone_detect_array__functions.h
-- Up-to-date symlink: /home/guichen/Documents/drone-radar-fusion/install/interface/include/interface/interface/msg/detail/drone_detect_array__struct.h
-- Up-to-date symlink: /home/guichen/Documents/drone-radar-fusion/install/interface/include/interface/interface/msg/detail/drone_detect_array__type_support.h
-- Up-to-date symlink: /home/guichen/Documents/drone-radar-fusion/install/interface/include/interface/interface/msg/detail/radar_warn__functions.h
-- Up-to-date symlink: /home/guichen/Documents/drone-radar-fusion/install/interface/include/interface/interface/msg/detail/radar_warn__struct.h
-- Up-to-date symlink: /home/guichen/Documents/drone-radar-fusion/install/interface/include/interface/interface/msg/detail/radar_warn__type_support.h
-- Up-to-date symlink: /home/guichen/Documents/drone-radar-fusion/install/interface/include/interface/interface/msg/drone_detect.h
-- Up-to-date symlink: /home/guichen/Documents/drone-radar-fusion/install/interface/include/interface/interface/msg/drone_detect_array.h
-- Up-to-date symlink: /home/guichen/Documents/drone-radar-fusion/install/interface/include/interface/interface/msg/radar_warn.h
-- Up-to-date symlink: /home/guichen/Documents/drone-radar-fusion/install/interface/include/interface/interface/msg/rosidl_generator_c__visibility_control.h
-- Up-to-date symlink: /home/guichen/Documents/drone-radar-fusion/install/interface/share/interface/environment/library_path.sh
-- Up-to-date symlink: /home/guichen/Documents/drone-radar-fusion/install/interface/share/interface/environment/library_path.dsv
-- Up-to-date symlink: /home/guichen/Documents/drone-radar-fusion/install/interface/include/interface/interface/msg/detail/drone_detect__rosidl_typesupport_fastrtps_c.h
-- Up-to-date symlink: /home/guichen/Documents/drone-radar-fusion/install/interface/include/interface/interface/msg/detail/drone_detect_array__rosidl_typesupport_fastrtps_c.h
-- Up-to-date symlink: /home/guichen/Documents/drone-radar-fusion/install/interface/include/interface/interface/msg/detail/radar_warn__rosidl_typesupport_fastrtps_c.h
-- Up-to-date symlink: /home/guichen/Documents/drone-radar-fusion/install/interface/include/interface/interface/msg/rosidl_typesupport_fastrtps_c__visibility_control.h
-- Up-to-date symlink: /home/guichen/Documents/drone-radar-fusion/install/interface/include/interface/interface/msg/detail/drone_detect__rosidl_typesupport_introspection_c.h
-- Up-to-date symlink: /home/guichen/Documents/drone-radar-fusion/install/interface/include/interface/interface/msg/detail/drone_detect_array__rosidl_typesupport_introspection_c.h
-- Up-to-date symlink: /home/guichen/Documents/drone-radar-fusion/install/interface/include/interface/interface/msg/detail/radar_warn__rosidl_typesupport_introspection_c.h
-- Up-to-date symlink: /home/guichen/Documents/drone-radar-fusion/install/interface/include/interface/interface/msg/rosidl_typesupport_introspection_c__visibility_control.h
-- Up-to-date symlink: /home/guichen/Documents/drone-radar-fusion/install/interface/include/interface/interface/msg/detail/drone_detect__builder.hpp
-- Up-to-date symlink: /home/guichen/Documents/drone-radar-fusion/install/interface/include/interface/interface/msg/detail/drone_detect__struct.hpp
-- Up-to-date symlink: /home/guichen/Documents/drone-radar-fusion/install/interface/include/interface/interface/msg/detail/drone_detect__traits.hpp
-- Up-to-date symlink: /home/guichen/Documents/drone-radar-fusion/install/interface/include/interface/interface/msg/detail/drone_detect__type_support.hpp
-- Up-to-date symlink: /home/guichen/Documents/drone-radar-fusion/install/interface/include/interface/interface/msg/detail/drone_detect_array__builder.hpp
-- Up-to-date symlink: /home/guichen/Documents/drone-radar-fusion/install/interface/include/interface/interface/msg/detail/drone_detect_array__struct.hpp
-- Up-to-date symlink: /home/guichen/Documents/drone-radar-fusion/install/interface/include/interface/interface/msg/detail/drone_detect_array__traits.hpp
-- Up-to-date symlink: /home/guichen/Documents/drone-radar-fusion/install/interface/include/interface/interface/msg/detail/drone_detect_array__type_support.hpp
-- Up-to-date symlink: /home/guichen/Documents/drone-radar-fusion/install/interface/include/interface/interface/msg/detail/radar_warn__builder.hpp
-- Up-to-date symlink: /home/guichen/Documents/drone-radar-fusion/install/interface/include/interface/interface/msg/detail/radar_warn__struct.hpp
-- Up-to-date symlink: /home/guichen/Documents/drone-radar-fusion/install/interface/include/interface/interface/msg/detail/radar_warn__traits.hpp
-- Up-to-date symlink: /home/guichen/Documents/drone-radar-fusion/install/interface/include/interface/interface/msg/detail/radar_warn__type_support.hpp
-- Up-to-date symlink: /home/guichen/Documents/drone-radar-fusion/install/interface/include/interface/interface/msg/drone_detect.hpp
-- Up-to-date symlink: /home/guichen/Documents/drone-radar-fusion/install/interface/include/interface/interface/msg/drone_detect_array.hpp
-- Up-to-date symlink: /home/guichen/Documents/drone-radar-fusion/install/interface/include/interface/interface/msg/radar_warn.hpp
-- Up-to-date symlink: /home/guichen/Documents/drone-radar-fusion/install/interface/include/interface/interface/msg/rosidl_generator_cpp__visibility_control.hpp
-- Up-to-date symlink: /home/guichen/Documents/drone-radar-fusion/install/interface/include/interface/interface/msg/detail/drone_detect__rosidl_typesupport_fastrtps_cpp.hpp
-- Up-to-date symlink: /home/guichen/Documents/drone-radar-fusion/install/interface/include/interface/interface/msg/detail/drone_detect_array__rosidl_typesupport_fastrtps_cpp.hpp
-- Up-to-date symlink: /home/guichen/Documents/drone-radar-fusion/install/interface/include/interface/interface/msg/detail/radar_warn__rosidl_typesupport_fastrtps_cpp.hpp
-- Up-to-date symlink: /home/guichen/Documents/drone-radar-fusion/install/interface/include/interface/interface/msg/rosidl_typesupport_fastrtps_cpp__visibility_control.h
-- Up-to-date symlink: /home/guichen/Documents/drone-radar-fusion/install/interface/include/interface/interface/msg/detail/drone_detect__rosidl_typesupport_introspection_cpp.hpp
-- Up-to-date symlink: /home/guichen/Documents/drone-radar-fusion/install/interface/include/interface/interface/msg/detail/drone_detect_array__rosidl_typesupport_introspection_cpp.hpp
-- Up-to-date symlink: /home/guichen/Documents/drone-radar-fusion/install/interface/include/interface/interface/msg/detail/radar_warn__rosidl_typesupport_introspection_cpp.hpp
-- Up-to-date symlink: /home/guichen/Documents/drone-radar-fusion/install/interface/share/interface/environment/pythonpath.sh
-- Up-to-date symlink: /home/guichen/Documents/drone-radar-fusion/install/interface/share/interface/environment/pythonpath.dsv
-- Up-to-date symlink: /home/guichen/Documents/drone-radar-fusion/install/interface/local/lib/python3.10/dist-packages/interface-1.0.0-py3.10.egg-info/PKG-INFO
-- Up-to-date symlink: /home/guichen/Documents/drone-radar-fusion/install/interface/local/lib/python3.10/dist-packages/interface-1.0.0-py3.10.egg-info/SOURCES.txt
-- Up-to-date symlink: /home/guichen/Documents/drone-radar-fusion/install/interface/local/lib/python3.10/dist-packages/interface-1.0.0-py3.10.egg-info/dependency_links.txt
-- Up-to-date symlink: /home/guichen/Documents/drone-radar-fusion/install/interface/local/lib/python3.10/dist-packages/interface-1.0.0-py3.10.egg-info/top_level.txt
-- Up-to-date symlink: /home/guichen/Documents/drone-radar-fusion/install/interface/local/lib/python3.10/dist-packages/interface/__init__.py
-- Up-to-date symlink: /home/guichen/Documents/drone-radar-fusion/install/interface/local/lib/python3.10/dist-packages/interface/_interface_s.ep.rosidl_typesupport_c.c
-- Up-to-date symlink: /home/guichen/Documents/drone-radar-fusion/install/interface/local/lib/python3.10/dist-packages/interface/_interface_s.ep.rosidl_typesupport_fastrtps_c.c
-- Up-to-date symlink: /home/guichen/Documents/drone-radar-fusion/install/interface/local/lib/python3.10/dist-packages/interface/_interface_s.ep.rosidl_typesupport_introspection_c.c
-- Up-to-date symlink: /home/guichen/Documents/drone-radar-fusion/install/interface/local/lib/python3.10/dist-packages/interface/interface_s__rosidl_typesupport_c.cpython-310-x86_64-linux-gnu.so
-- Up-to-date symlink: /home/guichen/Documents/drone-radar-fusion/install/interface/local/lib/python3.10/dist-packages/interface/interface_s__rosidl_typesupport_fastrtps_c.cpython-310-x86_64-linux-gnu.so
-- Up-to-date symlink: /home/guichen/Documents/drone-radar-fusion/install/interface/local/lib/python3.10/dist-packages/interface/interface_s__rosidl_typesupport_introspection_c.cpython-310-x86_64-linux-gnu.so
-- Up-to-date symlink: /home/guichen/Documents/drone-radar-fusion/install/interface/local/lib/python3.10/dist-packages/interface/libinterface__rosidl_generator_py.so
-- Up-to-date symlink: /home/guichen/Documents/drone-radar-fusion/install/interface/local/lib/python3.10/dist-packages/interface/msg/__init__.py
-- Up-to-date symlink: /home/guichen/Documents/drone-radar-fusion/install/interface/local/lib/python3.10/dist-packages/interface/msg/_drone_detect.py
-- Up-to-date symlink: /home/guichen/Documents/drone-radar-fusion/install/interface/local/lib/python3.10/dist-packages/interface/msg/_drone_detect_array.py
-- Up-to-date symlink: /home/guichen/Documents/drone-radar-fusion/install/interface/local/lib/python3.10/dist-packages/interface/msg/_drone_detect_array_s.c
-- Up-to-date symlink: /home/guichen/Documents/drone-radar-fusion/install/interface/local/lib/python3.10/dist-packages/interface/msg/_drone_detect_s.c
-- Up-to-date symlink: /home/guichen/Documents/drone-radar-fusion/install/interface/local/lib/python3.10/dist-packages/interface/msg/_radar_warn.py
-- Up-to-date symlink: /home/guichen/Documents/drone-radar-fusion/install/interface/local/lib/python3.10/dist-packages/interface/msg/_radar_warn_s.c
-- Up-to-date symlink: /home/guichen/Documents/drone-radar-fusion/install/interface/local/lib/python3.10/dist-packages/interface/interface_s__rosidl_typesupport_fastrtps_c.cpython-310-x86_64-linux-gnu.so
-- Up-to-date symlink: /home/guichen/Documents/drone-radar-fusion/install/interface/local/lib/python3.10/dist-packages/interface/interface_s__rosidl_typesupport_introspection_c.cpython-310-x86_64-linux-gnu.so
-- Up-to-date symlink: /home/guichen/Documents/drone-radar-fusion/install/interface/local/lib/python3.10/dist-packages/interface/interface_s__rosidl_typesupport_c.cpython-310-x86_64-linux-gnu.so
-- Up-to-date symlink: /home/guichen/Documents/drone-radar-fusion/install/interface/share/ament_index/resource_index/rust_packages/interface
-- Up-to-date symlink: /home/guichen/Documents/drone-radar-fusion/install/interface/share/interface/rust/Cargo.toml
-- Up-to-date symlink: /home/guichen/Documents/drone-radar-fusion/install/interface/share/interface/rust/build.rs
-- Up-to-date symlink: /home/guichen/Documents/drone-radar-fusion/install/interface/share/interface/rust/src/lib.rs
-- Up-to-date symlink: /home/guichen/Documents/drone-radar-fusion/install/interface/share/interface/rust/src/msg.rs
-- Up-to-date symlink: /home/guichen/Documents/drone-radar-fusion/install/interface/share/interface/rust/src/msg/rmw.rs
-- Up-to-date symlink: /home/guichen/Documents/drone-radar-fusion/install/interface/share/interface/msg/DroneDetect.idl
-- Up-to-date symlink: /home/guichen/Documents/drone-radar-fusion/install/interface/share/interface/msg/DroneDetectArray.idl
-- Up-to-date symlink: /home/guichen/Documents/drone-radar-fusion/install/interface/share/interface/msg/RadarWarn.idl
-- Up-to-date symlink: /home/guichen/Documents/drone-radar-fusion/install/interface/share/interface/msg/DroneDetect.msg
-- Up-to-date symlink: /home/guichen/Documents/drone-radar-fusion/install/interface/share/interface/msg/DroneDetectArray.msg
-- Up-to-date symlink: /home/guichen/Documents/drone-radar-fusion/install/interface/share/interface/msg/RadarWarn.msg
-- Up-to-date symlink: /home/guichen/Documents/drone-radar-fusion/install/interface/share/ament_index/resource_index/package_run_dependencies/interface
-- Up-to-date symlink: /home/guichen/Documents/drone-radar-fusion/install/interface/share/ament_index/resource_index/parent_prefix_path/interface
-- Up-to-date symlink: /home/guichen/Documents/drone-radar-fusion/install/interface/share/interface/environment/ament_prefix_path.sh
-- Up-to-date symlink: /home/guichen/Documents/drone-radar-fusion/install/interface/share/interface/environment/ament_prefix_path.dsv
-- Up-to-date symlink: /home/guichen/Documents/drone-radar-fusion/install/interface/share/interface/environment/path.sh
-- Up-to-date symlink: /home/guichen/Documents/drone-radar-fusion/install/interface/share/interface/environment/path.dsv
-- Up-to-date symlink: /home/guichen/Documents/drone-radar-fusion/install/interface/share/interface/local_setup.bash
-- Up-to-date symlink: /home/guichen/Documents/drone-radar-fusion/install/interface/share/interface/local_setup.sh
-- Up-to-date symlink: /home/guichen/Documents/drone-radar-fusion/install/interface/share/interface/local_setup.zsh
-- Up-to-date symlink: /home/guichen/Documents/drone-radar-fusion/install/interface/share/interface/local_setup.dsv
-- Symlinking: /home/guichen/Documents/drone-radar-fusion/install/interface/share/interface/package.dsv
-- Up-to-date symlink: /home/guichen/Documents/drone-radar-fusion/install/interface/share/ament_index/resource_index/packages/interface
-- Up-to-date symlink: /home/guichen/Documents/drone-radar-fusion/install/interface/share/interface/cmake/rosidl_cmake-extras.cmake
-- Up-to-date symlink: /home/guichen/Documents/drone-radar-fusion/install/interface/share/interface/cmake/ament_cmake_export_dependencies-extras.cmake
-- Up-to-date symlink: /home/guichen/Documents/drone-radar-fusion/install/interface/share/interface/cmake/ament_cmake_export_include_directories-extras.cmake
-- Up-to-date symlink: /home/guichen/Documents/drone-radar-fusion/install/interface/share/interface/cmake/ament_cmake_export_libraries-extras.cmake
-- Up-to-date symlink: /home/guichen/Documents/drone-radar-fusion/install/interface/share/interface/cmake/ament_cmake_export_targets-extras.cmake
-- Up-to-date symlink: /home/guichen/Documents/drone-radar-fusion/install/interface/share/interface/cmake/rosidl_cmake_export_typesupport_targets-extras.cmake
-- Up-to-date symlink: /home/guichen/Documents/drone-radar-fusion/install/interface/share/interface/cmake/rosidl_cmake_export_typesupport_libraries-extras.cmake
-- Up-to-date symlink: /home/guichen/Documents/drone-radar-fusion/install/interface/share/interface/cmake/interfaceConfig.cmake
-- Up-to-date symlink: /home/guichen/Documents/drone-radar-fusion/install/interface/share/interface/cmake/interfaceConfig-version.cmake
-- Up-to-date symlink: /home/guichen/Documents/drone-radar-fusion/install/interface/share/interface/package.xml
-- Up-to-date: /home/guichen/Documents/drone-radar-fusion/install/interface/lib/libinterface__rosidl_generator_c.so
-- Up-to-date: /home/guichen/Documents/drone-radar-fusion/install/interface/lib/libinterface__rosidl_typesupport_fastrtps_c.so
-- Up-to-date: /home/guichen/Documents/drone-radar-fusion/install/interface/lib/libinterface__rosidl_typesupport_introspection_c.so
-- Up-to-date: /home/guichen/Documents/drone-radar-fusion/install/interface/lib/libinterface__rosidl_typesupport_c.so
-- Up-to-date: /home/guichen/Documents/drone-radar-fusion/install/interface/lib/libinterface__rosidl_typesupport_fastrtps_cpp.so
-- Up-to-date: /home/guichen/Documents/drone-radar-fusion/install/interface/lib/libinterface__rosidl_typesupport_introspection_cpp.so
-- Up-to-date: /home/guichen/Documents/drone-radar-fusion/install/interface/lib/libinterface__rosidl_typesupport_cpp.so
Listing '/home/guichen/Documents/drone-radar-fusion/install/interface/local/lib/python3.10/dist-packages/interface'...
Listing '/home/guichen/Documents/drone-radar-fusion/install/interface/local/lib/python3.10/dist-packages/interface/msg'...
-- Up-to-date: /home/guichen/Documents/drone-radar-fusion/install/interface/lib/libinterface__rosidl_generator_py.so
-- Up-to-date: /home/guichen/Documents/drone-radar-fusion/install/interface/share/interface/cmake/export_interface__rosidl_generator_cExport.cmake
-- Up-to-date: /home/guichen/Documents/drone-radar-fusion/install/interface/share/interface/cmake/export_interface__rosidl_generator_cExport-release.cmake
-- Up-to-date: /home/guichen/Documents/drone-radar-fusion/install/interface/share/interface/cmake/export_interface__rosidl_typesupport_fastrtps_cExport.cmake
-- Up-to-date: /home/guichen/Documents/drone-radar-fusion/install/interface/share/interface/cmake/export_interface__rosidl_typesupport_fastrtps_cExport-release.cmake
-- Up-to-date: /home/guichen/Documents/drone-radar-fusion/install/interface/share/interface/cmake/interface__rosidl_typesupport_introspection_cExport.cmake
-- Up-to-date: /home/guichen/Documents/drone-radar-fusion/install/interface/share/interface/cmake/interface__rosidl_typesupport_introspection_cExport-release.cmake
-- Up-to-date: /home/guichen/Documents/drone-radar-fusion/install/interface/share/interface/cmake/interface__rosidl_typesupport_cExport.cmake
-- Up-to-date: /home/guichen/Documents/drone-radar-fusion/install/interface/share/interface/cmake/interface__rosidl_typesupport_cExport-release.cmake
-- Up-to-date: /home/guichen/Documents/drone-radar-fusion/install/interface/share/interface/cmake/export_interface__rosidl_generator_cppExport.cmake
-- Up-to-date: /home/guichen/Documents/drone-radar-fusion/install/interface/share/interface/cmake/export_interface__rosidl_typesupport_fastrtps_cppExport.cmake
-- Up-to-date: /home/guichen/Documents/drone-radar-fusion/install/interface/share/interface/cmake/export_interface__rosidl_typesupport_fastrtps_cppExport-release.cmake
-- Up-to-date: /home/guichen/Documents/drone-radar-fusion/install/interface/share/interface/cmake/interface__rosidl_typesupport_introspection_cppExport.cmake
-- Up-to-date: /home/guichen/Documents/drone-radar-fusion/install/interface/share/interface/cmake/interface__rosidl_typesupport_introspection_cppExport-release.cmake
-- Up-to-date: /home/guichen/Documents/drone-radar-fusion/install/interface/share/interface/cmake/interface__rosidl_typesupport_cppExport.cmake
-- Up-to-date: /home/guichen/Documents/drone-radar-fusion/install/interface/share/interface/cmake/interface__rosidl_typesupport_cppExport-release.cmake
-- Up-to-date: /home/guichen/Documents/drone-radar-fusion/install/interface/share/interface/cmake/export_interface__rosidl_generator_pyExport.cmake
-- Up-to-date: /home/guichen/Documents/drone-radar-fusion/install/interface/share/interface/cmake/export_interface__rosidl_generator_pyExport-release.cmake
