[0.017s] Invoking command in '/home/guichen/Documents/drone-radar-fusion/build/hik_camera_ros2_driver': CMAKE_PREFIX_PATH=/opt/ros/humble /usr/bin/cmake --build /home/guichen/Documents/drone-radar-fusion/build/hik_camera_ros2_driver -- -j16 -l16
[0.043s] [35m[1mConsolidate compiler generated dependencies of target hik_camera_ros2_driver[0m
[0.043s] [35m[1mConsolidate compiler generated dependencies of target hik_camera_ros2_driver_node[0m
[0.054s] [100%] Built target hik_camera_ros2_driver
[0.054s] [100%] Built target hik_camera_ros2_driver_node
[0.062s] Invoked command in '/home/guichen/Documents/drone-radar-fusion/build/hik_camera_ros2_driver' returned '0': CMAKE_PREFIX_PATH=/opt/ros/humble /usr/bin/cmake --build /home/guichen/Documents/drone-radar-fusion/build/hik_camera_ros2_driver -- -j16 -l16
[0.063s] Invoking command in '/home/guichen/Documents/drone-radar-fusion/build/hik_camera_ros2_driver': CMAKE_PREFIX_PATH=/opt/ros/humble /usr/bin/cmake --install /home/guichen/Documents/drone-radar-fusion/build/hik_camera_ros2_driver
[0.068s] -- Install configuration: ""
[0.068s] -- Execute custom install script
[0.069s] -- Up-to-date symlink: /home/guichen/Documents/drone-radar-fusion/install/hik_camera_ros2_driver/lib/libFormatConversion.so
[0.069s] -- Up-to-date symlink: /home/guichen/Documents/drone-radar-fusion/install/hik_camera_ros2_driver/lib/libMVRender.so
[0.069s] -- Up-to-date symlink: /home/guichen/Documents/drone-radar-fusion/install/hik_camera_ros2_driver/lib/libMediaProcess.so
[0.069s] -- Up-to-date symlink: /home/guichen/Documents/drone-radar-fusion/install/hik_camera_ros2_driver/lib/libMvCameraControl.so
[0.069s] -- Up-to-date symlink: /home/guichen/Documents/drone-radar-fusion/install/hik_camera_ros2_driver/lib/libMvUsb3vTL.so
[0.069s] -- Up-to-date symlink: /home/guichen/Documents/drone-radar-fusion/install/hik_camera_ros2_driver/lib/hik_camera_ros2_driver/hik_camera_ros2_driver_node
[0.069s] -- Up-to-date symlink: /home/guichen/Documents/drone-radar-fusion/install/hik_camera_ros2_driver/share/hik_camera_ros2_driver/environment/library_path.sh
[0.069s] -- Up-to-date symlink: /home/guichen/Documents/drone-radar-fusion/install/hik_camera_ros2_driver/share/hik_camera_ros2_driver/environment/library_path.dsv
[0.069s] -- Up-to-date symlink: /home/guichen/Documents/drone-radar-fusion/install/hik_camera_ros2_driver/lib/libhik_camera_ros2_driver.so
[0.070s] -- Up-to-date symlink: /home/guichen/Documents/drone-radar-fusion/install/hik_camera_ros2_driver/share/hik_camera_ros2_driver/launch/hik_camera_launch.py
[0.070s] -- Up-to-date symlink: /home/guichen/Documents/drone-radar-fusion/install/hik_camera_ros2_driver/share/hik_camera_ros2_driver/config/camera_info.yaml
[0.070s] -- Up-to-date symlink: /home/guichen/Documents/drone-radar-fusion/install/hik_camera_ros2_driver/share/hik_camera_ros2_driver/config/camera_params.yaml
[0.070s] -- Up-to-date symlink: /home/guichen/Documents/drone-radar-fusion/install/hik_camera_ros2_driver/share/ament_index/resource_index/package_run_dependencies/hik_camera_ros2_driver
[0.070s] -- Up-to-date symlink: /home/guichen/Documents/drone-radar-fusion/install/hik_camera_ros2_driver/share/ament_index/resource_index/parent_prefix_path/hik_camera_ros2_driver
[0.070s] -- Up-to-date symlink: /home/guichen/Documents/drone-radar-fusion/install/hik_camera_ros2_driver/share/hik_camera_ros2_driver/environment/ament_prefix_path.sh
[0.070s] -- Up-to-date symlink: /home/guichen/Documents/drone-radar-fusion/install/hik_camera_ros2_driver/share/hik_camera_ros2_driver/environment/ament_prefix_path.dsv
[0.070s] -- Up-to-date symlink: /home/guichen/Documents/drone-radar-fusion/install/hik_camera_ros2_driver/share/hik_camera_ros2_driver/environment/path.sh
[0.070s] -- Up-to-date symlink: /home/guichen/Documents/drone-radar-fusion/install/hik_camera_ros2_driver/share/hik_camera_ros2_driver/environment/path.dsv
[0.071s] -- Up-to-date symlink: /home/guichen/Documents/drone-radar-fusion/install/hik_camera_ros2_driver/share/hik_camera_ros2_driver/local_setup.bash
[0.071s] -- Up-to-date symlink: /home/guichen/Documents/drone-radar-fusion/install/hik_camera_ros2_driver/share/hik_camera_ros2_driver/local_setup.sh
[0.071s] -- Up-to-date symlink: /home/guichen/Documents/drone-radar-fusion/install/hik_camera_ros2_driver/share/hik_camera_ros2_driver/local_setup.zsh
[0.071s] -- Up-to-date symlink: /home/guichen/Documents/drone-radar-fusion/install/hik_camera_ros2_driver/share/hik_camera_ros2_driver/local_setup.dsv
[0.071s] -- Symlinking: /home/guichen/Documents/drone-radar-fusion/install/hik_camera_ros2_driver/share/hik_camera_ros2_driver/package.dsv
[0.077s] -- Up-to-date symlink: /home/guichen/Documents/drone-radar-fusion/install/hik_camera_ros2_driver/share/ament_index/resource_index/packages/hik_camera_ros2_driver
[0.077s] -- Up-to-date symlink: /home/guichen/Documents/drone-radar-fusion/install/hik_camera_ros2_driver/share/ament_index/resource_index/rclcpp_components/hik_camera_ros2_driver
[0.077s] -- Up-to-date symlink: /home/guichen/Documents/drone-radar-fusion/install/hik_camera_ros2_driver/share/hik_camera_ros2_driver/cmake/ament_cmake_export_dependencies-extras.cmake
[0.077s] -- Up-to-date symlink: /home/guichen/Documents/drone-radar-fusion/install/hik_camera_ros2_driver/share/hik_camera_ros2_driver/cmake/ament_cmake_export_libraries-extras.cmake
[0.077s] -- Up-to-date symlink: /home/guichen/Documents/drone-radar-fusion/install/hik_camera_ros2_driver/share/hik_camera_ros2_driver/cmake/hik_camera_ros2_driverConfig.cmake
[0.077s] -- Up-to-date symlink: /home/guichen/Documents/drone-radar-fusion/install/hik_camera_ros2_driver/share/hik_camera_ros2_driver/cmake/hik_camera_ros2_driverConfig-version.cmake
[0.077s] -- Up-to-date symlink: /home/guichen/Documents/drone-radar-fusion/install/hik_camera_ros2_driver/share/hik_camera_ros2_driver/package.xml
[0.090s] Invoked command in '/home/guichen/Documents/drone-radar-fusion/build/hik_camera_ros2_driver' returned '0': CMAKE_PREFIX_PATH=/opt/ros/humble /usr/bin/cmake --install /home/guichen/Documents/drone-radar-fusion/build/hik_camera_ros2_driver
