[0.010s] Invoking command in '/home/guichen/Documents/drone-radar-fusion/build/fusion': CMAKE_PREFIX_PATH=/home/guichen/Documents/drone-radar-fusion/install/interface:/home/guichen/Documents/drone-radar-fusion/install/radar:/home/guichen/Documents/drone-radar-fusion/install/livox_ros2_avia:/home/guichen/Documents/drone-radar-fusion/install/livox_sdk_vendor:/home/guichen/Documents/drone-radar-fusion/install/livox_interfaces:/home/guichen/Documents/drone-radar-fusion/install/fusion:/home/guichen/Documents/drone-radar-fusion/install/camera_vision:/home/guichen/Documents/drone-radar-fusion/install/hik_camera_ros2_driver:/home/guichen/Documents/drone-radar-fusion/install/web_dashboard:/opt/ros/humble LD_LIBRARY_PATH=/home/guichen/Documents/drone-radar-fusion/install/interface/lib:/home/guichen/Documents/drone-radar-fusion/install/livox_ros2_avia/lib:/home/guichen/Documents/drone-radar-fusion/install/livox_interfaces/lib:/home/guichen/Documents/drone-radar-fusion/install/hik_camera_ros2_driver/lib:/opt/ros/humble/opt/rviz_ogre_vendor/lib:/opt/ros/humble/lib/x86_64-linux-gnu:/opt/ros/humble/lib /usr/bin/cmake --build /home/guichen/Documents/drone-radar-fusion/build/fusion -- -j16 -l16
[0.063s] [ 25%] Building CXX object CMakeFiles/fusion_node.dir/src/fusion_node.cpp.o
[0.064s] [ 50%] Building CXX object CMakeFiles/fusion_node.dir/src/fusion_manager.cpp.o
[16.284s] [ 75%] Linking CXX executable fusion_node
[16.467s] [100%] Built target fusion_node
[16.474s] Invoked command in '/home/guichen/Documents/drone-radar-fusion/build/fusion' returned '0': CMAKE_PREFIX_PATH=/home/guichen/Documents/drone-radar-fusion/install/interface:/home/guichen/Documents/drone-radar-fusion/install/radar:/home/guichen/Documents/drone-radar-fusion/install/livox_ros2_avia:/home/guichen/Documents/drone-radar-fusion/install/livox_sdk_vendor:/home/guichen/Documents/drone-radar-fusion/install/livox_interfaces:/home/guichen/Documents/drone-radar-fusion/install/fusion:/home/guichen/Documents/drone-radar-fusion/install/camera_vision:/home/guichen/Documents/drone-radar-fusion/install/hik_camera_ros2_driver:/home/guichen/Documents/drone-radar-fusion/install/web_dashboard:/opt/ros/humble LD_LIBRARY_PATH=/home/guichen/Documents/drone-radar-fusion/install/interface/lib:/home/guichen/Documents/drone-radar-fusion/install/livox_ros2_avia/lib:/home/guichen/Documents/drone-radar-fusion/install/livox_interfaces/lib:/home/guichen/Documents/drone-radar-fusion/install/hik_camera_ros2_driver/lib:/opt/ros/humble/opt/rviz_ogre_vendor/lib:/opt/ros/humble/lib/x86_64-linux-gnu:/opt/ros/humble/lib /usr/bin/cmake --build /home/guichen/Documents/drone-radar-fusion/build/fusion -- -j16 -l16
[16.481s] Invoking command in '/home/guichen/Documents/drone-radar-fusion/build/fusion': CMAKE_PREFIX_PATH=/home/guichen/Documents/drone-radar-fusion/install/interface:/home/guichen/Documents/drone-radar-fusion/install/radar:/home/guichen/Documents/drone-radar-fusion/install/livox_ros2_avia:/home/guichen/Documents/drone-radar-fusion/install/livox_sdk_vendor:/home/guichen/Documents/drone-radar-fusion/install/livox_interfaces:/home/guichen/Documents/drone-radar-fusion/install/fusion:/home/guichen/Documents/drone-radar-fusion/install/camera_vision:/home/guichen/Documents/drone-radar-fusion/install/hik_camera_ros2_driver:/home/guichen/Documents/drone-radar-fusion/install/web_dashboard:/opt/ros/humble LD_LIBRARY_PATH=/home/guichen/Documents/drone-radar-fusion/install/interface/lib:/home/guichen/Documents/drone-radar-fusion/install/livox_ros2_avia/lib:/home/guichen/Documents/drone-radar-fusion/install/livox_interfaces/lib:/home/guichen/Documents/drone-radar-fusion/install/hik_camera_ros2_driver/lib:/opt/ros/humble/opt/rviz_ogre_vendor/lib:/opt/ros/humble/lib/x86_64-linux-gnu:/opt/ros/humble/lib /usr/bin/cmake --install /home/guichen/Documents/drone-radar-fusion/build/fusion
[16.485s] -- Install configuration: "Release"
[16.485s] -- Execute custom install script
[16.486s] -- Up-to-date symlink: /home/guichen/Documents/drone-radar-fusion/install/fusion/lib/fusion/fusion_node
[16.486s] -- Up-to-date symlink: /home/guichen/Documents/drone-radar-fusion/install/fusion/include/fusion/fusion_manager.hpp
[16.486s] -- Up-to-date symlink: /home/guichen/Documents/drone-radar-fusion/install/fusion/include/fusion/kalman_filter.hpp
[16.486s] -- Up-to-date symlink: /home/guichen/Documents/drone-radar-fusion/install/fusion/share/fusion/launch/fusion_launch.py
[16.487s] -- Up-to-date symlink: /home/guichen/Documents/drone-radar-fusion/install/fusion/share/ament_index/resource_index/package_run_dependencies/fusion
[16.487s] -- Up-to-date symlink: /home/guichen/Documents/drone-radar-fusion/install/fusion/share/ament_index/resource_index/parent_prefix_path/fusion
[16.487s] -- Up-to-date symlink: /home/guichen/Documents/drone-radar-fusion/install/fusion/share/fusion/environment/ament_prefix_path.sh
[16.487s] -- Up-to-date symlink: /home/guichen/Documents/drone-radar-fusion/install/fusion/share/fusion/environment/ament_prefix_path.dsv
[16.487s] -- Up-to-date symlink: /home/guichen/Documents/drone-radar-fusion/install/fusion/share/fusion/environment/path.sh
[16.487s] -- Up-to-date symlink: /home/guichen/Documents/drone-radar-fusion/install/fusion/share/fusion/environment/path.dsv
[16.487s] -- Up-to-date symlink: /home/guichen/Documents/drone-radar-fusion/install/fusion/share/fusion/local_setup.bash
[16.487s] -- Up-to-date symlink: /home/guichen/Documents/drone-radar-fusion/install/fusion/share/fusion/local_setup.sh
[16.487s] -- Up-to-date symlink: /home/guichen/Documents/drone-radar-fusion/install/fusion/share/fusion/local_setup.zsh
[16.487s] -- Up-to-date symlink: /home/guichen/Documents/drone-radar-fusion/install/fusion/share/fusion/local_setup.dsv
[16.487s] -- Symlinking: /home/guichen/Documents/drone-radar-fusion/install/fusion/share/fusion/package.dsv
[16.492s] -- Up-to-date symlink: /home/guichen/Documents/drone-radar-fusion/install/fusion/share/ament_index/resource_index/packages/fusion
[16.492s] -- Up-to-date symlink: /home/guichen/Documents/drone-radar-fusion/install/fusion/share/fusion/cmake/fusionConfig.cmake
[16.493s] -- Up-to-date symlink: /home/guichen/Documents/drone-radar-fusion/install/fusion/share/fusion/cmake/fusionConfig-version.cmake
[16.493s] -- Up-to-date symlink: /home/guichen/Documents/drone-radar-fusion/install/fusion/share/fusion/package.xml
[16.494s] Invoked command in '/home/guichen/Documents/drone-radar-fusion/build/fusion' returned '0': CMAKE_PREFIX_PATH=/home/guichen/Documents/drone-radar-fusion/install/interface:/home/guichen/Documents/drone-radar-fusion/install/radar:/home/guichen/Documents/drone-radar-fusion/install/livox_ros2_avia:/home/guichen/Documents/drone-radar-fusion/install/livox_sdk_vendor:/home/guichen/Documents/drone-radar-fusion/install/livox_interfaces:/home/guichen/Documents/drone-radar-fusion/install/fusion:/home/guichen/Documents/drone-radar-fusion/install/camera_vision:/home/guichen/Documents/drone-radar-fusion/install/hik_camera_ros2_driver:/home/guichen/Documents/drone-radar-fusion/install/web_dashboard:/opt/ros/humble LD_LIBRARY_PATH=/home/guichen/Documents/drone-radar-fusion/install/interface/lib:/home/guichen/Documents/drone-radar-fusion/install/livox_ros2_avia/lib:/home/guichen/Documents/drone-radar-fusion/install/livox_interfaces/lib:/home/guichen/Documents/drone-radar-fusion/install/hik_camera_ros2_driver/lib:/opt/ros/humble/opt/rviz_ogre_vendor/lib:/opt/ros/humble/lib/x86_64-linux-gnu:/opt/ros/humble/lib /usr/bin/cmake --install /home/guichen/Documents/drone-radar-fusion/build/fusion
