running egg_info
creating ../../build/camera_yolo/camera_yolo.egg-info
writing ../../build/camera_yolo/camera_yolo.egg-info/PKG-INFO
writing dependency_links to ../../build/camera_yolo/camera_yolo.egg-info/dependency_links.txt
writing entry points to ../../build/camera_yolo/camera_yolo.egg-info/entry_points.txt
writing requirements to ../../build/camera_yolo/camera_yolo.egg-info/requires.txt
writing top-level names to ../../build/camera_yolo/camera_yolo.egg-info/top_level.txt
writing manifest file '../../build/camera_yolo/camera_yolo.egg-info/SOURCES.txt'
reading manifest file '../../build/camera_yolo/camera_yolo.egg-info/SOURCES.txt'
writing manifest file '../../build/camera_yolo/camera_yolo.egg-info/SOURCES.txt'
running build
running build_py
creating /home/guichen/Documents/drone-radar-fusion/build/camera_yolo/build
creating /home/guichen/Documents/drone-radar-fusion/build/camera_yolo/build/lib
creating /home/guichen/Documents/drone-radar-fusion/build/camera_yolo/build/lib/camera_yolo
copying camera_yolo/__init__.py -> /home/guichen/Documents/drone-radar-fusion/build/camera_yolo/build/lib/camera_yolo
copying camera_yolo/yolo_node.py -> /home/guichen/Documents/drone-radar-fusion/build/camera_yolo/build/lib/camera_yolo
copying camera_yolo/yolo_worker.py -> /home/guichen/Documents/drone-radar-fusion/build/camera_yolo/build/lib/camera_yolo
running install
running install_lib
creating /home/guichen/Documents/drone-radar-fusion/install/camera_yolo/lib/python3.10/site-packages/camera_yolo
copying /home/guichen/Documents/drone-radar-fusion/build/camera_yolo/build/lib/camera_yolo/__init__.py -> /home/guichen/Documents/drone-radar-fusion/install/camera_yolo/lib/python3.10/site-packages/camera_yolo
copying /home/guichen/Documents/drone-radar-fusion/build/camera_yolo/build/lib/camera_yolo/yolo_node.py -> /home/guichen/Documents/drone-radar-fusion/install/camera_yolo/lib/python3.10/site-packages/camera_yolo
copying /home/guichen/Documents/drone-radar-fusion/build/camera_yolo/build/lib/camera_yolo/yolo_worker.py -> /home/guichen/Documents/drone-radar-fusion/install/camera_yolo/lib/python3.10/site-packages/camera_yolo
byte-compiling /home/guichen/Documents/drone-radar-fusion/install/camera_yolo/lib/python3.10/site-packages/camera_yolo/__init__.py to __init__.cpython-310.pyc
byte-compiling /home/guichen/Documents/drone-radar-fusion/install/camera_yolo/lib/python3.10/site-packages/camera_yolo/yolo_node.py to yolo_node.cpython-310.pyc
byte-compiling /home/guichen/Documents/drone-radar-fusion/install/camera_yolo/lib/python3.10/site-packages/camera_yolo/yolo_worker.py to yolo_worker.cpython-310.pyc
running install_data
creating /home/guichen/Documents/drone-radar-fusion/install/camera_yolo/share/ament_index
creating /home/guichen/Documents/drone-radar-fusion/install/camera_yolo/share/ament_index/resource_index
creating /home/guichen/Documents/drone-radar-fusion/install/camera_yolo/share/ament_index/resource_index/packages
copying resource/camera_yolo -> /home/guichen/Documents/drone-radar-fusion/install/camera_yolo/share/ament_index/resource_index/packages
copying package.xml -> /home/guichen/Documents/drone-radar-fusion/install/camera_yolo/share/camera_yolo
creating /home/guichen/Documents/drone-radar-fusion/install/camera_yolo/share/camera_yolo/launch
running install_egg_info
Copying ../../build/camera_yolo/camera_yolo.egg-info to /home/guichen/Documents/drone-radar-fusion/install/camera_yolo/lib/python3.10/site-packages/camera_yolo-1.0.0-py3.10.egg-info
running install_scripts
Installing yolo_node script to /home/guichen/Documents/drone-radar-fusion/install/camera_yolo/lib/camera_yolo
writing list of installed files to '/home/guichen/Documents/drone-radar-fusion/build/camera_yolo/install.log'
