[0.011s] Invoking command in '/home/guichen/Documents/drone-radar-fusion/build/radar': AMENT_PREFIX_PATH=/home/guichen/Documents/drone-radar-fusion/install/interface:${AMENT_PREFIX_PATH} CMAKE_PREFIX_PATH=/home/guichen/Documents/drone-radar-fusion/install/interface:/opt/ros/humble LD_LIBRARY_PATH=/home/guichen/Documents/drone-radar-fusion/install/interface/lib:${LD_LIBRARY_PATH} PYTHONPATH=/home/guichen/Documents/drone-radar-fusion/install/interface/local/lib/python3.10/dist-packages:${PYTHONPATH} /usr/bin/cmake /home/guichen/Documents/drone-radar-fusion/src/radar -DAMENT_CMAKE_SYMLINK_INSTALL=1 -DCMAKE_INSTALL_PREFIX=/home/guichen/Documents/drone-radar-fusion/install/radar
[0.185s] -- Found ament_cmake: 1.3.14 (/opt/ros/humble/share/ament_cmake/cmake)
[0.185s] -- Override CMake install command with custom implementation using symlinks instead of copying resources
[0.185s] -- Found rclcpp: 16.0.19 (/opt/ros/humble/share/rclcpp/cmake)
[0.185s] -- Found rosidl_generator_c: 3.1.8 (/opt/ros/humble/share/rosidl_generator_c/cmake)
[0.185s] -- Found rosidl_adapter: 3.1.8 (/opt/ros/humble/share/rosidl_adapter/cmake)
[0.185s] -- Found rosidl_generator_cpp: 3.1.8 (/opt/ros/humble/share/rosidl_generator_cpp/cmake)
[0.185s] -- Using all available rosidl_typesupport_c: rosidl_typesupport_fastrtps_c;rosidl_typesupport_introspection_c
[0.185s] -- Using all available rosidl_typesupport_cpp: rosidl_typesupport_fastrtps_cpp;rosidl_typesupport_introspection_cpp
[0.199s] -- Found rmw_implementation_cmake: 6.1.2 (/opt/ros/humble/share/rmw_implementation_cmake/cmake)
[0.200s] -- Found rmw_fastrtps_cpp: 6.2.10 (/opt/ros/humble/share/rmw_fastrtps_cpp/cmake)
[0.294s] -- Using RMW implementation 'rmw_fastrtps_cpp' as default
[0.324s] -- Found sensor_msgs: 4.9.1 (/opt/ros/humble/share/sensor_msgs/cmake)
[0.342s] -- Found visualization_msgs: 4.9.1 (/opt/ros/humble/share/visualization_msgs/cmake)
[0.356s] -- Found pcl_conversions: 2.4.5 (/opt/ros/humble/share/pcl_conversions/cmake)
[0.382s] -- Eigen found (include: /usr/include/eigen3, version: 3.4.0)
[0.407s] -- FLANN found (include: /usr/include, lib: /usr/lib/x86_64-linux-gnu/libflann_cpp.so)
[0.645s] -- OpenNI found (version: 1.5.4.0, include: /usr/include/ni, lib: /usr/lib/libOpenNI.so;libusb::libusb)
[0.650s] -- OpenNI2 found (version: 2.2.0.33, include: /usr/include/openni2, lib: /usr/lib/x86_64-linux-gnu/libOpenNI2.so;libusb::libusb)
[0.752s] -- Eigen found (include: /usr/include/eigen3, version: 3.4.0)
[0.757s] -- OpenNI found (version: 1.5.4.0, include: /usr/include/ni, lib: /usr/lib/libOpenNI.so;libusb::libusb)
[0.772s] -- OpenNI2 found (version: 2.2.0.33, include: /usr/include/openni2, lib: /usr/lib/x86_64-linux-gnu/libOpenNI2.so;libusb::libusb)
[0.862s] -- Found Qhull version 8.0.2
[0.963s] -- OpenNI found (version: 1.5.4.0, include: /usr/include/ni, lib: /usr/lib/libOpenNI.so;libusb::libusb)
[1.063s] CMake Warning (dev) at CMakeLists.txt:14 (find_package):
[1.063s]   Policy CMP0074 is not set: find_package uses <PackageName>_ROOT variables.
[1.063s]   Run "cmake --help-policy CMP0074" for policy details.  Use the cmake_policy
[1.063s]   command to set the policy and suppress this warning.
[1.063s] 
[1.063s]   CMake variable PCL_ROOT is set to:
[1.063s] 
[1.063s]     /usr
[1.063s] 
[1.063s]   For compatibility, CMake is ignoring the variable.
[1.063s] This warning is for project developers.  Use -Wno-dev to suppress it.
[1.064s] 
[1.068s] -- Found interface: 1.0.0 (/home/guichen/Documents/drone-radar-fusion/install/interface/share/interface/cmake)
[1.127s] -- Configuring done
[1.170s] -- Generating done
[1.176s] -- Build files have been written to: /home/guichen/Documents/drone-radar-fusion/build/radar
[1.188s] Invoked command in '/home/guichen/Documents/drone-radar-fusion/build/radar' returned '0': AMENT_PREFIX_PATH=/home/guichen/Documents/drone-radar-fusion/install/interface:${AMENT_PREFIX_PATH} CMAKE_PREFIX_PATH=/home/guichen/Documents/drone-radar-fusion/install/interface:/opt/ros/humble LD_LIBRARY_PATH=/home/guichen/Documents/drone-radar-fusion/install/interface/lib:${LD_LIBRARY_PATH} PYTHONPATH=/home/guichen/Documents/drone-radar-fusion/install/interface/local/lib/python3.10/dist-packages:${PYTHONPATH} /usr/bin/cmake /home/guichen/Documents/drone-radar-fusion/src/radar -DAMENT_CMAKE_SYMLINK_INSTALL=1 -DCMAKE_INSTALL_PREFIX=/home/guichen/Documents/drone-radar-fusion/install/radar
[1.189s] Invoking command in '/home/guichen/Documents/drone-radar-fusion/build/radar': AMENT_PREFIX_PATH=/home/guichen/Documents/drone-radar-fusion/install/interface:${AMENT_PREFIX_PATH} CMAKE_PREFIX_PATH=/home/guichen/Documents/drone-radar-fusion/install/interface:/opt/ros/humble LD_LIBRARY_PATH=/home/guichen/Documents/drone-radar-fusion/install/interface/lib:${LD_LIBRARY_PATH} PYTHONPATH=/home/guichen/Documents/drone-radar-fusion/install/interface/local/lib/python3.10/dist-packages:${PYTHONPATH} /usr/bin/cmake --build /home/guichen/Documents/drone-radar-fusion/build/radar -- -j16 -l16
[1.227s] Consolidate compiler generated dependencies of target radar_node
[1.243s] [ 33%] Building CXX object CMakeFiles/radar_node.dir/src/radar_node.cpp.o
[1.243s] [ 66%] Building CXX object CMakeFiles/radar_node.dir/src/radar_processor.cpp.o
[19.112s] [100%] Linking CXX executable radar_node
[19.764s] [100%] Built target radar_node
[19.773s] Invoked command in '/home/guichen/Documents/drone-radar-fusion/build/radar' returned '0': AMENT_PREFIX_PATH=/home/guichen/Documents/drone-radar-fusion/install/interface:${AMENT_PREFIX_PATH} CMAKE_PREFIX_PATH=/home/guichen/Documents/drone-radar-fusion/install/interface:/opt/ros/humble LD_LIBRARY_PATH=/home/guichen/Documents/drone-radar-fusion/install/interface/lib:${LD_LIBRARY_PATH} PYTHONPATH=/home/guichen/Documents/drone-radar-fusion/install/interface/local/lib/python3.10/dist-packages:${PYTHONPATH} /usr/bin/cmake --build /home/guichen/Documents/drone-radar-fusion/build/radar -- -j16 -l16
[19.774s] Invoking command in '/home/guichen/Documents/drone-radar-fusion/build/radar': AMENT_PREFIX_PATH=/home/guichen/Documents/drone-radar-fusion/install/interface:${AMENT_PREFIX_PATH} CMAKE_PREFIX_PATH=/home/guichen/Documents/drone-radar-fusion/install/interface:/opt/ros/humble LD_LIBRARY_PATH=/home/guichen/Documents/drone-radar-fusion/install/interface/lib:${LD_LIBRARY_PATH} PYTHONPATH=/home/guichen/Documents/drone-radar-fusion/install/interface/local/lib/python3.10/dist-packages:${PYTHONPATH} /usr/bin/cmake --install /home/guichen/Documents/drone-radar-fusion/build/radar
[19.778s] -- Install configuration: "Release"
[19.779s] -- Execute custom install script
[19.779s] -- Up-to-date symlink: /home/guichen/Documents/drone-radar-fusion/install/radar/lib/radar/radar_node
[19.779s] -- Up-to-date symlink: /home/guichen/Documents/drone-radar-fusion/install/radar/include/radar/radar_processor.hpp
[19.779s] -- Up-to-date symlink: /home/guichen/Documents/drone-radar-fusion/install/radar/share/radar/launch/radar_launch.py
[19.779s] -- Up-to-date symlink: /home/guichen/Documents/drone-radar-fusion/install/radar/share/ament_index/resource_index/package_run_dependencies/radar
[19.779s] -- Up-to-date symlink: /home/guichen/Documents/drone-radar-fusion/install/radar/share/ament_index/resource_index/parent_prefix_path/radar
[19.780s] -- Up-to-date symlink: /home/guichen/Documents/drone-radar-fusion/install/radar/share/radar/environment/ament_prefix_path.sh
[19.780s] -- Up-to-date symlink: /home/guichen/Documents/drone-radar-fusion/install/radar/share/radar/environment/ament_prefix_path.dsv
[19.780s] -- Up-to-date symlink: /home/guichen/Documents/drone-radar-fusion/install/radar/share/radar/environment/path.sh
[19.780s] -- Up-to-date symlink: /home/guichen/Documents/drone-radar-fusion/install/radar/share/radar/environment/path.dsv
[19.780s] -- Up-to-date symlink: /home/guichen/Documents/drone-radar-fusion/install/radar/share/radar/local_setup.bash
[19.780s] -- Up-to-date symlink: /home/guichen/Documents/drone-radar-fusion/install/radar/share/radar/local_setup.sh
[19.780s] -- Up-to-date symlink: /home/guichen/Documents/drone-radar-fusion/install/radar/share/radar/local_setup.zsh
[19.780s] -- Up-to-date symlink: /home/guichen/Documents/drone-radar-fusion/install/radar/share/radar/local_setup.dsv
[19.780s] -- Symlinking: /home/guichen/Documents/drone-radar-fusion/install/radar/share/radar/package.dsv
[19.786s] -- Up-to-date symlink: /home/guichen/Documents/drone-radar-fusion/install/radar/share/ament_index/resource_index/packages/radar
[19.786s] -- Up-to-date symlink: /home/guichen/Documents/drone-radar-fusion/install/radar/share/radar/cmake/radarConfig.cmake
[19.786s] -- Up-to-date symlink: /home/guichen/Documents/drone-radar-fusion/install/radar/share/radar/cmake/radarConfig-version.cmake
[19.786s] -- Up-to-date symlink: /home/guichen/Documents/drone-radar-fusion/install/radar/share/radar/package.xml
[19.787s] Invoked command in '/home/guichen/Documents/drone-radar-fusion/build/radar' returned '0': AMENT_PREFIX_PATH=/home/guichen/Documents/drone-radar-fusion/install/interface:${AMENT_PREFIX_PATH} CMAKE_PREFIX_PATH=/home/guichen/Documents/drone-radar-fusion/install/interface:/opt/ros/humble LD_LIBRARY_PATH=/home/guichen/Documents/drone-radar-fusion/install/interface/lib:${LD_LIBRARY_PATH} PYTHONPATH=/home/guichen/Documents/drone-radar-fusion/install/interface/local/lib/python3.10/dist-packages:${PYTHONPATH} /usr/bin/cmake --install /home/guichen/Documents/drone-radar-fusion/build/radar
