[0.011s] Invoking command in '/home/guichen/Documents/drone-radar-fusion/build/radar': AMENT_PREFIX_PATH=/home/guichen/Documents/drone-radar-fusion/install/interface:${AMENT_PREFIX_PATH} CMAKE_PREFIX_PATH=/home/guichen/Documents/drone-radar-fusion/install/interface:/opt/ros/humble LD_LIBRARY_PATH=/home/guichen/Documents/drone-radar-fusion/install/interface/lib:${LD_LIBRARY_PATH} PYTHONPATH=/home/guichen/Documents/drone-radar-fusion/install/interface/local/lib/python3.10/dist-packages:${PYTHONPATH} /usr/bin/cmake --build /home/guichen/Documents/drone-radar-fusion/build/radar -- -j16 -l16
[0.205s] Consolidate compiler generated dependencies of target radar_node
[0.205s] [ 33%] Building CXX object CMakeFiles/radar_node.dir/src/radar_processor.cpp.o
[25.030s] [ 66%] Linking CXX executable radar_node
[26.085s] [100%] Built target radar_node
[26.103s] Invoked command in '/home/guichen/Documents/drone-radar-fusion/build/radar' returned '0': AMENT_PREFIX_PATH=/home/guichen/Documents/drone-radar-fusion/install/interface:${AMENT_PREFIX_PATH} CMAKE_PREFIX_PATH=/home/guichen/Documents/drone-radar-fusion/install/interface:/opt/ros/humble LD_LIBRARY_PATH=/home/guichen/Documents/drone-radar-fusion/install/interface/lib:${LD_LIBRARY_PATH} PYTHONPATH=/home/guichen/Documents/drone-radar-fusion/install/interface/local/lib/python3.10/dist-packages:${PYTHONPATH} /usr/bin/cmake --build /home/guichen/Documents/drone-radar-fusion/build/radar -- -j16 -l16
[26.112s] Invoking command in '/home/guichen/Documents/drone-radar-fusion/build/radar': AMENT_PREFIX_PATH=/home/guichen/Documents/drone-radar-fusion/install/interface:${AMENT_PREFIX_PATH} CMAKE_PREFIX_PATH=/home/guichen/Documents/drone-radar-fusion/install/interface:/opt/ros/humble LD_LIBRARY_PATH=/home/guichen/Documents/drone-radar-fusion/install/interface/lib:${LD_LIBRARY_PATH} PYTHONPATH=/home/guichen/Documents/drone-radar-fusion/install/interface/local/lib/python3.10/dist-packages:${PYTHONPATH} /usr/bin/cmake --install /home/guichen/Documents/drone-radar-fusion/build/radar
[26.118s] -- Install configuration: ""
[26.119s] -- Execute custom install script
[26.119s] -- Up-to-date symlink: /home/guichen/Documents/drone-radar-fusion/install/radar/lib/radar/radar_node
[26.119s] -- Up-to-date symlink: /home/guichen/Documents/drone-radar-fusion/install/radar/include/radar/radar_processor.hpp
[26.119s] -- Up-to-date symlink: /home/guichen/Documents/drone-radar-fusion/install/radar/share/radar/launch/radar_launch.py
[26.119s] -- Up-to-date symlink: /home/guichen/Documents/drone-radar-fusion/install/radar/share/ament_index/resource_index/package_run_dependencies/radar
[26.119s] -- Up-to-date symlink: /home/guichen/Documents/drone-radar-fusion/install/radar/share/ament_index/resource_index/parent_prefix_path/radar
[26.120s] -- Up-to-date symlink: /home/guichen/Documents/drone-radar-fusion/install/radar/share/radar/environment/ament_prefix_path.sh
[26.120s] -- Up-to-date symlink: /home/guichen/Documents/drone-radar-fusion/install/radar/share/radar/environment/ament_prefix_path.dsv
[26.120s] -- Up-to-date symlink: /home/guichen/Documents/drone-radar-fusion/install/radar/share/radar/environment/path.sh
[26.120s] -- Up-to-date symlink: /home/guichen/Documents/drone-radar-fusion/install/radar/share/radar/environment/path.dsv
[26.120s] -- Up-to-date symlink: /home/guichen/Documents/drone-radar-fusion/install/radar/share/radar/local_setup.bash
[26.120s] -- Up-to-date symlink: /home/guichen/Documents/drone-radar-fusion/install/radar/share/radar/local_setup.sh
[26.120s] -- Up-to-date symlink: /home/guichen/Documents/drone-radar-fusion/install/radar/share/radar/local_setup.zsh
[26.120s] -- Up-to-date symlink: /home/guichen/Documents/drone-radar-fusion/install/radar/share/radar/local_setup.dsv
[26.120s] -- Symlinking: /home/guichen/Documents/drone-radar-fusion/install/radar/share/radar/package.dsv
[26.128s] -- Up-to-date symlink: /home/guichen/Documents/drone-radar-fusion/install/radar/share/ament_index/resource_index/packages/radar
[26.128s] -- Up-to-date symlink: /home/guichen/Documents/drone-radar-fusion/install/radar/share/radar/cmake/radarConfig.cmake
[26.128s] -- Up-to-date symlink: /home/guichen/Documents/drone-radar-fusion/install/radar/share/radar/cmake/radarConfig-version.cmake
[26.128s] -- Up-to-date symlink: /home/guichen/Documents/drone-radar-fusion/install/radar/share/radar/package.xml
[26.130s] Invoked command in '/home/guichen/Documents/drone-radar-fusion/build/radar' returned '0': AMENT_PREFIX_PATH=/home/guichen/Documents/drone-radar-fusion/install/interface:${AMENT_PREFIX_PATH} CMAKE_PREFIX_PATH=/home/guichen/Documents/drone-radar-fusion/install/interface:/opt/ros/humble LD_LIBRARY_PATH=/home/guichen/Documents/drone-radar-fusion/install/interface/lib:${LD_LIBRARY_PATH} PYTHONPATH=/home/guichen/Documents/drone-radar-fusion/install/interface/local/lib/python3.10/dist-packages:${PYTHONPATH} /usr/bin/cmake --install /home/guichen/Documents/drone-radar-fusion/build/radar
