[0.939s] Invoking command in '/home/guichen/Documents/drone-radar-fusion/build/camera_yolo': CMAKE_PREFIX_PATH=/home/guichen/Documents/drone-radar-fusion/install/interface:/home/guichen/Documents/drone-radar-fusion/install/radar:/home/guichen/Documents/drone-radar-fusion/install/livox_ros2_avia:/home/guichen/Documents/drone-radar-fusion/install/livox_sdk_vendor:/home/guichen/Documents/drone-radar-fusion/install/livox_interfaces:/home/guichen/Documents/drone-radar-fusion/install/fusion:/home/guichen/Documents/drone-radar-fusion/install/camera_vision:/home/guichen/Documents/drone-radar-fusion/install/hik_camera_ros2_driver LD_LIBRARY_PATH=/home/guichen/Documents/drone-radar-fusion/install/interface/lib:/home/guichen/Documents/drone-radar-fusion/install/livox_ros2_avia/lib:/home/guichen/Documents/drone-radar-fusion/install/livox_interfaces/lib:/home/guichen/Documents/drone-radar-fusion/install/hik_camera_ros2_driver/lib:/opt/MVS/lib/64:/opt/MVS/lib/32:/opt/MVS/lib/64:/opt/MVS/lib/32:/usr/lib/x86_64-linux-gnu/gazebo-11/plugins:/opt/ros/humble/opt/rviz_ogre_vendor/lib:/opt/ros/humble/lib/x86_64-linux-gnu:/opt/ros/humble/lib:/opt/MVS/lib/64:/opt/MVS/lib/32:/opt/MVS/lib/64:/opt/MVS/lib/32 PYTHONPATH=/home/guichen/Documents/drone-radar-fusion/build/camera_yolo/prefix_override:/usr/lib/python3/dist-packages/colcon_core/task/python/colcon_distutils_commands:/home/guichen/Documents/drone-radar-fusion/install/camera_yolo/lib/python3.10/site-packages:${PYTHONPATH} /usr/bin/python3 -W ignore:setup.py install is deprecated -W ignore:easy_install command is deprecated setup.py develop --editable --build-directory /home/guichen/Documents/drone-radar-fusion/build/camera_yolo/build --no-deps symlink_data
[1.254s] running develop
[1.454s] running egg_info
[1.455s] creating camera_yolo.egg-info
[1.455s] writing camera_yolo.egg-info/PKG-INFO
[1.455s] writing dependency_links to camera_yolo.egg-info/dependency_links.txt
[1.455s] writing entry points to camera_yolo.egg-info/entry_points.txt
[1.455s] writing requirements to camera_yolo.egg-info/requires.txt
[1.455s] writing top-level names to camera_yolo.egg-info/top_level.txt
[1.459s] writing manifest file 'camera_yolo.egg-info/SOURCES.txt'
[1.459s] reading manifest file 'camera_yolo.egg-info/SOURCES.txt'
[1.459s] writing manifest file 'camera_yolo.egg-info/SOURCES.txt'
[1.460s] running build_ext
[1.461s] Creating /home/guichen/Documents/drone-radar-fusion/install/camera_yolo/lib/python3.10/site-packages/camera-yolo.egg-link (link to .)
[1.462s] Installing yolo_node script to /home/guichen/Documents/drone-radar-fusion/install/camera_yolo/lib/camera_yolo
[1.462s] 
[1.462s] Installed /home/guichen/Documents/drone-radar-fusion/build/camera_yolo
[1.462s] running symlink_data
[1.462s] creating /home/guichen/Documents/drone-radar-fusion/install/camera_yolo/share/ament_index
[1.465s] creating /home/guichen/Documents/drone-radar-fusion/install/camera_yolo/share/ament_index/resource_index
[1.465s] creating /home/guichen/Documents/drone-radar-fusion/install/camera_yolo/share/ament_index/resource_index/packages
[1.465s] symbolically linking /home/guichen/Documents/drone-radar-fusion/build/camera_yolo/resource/camera_yolo -> /home/guichen/Documents/drone-radar-fusion/install/camera_yolo/share/ament_index/resource_index/packages
[1.465s] symbolically linking /home/guichen/Documents/drone-radar-fusion/build/camera_yolo/package.xml -> /home/guichen/Documents/drone-radar-fusion/install/camera_yolo/share/camera_yolo
[1.465s] creating /home/guichen/Documents/drone-radar-fusion/install/camera_yolo/share/camera_yolo/launch
[1.520s] Invoked command in '/home/guichen/Documents/drone-radar-fusion/build/camera_yolo' returned '0': CMAKE_PREFIX_PATH=/home/guichen/Documents/drone-radar-fusion/install/interface:/home/guichen/Documents/drone-radar-fusion/install/radar:/home/guichen/Documents/drone-radar-fusion/install/livox_ros2_avia:/home/guichen/Documents/drone-radar-fusion/install/livox_sdk_vendor:/home/guichen/Documents/drone-radar-fusion/install/livox_interfaces:/home/guichen/Documents/drone-radar-fusion/install/fusion:/home/guichen/Documents/drone-radar-fusion/install/camera_vision:/home/guichen/Documents/drone-radar-fusion/install/hik_camera_ros2_driver LD_LIBRARY_PATH=/home/guichen/Documents/drone-radar-fusion/install/interface/lib:/home/guichen/Documents/drone-radar-fusion/install/livox_ros2_avia/lib:/home/guichen/Documents/drone-radar-fusion/install/livox_interfaces/lib:/home/guichen/Documents/drone-radar-fusion/install/hik_camera_ros2_driver/lib:/opt/MVS/lib/64:/opt/MVS/lib/32:/opt/MVS/lib/64:/opt/MVS/lib/32:/usr/lib/x86_64-linux-gnu/gazebo-11/plugins:/opt/ros/humble/opt/rviz_ogre_vendor/lib:/opt/ros/humble/lib/x86_64-linux-gnu:/opt/ros/humble/lib:/opt/MVS/lib/64:/opt/MVS/lib/32:/opt/MVS/lib/64:/opt/MVS/lib/32 PYTHONPATH=/home/guichen/Documents/drone-radar-fusion/build/camera_yolo/prefix_override:/usr/lib/python3/dist-packages/colcon_core/task/python/colcon_distutils_commands:/home/guichen/Documents/drone-radar-fusion/install/camera_yolo/lib/python3.10/site-packages:${PYTHONPATH} /usr/bin/python3 -W ignore:setup.py install is deprecated -W ignore:easy_install command is deprecated setup.py develop --editable --build-directory /home/guichen/Documents/drone-radar-fusion/build/camera_yolo/build --no-deps symlink_data
