[0.008s] Invoking command in '/home/guichen/Documents/drone-radar-fusion/build/livox_sdk_vendor': CMAKE_PREFIX_PATH=/opt/ros/humble /usr/bin/cmake /home/guichen/Documents/drone-radar-fusion/src/livox_driver/livox_sdk_vendor -DAMENT_CMAKE_SYMLINK_INSTALL=1 -DCMAKE_INSTALL_PREFIX=/home/guichen/Documents/drone-radar-fusion/install/livox_sdk_vendor
[0.065s] -- The C compiler identification is GNU 11.4.0
[0.120s] -- The CXX compiler identification is GNU 11.4.0
[0.127s] -- Detecting C compiler ABI info
[0.174s] -- Detecting C compiler ABI info - done
[0.179s] -- Check for working C compiler: /usr/bin/cc - skipped
[0.179s] -- Detecting C compile features
[0.180s] -- Detecting C compile features - done
[0.182s] -- Detecting CXX compiler ABI info
[0.238s] -- Detecting CXX compiler ABI info - done
[0.242s] -- Check for working CXX compiler: /usr/bin/c++ - skipped
[0.243s] -- Detecting CXX compile features
[0.243s] -- Detecting CXX compile features - done
[0.246s] -- Found ament_cmake: 1.3.14 (/opt/ros/humble/share/ament_cmake/cmake)
[0.348s] -- Found Python3: /usr/bin/python3 (found version "3.10.12") found components: Interpreter 
[0.392s] -- Override CMake install command with custom implementation using symlinks instead of copying resources
[0.478s] -- Configuring done
[0.480s] -- Generating done
[0.481s] -- Build files have been written to: /home/guichen/Documents/drone-radar-fusion/build/livox_sdk_vendor
[0.487s] Invoked command in '/home/guichen/Documents/drone-radar-fusion/build/livox_sdk_vendor' returned '0': CMAKE_PREFIX_PATH=/opt/ros/humble /usr/bin/cmake /home/guichen/Documents/drone-radar-fusion/src/livox_driver/livox_sdk_vendor -DAMENT_CMAKE_SYMLINK_INSTALL=1 -DCMAKE_INSTALL_PREFIX=/home/guichen/Documents/drone-radar-fusion/install/livox_sdk_vendor
[0.488s] Invoking command in '/home/guichen/Documents/drone-radar-fusion/build/livox_sdk_vendor': CMAKE_PREFIX_PATH=/opt/ros/humble /usr/bin/cmake --build /home/guichen/Documents/drone-radar-fusion/build/livox_sdk_vendor -- -j16 -l16
[0.522s] [ 12%] [34m[1mCreating directories for 'livox-sdk-master'[0m
[0.570s] [ 25%] [34m[1mPerforming download step (git clone) for 'livox-sdk-master'[0m
[0.588s] 正克隆到 'livox-sdk-master'...
[3.160s] 您的分支与上游分支 'origin/master' 一致。
[3.160s] 已经位于 'master'
[3.310s] [ 37%] [34m[1mPerforming update step for 'livox-sdk-master'[0m
[4.332s] HEAD 目前位于 1b3ef28 fix build ubuntu 22.04
[4.354s] [ 50%] [34m[1mNo patch step for 'livox-sdk-master'[0m
[4.372s] [ 62%] [34m[1mPerforming configure step for 'livox-sdk-master'[0m
[4.414s] -- The C compiler identification is GNU 11.4.0
[4.462s] -- The CXX compiler identification is GNU 11.4.0
[4.469s] -- Detecting C compiler ABI info
[4.523s] -- Detecting C compiler ABI info - done
[4.529s] -- Check for working C compiler: /usr/bin/cc - skipped
[4.529s] -- Detecting C compile features
[4.530s] -- Detecting C compile features - done
[4.532s] -- Detecting CXX compiler ABI info
[4.585s] -- Detecting CXX compiler ABI info - done
[4.591s] -- Check for working CXX compiler: /usr/bin/c++ - skipped
[4.591s] -- Detecting CXX compile features
[4.592s] -- Detecting CXX compile features - done
[4.592s] -- main project dir: /home/guichen/Documents/drone-radar-fusion/build/livox_sdk_vendor/livox-sdk-master-prefix/src/livox-sdk-master
[4.595s] -- Configuring done
[4.608s] -- Generating done
[4.609s] -- Build files have been written to: /home/guichen/Documents/drone-radar-fusion/build/livox_sdk_vendor/livox-sdk-master-prefix/src/livox-sdk-master-build
[4.623s] [ 75%] [34m[1mPerforming build step for 'livox-sdk-master'[0m
[4.664s] [  2%] [32mBuilding CXX object sdk_core/CMakeFiles/livox_sdk_static.dir/src/base/io_thread.cpp.o[0m
[4.664s] [  6%] [32mBuilding CXX object sdk_core/CMakeFiles/livox_sdk_static.dir/src/third_party/FastCRC/FastCRCsw.cpp.o[0m
[4.664s] [  6%] [32mBuilding CXX object sdk_core/CMakeFiles/livox_sdk_static.dir/src/base/io_loop.cpp.o[0m
[4.664s] [  8%] [32mBuilding CXX object sdk_core/CMakeFiles/livox_sdk_static.dir/src/base/thread_base.cpp.o[0m
[4.665s] [ 10%] [32mBuilding CXX object sdk_core/CMakeFiles/livox_sdk_static.dir/src/livox_sdk.cpp.o[0m
[4.665s] [ 12%] [32mBuilding CXX object sdk_core/CMakeFiles/livox_sdk_static.dir/src/device_manager.cpp.o[0m
[4.665s] [ 14%] [32mBuilding CXX object sdk_core/CMakeFiles/livox_sdk_static.dir/src/base/network/unix/network_util.cpp.o[0m
[4.665s] [ 18%] [32mBuilding CXX object sdk_core/CMakeFiles/livox_sdk_static.dir/src/comm/comm_port.cpp.o[0m
[4.666s] [ 18%] [32mBuilding CXX object sdk_core/CMakeFiles/livox_sdk_static.dir/src/device_discovery.cpp.o[0m
[4.669s] [ 20%] [32mBuilding CXX object sdk_core/CMakeFiles/livox_sdk_static.dir/src/base/logging.cpp.o[0m
[4.669s] [ 22%] [32mBuilding CXX object sdk_core/CMakeFiles/livox_sdk_static.dir/src/comm/sdk_protocol.cpp.o[0m
[4.673s] [ 25%] [32mBuilding CXX object sdk_core/CMakeFiles/livox_sdk_static.dir/src/data_handler/data_handler.cpp.o[0m
[4.673s] [ 27%] [32mBuilding CXX object sdk_core/CMakeFiles/livox_sdk_static.dir/src/data_handler/hub_data_handler.cpp.o[0m
[4.673s] [ 29%] [32mBuilding CXX object sdk_core/CMakeFiles/livox_sdk_static.dir/src/command_handler/command_handler.cpp.o[0m
[4.676s] [ 31%] [32mBuilding CXX object sdk_core/CMakeFiles/livox_sdk_static.dir/src/data_handler/lidar_data_handler.cpp.o[0m
[4.697s] [ 33%] [32mBuilding CXX object sdk_core/CMakeFiles/livox_sdk_static.dir/src/command_handler/command_channel.cpp.o[0m
[4.734s] [ 35%] [32mBuilding CXX object sdk_core/CMakeFiles/livox_sdk_static.dir/src/command_handler/hub_command_handler.cpp.o[0m
[4.826s] [ 37%] [32mBuilding CXX object sdk_core/CMakeFiles/livox_sdk_static.dir/src/command_handler/lidar_command_handler.cpp.o[0m
[4.974s] [ 39%] [32mBuilding CXX object sdk_core/CMakeFiles/livox_sdk_static.dir/src/command_handler/command_impl.cpp.o[0m
[5.172s] [ 41%] [32mBuilding CXX object sdk_core/CMakeFiles/livox_sdk_static.dir/src/base/multiple_io/multiple_io_base.cpp.o[0m
[5.287s] [ 43%] [32mBuilding CXX object sdk_core/CMakeFiles/livox_sdk_static.dir/src/base/multiple_io/multiple_io_epoll.cpp.o[0m
[5.659s] [ 45%] [32mBuilding CXX object sdk_core/CMakeFiles/livox_sdk_static.dir/src/base/multiple_io/multiple_io_poll.cpp.o[0m
[5.862s] [ 47%] [32mBuilding CXX object sdk_core/CMakeFiles/livox_sdk_static.dir/src/base/multiple_io/multiple_io_select.cpp.o[0m
[5.912s] [ 50%] [32mBuilding CXX object sdk_core/CMakeFiles/livox_sdk_static.dir/src/base/multiple_io/multiple_io_kqueue.cpp.o[0m
[5.961s] [ 52%] [32mBuilding CXX object sdk_core/CMakeFiles/livox_sdk_static.dir/src/base/wake_up/unix/wake_up_pipe.cpp.o[0m
[9.467s] [ 54%] [32m[1mLinking CXX static library liblivox_sdk_static.a[0m
[9.688s] [ 54%] Built target livox_sdk_static
[9.719s] [ 58%] [32mBuilding CXX object sample/hub_lvx_file/CMakeFiles/hub_lvx_sample.dir/lvx_file.cpp.o[0m
[9.720s] [ 58%] [32mBuilding C object sample/lidar/CMakeFiles/lidar_sample.dir/main.c.o[0m
[9.720s] [ 60%] [32mBuilding C object sample/hub/CMakeFiles/hub_sample.dir/main.c.o[0m
[9.720s] [ 64%] [32mBuilding CXX object sample_cc/lidar/CMakeFiles/lidar_sample_cc.dir/main.cpp.o[0m
[9.720s] [ 64%] [32mBuilding CXX object sample_cc/hub/CMakeFiles/hub_sample_cc.dir/main.cpp.o[0m
[9.720s] [ 66%] [32mBuilding CXX object sample_cc/hub/CMakeFiles/hub_sample_cc.dir/lds_hub.cpp.o[0m
[9.720s] [ 68%] [32mBuilding CXX object sample_cc/lidar_utc_sync/CMakeFiles/lidar_utc_sync.dir/lds_lidar.cpp.o[0m
[9.721s] [ 70%] [32mBuilding CXX object sample_cc/lidar_utc_sync/CMakeFiles/lidar_utc_sync.dir/synchro.cpp.o[0m
[9.721s] [ 72%] [32mBuilding CXX object sample/lidar_lvx_file/CMakeFiles/lidar_lvx_sample.dir/main.cpp.o[0m
[9.723s] [ 75%] [32mBuilding CXX object sample/hub_lvx_file/CMakeFiles/hub_lvx_sample.dir/main.cpp.o[0m
[9.723s] [ 77%] [32mBuilding CXX object sample_cc/lidar_utc_sync/CMakeFiles/lidar_utc_sync.dir/main.cpp.o[0m
[9.726s] [ 79%] [32mBuilding CXX object sample_cc/trouble_shooting/CMakeFiles/trouble_shooting.dir/main.cpp.o[0m
[9.729s] [ 83%] [32mBuilding CXX object sample/lidar_lvx_file/CMakeFiles/lidar_lvx_sample.dir/lvx_file.cpp.o[0m
[9.743s] [ 83%] [32mBuilding CXX object sample_cc/lidar/CMakeFiles/lidar_sample_cc.dir/lds_lidar.cpp.o[0m
[9.822s] [ 85%] [32m[1mLinking CXX executable hub_sample[0m
[9.865s] [ 87%] [32m[1mLinking CXX executable lidar_sample[0m
[10.244s] [ 89%] [32m[1mLinking CXX executable trouble_shooting[0m
[10.695s] [ 89%] Built target hub_sample
[10.860s] [ 89%] Built target lidar_sample
[10.933s] [ 89%] Built target trouble_shooting
[10.940s] [ 91%] [32m[1mLinking CXX executable lidar_sample_cc[0m
[11.093s] [ 93%] [32m[1mLinking CXX executable hub_sample_cc[0m
[11.104s] [ 95%] [32m[1mLinking CXX executable lidar_utc_sync[0m
[11.236s] [ 97%] [32m[1mLinking CXX executable lidar_lvx_sample[0m
[11.279s] [100%] [32m[1mLinking CXX executable hub_lvx_sample[0m
[11.393s] [100%] Built target lidar_sample_cc
[11.516s] [100%] Built target hub_sample_cc
[11.643s] [100%] Built target lidar_lvx_sample
[11.651s] [100%] Built target lidar_utc_sync
[11.664s] [100%] Built target hub_lvx_sample
[11.683s] [ 87%] [34m[1mPerforming install step for 'livox-sdk-master'[0m
[11.709s] [35m[1mConsolidate compiler generated dependencies of target livox_sdk_static[0m
[11.732s] [ 54%] Built target livox_sdk_static
[11.742s] [35m[1mConsolidate compiler generated dependencies of target hub_sample[0m
[11.742s] [35m[1mConsolidate compiler generated dependencies of target hub_sample_cc[0m
[11.742s] [35m[1mConsolidate compiler generated dependencies of target lidar_lvx_sample[0m
[11.742s] [35m[1mConsolidate compiler generated dependencies of target hub_lvx_sample[0m
[11.742s] [35m[1mConsolidate compiler generated dependencies of target lidar_utc_sync[0m
[11.743s] [35m[1mConsolidate compiler generated dependencies of target lidar_sample[0m
[11.745s] [35m[1mConsolidate compiler generated dependencies of target trouble_shooting[0m
[11.746s] [35m[1mConsolidate compiler generated dependencies of target lidar_sample_cc[0m
[11.755s] [ 58%] Built target hub_sample
[11.759s] [ 62%] Built target lidar_sample
[11.761s] [ 70%] Built target lidar_utc_sync
[11.762s] [ 75%] Built target trouble_shooting
[11.762s] [ 85%] Built target lidar_lvx_sample
[11.762s] [ 87%] Built target hub_sample_cc
[11.762s] [ 93%] Built target hub_lvx_sample
[11.764s] [100%] Built target lidar_sample_cc
[11.779s] [36mInstall the project...[0m
[11.786s] -- Install configuration: ""
[11.786s] -- Installing: /home/guichen/Documents/drone-radar-fusion/build/livox_sdk_vendor/livox-sdk_install/lib/liblivox_sdk_static.a
[11.793s] -- Installing: /home/guichen/Documents/drone-radar-fusion/build/livox_sdk_vendor/livox-sdk_install/include/livox_def.h
[11.793s] -- Installing: /home/guichen/Documents/drone-radar-fusion/build/livox_sdk_vendor/livox-sdk_install/include/livox_sdk.h
[11.807s] [100%] [34m[1mCompleted 'livox-sdk-master'[0m
[11.831s] [100%] Built target livox-sdk-master
[11.839s] Invoked command in '/home/guichen/Documents/drone-radar-fusion/build/livox_sdk_vendor' returned '0': CMAKE_PREFIX_PATH=/opt/ros/humble /usr/bin/cmake --build /home/guichen/Documents/drone-radar-fusion/build/livox_sdk_vendor -- -j16 -l16
[11.841s] Invoking command in '/home/guichen/Documents/drone-radar-fusion/build/livox_sdk_vendor': CMAKE_PREFIX_PATH=/opt/ros/humble /usr/bin/cmake --install /home/guichen/Documents/drone-radar-fusion/build/livox_sdk_vendor
[11.847s] -- Install configuration: ""
[11.847s] -- Execute custom install script
[11.847s] -- Symlinking: /home/guichen/Documents/drone-radar-fusion/install/livox_sdk_vendor/include/livox_def.h
[11.855s] -- Symlinking: /home/guichen/Documents/drone-radar-fusion/install/livox_sdk_vendor/include/livox_sdk.h
[11.862s] -- Symlinking: /home/guichen/Documents/drone-radar-fusion/install/livox_sdk_vendor/lib/liblivox_sdk_static.a
[11.868s] -- Symlinking: /home/guichen/Documents/drone-radar-fusion/install/livox_sdk_vendor/share/livox_sdk_vendor/cmake/Modules/Findlivox_sdk.cmake
[11.875s] -- Symlinking: /home/guichen/Documents/drone-radar-fusion/install/livox_sdk_vendor/share/ament_index/resource_index/package_run_dependencies/livox_sdk_vendor
[11.882s] -- Symlinking: /home/guichen/Documents/drone-radar-fusion/install/livox_sdk_vendor/share/ament_index/resource_index/parent_prefix_path/livox_sdk_vendor
[11.888s] -- Symlinking: /home/guichen/Documents/drone-radar-fusion/install/livox_sdk_vendor/share/livox_sdk_vendor/environment/ament_prefix_path.sh
[11.894s] -- Symlinking: /home/guichen/Documents/drone-radar-fusion/install/livox_sdk_vendor/share/livox_sdk_vendor/environment/ament_prefix_path.dsv
[11.901s] -- Symlinking: /home/guichen/Documents/drone-radar-fusion/install/livox_sdk_vendor/share/livox_sdk_vendor/environment/path.sh
[11.907s] -- Symlinking: /home/guichen/Documents/drone-radar-fusion/install/livox_sdk_vendor/share/livox_sdk_vendor/environment/path.dsv
[11.914s] -- Symlinking: /home/guichen/Documents/drone-radar-fusion/install/livox_sdk_vendor/share/livox_sdk_vendor/local_setup.bash
[11.921s] -- Symlinking: /home/guichen/Documents/drone-radar-fusion/install/livox_sdk_vendor/share/livox_sdk_vendor/local_setup.sh
[11.927s] -- Symlinking: /home/guichen/Documents/drone-radar-fusion/install/livox_sdk_vendor/share/livox_sdk_vendor/local_setup.zsh
[11.934s] -- Symlinking: /home/guichen/Documents/drone-radar-fusion/install/livox_sdk_vendor/share/livox_sdk_vendor/local_setup.dsv
[11.940s] -- Symlinking: /home/guichen/Documents/drone-radar-fusion/install/livox_sdk_vendor/share/livox_sdk_vendor/package.dsv
[11.947s] -- Symlinking: /home/guichen/Documents/drone-radar-fusion/install/livox_sdk_vendor/share/ament_index/resource_index/packages/livox_sdk_vendor
[11.955s] -- Symlinking: /home/guichen/Documents/drone-radar-fusion/install/livox_sdk_vendor/share/livox_sdk_vendor/cmake/livox_sdk_vendor-extras.cmake
[11.962s] -- Symlinking: /home/guichen/Documents/drone-radar-fusion/install/livox_sdk_vendor/share/livox_sdk_vendor/cmake/livox_sdk_vendorConfig.cmake
[11.968s] -- Symlinking: /home/guichen/Documents/drone-radar-fusion/install/livox_sdk_vendor/share/livox_sdk_vendor/cmake/livox_sdk_vendorConfig-version.cmake
[11.974s] -- Symlinking: /home/guichen/Documents/drone-radar-fusion/install/livox_sdk_vendor/share/livox_sdk_vendor/package.xml
[11.981s] Invoked command in '/home/guichen/Documents/drone-radar-fusion/build/livox_sdk_vendor' returned '0': CMAKE_PREFIX_PATH=/opt/ros/humble /usr/bin/cmake --install /home/guichen/Documents/drone-radar-fusion/build/livox_sdk_vendor
