[0.008s] Invoking command in '/home/guichen/Documents/drone-radar-fusion/build/livox_interfaces': CMAKE_PREFIX_PATH=/opt/ros/humble /usr/bin/cmake --build /home/guichen/Documents/drone-radar-fusion/build/livox_interfaces -- -j16 -l16
[0.038s] [35m[1mConsolidate compiler generated dependencies of target livox_interfaces__rosidl_generator_c[0m
[0.045s] [  2%] Built target livox_interfaces__rs
[0.045s] [  5%] Built target livox_interfaces__cpp
[0.050s] [ 15%] Built target livox_interfaces__rosidl_generator_c
[0.055s] [ 15%] Built target ament_cmake_python_symlink_livox_interfaces
[0.058s] [35m[1mConsolidate compiler generated dependencies of target livox_interfaces__rosidl_typesupport_cpp[0m
[0.058s] [35m[1mConsolidate compiler generated dependencies of target livox_interfaces__rosidl_typesupport_fastrtps_cpp[0m
[0.058s] [35m[1mConsolidate compiler generated dependencies of target livox_interfaces__rosidl_typesupport_introspection_cpp[0m
[0.067s] [35m[1mConsolidate compiler generated dependencies of target livox_interfaces__rosidl_typesupport_fastrtps_c[0m
[0.067s] [35m[1mConsolidate compiler generated dependencies of target livox_interfaces__rosidl_typesupport_introspection_c[0m
[0.068s] [35m[1mConsolidate compiler generated dependencies of target livox_interfaces__rosidl_typesupport_c[0m
[0.081s] [ 25%] Built target livox_interfaces__rosidl_typesupport_introspection_cpp
[0.082s] [ 35%] Built target livox_interfaces__rosidl_typesupport_cpp
[0.084s] [ 45%] Built target livox_interfaces__rosidl_typesupport_c
[0.084s] [ 55%] Built target livox_interfaces__rosidl_typesupport_introspection_c
[0.087s] [ 65%] Built target livox_interfaces__rosidl_typesupport_fastrtps_cpp
[0.087s] [ 75%] Built target livox_interfaces__rosidl_typesupport_fastrtps_c
[0.105s] [ 75%] Built target livox_interfaces
[0.120s] [ 77%] Built target livox_interfaces__py
[0.127s] [35m[1mConsolidate compiler generated dependencies of target livox_interfaces__rosidl_generator_py[0m
[0.137s] [ 85%] Built target livox_interfaces__rosidl_generator_py
[0.145s] [35m[1mConsolidate compiler generated dependencies of target livox_interfaces__rosidl_typesupport_fastrtps_c__pyext[0m
[0.146s] [35m[1mConsolidate compiler generated dependencies of target livox_interfaces__rosidl_typesupport_c__pyext[0m
[0.146s] [35m[1mConsolidate compiler generated dependencies of target livox_interfaces__rosidl_typesupport_introspection_c__pyext[0m
[0.159s] [100%] Built target livox_interfaces__rosidl_typesupport_introspection_c__pyext
[0.159s] [100%] Built target livox_interfaces__rosidl_typesupport_fastrtps_c__pyext
[0.160s] [100%] Built target livox_interfaces__rosidl_typesupport_c__pyext
[0.242s] running egg_info
[0.242s] writing livox_interfaces.egg-info/PKG-INFO
[0.242s] writing dependency_links to livox_interfaces.egg-info/dependency_links.txt
[0.243s] writing top-level names to livox_interfaces.egg-info/top_level.txt
[0.244s] reading manifest file 'livox_interfaces.egg-info/SOURCES.txt'
[0.244s] writing manifest file 'livox_interfaces.egg-info/SOURCES.txt'
[0.263s] [100%] Built target ament_cmake_python_build_livox_interfaces_egg
[0.271s] Invoked command in '/home/guichen/Documents/drone-radar-fusion/build/livox_interfaces' returned '0': CMAKE_PREFIX_PATH=/opt/ros/humble /usr/bin/cmake --build /home/guichen/Documents/drone-radar-fusion/build/livox_interfaces -- -j16 -l16
[0.277s] Invoking command in '/home/guichen/Documents/drone-radar-fusion/build/livox_interfaces': CMAKE_PREFIX_PATH=/opt/ros/humble /usr/bin/cmake --install /home/guichen/Documents/drone-radar-fusion/build/livox_interfaces
[0.283s] -- Install configuration: ""
[0.283s] -- Execute custom install script
[0.283s] -- Up-to-date symlink: /home/guichen/Documents/drone-radar-fusion/install/livox_interfaces/share/ament_index/resource_index/rosidl_interfaces/livox_interfaces
[0.283s] -- Up-to-date symlink: /home/guichen/Documents/drone-radar-fusion/install/livox_interfaces/include/livox_interfaces/livox_interfaces/msg/custom_msg.h
[0.283s] -- Up-to-date symlink: /home/guichen/Documents/drone-radar-fusion/install/livox_interfaces/include/livox_interfaces/livox_interfaces/msg/custom_point.h
[0.284s] -- Up-to-date symlink: /home/guichen/Documents/drone-radar-fusion/install/livox_interfaces/include/livox_interfaces/livox_interfaces/msg/detail/custom_msg__functions.h
[0.284s] -- Up-to-date symlink: /home/guichen/Documents/drone-radar-fusion/install/livox_interfaces/include/livox_interfaces/livox_interfaces/msg/detail/custom_msg__struct.h
[0.284s] -- Up-to-date symlink: /home/guichen/Documents/drone-radar-fusion/install/livox_interfaces/include/livox_interfaces/livox_interfaces/msg/detail/custom_msg__type_support.h
[0.284s] -- Up-to-date symlink: /home/guichen/Documents/drone-radar-fusion/install/livox_interfaces/include/livox_interfaces/livox_interfaces/msg/detail/custom_point__functions.h
[0.284s] -- Up-to-date symlink: /home/guichen/Documents/drone-radar-fusion/install/livox_interfaces/include/livox_interfaces/livox_interfaces/msg/detail/custom_point__struct.h
[0.284s] -- Up-to-date symlink: /home/guichen/Documents/drone-radar-fusion/install/livox_interfaces/include/livox_interfaces/livox_interfaces/msg/detail/custom_point__type_support.h
[0.284s] -- Up-to-date symlink: /home/guichen/Documents/drone-radar-fusion/install/livox_interfaces/include/livox_interfaces/livox_interfaces/msg/rosidl_generator_c__visibility_control.h
[0.284s] -- Up-to-date symlink: /home/guichen/Documents/drone-radar-fusion/install/livox_interfaces/share/livox_interfaces/environment/library_path.sh
[0.284s] -- Up-to-date symlink: /home/guichen/Documents/drone-radar-fusion/install/livox_interfaces/share/livox_interfaces/environment/library_path.dsv
[0.284s] -- Up-to-date symlink: /home/guichen/Documents/drone-radar-fusion/install/livox_interfaces/include/livox_interfaces/livox_interfaces/msg/detail/custom_msg__rosidl_typesupport_fastrtps_c.h
[0.284s] -- Up-to-date symlink: /home/guichen/Documents/drone-radar-fusion/install/livox_interfaces/include/livox_interfaces/livox_interfaces/msg/detail/custom_point__rosidl_typesupport_fastrtps_c.h
[0.285s] -- Up-to-date symlink: /home/guichen/Documents/drone-radar-fusion/install/livox_interfaces/include/livox_interfaces/livox_interfaces/msg/rosidl_typesupport_fastrtps_c__visibility_control.h
[0.285s] -- Up-to-date symlink: /home/guichen/Documents/drone-radar-fusion/install/livox_interfaces/include/livox_interfaces/livox_interfaces/msg/custom_msg.hpp
[0.285s] -- Up-to-date symlink: /home/guichen/Documents/drone-radar-fusion/install/livox_interfaces/include/livox_interfaces/livox_interfaces/msg/custom_point.hpp
[0.285s] -- Up-to-date symlink: /home/guichen/Documents/drone-radar-fusion/install/livox_interfaces/include/livox_interfaces/livox_interfaces/msg/detail/custom_msg__builder.hpp
[0.285s] -- Up-to-date symlink: /home/guichen/Documents/drone-radar-fusion/install/livox_interfaces/include/livox_interfaces/livox_interfaces/msg/detail/custom_msg__struct.hpp
[0.285s] -- Up-to-date symlink: /home/guichen/Documents/drone-radar-fusion/install/livox_interfaces/include/livox_interfaces/livox_interfaces/msg/detail/custom_msg__traits.hpp
[0.285s] -- Up-to-date symlink: /home/guichen/Documents/drone-radar-fusion/install/livox_interfaces/include/livox_interfaces/livox_interfaces/msg/detail/custom_msg__type_support.hpp
[0.285s] -- Up-to-date symlink: /home/guichen/Documents/drone-radar-fusion/install/livox_interfaces/include/livox_interfaces/livox_interfaces/msg/detail/custom_point__builder.hpp
[0.285s] -- Up-to-date symlink: /home/guichen/Documents/drone-radar-fusion/install/livox_interfaces/include/livox_interfaces/livox_interfaces/msg/detail/custom_point__struct.hpp
[0.285s] -- Up-to-date symlink: /home/guichen/Documents/drone-radar-fusion/install/livox_interfaces/include/livox_interfaces/livox_interfaces/msg/detail/custom_point__traits.hpp
[0.286s] -- Up-to-date symlink: /home/guichen/Documents/drone-radar-fusion/install/livox_interfaces/include/livox_interfaces/livox_interfaces/msg/detail/custom_point__type_support.hpp
[0.286s] -- Up-to-date symlink: /home/guichen/Documents/drone-radar-fusion/install/livox_interfaces/include/livox_interfaces/livox_interfaces/msg/rosidl_generator_cpp__visibility_control.hpp
[0.286s] -- Up-to-date symlink: /home/guichen/Documents/drone-radar-fusion/install/livox_interfaces/include/livox_interfaces/livox_interfaces/msg/detail/custom_msg__rosidl_typesupport_fastrtps_cpp.hpp
[0.286s] -- Up-to-date symlink: /home/guichen/Documents/drone-radar-fusion/install/livox_interfaces/include/livox_interfaces/livox_interfaces/msg/detail/custom_point__rosidl_typesupport_fastrtps_cpp.hpp
[0.286s] -- Up-to-date symlink: /home/guichen/Documents/drone-radar-fusion/install/livox_interfaces/include/livox_interfaces/livox_interfaces/msg/rosidl_typesupport_fastrtps_cpp__visibility_control.h
[0.286s] -- Up-to-date symlink: /home/guichen/Documents/drone-radar-fusion/install/livox_interfaces/include/livox_interfaces/livox_interfaces/msg/detail/custom_msg__rosidl_typesupport_introspection_c.h
[0.286s] -- Up-to-date symlink: /home/guichen/Documents/drone-radar-fusion/install/livox_interfaces/include/livox_interfaces/livox_interfaces/msg/detail/custom_point__rosidl_typesupport_introspection_c.h
[0.286s] -- Up-to-date symlink: /home/guichen/Documents/drone-radar-fusion/install/livox_interfaces/include/livox_interfaces/livox_interfaces/msg/rosidl_typesupport_introspection_c__visibility_control.h
[0.286s] -- Up-to-date symlink: /home/guichen/Documents/drone-radar-fusion/install/livox_interfaces/include/livox_interfaces/livox_interfaces/msg/detail/custom_msg__rosidl_typesupport_introspection_cpp.hpp
[0.286s] -- Up-to-date symlink: /home/guichen/Documents/drone-radar-fusion/install/livox_interfaces/include/livox_interfaces/livox_interfaces/msg/detail/custom_point__rosidl_typesupport_introspection_cpp.hpp
[0.286s] -- Up-to-date symlink: /home/guichen/Documents/drone-radar-fusion/install/livox_interfaces/share/livox_interfaces/environment/pythonpath.sh
[0.287s] -- Up-to-date symlink: /home/guichen/Documents/drone-radar-fusion/install/livox_interfaces/share/livox_interfaces/environment/pythonpath.dsv
[0.287s] -- Up-to-date symlink: /home/guichen/Documents/drone-radar-fusion/install/livox_interfaces/local/lib/python3.10/dist-packages/livox_interfaces-0.0.1-py3.10.egg-info/PKG-INFO
[0.287s] -- Up-to-date symlink: /home/guichen/Documents/drone-radar-fusion/install/livox_interfaces/local/lib/python3.10/dist-packages/livox_interfaces-0.0.1-py3.10.egg-info/SOURCES.txt
[0.287s] -- Up-to-date symlink: /home/guichen/Documents/drone-radar-fusion/install/livox_interfaces/local/lib/python3.10/dist-packages/livox_interfaces-0.0.1-py3.10.egg-info/dependency_links.txt
[0.287s] -- Up-to-date symlink: /home/guichen/Documents/drone-radar-fusion/install/livox_interfaces/local/lib/python3.10/dist-packages/livox_interfaces-0.0.1-py3.10.egg-info/top_level.txt
[0.287s] -- Up-to-date symlink: /home/guichen/Documents/drone-radar-fusion/install/livox_interfaces/local/lib/python3.10/dist-packages/livox_interfaces/__init__.py
[0.287s] -- Up-to-date symlink: /home/guichen/Documents/drone-radar-fusion/install/livox_interfaces/local/lib/python3.10/dist-packages/livox_interfaces/_livox_interfaces_s.ep.rosidl_typesupport_c.c
[0.287s] -- Up-to-date symlink: /home/guichen/Documents/drone-radar-fusion/install/livox_interfaces/local/lib/python3.10/dist-packages/livox_interfaces/_livox_interfaces_s.ep.rosidl_typesupport_fastrtps_c.c
[0.287s] -- Up-to-date symlink: /home/guichen/Documents/drone-radar-fusion/install/livox_interfaces/local/lib/python3.10/dist-packages/livox_interfaces/_livox_interfaces_s.ep.rosidl_typesupport_introspection_c.c
[0.287s] -- Up-to-date symlink: /home/guichen/Documents/drone-radar-fusion/install/livox_interfaces/local/lib/python3.10/dist-packages/livox_interfaces/liblivox_interfaces__rosidl_generator_py.so
[0.288s] -- Up-to-date symlink: /home/guichen/Documents/drone-radar-fusion/install/livox_interfaces/local/lib/python3.10/dist-packages/livox_interfaces/livox_interfaces_s__rosidl_typesupport_c.cpython-310-x86_64-linux-gnu.so
[0.288s] -- Up-to-date symlink: /home/guichen/Documents/drone-radar-fusion/install/livox_interfaces/local/lib/python3.10/dist-packages/livox_interfaces/livox_interfaces_s__rosidl_typesupport_fastrtps_c.cpython-310-x86_64-linux-gnu.so
[0.288s] -- Up-to-date symlink: /home/guichen/Documents/drone-radar-fusion/install/livox_interfaces/local/lib/python3.10/dist-packages/livox_interfaces/livox_interfaces_s__rosidl_typesupport_introspection_c.cpython-310-x86_64-linux-gnu.so
[0.288s] -- Up-to-date symlink: /home/guichen/Documents/drone-radar-fusion/install/livox_interfaces/local/lib/python3.10/dist-packages/livox_interfaces/msg/__init__.py
[0.288s] -- Up-to-date symlink: /home/guichen/Documents/drone-radar-fusion/install/livox_interfaces/local/lib/python3.10/dist-packages/livox_interfaces/msg/_custom_msg.py
[0.288s] -- Up-to-date symlink: /home/guichen/Documents/drone-radar-fusion/install/livox_interfaces/local/lib/python3.10/dist-packages/livox_interfaces/msg/_custom_msg_s.c
[0.288s] -- Up-to-date symlink: /home/guichen/Documents/drone-radar-fusion/install/livox_interfaces/local/lib/python3.10/dist-packages/livox_interfaces/msg/_custom_point.py
[0.288s] -- Up-to-date symlink: /home/guichen/Documents/drone-radar-fusion/install/livox_interfaces/local/lib/python3.10/dist-packages/livox_interfaces/msg/_custom_point_s.c
[0.288s] -- Up-to-date symlink: /home/guichen/Documents/drone-radar-fusion/install/livox_interfaces/local/lib/python3.10/dist-packages/livox_interfaces/livox_interfaces_s__rosidl_typesupport_fastrtps_c.cpython-310-x86_64-linux-gnu.so
[0.288s] -- Up-to-date symlink: /home/guichen/Documents/drone-radar-fusion/install/livox_interfaces/local/lib/python3.10/dist-packages/livox_interfaces/livox_interfaces_s__rosidl_typesupport_introspection_c.cpython-310-x86_64-linux-gnu.so
[0.289s] -- Up-to-date symlink: /home/guichen/Documents/drone-radar-fusion/install/livox_interfaces/local/lib/python3.10/dist-packages/livox_interfaces/livox_interfaces_s__rosidl_typesupport_c.cpython-310-x86_64-linux-gnu.so
[0.289s] -- Up-to-date symlink: /home/guichen/Documents/drone-radar-fusion/install/livox_interfaces/share/ament_index/resource_index/rust_packages/livox_interfaces
[0.289s] -- Up-to-date symlink: /home/guichen/Documents/drone-radar-fusion/install/livox_interfaces/share/livox_interfaces/rust/Cargo.toml
[0.289s] -- Up-to-date symlink: /home/guichen/Documents/drone-radar-fusion/install/livox_interfaces/share/livox_interfaces/rust/build.rs
[0.289s] -- Up-to-date symlink: /home/guichen/Documents/drone-radar-fusion/install/livox_interfaces/share/livox_interfaces/rust/src/lib.rs
[0.289s] -- Up-to-date symlink: /home/guichen/Documents/drone-radar-fusion/install/livox_interfaces/share/livox_interfaces/rust/src/msg.rs
[0.289s] -- Up-to-date symlink: /home/guichen/Documents/drone-radar-fusion/install/livox_interfaces/share/livox_interfaces/rust/src/msg/rmw.rs
[0.289s] -- Up-to-date symlink: /home/guichen/Documents/drone-radar-fusion/install/livox_interfaces/share/livox_interfaces/msg/CustomPoint.idl
[0.289s] -- Up-to-date symlink: /home/guichen/Documents/drone-radar-fusion/install/livox_interfaces/share/livox_interfaces/msg/CustomMsg.idl
[0.289s] -- Up-to-date symlink: /home/guichen/Documents/drone-radar-fusion/install/livox_interfaces/share/livox_interfaces/msg/CustomPoint.msg
[0.289s] -- Up-to-date symlink: /home/guichen/Documents/drone-radar-fusion/install/livox_interfaces/share/livox_interfaces/msg/CustomMsg.msg
[0.289s] -- Up-to-date symlink: /home/guichen/Documents/drone-radar-fusion/install/livox_interfaces/share/ament_index/resource_index/package_run_dependencies/livox_interfaces
[0.289s] -- Up-to-date symlink: /home/guichen/Documents/drone-radar-fusion/install/livox_interfaces/share/ament_index/resource_index/parent_prefix_path/livox_interfaces
[0.290s] -- Up-to-date symlink: /home/guichen/Documents/drone-radar-fusion/install/livox_interfaces/share/livox_interfaces/environment/ament_prefix_path.sh
[0.290s] -- Up-to-date symlink: /home/guichen/Documents/drone-radar-fusion/install/livox_interfaces/share/livox_interfaces/environment/ament_prefix_path.dsv
[0.290s] -- Up-to-date symlink: /home/guichen/Documents/drone-radar-fusion/install/livox_interfaces/share/livox_interfaces/environment/path.sh
[0.290s] -- Up-to-date symlink: /home/guichen/Documents/drone-radar-fusion/install/livox_interfaces/share/livox_interfaces/environment/path.dsv
[0.290s] -- Up-to-date symlink: /home/guichen/Documents/drone-radar-fusion/install/livox_interfaces/share/livox_interfaces/local_setup.bash
[0.290s] -- Up-to-date symlink: /home/guichen/Documents/drone-radar-fusion/install/livox_interfaces/share/livox_interfaces/local_setup.sh
[0.290s] -- Up-to-date symlink: /home/guichen/Documents/drone-radar-fusion/install/livox_interfaces/share/livox_interfaces/local_setup.zsh
[0.290s] -- Up-to-date symlink: /home/guichen/Documents/drone-radar-fusion/install/livox_interfaces/share/livox_interfaces/local_setup.dsv
[0.290s] -- Symlinking: /home/guichen/Documents/drone-radar-fusion/install/livox_interfaces/share/livox_interfaces/package.dsv
[0.296s] -- Up-to-date symlink: /home/guichen/Documents/drone-radar-fusion/install/livox_interfaces/share/ament_index/resource_index/packages/livox_interfaces
[0.296s] -- Up-to-date symlink: /home/guichen/Documents/drone-radar-fusion/install/livox_interfaces/share/livox_interfaces/cmake/rosidl_cmake-extras.cmake
[0.296s] -- Up-to-date symlink: /home/guichen/Documents/drone-radar-fusion/install/livox_interfaces/share/livox_interfaces/cmake/ament_cmake_export_dependencies-extras.cmake
[0.296s] -- Up-to-date symlink: /home/guichen/Documents/drone-radar-fusion/install/livox_interfaces/share/livox_interfaces/cmake/ament_cmake_export_include_directories-extras.cmake
[0.296s] -- Up-to-date symlink: /home/guichen/Documents/drone-radar-fusion/install/livox_interfaces/share/livox_interfaces/cmake/ament_cmake_export_libraries-extras.cmake
[0.296s] -- Up-to-date symlink: /home/guichen/Documents/drone-radar-fusion/install/livox_interfaces/share/livox_interfaces/cmake/ament_cmake_export_targets-extras.cmake
[0.296s] -- Up-to-date symlink: /home/guichen/Documents/drone-radar-fusion/install/livox_interfaces/share/livox_interfaces/cmake/rosidl_cmake_export_typesupport_targets-extras.cmake
[0.296s] -- Up-to-date symlink: /home/guichen/Documents/drone-radar-fusion/install/livox_interfaces/share/livox_interfaces/cmake/rosidl_cmake_export_typesupport_libraries-extras.cmake
[0.296s] -- Up-to-date symlink: /home/guichen/Documents/drone-radar-fusion/install/livox_interfaces/share/livox_interfaces/cmake/livox_interfacesConfig.cmake
[0.296s] -- Up-to-date symlink: /home/guichen/Documents/drone-radar-fusion/install/livox_interfaces/share/livox_interfaces/cmake/livox_interfacesConfig-version.cmake
[0.297s] -- Up-to-date symlink: /home/guichen/Documents/drone-radar-fusion/install/livox_interfaces/share/livox_interfaces/package.xml
[0.297s] -- Up-to-date: /home/guichen/Documents/drone-radar-fusion/install/livox_interfaces/lib/liblivox_interfaces__rosidl_generator_c.so
[0.297s] -- Up-to-date: /home/guichen/Documents/drone-radar-fusion/install/livox_interfaces/lib/liblivox_interfaces__rosidl_typesupport_fastrtps_c.so
[0.297s] -- Up-to-date: /home/guichen/Documents/drone-radar-fusion/install/livox_interfaces/lib/liblivox_interfaces__rosidl_typesupport_fastrtps_cpp.so
[0.297s] -- Up-to-date: /home/guichen/Documents/drone-radar-fusion/install/livox_interfaces/lib/liblivox_interfaces__rosidl_typesupport_introspection_c.so
[0.297s] -- Up-to-date: /home/guichen/Documents/drone-radar-fusion/install/livox_interfaces/lib/liblivox_interfaces__rosidl_typesupport_c.so
[0.297s] -- Up-to-date: /home/guichen/Documents/drone-radar-fusion/install/livox_interfaces/lib/liblivox_interfaces__rosidl_typesupport_introspection_cpp.so
[0.297s] -- Up-to-date: /home/guichen/Documents/drone-radar-fusion/install/livox_interfaces/lib/liblivox_interfaces__rosidl_typesupport_cpp.so
[0.318s] Listing '/home/guichen/Documents/drone-radar-fusion/install/livox_interfaces/local/lib/python3.10/dist-packages/livox_interfaces'...
[0.318s] Listing '/home/guichen/Documents/drone-radar-fusion/install/livox_interfaces/local/lib/python3.10/dist-packages/livox_interfaces/msg'...
[0.321s] -- Up-to-date: /home/guichen/Documents/drone-radar-fusion/install/livox_interfaces/lib/liblivox_interfaces__rosidl_generator_py.so
[0.321s] -- Up-to-date: /home/guichen/Documents/drone-radar-fusion/install/livox_interfaces/share/livox_interfaces/cmake/export_livox_interfaces__rosidl_generator_cExport.cmake
[0.321s] -- Up-to-date: /home/guichen/Documents/drone-radar-fusion/install/livox_interfaces/share/livox_interfaces/cmake/export_livox_interfaces__rosidl_generator_cExport-noconfig.cmake
[0.321s] -- Up-to-date: /home/guichen/Documents/drone-radar-fusion/install/livox_interfaces/share/livox_interfaces/cmake/export_livox_interfaces__rosidl_typesupport_fastrtps_cExport.cmake
[0.321s] -- Up-to-date: /home/guichen/Documents/drone-radar-fusion/install/livox_interfaces/share/livox_interfaces/cmake/export_livox_interfaces__rosidl_typesupport_fastrtps_cExport-noconfig.cmake
[0.321s] -- Up-to-date: /home/guichen/Documents/drone-radar-fusion/install/livox_interfaces/share/livox_interfaces/cmake/export_livox_interfaces__rosidl_generator_cppExport.cmake
[0.321s] -- Up-to-date: /home/guichen/Documents/drone-radar-fusion/install/livox_interfaces/share/livox_interfaces/cmake/export_livox_interfaces__rosidl_typesupport_fastrtps_cppExport.cmake
[0.321s] -- Up-to-date: /home/guichen/Documents/drone-radar-fusion/install/livox_interfaces/share/livox_interfaces/cmake/export_livox_interfaces__rosidl_typesupport_fastrtps_cppExport-noconfig.cmake
[0.321s] -- Up-to-date: /home/guichen/Documents/drone-radar-fusion/install/livox_interfaces/share/livox_interfaces/cmake/livox_interfaces__rosidl_typesupport_introspection_cExport.cmake
[0.321s] -- Up-to-date: /home/guichen/Documents/drone-radar-fusion/install/livox_interfaces/share/livox_interfaces/cmake/livox_interfaces__rosidl_typesupport_introspection_cExport-noconfig.cmake
[0.321s] -- Up-to-date: /home/guichen/Documents/drone-radar-fusion/install/livox_interfaces/share/livox_interfaces/cmake/livox_interfaces__rosidl_typesupport_cExport.cmake
[0.321s] -- Up-to-date: /home/guichen/Documents/drone-radar-fusion/install/livox_interfaces/share/livox_interfaces/cmake/livox_interfaces__rosidl_typesupport_cExport-noconfig.cmake
[0.321s] -- Up-to-date: /home/guichen/Documents/drone-radar-fusion/install/livox_interfaces/share/livox_interfaces/cmake/livox_interfaces__rosidl_typesupport_introspection_cppExport.cmake
[0.321s] -- Up-to-date: /home/guichen/Documents/drone-radar-fusion/install/livox_interfaces/share/livox_interfaces/cmake/livox_interfaces__rosidl_typesupport_introspection_cppExport-noconfig.cmake
[0.322s] -- Up-to-date: /home/guichen/Documents/drone-radar-fusion/install/livox_interfaces/share/livox_interfaces/cmake/livox_interfaces__rosidl_typesupport_cppExport.cmake
[0.322s] -- Up-to-date: /home/guichen/Documents/drone-radar-fusion/install/livox_interfaces/share/livox_interfaces/cmake/livox_interfaces__rosidl_typesupport_cppExport-noconfig.cmake
[0.322s] -- Up-to-date: /home/guichen/Documents/drone-radar-fusion/install/livox_interfaces/share/livox_interfaces/cmake/export_livox_interfaces__rosidl_generator_pyExport.cmake
[0.322s] -- Up-to-date: /home/guichen/Documents/drone-radar-fusion/install/livox_interfaces/share/livox_interfaces/cmake/export_livox_interfaces__rosidl_generator_pyExport-noconfig.cmake
[0.323s] Invoked command in '/home/guichen/Documents/drone-radar-fusion/build/livox_interfaces' returned '0': CMAKE_PREFIX_PATH=/opt/ros/humble /usr/bin/cmake --install /home/guichen/Documents/drone-radar-fusion/build/livox_interfaces
