[0.006s] Invoking command in '/home/guichen/Documents/drone-radar-fusion/build/hik_camera_ros2_driver': CMAKE_PREFIX_PATH=/opt/ros/humble /usr/bin/cmake /home/guichen/Documents/drone-radar-fusion/src/hik_camera -DCMAKE_BUILD_TYPE=Release -DAMENT_CMAKE_SYMLINK_INSTALL=1 -DCMAKE_INSTALL_PREFIX=/home/guichen/Documents/drone-radar-fusion/install/hik_camera_ros2_driver
[0.039s] -- The C compiler identification is GNU 11.4.0
[0.072s] -- The CXX compiler identification is GNU 11.4.0
[0.076s] -- Detecting C compiler ABI info
[0.119s] -- Detecting C compiler ABI info - done
[0.124s] -- Check for working C compiler: /usr/bin/cc - skipped
[0.124s] -- Detecting C compile features
[0.124s] -- Detecting C compile features - done
[0.126s] -- Detecting CXX compiler ABI info
[0.175s] -- Detecting CXX compiler ABI info - done
[0.180s] -- Check for working CXX compiler: /usr/bin/c++ - skipped
[0.180s] -- Detecting CXX compile features
[0.180s] -- Detecting CXX compile features - done
[0.181s] -- Found ament_cmake_auto: 1.3.14 (/opt/ros/humble/share/ament_cmake_auto/cmake)
[0.274s] -- Found Python3: /usr/bin/python3 (found version "3.10.12") found components: Interpreter 
[0.317s] -- Override CMake install command with custom implementation using symlinks instead of copying resources
[0.395s] -- Found rosidl_generator_c: 3.1.8 (/opt/ros/humble/share/rosidl_generator_c/cmake)
[0.398s] -- Found rosidl_adapter: 3.1.8 (/opt/ros/humble/share/rosidl_adapter/cmake)
[0.402s] -- Found rosidl_generator_cpp: 3.1.8 (/opt/ros/humble/share/rosidl_generator_cpp/cmake)
[0.409s] -- Using all available rosidl_typesupport_c: rosidl_typesupport_fastrtps_c;rosidl_typesupport_introspection_c
[0.418s] -- Using all available rosidl_typesupport_cpp: rosidl_typesupport_fastrtps_cpp;rosidl_typesupport_introspection_cpp
[0.442s] -- Found rmw_implementation_cmake: 6.1.2 (/opt/ros/humble/share/rmw_implementation_cmake/cmake)
[0.443s] -- Found rmw_fastrtps_cpp: 6.2.10 (/opt/ros/humble/share/rmw_fastrtps_cpp/cmake)
[0.490s] -- Found OpenSSL: /usr/lib/x86_64-linux-gnu/libcrypto.so (found version "3.0.2")  
[0.505s] -- Found FastRTPS: /opt/ros/humble/include  
[0.527s] -- Using RMW implementation 'rmw_fastrtps_cpp' as default
[0.531s] -- Looking for pthread.h
[0.576s] -- Looking for pthread.h - found
[0.576s] -- Performing Test CMAKE_HAVE_LIBC_PTHREAD
[0.621s] -- Performing Test CMAKE_HAVE_LIBC_PTHREAD - Success
[0.622s] -- Found Threads: TRUE  
[0.712s] -- Found ament_lint_auto: 0.12.15 (/opt/ros/humble/share/ament_lint_auto/cmake)
[0.724s] -- Added test 'cppcheck' to perform static code analysis on C / C++ code
[0.724s] -- Configured cppcheck include dirs: /home/guichen/Documents/drone-radar-fusion/src/hik_camera/hikSDK/include
[0.724s] -- Configured cppcheck exclude dirs and/or files: 
[0.725s] -- Added test 'lint_cmake' to check CMake code style
[0.725s] -- Added test 'pep257' to check Python code against some of the docstring style conventions in PEP 257
[0.726s] -- Added test 'xmllint' to check XML markup files
[0.727s] -- Configuring done
[0.735s] -- Generating done
[0.738s] -- Build files have been written to: /home/guichen/Documents/drone-radar-fusion/build/hik_camera_ros2_driver
[0.745s] Invoked command in '/home/guichen/Documents/drone-radar-fusion/build/hik_camera_ros2_driver' returned '0': CMAKE_PREFIX_PATH=/opt/ros/humble /usr/bin/cmake /home/guichen/Documents/drone-radar-fusion/src/hik_camera -DCMAKE_BUILD_TYPE=Release -DAMENT_CMAKE_SYMLINK_INSTALL=1 -DCMAKE_INSTALL_PREFIX=/home/guichen/Documents/drone-radar-fusion/install/hik_camera_ros2_driver
[0.746s] Invoking command in '/home/guichen/Documents/drone-radar-fusion/build/hik_camera_ros2_driver': CMAKE_PREFIX_PATH=/opt/ros/humble /usr/bin/cmake --build /home/guichen/Documents/drone-radar-fusion/build/hik_camera_ros2_driver -- -j16 -l16
[0.776s] [ 50%] Building CXX object CMakeFiles/hik_camera_ros2_driver_node.dir/rclcpp_components/node_main_hik_camera_ros2_driver_node.cpp.o
[0.776s] [ 50%] Building CXX object CMakeFiles/hik_camera_ros2_driver.dir/src/hik_camera_node.cpp.o
[0.818s] /home/guichen/Documents/drone-radar-fusion/src/hik_camera/src/hik_camera_node.cpp:4:10: fatal error: camera_info_manager/camera_info_manager.hpp: 没有那个文件或目录
[0.818s]     4 | #include "camera_info_manager/camera_info_manager.hpp"
[0.818s]       |          ^~~~~~~~~~~~~~~~~~~~~~~~~~~~~~~~~~~~~~~~~~~~~
[0.818s] compilation terminated.
[0.818s] gmake[2]: *** [CMakeFiles/hik_camera_ros2_driver.dir/build.make:76：CMakeFiles/hik_camera_ros2_driver.dir/src/hik_camera_node.cpp.o] 错误 1
[0.818s] gmake[1]: *** [CMakeFiles/Makefile2:139：CMakeFiles/hik_camera_ros2_driver.dir/all] 错误 2
[0.818s] gmake[1]: *** 正在等待未完成的任务....
[2.987s] [ 75%] Linking CXX executable hik_camera_ros2_driver_node
[3.050s] [ 75%] Built target hik_camera_ros2_driver_node
[3.050s] gmake: *** [Makefile:146：all] 错误 2
[3.052s] Invoked command in '/home/guichen/Documents/drone-radar-fusion/build/hik_camera_ros2_driver' returned '2': CMAKE_PREFIX_PATH=/opt/ros/humble /usr/bin/cmake --build /home/guichen/Documents/drone-radar-fusion/build/hik_camera_ros2_driver -- -j16 -l16
