[0.000000] (-) TimerEvent: {}
[0.011934] (-) JobUnselected: {'identifier': 'camera_vision'}
[0.014405] (-) JobUnselected: {'identifier': 'fusion'}
[0.014449] (-) JobUnselected: {'identifier': 'hik_camera_ros2_driver'}
[0.014478] (-) JobUnselected: {'identifier': 'interface'}
[0.014506] (-) JobUnselected: {'identifier': 'livox_interfaces'}
[0.014531] (-) JobUnselected: {'identifier': 'livox_ros2_avia'}
[0.014550] (-) JobUnselected: {'identifier': 'livox_sdk_vendor'}
[0.014574] (-) JobUnselected: {'identifier': 'radar'}
[0.014593] (-) JobUnselected: {'identifier': 'web_dashboard'}
[0.014637] (simulation) JobQueued: {'identifier': 'simulation', 'dependencies': OrderedDict([('interface', '/home/guichen/Documents/drone-radar-fusion/install/interface')])}
[0.051777] (simulation) JobStarted: {'identifier': 'simulation'}
[0.092723] (-) TimerEvent: {}
[0.203445] (-) TimerEvent: {}
[0.312082] (-) TimerEvent: {}
[0.419363] (-) TimerEvent: {}
[0.551479] (-) TimerEvent: {}
[0.682105] (-) TimerEvent: {}
[0.833286] (-) TimerEvent: {}
[0.997625] (-) TimerEvent: {}
[1.103966] (-) TimerEvent: {}
[1.216513] (-) TimerEvent: {}
[1.323484] (-) TimerEvent: {}
[1.444107] (-) TimerEvent: {}
[1.551640] (-) TimerEvent: {}
[1.659709] (-) TimerEvent: {}
[1.766331] (-) TimerEvent: {}
[1.880904] (-) TimerEvent: {}
[1.984869] (-) TimerEvent: {}
[2.090042] (-) TimerEvent: {}
[2.194687] (-) TimerEvent: {}
[2.311079] (-) TimerEvent: {}
[2.416287] (-) TimerEvent: {}
[2.519118] (-) TimerEvent: {}
[2.624957] (-) TimerEvent: {}
[2.729197] (-) TimerEvent: {}
[2.839442] (-) TimerEvent: {}
[2.943835] (-) TimerEvent: {}
[3.050667] (-) TimerEvent: {}
[3.165155] (-) TimerEvent: {}
[3.271048] (-) TimerEvent: {}
[3.378470] (-) TimerEvent: {}
[3.489252] (-) TimerEvent: {}
[3.593977] (-) TimerEvent: {}
[3.702152] (-) TimerEvent: {}
[3.807343] (-) TimerEvent: {}
[3.911825] (-) TimerEvent: {}
[4.023789] (-) TimerEvent: {}
[4.144112] (-) TimerEvent: {}
[4.253211] (-) TimerEvent: {}
[4.369261] (-) TimerEvent: {}
[4.475736] (-) TimerEvent: {}
[4.583209] (-) TimerEvent: {}
[4.685877] (-) TimerEvent: {}
[4.795714] (-) TimerEvent: {}
[4.915940] (-) TimerEvent: {}
[5.022658] (-) TimerEvent: {}
[5.129705] (-) TimerEvent: {}
[5.237516] (-) TimerEvent: {}
[5.348825] (-) TimerEvent: {}
[5.467990] (-) TimerEvent: {}
[5.576558] (-) TimerEvent: {}
[5.680697] (-) TimerEvent: {}
[5.794081] (-) TimerEvent: {}
[5.898571] (-) TimerEvent: {}
[6.002478] (-) TimerEvent: {}
[6.107097] (-) TimerEvent: {}
[6.213737] (-) TimerEvent: {}
[6.328180] (-) TimerEvent: {}
[6.440549] (-) TimerEvent: {}
[6.543658] (-) TimerEvent: {}
[6.650478] (-) TimerEvent: {}
[6.754833] (-) TimerEvent: {}
[6.864874] (-) TimerEvent: {}
[6.970076] (-) TimerEvent: {}
[7.080680] (-) TimerEvent: {}
[7.196193] (-) TimerEvent: {}
[7.303399] (-) TimerEvent: {}
[7.420814] (-) TimerEvent: {}
[7.524745] (-) TimerEvent: {}
[7.628955] (-) TimerEvent: {}
[7.735112] (-) TimerEvent: {}
[7.842314] (-) TimerEvent: {}
[7.946339] (-) TimerEvent: {}
[8.049166] (-) TimerEvent: {}
[8.178005] (-) TimerEvent: {}
[8.283141] (-) TimerEvent: {}
[8.393401] (-) TimerEvent: {}
[8.495738] (-) TimerEvent: {}
[8.605627] (-) TimerEvent: {}
[8.711077] (-) TimerEvent: {}
[8.815711] (-) TimerEvent: {}
[8.927692] (-) TimerEvent: {}
[9.033998] (-) TimerEvent: {}
[9.140063] (-) TimerEvent: {}
[9.241747] (-) TimerEvent: {}
[9.345404] (-) TimerEvent: {}
[9.451475] (-) TimerEvent: {}
[9.562660] (-) TimerEvent: {}
[9.679757] (-) TimerEvent: {}
[9.789203] (-) TimerEvent: {}
[9.892769] (-) TimerEvent: {}
[10.001619] (-) TimerEvent: {}
[10.104775] (-) TimerEvent: {}
[10.205749] (-) TimerEvent: {}
[10.311701] (-) TimerEvent: {}
[10.432074] (-) TimerEvent: {}
[10.548618] (-) TimerEvent: {}
[10.661185] (-) TimerEvent: {}
[10.765364] (-) TimerEvent: {}
[10.871426] (-) TimerEvent: {}
[10.981410] (-) TimerEvent: {}
[11.085943] (-) TimerEvent: {}
[11.194680] (-) TimerEvent: {}
[11.315013] (-) TimerEvent: {}
[11.418695] (-) TimerEvent: {}
[11.523035] (-) TimerEvent: {}
[11.628293] (-) TimerEvent: {}
[11.743126] (-) TimerEvent: {}
[11.852877] (-) TimerEvent: {}
[11.962833] (-) TimerEvent: {}
[12.070237] (-) TimerEvent: {}
[12.174063] (-) TimerEvent: {}
[12.289092] (-) TimerEvent: {}
[12.394142] (-) TimerEvent: {}
[12.500448] (-) TimerEvent: {}
[12.604652] (-) TimerEvent: {}
[12.713115] (-) TimerEvent: {}
[12.821416] (-) TimerEvent: {}
[12.926207] (-) TimerEvent: {}
[13.031851] (-) TimerEvent: {}
[13.137864] (-) TimerEvent: {}
[13.250630] (-) TimerEvent: {}
[13.357792] (-) TimerEvent: {}
[13.469991] (-) TimerEvent: {}
[13.596343] (-) TimerEvent: {}
[13.705410] (-) TimerEvent: {}
[13.813442] (-) TimerEvent: {}
[13.943135] (-) TimerEvent: {}
[14.053342] (-) TimerEvent: {}
[14.160455] (-) TimerEvent: {}
[14.266474] (-) TimerEvent: {}
[14.375029] (-) TimerEvent: {}
[14.479356] (-) TimerEvent: {}
[14.586208] (-) TimerEvent: {}
[14.695032] (-) TimerEvent: {}
[14.801865] (-) TimerEvent: {}
[14.933848] (-) TimerEvent: {}
[15.044415] (-) TimerEvent: {}
[15.162844] (-) TimerEvent: {}
[15.277154] (-) TimerEvent: {}
[15.395726] (-) TimerEvent: {}
[15.502954] (-) TimerEvent: {}
[15.622851] (-) TimerEvent: {}
[15.730738] (-) TimerEvent: {}
[15.860998] (-) TimerEvent: {}
[15.976361] (-) TimerEvent: {}
[16.080570] (-) TimerEvent: {}
[16.182650] (-) TimerEvent: {}
[16.289198] (-) TimerEvent: {}
[16.407300] (-) TimerEvent: {}
[16.517643] (-) TimerEvent: {}
[16.625461] (-) TimerEvent: {}
[16.731746] (-) TimerEvent: {}
[16.841994] (-) TimerEvent: {}
[16.947427] (-) TimerEvent: {}
[17.050725] (-) TimerEvent: {}
[17.162655] (-) TimerEvent: {}
[17.279306] (-) TimerEvent: {}
[17.395050] (-) TimerEvent: {}
[17.501641] (-) TimerEvent: {}
[17.615561] (-) TimerEvent: {}
[17.721298] (-) TimerEvent: {}
[17.842671] (-) TimerEvent: {}
[17.961984] (-) TimerEvent: {}
[18.096037] (-) TimerEvent: {}
[18.202497] (-) TimerEvent: {}
[18.396708] (-) TimerEvent: {}
[18.577347] (-) TimerEvent: {}
[18.725139] (-) TimerEvent: {}
[18.838202] (-) TimerEvent: {}
[18.952671] (-) TimerEvent: {}
[19.090237] (-) TimerEvent: {}
[19.269713] (-) TimerEvent: {}
[19.415759] (-) TimerEvent: {}
[19.553524] (-) TimerEvent: {}
[19.717059] (-) TimerEvent: {}
[19.843921] (-) TimerEvent: {}
[20.002228] (-) TimerEvent: {}
[20.112467] (-) TimerEvent: {}
[20.286579] (-) TimerEvent: {}
[20.455875] (-) TimerEvent: {}
[20.605016] (-) TimerEvent: {}
[20.743346] (-) TimerEvent: {}
[20.907790] (-) TimerEvent: {}
[21.021047] (-) TimerEvent: {}
[21.136346] (-) TimerEvent: {}
[21.261004] (-) TimerEvent: {}
[21.407987] (-) TimerEvent: {}
[21.523230] (-) TimerEvent: {}
[21.633828] (-) TimerEvent: {}
[21.741316] (-) TimerEvent: {}
[21.862996] (-) TimerEvent: {}
[21.985706] (-) TimerEvent: {}
[22.097719] (-) TimerEvent: {}
[22.221830] (-) TimerEvent: {}
[22.329692] (-) TimerEvent: {}
[22.444133] (-) TimerEvent: {}
[22.572875] (-) TimerEvent: {}
[22.680040] (-) TimerEvent: {}
[22.786618] (-) TimerEvent: {}
[22.890760] (-) TimerEvent: {}
[23.035199] (-) TimerEvent: {}
[23.182641] (-) TimerEvent: {}
[23.342959] (-) TimerEvent: {}
[23.492332] (-) TimerEvent: {}
[23.605059] (-) TimerEvent: {}
[23.719502] (-) TimerEvent: {}
[23.846717] (-) TimerEvent: {}
[23.991277] (-) TimerEvent: {}
[24.146328] (-) TimerEvent: {}
[24.322108] (-) TimerEvent: {}
[24.517482] (-) TimerEvent: {}
[24.688803] (-) TimerEvent: {}
[24.828802] (-) TimerEvent: {}
[24.984543] (-) TimerEvent: {}
[25.141771] (-) TimerEvent: {}
[25.310164] (-) TimerEvent: {}
[25.478099] (-) TimerEvent: {}
[25.608078] (-) TimerEvent: {}
[25.747792] (-) TimerEvent: {}
[25.884364] (-) TimerEvent: {}
[26.057940] (-) TimerEvent: {}
[26.200911] (-) TimerEvent: {}
[26.334791] (-) TimerEvent: {}
[26.468090] (-) TimerEvent: {}
[26.601821] (-) TimerEvent: {}
[26.727290] (-) TimerEvent: {}
[26.853454] (-) TimerEvent: {}
[26.965664] (-) TimerEvent: {}
[27.092180] (-) TimerEvent: {}
[27.214760] (-) TimerEvent: {}
[27.329061] (-) TimerEvent: {}
[27.478858] (-) TimerEvent: {}
[27.611389] (-) TimerEvent: {}
[27.748949] (-) TimerEvent: {}
[27.875404] (-) TimerEvent: {}
[27.991874] (-) TimerEvent: {}
[28.098206] (-) TimerEvent: {}
[28.231078] (-) TimerEvent: {}
[28.353782] (-) TimerEvent: {}
[28.494163] (-) TimerEvent: {}
[28.608621] (-) TimerEvent: {}
[28.726695] (-) TimerEvent: {}
[28.831453] (-) TimerEvent: {}
[28.942678] (-) TimerEvent: {}
[29.062170] (-) TimerEvent: {}
[29.202231] (-) TimerEvent: {}
[29.334375] (-) TimerEvent: {}
[29.491347] (-) TimerEvent: {}
[29.606680] (-) TimerEvent: {}
[29.723296] (-) TimerEvent: {}
[29.856355] (-) TimerEvent: {}
[29.972301] (-) TimerEvent: {}
[30.094098] (-) TimerEvent: {}
[30.212555] (-) TimerEvent: {}
[30.335222] (-) TimerEvent: {}
[30.450209] (-) TimerEvent: {}
[30.604118] (-) TimerEvent: {}
[30.768402] (-) TimerEvent: {}
[30.926254] (-) TimerEvent: {}
[31.042866] (-) TimerEvent: {}
[31.160988] (-) TimerEvent: {}
[31.295591] (-) TimerEvent: {}
[31.416821] (-) TimerEvent: {}
[31.558988] (-) TimerEvent: {}
[31.714708] (-) TimerEvent: {}
[31.820554] (-) TimerEvent: {}
[31.935137] (-) TimerEvent: {}
[32.055822] (-) TimerEvent: {}
[32.172050] (-) TimerEvent: {}
[32.289178] (-) TimerEvent: {}
[32.413386] (-) TimerEvent: {}
[32.537578] (-) TimerEvent: {}
[32.643540] (-) TimerEvent: {}
[32.755800] (-) TimerEvent: {}
[32.870972] (-) TimerEvent: {}
[32.997453] (-) TimerEvent: {}
[33.117692] (-) TimerEvent: {}
[33.241120] (-) TimerEvent: {}
[33.354993] (-) TimerEvent: {}
[33.481553] (-) TimerEvent: {}
[33.586834] (-) TimerEvent: {}
[33.695059] (-) TimerEvent: {}
[33.808856] (-) TimerEvent: {}
[33.913507] (-) TimerEvent: {}
[34.039103] (-) TimerEvent: {}
[34.164225] (-) TimerEvent: {}
[34.299264] (-) TimerEvent: {}
[34.426852] (-) TimerEvent: {}
[34.535999] (-) TimerEvent: {}
[34.646081] (-) TimerEvent: {}
[34.760766] (-) TimerEvent: {}
[34.869633] (-) TimerEvent: {}
[34.987116] (-) TimerEvent: {}
[35.124821] (-) TimerEvent: {}
[35.251467] (-) TimerEvent: {}
[35.362699] (-) TimerEvent: {}
[35.481772] (-) TimerEvent: {}
[35.625790] (-) TimerEvent: {}
[35.737858] (-) TimerEvent: {}
[35.866250] (-) TimerEvent: {}
[35.994314] (-) TimerEvent: {}
[36.122543] (-) TimerEvent: {}
[36.247505] (-) TimerEvent: {}
[36.359934] (-) TimerEvent: {}
[36.465515] (-) TimerEvent: {}
[36.576234] (-) TimerEvent: {}
[36.681763] (-) TimerEvent: {}
[36.794390] (-) TimerEvent: {}
[36.908278] (-) TimerEvent: {}
[37.028417] (-) TimerEvent: {}
[37.167570] (-) TimerEvent: {}
[37.283938] (-) TimerEvent: {}
[37.399274] (-) TimerEvent: {}
[37.511573] (-) TimerEvent: {}
[37.653456] (-) TimerEvent: {}
[37.792785] (-) TimerEvent: {}
[37.898454] (-) TimerEvent: {}
[38.003566] (-) TimerEvent: {}
[38.127962] (-) TimerEvent: {}
[38.261445] (-) TimerEvent: {}
[38.372566] (-) TimerEvent: {}
[38.485875] (-) TimerEvent: {}
[38.608222] (-) TimerEvent: {}
[38.732550] (-) TimerEvent: {}
[38.837713] (-) TimerEvent: {}
[38.951024] (-) TimerEvent: {}
[39.058648] (-) TimerEvent: {}
[39.166010] (-) TimerEvent: {}
[39.284836] (-) TimerEvent: {}
[39.395265] (-) TimerEvent: {}
[39.514949] (-) TimerEvent: {}
[39.638636] (-) TimerEvent: {}
[39.744317] (-) TimerEvent: {}
[39.856658] (-) TimerEvent: {}
[39.982462] (-) TimerEvent: {}
[40.090429] (-) TimerEvent: {}
[40.207045] (-) TimerEvent: {}
[40.333695] (-) TimerEvent: {}
[40.443962] (-) TimerEvent: {}
[40.563032] (-) TimerEvent: {}
[40.675957] (-) TimerEvent: {}
[40.806545] (-) TimerEvent: {}
[40.931246] (-) TimerEvent: {}
[41.064193] (-) TimerEvent: {}
[41.179804] (-) TimerEvent: {}
[41.312954] (-) TimerEvent: {}
[41.453067] (-) TimerEvent: {}
[41.566588] (-) TimerEvent: {}
[41.702796] (-) TimerEvent: {}
[41.825514] (-) TimerEvent: {}
[41.937218] (-) TimerEvent: {}
[42.073891] (-) TimerEvent: {}
[42.202943] (-) TimerEvent: {}
[42.313588] (-) TimerEvent: {}
[42.422543] (-) TimerEvent: {}
[42.538895] (-) TimerEvent: {}
[42.646844] (-) TimerEvent: {}
[42.773702] (-) TimerEvent: {}
[42.920442] (-) TimerEvent: {}
[43.041692] (-) TimerEvent: {}
[43.176367] (-) TimerEvent: {}
[43.313396] (-) TimerEvent: {}
[43.434977] (-) TimerEvent: {}
[43.549880] (-) TimerEvent: {}
[43.659773] (-) TimerEvent: {}
[43.781343] (-) TimerEvent: {}
[43.901659] (-) TimerEvent: {}
[44.022429] (-) TimerEvent: {}
[44.125143] (-) TimerEvent: {}
[44.233688] (-) TimerEvent: {}
[44.341127] (-) TimerEvent: {}
[44.471634] (-) TimerEvent: {}
[44.618090] (-) TimerEvent: {}
[44.730782] (-) TimerEvent: {}
[44.838268] (-) TimerEvent: {}
[44.960772] (-) TimerEvent: {}
[45.067829] (-) TimerEvent: {}
[45.180863] (-) TimerEvent: {}
[45.294701] (-) TimerEvent: {}
[45.426685] (-) TimerEvent: {}
[45.556925] (-) TimerEvent: {}
[45.671993] (-) TimerEvent: {}
[45.806491] (-) TimerEvent: {}
[45.918332] (-) TimerEvent: {}
[46.027193] (-) TimerEvent: {}
[46.160503] (-) TimerEvent: {}
[46.273068] (-) TimerEvent: {}
[46.399907] (-) TimerEvent: {}
[46.529554] (-) TimerEvent: {}
[46.669228] (-) TimerEvent: {}
[46.787267] (-) TimerEvent: {}
[46.907298] (-) TimerEvent: {}
[47.024629] (-) TimerEvent: {}
[47.157327] (-) TimerEvent: {}
[47.286252] (-) TimerEvent: {}
[47.424183] (-) TimerEvent: {}
[47.542289] (-) TimerEvent: {}
[47.655651] (-) TimerEvent: {}
[47.777456] (-) TimerEvent: {}
[47.893645] (-) TimerEvent: {}
[48.025875] (-) TimerEvent: {}
[48.131884] (-) TimerEvent: {}
[48.241863] (-) TimerEvent: {}
[48.365182] (-) TimerEvent: {}
[48.489793] (-) TimerEvent: {}
[48.600320] (-) TimerEvent: {}
[48.715887] (-) TimerEvent: {}
[48.823369] (-) TimerEvent: {}
[48.932953] (-) TimerEvent: {}
[49.039781] (-) TimerEvent: {}
[49.176586] (-) TimerEvent: {}
[49.301382] (-) TimerEvent: {}
[49.417220] (-) TimerEvent: {}
[49.529537] (-) TimerEvent: {}
[49.648241] (-) TimerEvent: {}
[49.752356] (-) TimerEvent: {}
[49.861698] (-) TimerEvent: {}
[49.977849] (-) TimerEvent: {}
[50.082219] (-) TimerEvent: {}
[50.194909] (-) TimerEvent: {}
[50.306448] (-) TimerEvent: {}
[50.423339] (-) TimerEvent: {}
[50.556282] (-) TimerEvent: {}
[50.680076] (-) TimerEvent: {}
[50.799776] (-) TimerEvent: {}
[50.908109] (-) TimerEvent: {}
[51.023895] (-) TimerEvent: {}
[51.125757] (-) TimerEvent: {}
[51.247048] (-) TimerEvent: {}
[51.378420] (-) TimerEvent: {}
[51.499780] (-) TimerEvent: {}
[51.632749] (-) TimerEvent: {}
[51.769925] (-) TimerEvent: {}
[51.899335] (-) TimerEvent: {}
[52.012791] (-) TimerEvent: {}
[52.119494] (-) TimerEvent: {}
[52.228065] (-) TimerEvent: {}
[52.338411] (-) TimerEvent: {}
[52.447342] (-) TimerEvent: {}
[52.565597] (-) TimerEvent: {}
[52.698036] (-) TimerEvent: {}
[52.815359] (-) TimerEvent: {}
[52.927689] (-) TimerEvent: {}
[53.048417] (-) TimerEvent: {}
[53.162387] (-) TimerEvent: {}
[53.305255] (-) TimerEvent: {}
[53.426643] (-) TimerEvent: {}
[53.535960] (-) TimerEvent: {}
[53.647019] (-) TimerEvent: {}
[53.768482] (-) TimerEvent: {}
[53.884488] (-) TimerEvent: {}
[53.989296] (-) TimerEvent: {}
[54.109068] (-) TimerEvent: {}
[54.230105] (-) TimerEvent: {}
[54.345378] (-) TimerEvent: {}
[54.456179] (-) TimerEvent: {}
[54.589969] (-) TimerEvent: {}
[54.709685] (-) TimerEvent: {}
[54.822995] (-) TimerEvent: {}
[54.944747] (-) TimerEvent: {}
[55.073996] (-) TimerEvent: {}
[55.187114] (-) TimerEvent: {}
[55.308117] (-) TimerEvent: {}
[55.451402] (-) TimerEvent: {}
[55.558999] (-) TimerEvent: {}
[55.669544] (-) TimerEvent: {}
[55.793390] (-) TimerEvent: {}
[55.940893] (-) TimerEvent: {}
[56.073360] (-) TimerEvent: {}
[56.181073] (-) TimerEvent: {}
[56.296384] (-) TimerEvent: {}
[56.405079] (-) TimerEvent: {}
[56.526368] (-) TimerEvent: {}
[56.642046] (-) TimerEvent: {}
[56.774346] (-) TimerEvent: {}
[56.902781] (-) TimerEvent: {}
[57.014833] (-) TimerEvent: {}
[57.145700] (-) TimerEvent: {}
[57.256672] (-) TimerEvent: {}
[57.367420] (-) TimerEvent: {}
[57.476857] (-) TimerEvent: {}
[57.626218] (-) TimerEvent: {}
[57.755986] (-) TimerEvent: {}
[57.883066] (-) TimerEvent: {}
[57.990395] (-) TimerEvent: {}
[58.095420] (-) TimerEvent: {}
[58.224141] (-) TimerEvent: {}
[58.344408] (-) TimerEvent: {}
[58.456014] (-) TimerEvent: {}
[58.579676] (-) TimerEvent: {}
[58.696300] (-) TimerEvent: {}
[58.810440] (-) TimerEvent: {}
[58.927812] (-) TimerEvent: {}
[59.064995] (-) TimerEvent: {}
[59.198430] (-) TimerEvent: {}
[59.317062] (-) TimerEvent: {}
[59.435736] (-) TimerEvent: {}
[59.561227] (-) TimerEvent: {}
[59.668334] (-) TimerEvent: {}
[59.777449] (-) TimerEvent: {}
[59.892500] (-) TimerEvent: {}
[60.011515] (-) TimerEvent: {}
[60.147293] (-) TimerEvent: {}
[60.251670] (-) TimerEvent: {}
[60.371811] (-) TimerEvent: {}
[60.477778] (-) TimerEvent: {}
[60.602663] (-) TimerEvent: {}
[60.745880] (-) TimerEvent: {}
[60.891943] (-) TimerEvent: {}
[61.021280] (-) TimerEvent: {}
[61.142520] (-) TimerEvent: {}
[61.257510] (-) TimerEvent: {}
[61.364106] (-) TimerEvent: {}
[61.484504] (-) TimerEvent: {}
[61.616764] (-) TimerEvent: {}
[61.756691] (-) TimerEvent: {}
[61.869674] (-) TimerEvent: {}
[61.983065] (-) TimerEvent: {}
[62.113981] (-) TimerEvent: {}
[62.278803] (-) TimerEvent: {}
[62.457942] (-) TimerEvent: {}
[62.605408] (-) TimerEvent: {}
[62.761788] (-) TimerEvent: {}
[62.892129] (-) TimerEvent: {}
[62.997623] (-) TimerEvent: {}
[63.109565] (-) TimerEvent: {}
[63.230021] (-) TimerEvent: {}
[63.348279] (-) TimerEvent: {}
[63.502297] (-) TimerEvent: {}
[63.615338] (-) TimerEvent: {}
[63.717461] (-) TimerEvent: {}
[63.837076] (-) TimerEvent: {}
[63.957792] (-) TimerEvent: {}
[64.082422] (-) TimerEvent: {}
[64.205519] (-) TimerEvent: {}
[64.377368] (-) TimerEvent: {}
[64.501828] (-) TimerEvent: {}
[64.670520] (-) TimerEvent: {}
[64.804391] (-) TimerEvent: {}
[64.933045] (-) TimerEvent: {}
[65.059050] (-) TimerEvent: {}
[65.163074] (-) TimerEvent: {}
[65.283483] (-) TimerEvent: {}
[65.388104] (-) TimerEvent: {}
[65.493972] (-) TimerEvent: {}
[65.598363] (-) TimerEvent: {}
[65.710433] (-) TimerEvent: {}
[65.814734] (-) TimerEvent: {}
[65.917652] (-) TimerEvent: {}
[66.026170] (-) TimerEvent: {}
[66.137500] (-) TimerEvent: {}
[66.245366] (-) TimerEvent: {}
[66.360442] (-) TimerEvent: {}
[66.464710] (-) TimerEvent: {}
[66.571920] (-) TimerEvent: {}
[66.688779] (-) TimerEvent: {}
[66.808054] (-) TimerEvent: {}
[66.935345] (-) TimerEvent: {}
[67.041046] (-) TimerEvent: {}
[67.150301] (-) TimerEvent: {}
[67.255797] (-) TimerEvent: {}
[67.363602] (-) TimerEvent: {}
[67.470555] (-) TimerEvent: {}
[67.587457] (-) TimerEvent: {}
[67.690933] (-) TimerEvent: {}
[67.801004] (-) TimerEvent: {}
[67.904536] (-) TimerEvent: {}
[68.015925] (-) TimerEvent: {}
[68.128126] (-) TimerEvent: {}
[68.232761] (-) TimerEvent: {}
[68.338444] (-) TimerEvent: {}
[68.444635] (-) TimerEvent: {}
[68.554066] (-) TimerEvent: {}
[68.661029] (-) TimerEvent: {}
[68.770688] (-) TimerEvent: {}
[68.886867] (-) TimerEvent: {}
[68.993595] (-) TimerEvent: {}
[69.101397] (-) TimerEvent: {}
[69.207434] (-) TimerEvent: {}
[69.314630] (-) TimerEvent: {}
[69.423267] (-) TimerEvent: {}
[69.535765] (-) TimerEvent: {}
[69.656523] (-) TimerEvent: {}
[69.779648] (-) TimerEvent: {}
[69.907976] (-) TimerEvent: {}
[70.050967] (-) TimerEvent: {}
[70.208990] (-) TimerEvent: {}
[70.349275] (-) TimerEvent: {}
[70.487206] (-) TimerEvent: {}
[70.639740] (-) TimerEvent: {}
[70.758619] (-) TimerEvent: {}
[70.902097] (-) TimerEvent: {}
[71.037113] (-) TimerEvent: {}
[71.201091] (-) TimerEvent: {}
[71.352743] (-) TimerEvent: {}
[71.524948] (-) TimerEvent: {}
[71.671631] (-) TimerEvent: {}
[71.815659] (-) TimerEvent: {}
[71.984234] (-) TimerEvent: {}
[72.140635] (-) TimerEvent: {}
[72.278277] (-) TimerEvent: {}
[72.410890] (-) TimerEvent: {}
[72.539676] (-) TimerEvent: {}
[72.724777] (-) TimerEvent: {}
[72.880069] (-) TimerEvent: {}
[73.049461] (-) TimerEvent: {}
[73.228598] (-) TimerEvent: {}
[73.416898] (-) TimerEvent: {}
[73.644625] (-) TimerEvent: {}
[73.975479] (-) TimerEvent: {}
[74.390193] (-) TimerEvent: {}
[74.650373] (-) TimerEvent: {}
[74.895795] (-) TimerEvent: {}
[75.312100] (-) TimerEvent: {}
[75.795627] (-) TimerEvent: {}
[76.171505] (-) TimerEvent: {}
[76.699556] (-) TimerEvent: {}
[77.086326] (-) TimerEvent: {}
[77.341699] (-) TimerEvent: {}
[77.613034] (-) TimerEvent: {}
[77.971816] (-) TimerEvent: {}
[78.229706] (-) TimerEvent: {}
[78.489562] (-) TimerEvent: {}
[78.762699] (-) TimerEvent: {}
[79.115224] (-) TimerEvent: {}
[79.451851] (-) TimerEvent: {}
[79.878632] (-) TimerEvent: {}
[80.275651] (-) TimerEvent: {}
[80.640717] (-) TimerEvent: {}
[81.055491] (-) TimerEvent: {}
[81.439825] (-) TimerEvent: {}
[81.860012] (-) TimerEvent: {}
[82.280157] (-) TimerEvent: {}
