[4.203s] DEBUG:colcon:Command line arguments: ['/usr/bin/colcon', 'build', '--packages-select', 'simulation', '--symlink-install']
[4.208s] DEBUG:colcon:Parsed command line arguments: Namespace(log_base=None, log_level=None, verb_name='build', build_base='build', install_base='install', merge_install=False, symlink_install=True, test_result_base=None, continue_on_error=False, executor='parallel', parallel_workers=16, event_handlers=None, ignore_user_meta=False, metas=['./colcon.meta'], base_paths=['.'], packages_ignore=None, packages_ignore_regex=None, paths=None, packages_up_to=None, packages_up_to_regex=None, packages_above=None, packages_above_and_dependencies=None, packages_above_depth=None, packages_select_by_dep=None, packages_skip_by_dep=None, packages_skip_up_to=None, packages_select_build_failed=False, packages_skip_build_finished=False, packages_select_test_failures=False, packages_skip_test_passed=False, packages_select=['simulation'], packages_skip=None, packages_select_regex=None, packages_skip_regex=None, packages_start=None, packages_end=None, allow_overriding=[], cmake_args=None, cmake_target=None, cmake_target_skip_unavailable=False, cmake_clean_cache=False, cmake_clean_first=False, cmake_force_configure=False, ament_cmake_args=None, catkin_cmake_args=None, catkin_skip_building_tests=False, verb_parser=<colcon_defaults.argument_parser.defaults.DefaultArgumentsDecorator object at 0x777580dc8ac0>, verb_extension=<colcon_core.verb.build.BuildVerb object at 0x777580dc85e0>, main=<bound method BuildVerb.main of <colcon_core.verb.build.BuildVerb object at 0x777580dc85e0>>)
[37.641s] Level 1:colcon.colcon_core.package_discovery:discover_packages(colcon_meta) check parameters
[37.656s] Level 1:colcon.colcon_core.package_discovery:discover_packages(recursive) check parameters
[37.666s] Level 1:colcon.colcon_core.package_discovery:discover_packages(ignore) check parameters
[37.667s] Level 1:colcon.colcon_core.package_discovery:discover_packages(path) check parameters
[37.668s] Level 1:colcon.colcon_core.package_discovery:discover_packages(colcon_meta) discover
[37.670s] Level 1:colcon.colcon_core.package_discovery:discover_packages(recursive) discover
[37.671s] INFO:colcon.colcon_core.package_discovery:Crawling recursively for packages in '/home/guichen/Documents/drone-radar-fusion'
[37.675s] Level 1:colcon.colcon_core.package_identification:_identify(.) by extensions ['ignore', 'ignore_ament_install']
[37.698s] Level 1:colcon.colcon_core.package_identification:_identify(.) by extension 'ignore'
[37.725s] Level 1:colcon.colcon_core.package_identification:_identify(.) by extension 'ignore_ament_install'
[37.772s] Level 1:colcon.colcon_core.package_identification:_identify(.) by extensions ['colcon_pkg']
[37.781s] Level 1:colcon.colcon_core.package_identification:_identify(.) by extension 'colcon_pkg'
[37.807s] Level 1:colcon.colcon_core.package_identification:_identify(.) by extensions ['colcon_meta']
[37.824s] Level 1:colcon.colcon_core.package_identification:_identify(.) by extension 'colcon_meta'
[37.842s] Level 1:colcon.colcon_core.package_identification:_identify(.) by extensions ['ros']
[37.846s] Level 1:colcon.colcon_core.package_identification:_identify(.) by extension 'ros'
[38.192s] Level 1:colcon.colcon_core.package_identification:_identify(.) by extensions ['cmake', 'python']
[38.206s] Level 1:colcon.colcon_core.package_identification:_identify(.) by extension 'cmake'
[38.229s] Level 1:colcon.colcon_core.package_identification:_identify(.) by extension 'python'
[38.258s] Level 1:colcon.colcon_core.package_identification:_identify(.) by extensions ['python_setup_py']
[38.263s] Level 1:colcon.colcon_core.package_identification:_identify(.) by extension 'python_setup_py'
[38.311s] Level 1:colcon.colcon_core.package_identification:_identify(build) by extensions ['ignore', 'ignore_ament_install']
[38.334s] Level 1:colcon.colcon_core.package_identification:_identify(build) by extension 'ignore'
[38.355s] Level 1:colcon.colcon_core.package_identification:_identify(build) ignored
[38.373s] Level 1:colcon.colcon_core.package_identification:_identify(config) by extensions ['ignore', 'ignore_ament_install']
[38.393s] Level 1:colcon.colcon_core.package_identification:_identify(config) by extension 'ignore'
[38.430s] Level 1:colcon.colcon_core.package_identification:_identify(config) by extension 'ignore_ament_install'
[38.450s] Level 1:colcon.colcon_core.package_identification:_identify(config) by extensions ['colcon_pkg']
[38.467s] Level 1:colcon.colcon_core.package_identification:_identify(config) by extension 'colcon_pkg'
[38.490s] Level 1:colcon.colcon_core.package_identification:_identify(config) by extensions ['colcon_meta']
[38.511s] Level 1:colcon.colcon_core.package_identification:_identify(config) by extension 'colcon_meta'
[38.529s] Level 1:colcon.colcon_core.package_identification:_identify(config) by extensions ['ros']
[38.552s] Level 1:colcon.colcon_core.package_identification:_identify(config) by extension 'ros'
[38.567s] Level 1:colcon.colcon_core.package_identification:_identify(config) by extensions ['cmake', 'python']
[38.576s] Level 1:colcon.colcon_core.package_identification:_identify(config) by extension 'cmake'
[38.594s] Level 1:colcon.colcon_core.package_identification:_identify(config) by extension 'python'
[38.613s] Level 1:colcon.colcon_core.package_identification:_identify(config) by extensions ['python_setup_py']
[38.626s] Level 1:colcon.colcon_core.package_identification:_identify(config) by extension 'python_setup_py'
[38.665s] Level 1:colcon.colcon_core.package_identification:_identify(config/calib_tool) by extensions ['ignore', 'ignore_ament_install']
[38.707s] Level 1:colcon.colcon_core.package_identification:_identify(config/calib_tool) by extension 'ignore'
[38.739s] Level 1:colcon.colcon_core.package_identification:_identify(config/calib_tool) by extension 'ignore_ament_install'
[38.773s] Level 1:colcon.colcon_core.package_identification:_identify(config/calib_tool) by extensions ['colcon_pkg']
[38.784s] Level 1:colcon.colcon_core.package_identification:_identify(config/calib_tool) by extension 'colcon_pkg'
[38.794s] Level 1:colcon.colcon_core.package_identification:_identify(config/calib_tool) by extensions ['colcon_meta']
[38.804s] Level 1:colcon.colcon_core.package_identification:_identify(config/calib_tool) by extension 'colcon_meta'
[38.819s] Level 1:colcon.colcon_core.package_identification:_identify(config/calib_tool) by extensions ['ros']
[38.834s] Level 1:colcon.colcon_core.package_identification:_identify(config/calib_tool) by extension 'ros'
[38.850s] Level 1:colcon.colcon_core.package_identification:_identify(config/calib_tool) by extensions ['cmake', 'python']
[38.855s] Level 1:colcon.colcon_core.package_identification:_identify(config/calib_tool) by extension 'cmake'
[38.855s] Level 1:colcon.colcon_core.package_identification:_identify(config/calib_tool) by extension 'python'
[38.855s] Level 1:colcon.colcon_core.package_identification:_identify(config/calib_tool) by extensions ['python_setup_py']
[38.855s] Level 1:colcon.colcon_core.package_identification:_identify(config/calib_tool) by extension 'python_setup_py'
[38.861s] Level 1:colcon.colcon_core.package_identification:_identify(docs) by extensions ['ignore', 'ignore_ament_install']
[38.863s] Level 1:colcon.colcon_core.package_identification:_identify(docs) by extension 'ignore'
[38.878s] Level 1:colcon.colcon_core.package_identification:_identify(docs) by extension 'ignore_ament_install'
[38.893s] Level 1:colcon.colcon_core.package_identification:_identify(docs) by extensions ['colcon_pkg']
[38.896s] Level 1:colcon.colcon_core.package_identification:_identify(docs) by extension 'colcon_pkg'
[38.897s] Level 1:colcon.colcon_core.package_identification:_identify(docs) by extensions ['colcon_meta']
[38.897s] Level 1:colcon.colcon_core.package_identification:_identify(docs) by extension 'colcon_meta'
[38.898s] Level 1:colcon.colcon_core.package_identification:_identify(docs) by extensions ['ros']
[38.898s] Level 1:colcon.colcon_core.package_identification:_identify(docs) by extension 'ros'
[38.898s] Level 1:colcon.colcon_core.package_identification:_identify(docs) by extensions ['cmake', 'python']
[38.898s] Level 1:colcon.colcon_core.package_identification:_identify(docs) by extension 'cmake'
[38.898s] Level 1:colcon.colcon_core.package_identification:_identify(docs) by extension 'python'
[38.898s] Level 1:colcon.colcon_core.package_identification:_identify(docs) by extensions ['python_setup_py']
[38.898s] Level 1:colcon.colcon_core.package_identification:_identify(docs) by extension 'python_setup_py'
[38.903s] Level 1:colcon.colcon_core.package_identification:_identify(install) by extensions ['ignore', 'ignore_ament_install']
[38.909s] Level 1:colcon.colcon_core.package_identification:_identify(install) by extension 'ignore'
[38.911s] Level 1:colcon.colcon_core.package_identification:_identify(install) ignored
[38.918s] Level 1:colcon.colcon_core.package_identification:_identify(launch) by extensions ['ignore', 'ignore_ament_install']
[38.952s] Level 1:colcon.colcon_core.package_identification:_identify(launch) by extension 'ignore'
[38.987s] Level 1:colcon.colcon_core.package_identification:_identify(launch) by extension 'ignore_ament_install'
[39.016s] Level 1:colcon.colcon_core.package_identification:_identify(launch) by extensions ['colcon_pkg']
[39.029s] Level 1:colcon.colcon_core.package_identification:_identify(launch) by extension 'colcon_pkg'
[39.068s] Level 1:colcon.colcon_core.package_identification:_identify(launch) by extensions ['colcon_meta']
[39.076s] Level 1:colcon.colcon_core.package_identification:_identify(launch) by extension 'colcon_meta'
[39.081s] Level 1:colcon.colcon_core.package_identification:_identify(launch) by extensions ['ros']
[39.087s] Level 1:colcon.colcon_core.package_identification:_identify(launch) by extension 'ros'
[39.092s] Level 1:colcon.colcon_core.package_identification:_identify(launch) by extensions ['cmake', 'python']
[39.097s] Level 1:colcon.colcon_core.package_identification:_identify(launch) by extension 'cmake'
[39.097s] Level 1:colcon.colcon_core.package_identification:_identify(launch) by extension 'python'
[39.098s] Level 1:colcon.colcon_core.package_identification:_identify(launch) by extensions ['python_setup_py']
[39.098s] Level 1:colcon.colcon_core.package_identification:_identify(launch) by extension 'python_setup_py'
[39.103s] Level 1:colcon.colcon_core.package_identification:_identify(launch/__pycache__) by extensions ['ignore', 'ignore_ament_install']
[39.106s] Level 1:colcon.colcon_core.package_identification:_identify(launch/__pycache__) by extension 'ignore'
[39.106s] Level 1:colcon.colcon_core.package_identification:_identify(launch/__pycache__) by extension 'ignore_ament_install'
[39.107s] Level 1:colcon.colcon_core.package_identification:_identify(launch/__pycache__) by extensions ['colcon_pkg']
[39.107s] Level 1:colcon.colcon_core.package_identification:_identify(launch/__pycache__) by extension 'colcon_pkg'
[39.107s] Level 1:colcon.colcon_core.package_identification:_identify(launch/__pycache__) by extensions ['colcon_meta']
[39.107s] Level 1:colcon.colcon_core.package_identification:_identify(launch/__pycache__) by extension 'colcon_meta'
[39.107s] Level 1:colcon.colcon_core.package_identification:_identify(launch/__pycache__) by extensions ['ros']
[39.107s] Level 1:colcon.colcon_core.package_identification:_identify(launch/__pycache__) by extension 'ros'
[39.107s] Level 1:colcon.colcon_core.package_identification:_identify(launch/__pycache__) by extensions ['cmake', 'python']
[39.108s] Level 1:colcon.colcon_core.package_identification:_identify(launch/__pycache__) by extension 'cmake'
[39.108s] Level 1:colcon.colcon_core.package_identification:_identify(launch/__pycache__) by extension 'python'
[39.108s] Level 1:colcon.colcon_core.package_identification:_identify(launch/__pycache__) by extensions ['python_setup_py']
[39.108s] Level 1:colcon.colcon_core.package_identification:_identify(launch/__pycache__) by extension 'python_setup_py'
[39.114s] Level 1:colcon.colcon_core.package_identification:_identify(log) by extensions ['ignore', 'ignore_ament_install']
[39.116s] Level 1:colcon.colcon_core.package_identification:_identify(log) by extension 'ignore'
[39.116s] Level 1:colcon.colcon_core.package_identification:_identify(log) ignored
[39.117s] Level 1:colcon.colcon_core.package_identification:_identify(model) by extensions ['ignore', 'ignore_ament_install']
[39.118s] Level 1:colcon.colcon_core.package_identification:_identify(model) by extension 'ignore'
[39.130s] Level 1:colcon.colcon_core.package_identification:_identify(model) by extension 'ignore_ament_install'
[39.149s] Level 1:colcon.colcon_core.package_identification:_identify(model) by extensions ['colcon_pkg']
[39.163s] Level 1:colcon.colcon_core.package_identification:_identify(model) by extension 'colcon_pkg'
[39.186s] Level 1:colcon.colcon_core.package_identification:_identify(model) by extensions ['colcon_meta']
[39.194s] Level 1:colcon.colcon_core.package_identification:_identify(model) by extension 'colcon_meta'
[39.196s] Level 1:colcon.colcon_core.package_identification:_identify(model) by extensions ['ros']
[39.196s] Level 1:colcon.colcon_core.package_identification:_identify(model) by extension 'ros'
[39.202s] Level 1:colcon.colcon_core.package_identification:_identify(model) by extensions ['cmake', 'python']
[39.202s] Level 1:colcon.colcon_core.package_identification:_identify(model) by extension 'cmake'
[39.202s] Level 1:colcon.colcon_core.package_identification:_identify(model) by extension 'python'
[39.202s] Level 1:colcon.colcon_core.package_identification:_identify(model) by extensions ['python_setup_py']
[39.202s] Level 1:colcon.colcon_core.package_identification:_identify(model) by extension 'python_setup_py'
[39.215s] Level 1:colcon.colcon_core.package_identification:_identify(model/ONNX) by extensions ['ignore', 'ignore_ament_install']
[39.222s] Level 1:colcon.colcon_core.package_identification:_identify(model/ONNX) by extension 'ignore'
[39.227s] Level 1:colcon.colcon_core.package_identification:_identify(model/ONNX) by extension 'ignore_ament_install'
[39.230s] Level 1:colcon.colcon_core.package_identification:_identify(model/ONNX) by extensions ['colcon_pkg']
[39.233s] Level 1:colcon.colcon_core.package_identification:_identify(model/ONNX) by extension 'colcon_pkg'
[39.236s] Level 1:colcon.colcon_core.package_identification:_identify(model/ONNX) by extensions ['colcon_meta']
[39.236s] Level 1:colcon.colcon_core.package_identification:_identify(model/ONNX) by extension 'colcon_meta'
[39.237s] Level 1:colcon.colcon_core.package_identification:_identify(model/ONNX) by extensions ['ros']
[39.237s] Level 1:colcon.colcon_core.package_identification:_identify(model/ONNX) by extension 'ros'
[39.237s] Level 1:colcon.colcon_core.package_identification:_identify(model/ONNX) by extensions ['cmake', 'python']
[39.237s] Level 1:colcon.colcon_core.package_identification:_identify(model/ONNX) by extension 'cmake'
[39.237s] Level 1:colcon.colcon_core.package_identification:_identify(model/ONNX) by extension 'python'
[39.237s] Level 1:colcon.colcon_core.package_identification:_identify(model/ONNX) by extensions ['python_setup_py']
[39.237s] Level 1:colcon.colcon_core.package_identification:_identify(model/ONNX) by extension 'python_setup_py'
[39.243s] Level 1:colcon.colcon_core.package_identification:_identify(scripts) by extensions ['ignore', 'ignore_ament_install']
[39.245s] Level 1:colcon.colcon_core.package_identification:_identify(scripts) by extension 'ignore'
[39.254s] Level 1:colcon.colcon_core.package_identification:_identify(scripts) by extension 'ignore_ament_install'
[39.286s] Level 1:colcon.colcon_core.package_identification:_identify(scripts) by extensions ['colcon_pkg']
[39.310s] Level 1:colcon.colcon_core.package_identification:_identify(scripts) by extension 'colcon_pkg'
[39.316s] Level 1:colcon.colcon_core.package_identification:_identify(scripts) by extensions ['colcon_meta']
[39.316s] Level 1:colcon.colcon_core.package_identification:_identify(scripts) by extension 'colcon_meta'
[39.316s] Level 1:colcon.colcon_core.package_identification:_identify(scripts) by extensions ['ros']
[39.316s] Level 1:colcon.colcon_core.package_identification:_identify(scripts) by extension 'ros'
[39.317s] Level 1:colcon.colcon_core.package_identification:_identify(scripts) by extensions ['cmake', 'python']
[39.317s] Level 1:colcon.colcon_core.package_identification:_identify(scripts) by extension 'cmake'
[39.317s] Level 1:colcon.colcon_core.package_identification:_identify(scripts) by extension 'python'
[39.317s] Level 1:colcon.colcon_core.package_identification:_identify(scripts) by extensions ['python_setup_py']
[39.317s] Level 1:colcon.colcon_core.package_identification:_identify(scripts) by extension 'python_setup_py'
[39.320s] Level 1:colcon.colcon_core.package_identification:_identify(src) by extensions ['ignore', 'ignore_ament_install']
[39.322s] Level 1:colcon.colcon_core.package_identification:_identify(src) by extension 'ignore'
[39.323s] Level 1:colcon.colcon_core.package_identification:_identify(src) by extension 'ignore_ament_install'
[39.323s] Level 1:colcon.colcon_core.package_identification:_identify(src) by extensions ['colcon_pkg']
[39.323s] Level 1:colcon.colcon_core.package_identification:_identify(src) by extension 'colcon_pkg'
[39.323s] Level 1:colcon.colcon_core.package_identification:_identify(src) by extensions ['colcon_meta']
[39.323s] Level 1:colcon.colcon_core.package_identification:_identify(src) by extension 'colcon_meta'
[39.323s] Level 1:colcon.colcon_core.package_identification:_identify(src) by extensions ['ros']
[39.323s] Level 1:colcon.colcon_core.package_identification:_identify(src) by extension 'ros'
[39.323s] Level 1:colcon.colcon_core.package_identification:_identify(src) by extensions ['cmake', 'python']
[39.323s] Level 1:colcon.colcon_core.package_identification:_identify(src) by extension 'cmake'
[39.323s] Level 1:colcon.colcon_core.package_identification:_identify(src) by extension 'python'
[39.323s] Level 1:colcon.colcon_core.package_identification:_identify(src) by extensions ['python_setup_py']
[39.323s] Level 1:colcon.colcon_core.package_identification:_identify(src) by extension 'python_setup_py'
[39.325s] Level 1:colcon.colcon_core.package_identification:_identify(src/camera_vision) by extensions ['ignore', 'ignore_ament_install']
[39.325s] Level 1:colcon.colcon_core.package_identification:_identify(src/camera_vision) by extension 'ignore'
[39.325s] Level 1:colcon.colcon_core.package_identification:_identify(src/camera_vision) by extension 'ignore_ament_install'
[39.325s] Level 1:colcon.colcon_core.package_identification:_identify(src/camera_vision) by extensions ['colcon_pkg']
[39.326s] Level 1:colcon.colcon_core.package_identification:_identify(src/camera_vision) by extension 'colcon_pkg'
[39.326s] Level 1:colcon.colcon_core.package_identification:_identify(src/camera_vision) by extensions ['colcon_meta']
[39.326s] Level 1:colcon.colcon_core.package_identification:_identify(src/camera_vision) by extension 'colcon_meta'
[39.326s] Level 1:colcon.colcon_core.package_identification:_identify(src/camera_vision) by extensions ['ros']
[39.326s] Level 1:colcon.colcon_core.package_identification:_identify(src/camera_vision) by extension 'ros'
[39.450s] DEBUG:colcon.colcon_core.package_identification:Package 'src/camera_vision' with type 'ros.ament_cmake' and name 'camera_vision'
[39.471s] Level 1:colcon.colcon_core.package_identification:_identify(src/camera_yolo) by extensions ['ignore', 'ignore_ament_install']
[39.487s] Level 1:colcon.colcon_core.package_identification:_identify(src/camera_yolo) by extension 'ignore'
[39.505s] Level 1:colcon.colcon_core.package_identification:_identify(src/camera_yolo) by extension 'ignore_ament_install'
[39.512s] Level 1:colcon.colcon_core.package_identification:_identify(src/camera_yolo) by extensions ['colcon_pkg']
[39.514s] Level 1:colcon.colcon_core.package_identification:_identify(src/camera_yolo) by extension 'colcon_pkg'
[39.514s] Level 1:colcon.colcon_core.package_identification:_identify(src/camera_yolo) by extensions ['colcon_meta']
[39.514s] Level 1:colcon.colcon_core.package_identification:_identify(src/camera_yolo) by extension 'colcon_meta'
[39.515s] Level 1:colcon.colcon_core.package_identification:_identify(src/camera_yolo) by extensions ['ros']
[39.516s] Level 1:colcon.colcon_core.package_identification:_identify(src/camera_yolo) by extension 'ros'
[39.516s] Level 1:colcon.colcon_core.package_identification:_identify(src/camera_yolo) by extensions ['cmake', 'python']
[39.516s] Level 1:colcon.colcon_core.package_identification:_identify(src/camera_yolo) by extension 'cmake'
[39.516s] Level 1:colcon.colcon_core.package_identification:_identify(src/camera_yolo) by extension 'python'
[39.516s] Level 1:colcon.colcon_core.package_identification:_identify(src/camera_yolo) by extensions ['python_setup_py']
[39.516s] Level 1:colcon.colcon_core.package_identification:_identify(src/camera_yolo) by extension 'python_setup_py'
[39.520s] Level 1:colcon.colcon_core.package_identification:_identify(src/camera_yolo/camera_yolo) by extensions ['ignore', 'ignore_ament_install']
[39.522s] Level 1:colcon.colcon_core.package_identification:_identify(src/camera_yolo/camera_yolo) by extension 'ignore'
[39.522s] Level 1:colcon.colcon_core.package_identification:_identify(src/camera_yolo/camera_yolo) by extension 'ignore_ament_install'
[39.522s] Level 1:colcon.colcon_core.package_identification:_identify(src/camera_yolo/camera_yolo) by extensions ['colcon_pkg']
[39.522s] Level 1:colcon.colcon_core.package_identification:_identify(src/camera_yolo/camera_yolo) by extension 'colcon_pkg'
[39.523s] Level 1:colcon.colcon_core.package_identification:_identify(src/camera_yolo/camera_yolo) by extensions ['colcon_meta']
[39.523s] Level 1:colcon.colcon_core.package_identification:_identify(src/camera_yolo/camera_yolo) by extension 'colcon_meta'
[39.523s] Level 1:colcon.colcon_core.package_identification:_identify(src/camera_yolo/camera_yolo) by extensions ['ros']
[39.523s] Level 1:colcon.colcon_core.package_identification:_identify(src/camera_yolo/camera_yolo) by extension 'ros'
[39.523s] Level 1:colcon.colcon_core.package_identification:_identify(src/camera_yolo/camera_yolo) by extensions ['cmake', 'python']
[39.523s] Level 1:colcon.colcon_core.package_identification:_identify(src/camera_yolo/camera_yolo) by extension 'cmake'
[39.523s] Level 1:colcon.colcon_core.package_identification:_identify(src/camera_yolo/camera_yolo) by extension 'python'
[39.523s] Level 1:colcon.colcon_core.package_identification:_identify(src/camera_yolo/camera_yolo) by extensions ['python_setup_py']
[39.523s] Level 1:colcon.colcon_core.package_identification:_identify(src/camera_yolo/camera_yolo) by extension 'python_setup_py'
[39.525s] Level 1:colcon.colcon_core.package_identification:_identify(src/camera_yolo/camera_yolo/__pycache__) by extensions ['ignore', 'ignore_ament_install']
[39.526s] Level 1:colcon.colcon_core.package_identification:_identify(src/camera_yolo/camera_yolo/__pycache__) by extension 'ignore'
[39.526s] Level 1:colcon.colcon_core.package_identification:_identify(src/camera_yolo/camera_yolo/__pycache__) by extension 'ignore_ament_install'
[39.526s] Level 1:colcon.colcon_core.package_identification:_identify(src/camera_yolo/camera_yolo/__pycache__) by extensions ['colcon_pkg']
[39.526s] Level 1:colcon.colcon_core.package_identification:_identify(src/camera_yolo/camera_yolo/__pycache__) by extension 'colcon_pkg'
[39.526s] Level 1:colcon.colcon_core.package_identification:_identify(src/camera_yolo/camera_yolo/__pycache__) by extensions ['colcon_meta']
[39.526s] Level 1:colcon.colcon_core.package_identification:_identify(src/camera_yolo/camera_yolo/__pycache__) by extension 'colcon_meta'
[39.526s] Level 1:colcon.colcon_core.package_identification:_identify(src/camera_yolo/camera_yolo/__pycache__) by extensions ['ros']
[39.526s] Level 1:colcon.colcon_core.package_identification:_identify(src/camera_yolo/camera_yolo/__pycache__) by extension 'ros'
[39.526s] Level 1:colcon.colcon_core.package_identification:_identify(src/camera_yolo/camera_yolo/__pycache__) by extensions ['cmake', 'python']
[39.526s] Level 1:colcon.colcon_core.package_identification:_identify(src/camera_yolo/camera_yolo/__pycache__) by extension 'cmake'
[39.526s] Level 1:colcon.colcon_core.package_identification:_identify(src/camera_yolo/camera_yolo/__pycache__) by extension 'python'
[39.526s] Level 1:colcon.colcon_core.package_identification:_identify(src/camera_yolo/camera_yolo/__pycache__) by extensions ['python_setup_py']
[39.526s] Level 1:colcon.colcon_core.package_identification:_identify(src/camera_yolo/camera_yolo/__pycache__) by extension 'python_setup_py'
[39.528s] Level 1:colcon.colcon_core.package_identification:_identify(src/camera_yolo/launch) by extensions ['ignore', 'ignore_ament_install']
[39.528s] Level 1:colcon.colcon_core.package_identification:_identify(src/camera_yolo/launch) by extension 'ignore'
[39.529s] Level 1:colcon.colcon_core.package_identification:_identify(src/camera_yolo/launch) by extension 'ignore_ament_install'
[39.529s] Level 1:colcon.colcon_core.package_identification:_identify(src/camera_yolo/launch) by extensions ['colcon_pkg']
[39.529s] Level 1:colcon.colcon_core.package_identification:_identify(src/camera_yolo/launch) by extension 'colcon_pkg'
[39.529s] Level 1:colcon.colcon_core.package_identification:_identify(src/camera_yolo/launch) by extensions ['colcon_meta']
[39.529s] Level 1:colcon.colcon_core.package_identification:_identify(src/camera_yolo/launch) by extension 'colcon_meta'
[39.529s] Level 1:colcon.colcon_core.package_identification:_identify(src/camera_yolo/launch) by extensions ['ros']
[39.529s] Level 1:colcon.colcon_core.package_identification:_identify(src/camera_yolo/launch) by extension 'ros'
[39.529s] Level 1:colcon.colcon_core.package_identification:_identify(src/camera_yolo/launch) by extensions ['cmake', 'python']
[39.529s] Level 1:colcon.colcon_core.package_identification:_identify(src/camera_yolo/launch) by extension 'cmake'
[39.529s] Level 1:colcon.colcon_core.package_identification:_identify(src/camera_yolo/launch) by extension 'python'
[39.529s] Level 1:colcon.colcon_core.package_identification:_identify(src/camera_yolo/launch) by extensions ['python_setup_py']
[39.529s] Level 1:colcon.colcon_core.package_identification:_identify(src/camera_yolo/launch) by extension 'python_setup_py'
[39.530s] Level 1:colcon.colcon_core.package_identification:_identify(src/fusion) by extensions ['ignore', 'ignore_ament_install']
[39.530s] Level 1:colcon.colcon_core.package_identification:_identify(src/fusion) by extension 'ignore'
[39.530s] Level 1:colcon.colcon_core.package_identification:_identify(src/fusion) by extension 'ignore_ament_install'
[39.530s] Level 1:colcon.colcon_core.package_identification:_identify(src/fusion) by extensions ['colcon_pkg']
[39.530s] Level 1:colcon.colcon_core.package_identification:_identify(src/fusion) by extension 'colcon_pkg'
[39.530s] Level 1:colcon.colcon_core.package_identification:_identify(src/fusion) by extensions ['colcon_meta']
[39.530s] Level 1:colcon.colcon_core.package_identification:_identify(src/fusion) by extension 'colcon_meta'
[39.530s] Level 1:colcon.colcon_core.package_identification:_identify(src/fusion) by extensions ['ros']
[39.531s] Level 1:colcon.colcon_core.package_identification:_identify(src/fusion) by extension 'ros'
[39.574s] DEBUG:colcon.colcon_core.package_identification:Package 'src/fusion' with type 'ros.ament_cmake' and name 'fusion'
[39.581s] Level 1:colcon.colcon_core.package_identification:_identify(src/hik_camera) by extensions ['ignore', 'ignore_ament_install']
[39.588s] Level 1:colcon.colcon_core.package_identification:_identify(src/hik_camera) by extension 'ignore'
[39.605s] Level 1:colcon.colcon_core.package_identification:_identify(src/hik_camera) by extension 'ignore_ament_install'
[39.643s] Level 1:colcon.colcon_core.package_identification:_identify(src/hik_camera) by extensions ['colcon_pkg']
[39.649s] Level 1:colcon.colcon_core.package_identification:_identify(src/hik_camera) by extension 'colcon_pkg'
[39.660s] Level 1:colcon.colcon_core.package_identification:_identify(src/hik_camera) by extensions ['colcon_meta']
[39.673s] Level 1:colcon.colcon_core.package_identification:_identify(src/hik_camera) by extension 'colcon_meta'
[39.692s] Level 1:colcon.colcon_core.package_identification:_identify(src/hik_camera) by extensions ['ros']
[39.699s] Level 1:colcon.colcon_core.package_identification:_identify(src/hik_camera) by extension 'ros'
[39.732s] DEBUG:colcon.colcon_core.package_identification:Package 'src/hik_camera' with type 'ros.ament_cmake' and name 'hik_camera_ros2_driver'
[39.744s] Level 1:colcon.colcon_core.package_identification:_identify(src/interface) by extensions ['ignore', 'ignore_ament_install']
[39.765s] Level 1:colcon.colcon_core.package_identification:_identify(src/interface) by extension 'ignore'
[39.796s] Level 1:colcon.colcon_core.package_identification:_identify(src/interface) by extension 'ignore_ament_install'
[39.811s] Level 1:colcon.colcon_core.package_identification:_identify(src/interface) by extensions ['colcon_pkg']
[39.815s] Level 1:colcon.colcon_core.package_identification:_identify(src/interface) by extension 'colcon_pkg'
[39.816s] Level 1:colcon.colcon_core.package_identification:_identify(src/interface) by extensions ['colcon_meta']
[39.816s] Level 1:colcon.colcon_core.package_identification:_identify(src/interface) by extension 'colcon_meta'
[39.818s] Level 1:colcon.colcon_core.package_identification:_identify(src/interface) by extensions ['ros']
[39.818s] Level 1:colcon.colcon_core.package_identification:_identify(src/interface) by extension 'ros'
[39.917s] DEBUG:colcon.colcon_core.package_identification:Package 'src/interface' with type 'ros.ament_cmake' and name 'interface'
[39.924s] Level 1:colcon.colcon_core.package_identification:_identify(src/livox_driver) by extensions ['ignore', 'ignore_ament_install']
[39.926s] Level 1:colcon.colcon_core.package_identification:_identify(src/livox_driver) by extension 'ignore'
[39.927s] Level 1:colcon.colcon_core.package_identification:_identify(src/livox_driver) by extension 'ignore_ament_install'
[39.927s] Level 1:colcon.colcon_core.package_identification:_identify(src/livox_driver) by extensions ['colcon_pkg']
[39.928s] Level 1:colcon.colcon_core.package_identification:_identify(src/livox_driver) by extension 'colcon_pkg'
[39.928s] Level 1:colcon.colcon_core.package_identification:_identify(src/livox_driver) by extensions ['colcon_meta']
[39.928s] Level 1:colcon.colcon_core.package_identification:_identify(src/livox_driver) by extension 'colcon_meta'
[39.928s] Level 1:colcon.colcon_core.package_identification:_identify(src/livox_driver) by extensions ['ros']
[39.928s] Level 1:colcon.colcon_core.package_identification:_identify(src/livox_driver) by extension 'ros'
[39.928s] Level 1:colcon.colcon_core.package_identification:_identify(src/livox_driver) by extensions ['cmake', 'python']
[39.928s] Level 1:colcon.colcon_core.package_identification:_identify(src/livox_driver) by extension 'cmake'
[39.928s] Level 1:colcon.colcon_core.package_identification:_identify(src/livox_driver) by extension 'python'
[39.928s] Level 1:colcon.colcon_core.package_identification:_identify(src/livox_driver) by extensions ['python_setup_py']
[39.928s] Level 1:colcon.colcon_core.package_identification:_identify(src/livox_driver) by extension 'python_setup_py'
[39.929s] Level 1:colcon.colcon_core.package_identification:_identify(src/livox_driver/images) by extensions ['ignore', 'ignore_ament_install']
[39.929s] Level 1:colcon.colcon_core.package_identification:_identify(src/livox_driver/images) by extension 'ignore'
[39.929s] Level 1:colcon.colcon_core.package_identification:_identify(src/livox_driver/images) by extension 'ignore_ament_install'
[39.929s] Level 1:colcon.colcon_core.package_identification:_identify(src/livox_driver/images) by extensions ['colcon_pkg']
[39.929s] Level 1:colcon.colcon_core.package_identification:_identify(src/livox_driver/images) by extension 'colcon_pkg'
[39.929s] Level 1:colcon.colcon_core.package_identification:_identify(src/livox_driver/images) by extensions ['colcon_meta']
[39.929s] Level 1:colcon.colcon_core.package_identification:_identify(src/livox_driver/images) by extension 'colcon_meta'
[39.929s] Level 1:colcon.colcon_core.package_identification:_identify(src/livox_driver/images) by extensions ['ros']
[39.930s] Level 1:colcon.colcon_core.package_identification:_identify(src/livox_driver/images) by extension 'ros'
[39.930s] Level 1:colcon.colcon_core.package_identification:_identify(src/livox_driver/images) by extensions ['cmake', 'python']
[39.930s] Level 1:colcon.colcon_core.package_identification:_identify(src/livox_driver/images) by extension 'cmake'
[39.930s] Level 1:colcon.colcon_core.package_identification:_identify(src/livox_driver/images) by extension 'python'
[39.931s] Level 1:colcon.colcon_core.package_identification:_identify(src/livox_driver/images) by extensions ['python_setup_py']
[39.931s] Level 1:colcon.colcon_core.package_identification:_identify(src/livox_driver/images) by extension 'python_setup_py'
[39.935s] Level 1:colcon.colcon_core.package_identification:_identify(src/livox_driver/livox_interfaces) by extensions ['ignore', 'ignore_ament_install']
[39.935s] Level 1:colcon.colcon_core.package_identification:_identify(src/livox_driver/livox_interfaces) by extension 'ignore'
[39.935s] Level 1:colcon.colcon_core.package_identification:_identify(src/livox_driver/livox_interfaces) by extension 'ignore_ament_install'
[39.935s] Level 1:colcon.colcon_core.package_identification:_identify(src/livox_driver/livox_interfaces) by extensions ['colcon_pkg']
[39.935s] Level 1:colcon.colcon_core.package_identification:_identify(src/livox_driver/livox_interfaces) by extension 'colcon_pkg'
[39.935s] Level 1:colcon.colcon_core.package_identification:_identify(src/livox_driver/livox_interfaces) by extensions ['colcon_meta']
[39.935s] Level 1:colcon.colcon_core.package_identification:_identify(src/livox_driver/livox_interfaces) by extension 'colcon_meta'
[39.935s] Level 1:colcon.colcon_core.package_identification:_identify(src/livox_driver/livox_interfaces) by extensions ['ros']
[39.935s] Level 1:colcon.colcon_core.package_identification:_identify(src/livox_driver/livox_interfaces) by extension 'ros'
[39.984s] DEBUG:colcon.colcon_core.package_identification:Package 'src/livox_driver/livox_interfaces' with type 'ros.ament_cmake' and name 'livox_interfaces'
[40.007s] Level 1:colcon.colcon_core.package_identification:_identify(src/livox_driver/livox_ros2_avia) by extensions ['ignore', 'ignore_ament_install']
[40.011s] Level 1:colcon.colcon_core.package_identification:_identify(src/livox_driver/livox_ros2_avia) by extension 'ignore'
[40.021s] Level 1:colcon.colcon_core.package_identification:_identify(src/livox_driver/livox_ros2_avia) by extension 'ignore_ament_install'
[40.060s] Level 1:colcon.colcon_core.package_identification:_identify(src/livox_driver/livox_ros2_avia) by extensions ['colcon_pkg']
[40.070s] Level 1:colcon.colcon_core.package_identification:_identify(src/livox_driver/livox_ros2_avia) by extension 'colcon_pkg'
[40.082s] Level 1:colcon.colcon_core.package_identification:_identify(src/livox_driver/livox_ros2_avia) by extensions ['colcon_meta']
[40.093s] Level 1:colcon.colcon_core.package_identification:_identify(src/livox_driver/livox_ros2_avia) by extension 'colcon_meta'
[40.094s] Level 1:colcon.colcon_core.package_identification:_identify(src/livox_driver/livox_ros2_avia) by extensions ['ros']
[40.094s] Level 1:colcon.colcon_core.package_identification:_identify(src/livox_driver/livox_ros2_avia) by extension 'ros'
[40.141s] DEBUG:colcon.colcon_core.package_identification:Package 'src/livox_driver/livox_ros2_avia' with type 'ros.ament_cmake' and name 'livox_ros2_avia'
[40.147s] Level 1:colcon.colcon_core.package_identification:_identify(src/livox_driver/livox_sdk_vendor) by extensions ['ignore', 'ignore_ament_install']
[40.152s] Level 1:colcon.colcon_core.package_identification:_identify(src/livox_driver/livox_sdk_vendor) by extension 'ignore'
[40.163s] Level 1:colcon.colcon_core.package_identification:_identify(src/livox_driver/livox_sdk_vendor) by extension 'ignore_ament_install'
[40.197s] Level 1:colcon.colcon_core.package_identification:_identify(src/livox_driver/livox_sdk_vendor) by extensions ['colcon_pkg']
[40.213s] Level 1:colcon.colcon_core.package_identification:_identify(src/livox_driver/livox_sdk_vendor) by extension 'colcon_pkg'
[40.242s] Level 1:colcon.colcon_core.package_identification:_identify(src/livox_driver/livox_sdk_vendor) by extensions ['colcon_meta']
[40.261s] Level 1:colcon.colcon_core.package_identification:_identify(src/livox_driver/livox_sdk_vendor) by extension 'colcon_meta'
[40.296s] Level 1:colcon.colcon_core.package_identification:_identify(src/livox_driver/livox_sdk_vendor) by extensions ['ros']
[40.300s] Level 1:colcon.colcon_core.package_identification:_identify(src/livox_driver/livox_sdk_vendor) by extension 'ros'
[40.349s] DEBUG:colcon.colcon_core.package_identification:Package 'src/livox_driver/livox_sdk_vendor' with type 'ros.ament_cmake' and name 'livox_sdk_vendor'
[40.368s] Level 1:colcon.colcon_core.package_identification:_identify(src/radar) by extensions ['ignore', 'ignore_ament_install']
[40.388s] Level 1:colcon.colcon_core.package_identification:_identify(src/radar) by extension 'ignore'
[40.392s] Level 1:colcon.colcon_core.package_identification:_identify(src/radar) by extension 'ignore_ament_install'
[40.392s] Level 1:colcon.colcon_core.package_identification:_identify(src/radar) by extensions ['colcon_pkg']
[40.393s] Level 1:colcon.colcon_core.package_identification:_identify(src/radar) by extension 'colcon_pkg'
[40.395s] Level 1:colcon.colcon_core.package_identification:_identify(src/radar) by extensions ['colcon_meta']
[40.395s] Level 1:colcon.colcon_core.package_identification:_identify(src/radar) by extension 'colcon_meta'
[40.396s] Level 1:colcon.colcon_core.package_identification:_identify(src/radar) by extensions ['ros']
[40.396s] Level 1:colcon.colcon_core.package_identification:_identify(src/radar) by extension 'ros'
[40.450s] DEBUG:colcon.colcon_core.package_identification:Package 'src/radar' with type 'ros.ament_cmake' and name 'radar'
[40.469s] Level 1:colcon.colcon_core.package_identification:_identify(src/simulation) by extensions ['ignore', 'ignore_ament_install']
[40.496s] Level 1:colcon.colcon_core.package_identification:_identify(src/simulation) by extension 'ignore'
[40.530s] Level 1:colcon.colcon_core.package_identification:_identify(src/simulation) by extension 'ignore_ament_install'
[40.564s] Level 1:colcon.colcon_core.package_identification:_identify(src/simulation) by extensions ['colcon_pkg']
[40.587s] Level 1:colcon.colcon_core.package_identification:_identify(src/simulation) by extension 'colcon_pkg'
[40.601s] Level 1:colcon.colcon_core.package_identification:_identify(src/simulation) by extensions ['colcon_meta']
[40.619s] Level 1:colcon.colcon_core.package_identification:_identify(src/simulation) by extension 'colcon_meta'
[40.621s] Level 1:colcon.colcon_core.package_identification:_identify(src/simulation) by extensions ['ros']
[40.621s] Level 1:colcon.colcon_core.package_identification:_identify(src/simulation) by extension 'ros'
[40.663s] DEBUG:colcon.colcon_core.package_identification:Package 'src/simulation' with type 'ros.ament_python' and name 'simulation'
[40.668s] Level 1:colcon.colcon_core.package_identification:_identify(src/utils) by extensions ['ignore', 'ignore_ament_install']
[40.669s] Level 1:colcon.colcon_core.package_identification:_identify(src/utils) by extension 'ignore'
[40.672s] Level 1:colcon.colcon_core.package_identification:_identify(src/utils) by extension 'ignore_ament_install'
[40.672s] Level 1:colcon.colcon_core.package_identification:_identify(src/utils) by extensions ['colcon_pkg']
[40.672s] Level 1:colcon.colcon_core.package_identification:_identify(src/utils) by extension 'colcon_pkg'
[40.673s] Level 1:colcon.colcon_core.package_identification:_identify(src/utils) by extensions ['colcon_meta']
[40.673s] Level 1:colcon.colcon_core.package_identification:_identify(src/utils) by extension 'colcon_meta'
[40.673s] Level 1:colcon.colcon_core.package_identification:_identify(src/utils) by extensions ['ros']
[40.673s] Level 1:colcon.colcon_core.package_identification:_identify(src/utils) by extension 'ros'
[40.674s] Level 1:colcon.colcon_core.package_identification:_identify(src/utils) by extensions ['cmake', 'python']
[40.674s] Level 1:colcon.colcon_core.package_identification:_identify(src/utils) by extension 'cmake'
[40.674s] Level 1:colcon.colcon_core.package_identification:_identify(src/utils) by extension 'python'
[40.674s] Level 1:colcon.colcon_core.package_identification:_identify(src/utils) by extensions ['python_setup_py']
[40.674s] Level 1:colcon.colcon_core.package_identification:_identify(src/utils) by extension 'python_setup_py'
[40.692s] Level 1:colcon.colcon_core.package_identification:_identify(src/utils/include) by extensions ['ignore', 'ignore_ament_install']
[40.710s] Level 1:colcon.colcon_core.package_identification:_identify(src/utils/include) by extension 'ignore'
[40.750s] Level 1:colcon.colcon_core.package_identification:_identify(src/utils/include) by extension 'ignore_ament_install'
[40.807s] Level 1:colcon.colcon_core.package_identification:_identify(src/utils/include) by extensions ['colcon_pkg']
[40.831s] Level 1:colcon.colcon_core.package_identification:_identify(src/utils/include) by extension 'colcon_pkg'
[40.868s] Level 1:colcon.colcon_core.package_identification:_identify(src/utils/include) by extensions ['colcon_meta']
[40.871s] Level 1:colcon.colcon_core.package_identification:_identify(src/utils/include) by extension 'colcon_meta'
[40.871s] Level 1:colcon.colcon_core.package_identification:_identify(src/utils/include) by extensions ['ros']
[40.872s] Level 1:colcon.colcon_core.package_identification:_identify(src/utils/include) by extension 'ros'
[40.874s] Level 1:colcon.colcon_core.package_identification:_identify(src/utils/include) by extensions ['cmake', 'python']
[40.874s] Level 1:colcon.colcon_core.package_identification:_identify(src/utils/include) by extension 'cmake'
[40.874s] Level 1:colcon.colcon_core.package_identification:_identify(src/utils/include) by extension 'python'
[40.874s] Level 1:colcon.colcon_core.package_identification:_identify(src/utils/include) by extensions ['python_setup_py']
[40.874s] Level 1:colcon.colcon_core.package_identification:_identify(src/utils/include) by extension 'python_setup_py'
[40.877s] Level 1:colcon.colcon_core.package_identification:_identify(src/utils/include/utils) by extensions ['ignore', 'ignore_ament_install']
[40.878s] Level 1:colcon.colcon_core.package_identification:_identify(src/utils/include/utils) by extension 'ignore'
[40.878s] Level 1:colcon.colcon_core.package_identification:_identify(src/utils/include/utils) by extension 'ignore_ament_install'
[40.878s] Level 1:colcon.colcon_core.package_identification:_identify(src/utils/include/utils) by extensions ['colcon_pkg']
[40.878s] Level 1:colcon.colcon_core.package_identification:_identify(src/utils/include/utils) by extension 'colcon_pkg'
[40.878s] Level 1:colcon.colcon_core.package_identification:_identify(src/utils/include/utils) by extensions ['colcon_meta']
[40.878s] Level 1:colcon.colcon_core.package_identification:_identify(src/utils/include/utils) by extension 'colcon_meta'
[40.878s] Level 1:colcon.colcon_core.package_identification:_identify(src/utils/include/utils) by extensions ['ros']
[40.878s] Level 1:colcon.colcon_core.package_identification:_identify(src/utils/include/utils) by extension 'ros'
[40.878s] Level 1:colcon.colcon_core.package_identification:_identify(src/utils/include/utils) by extensions ['cmake', 'python']
[40.878s] Level 1:colcon.colcon_core.package_identification:_identify(src/utils/include/utils) by extension 'cmake'
[40.879s] Level 1:colcon.colcon_core.package_identification:_identify(src/utils/include/utils) by extension 'python'
[40.879s] Level 1:colcon.colcon_core.package_identification:_identify(src/utils/include/utils) by extensions ['python_setup_py']
[40.879s] Level 1:colcon.colcon_core.package_identification:_identify(src/utils/include/utils) by extension 'python_setup_py'
[40.880s] Level 1:colcon.colcon_core.package_identification:_identify(src/web_dashboard) by extensions ['ignore', 'ignore_ament_install']
[40.880s] Level 1:colcon.colcon_core.package_identification:_identify(src/web_dashboard) by extension 'ignore'
[40.880s] Level 1:colcon.colcon_core.package_identification:_identify(src/web_dashboard) by extension 'ignore_ament_install'
[40.880s] Level 1:colcon.colcon_core.package_identification:_identify(src/web_dashboard) by extensions ['colcon_pkg']
[40.880s] Level 1:colcon.colcon_core.package_identification:_identify(src/web_dashboard) by extension 'colcon_pkg'
[40.880s] Level 1:colcon.colcon_core.package_identification:_identify(src/web_dashboard) by extensions ['colcon_meta']
[40.880s] Level 1:colcon.colcon_core.package_identification:_identify(src/web_dashboard) by extension 'colcon_meta'
[40.881s] Level 1:colcon.colcon_core.package_identification:_identify(src/web_dashboard) by extensions ['ros']
[40.881s] Level 1:colcon.colcon_core.package_identification:_identify(src/web_dashboard) by extension 'ros'
[40.918s] DEBUG:colcon.colcon_core.package_identification:Package 'src/web_dashboard' with type 'ros.ament_python' and name 'web_dashboard'
[40.922s] Level 1:colcon.colcon_core.package_identification:_identify(watchDog) by extensions ['ignore', 'ignore_ament_install']
[40.923s] Level 1:colcon.colcon_core.package_identification:_identify(watchDog) by extension 'ignore'
[40.927s] Level 1:colcon.colcon_core.package_identification:_identify(watchDog) by extension 'ignore_ament_install'
[40.927s] Level 1:colcon.colcon_core.package_identification:_identify(watchDog) by extensions ['colcon_pkg']
[40.927s] Level 1:colcon.colcon_core.package_identification:_identify(watchDog) by extension 'colcon_pkg'
[40.927s] Level 1:colcon.colcon_core.package_identification:_identify(watchDog) by extensions ['colcon_meta']
[40.927s] Level 1:colcon.colcon_core.package_identification:_identify(watchDog) by extension 'colcon_meta'
[40.927s] Level 1:colcon.colcon_core.package_identification:_identify(watchDog) by extensions ['ros']
[40.927s] Level 1:colcon.colcon_core.package_identification:_identify(watchDog) by extension 'ros'
[40.928s] Level 1:colcon.colcon_core.package_identification:_identify(watchDog) by extensions ['cmake', 'python']
[40.928s] Level 1:colcon.colcon_core.package_identification:_identify(watchDog) by extension 'cmake'
[40.928s] Level 1:colcon.colcon_core.package_identification:_identify(watchDog) by extension 'python'
[40.928s] Level 1:colcon.colcon_core.package_identification:_identify(watchDog) by extensions ['python_setup_py']
[40.928s] Level 1:colcon.colcon_core.package_identification:_identify(watchDog) by extension 'python_setup_py'
[40.931s] Level 1:colcon.colcon_core.package_discovery:discover_packages(recursive) using defaults
[40.935s] Level 1:colcon.colcon_core.package_discovery:discover_packages(ignore) discover
[40.935s] Level 1:colcon.colcon_core.package_discovery:discover_packages(ignore) using defaults
[40.935s] Level 1:colcon.colcon_core.package_discovery:discover_packages(path) discover
[40.935s] Level 1:colcon.colcon_core.package_discovery:discover_packages(path) using defaults
[42.614s] INFO:colcon.colcon_core.package_selection:Skipping not selected package 'hik_camera_ros2_driver' in 'src/hik_camera'
[42.629s] INFO:colcon.colcon_core.package_selection:Skipping not selected package 'interface' in 'src/interface'
[42.656s] INFO:colcon.colcon_core.package_selection:Skipping not selected package 'livox_interfaces' in 'src/livox_driver/livox_interfaces'
[42.695s] INFO:colcon.colcon_core.package_selection:Skipping not selected package 'livox_sdk_vendor' in 'src/livox_driver/livox_sdk_vendor'
[42.715s] INFO:colcon.colcon_core.package_selection:Skipping not selected package 'camera_vision' in 'src/camera_vision'
[42.737s] INFO:colcon.colcon_core.package_selection:Skipping not selected package 'fusion' in 'src/fusion'
[42.769s] INFO:colcon.colcon_core.package_selection:Skipping not selected package 'livox_ros2_avia' in 'src/livox_driver/livox_ros2_avia'
[42.775s] INFO:colcon.colcon_core.package_selection:Skipping not selected package 'radar' in 'src/radar'
[42.775s] INFO:colcon.colcon_core.package_selection:Skipping not selected package 'web_dashboard' in 'src/web_dashboard'
[42.865s] Level 1:colcon.colcon_core.package_discovery:discover_packages(prefix_path) check parameters
[42.891s] Level 1:colcon.colcon_core.package_discovery:discover_packages(prefix_path) discover
[43.028s] DEBUG:colcon.colcon_installed_package_information.package_discovery:Found 360 installed packages in /opt/ros/humble
[43.054s] Level 1:colcon.colcon_core.package_discovery:discover_packages(prefix_path) using defaults
[44.494s] Level 5:colcon.colcon_core.verb:set package 'simulation' build argument 'cmake_args' from command line to 'None'
[44.516s] Level 5:colcon.colcon_core.verb:set package 'simulation' build argument 'cmake_target' from command line to 'None'
[44.522s] Level 5:colcon.colcon_core.verb:set package 'simulation' build argument 'cmake_target_skip_unavailable' from command line to 'False'
[44.523s] Level 5:colcon.colcon_core.verb:set package 'simulation' build argument 'cmake_clean_cache' from command line to 'False'
[44.523s] Level 5:colcon.colcon_core.verb:set package 'simulation' build argument 'cmake_clean_first' from command line to 'False'
[44.523s] Level 5:colcon.colcon_core.verb:set package 'simulation' build argument 'cmake_force_configure' from command line to 'False'
[44.523s] Level 5:colcon.colcon_core.verb:set package 'simulation' build argument 'ament_cmake_args' from command line to 'None'
[44.523s] Level 5:colcon.colcon_core.verb:set package 'simulation' build argument 'catkin_cmake_args' from command line to 'None'
[44.523s] Level 5:colcon.colcon_core.verb:set package 'simulation' build argument 'catkin_skip_building_tests' from command line to 'False'
[44.527s] DEBUG:colcon.colcon_core.verb:Building package 'simulation' with the following arguments: {'ament_cmake_args': None, 'build_base': '/home/guichen/Documents/drone-radar-fusion/build/simulation', 'catkin_cmake_args': None, 'catkin_skip_building_tests': False, 'cmake_args': None, 'cmake_clean_cache': False, 'cmake_clean_first': False, 'cmake_force_configure': False, 'cmake_target': None, 'cmake_target_skip_unavailable': False, 'install_base': '/home/guichen/Documents/drone-radar-fusion/install/simulation', 'merge_install': False, 'path': '/home/guichen/Documents/drone-radar-fusion/src/simulation', 'symlink_install': True, 'test_result_base': None}
[44.533s] INFO:colcon.colcon_core.executor:Executing jobs using 'parallel' executor
[44.589s] DEBUG:colcon.colcon_parallel_executor.executor.parallel:run_until_complete
[44.604s] INFO:colcon.colcon_ros.task.ament_python.build:Building ROS package in '/home/guichen/Documents/drone-radar-fusion/src/simulation' with build type 'ament_python'
[44.613s] Level 1:colcon.colcon_core.shell:create_environment_hook('simulation', 'ament_prefix_path')
[44.744s] INFO:colcon.colcon_core.plugin_system:Skipping extension 'colcon_core.shell.bat': Not used on non-Windows systems
[44.750s] INFO:colcon.colcon_core.shell:Creating environment hook '/home/guichen/Documents/drone-radar-fusion/install/simulation/share/simulation/hook/ament_prefix_path.ps1'
[44.815s] INFO:colcon.colcon_core.shell:Creating environment descriptor '/home/guichen/Documents/drone-radar-fusion/install/simulation/share/simulation/hook/ament_prefix_path.dsv'
[44.881s] INFO:colcon.colcon_core.shell:Creating environment hook '/home/guichen/Documents/drone-radar-fusion/install/simulation/share/simulation/hook/ament_prefix_path.sh'
[44.947s] INFO:colcon.colcon_core.shell:Skip shell extension 'powershell' for command environment: Not usable outside of PowerShell
[44.950s] DEBUG:colcon.colcon_core.shell:Skip shell extension 'dsv' for command environment
[108.340s] INFO:colcon.colcon_core.task.python.build:Building Python package in '/home/guichen/Documents/drone-radar-fusion/src/simulation'
[108.372s] INFO:colcon.colcon_core.shell:Skip shell extension 'powershell' for command environment: Not usable outside of PowerShell
[108.411s] DEBUG:colcon.colcon_core.shell:Skip shell extension 'dsv' for command environment
