running develop
running egg_info
creating simulation.egg-info
writing simulation.egg-info/PKG-INFO
writing dependency_links to simulation.egg-info/dependency_links.txt
writing entry points to simulation.egg-info/entry_points.txt
writing requirements to simulation.egg-info/requires.txt
writing top-level names to simulation.egg-info/top_level.txt
writing manifest file 'simulation.egg-info/SOURCES.txt'
reading manifest file 'simulation.egg-info/SOURCES.txt'
writing manifest file 'simulation.egg-info/SOURCES.txt'
running build_ext
Creating /home/guichen/Documents/drone-radar-fusion/install/simulation/lib/python3.10/site-packages/simulation.egg-link (link to .)
Installing sim_bridge script to /home/guichen/Documents/drone-radar-fusion/install/simulation/lib/simulation

Installed /home/guichen/Documents/drone-radar-fusion/build/simulation
running symlink_data
creating /home/guichen/Documents/drone-radar-fusion/install/simulation/share/ament_index
creating /home/guichen/Documents/drone-radar-fusion/install/simulation/share/ament_index/resource_index
creating /home/guichen/Documents/drone-radar-fusion/install/simulation/share/ament_index/resource_index/packages
symbolically linking /home/guichen/Documents/drone-radar-fusion/build/simulation/resource/simulation -> /home/guichen/Documents/drone-radar-fusion/install/simulation/share/ament_index/resource_index/packages
symbolically linking /home/guichen/Documents/drone-radar-fusion/build/simulation/package.xml -> /home/guichen/Documents/drone-radar-fusion/install/simulation/share/simulation
creating /home/guichen/Documents/drone-radar-fusion/install/simulation/share/simulation/launch
symbolically linking /home/guichen/Documents/drone-radar-fusion/build/simulation/launch/sim_launch.py -> /home/guichen/Documents/drone-radar-fusion/install/simulation/share/simulation/launch
creating /home/guichen/Documents/drone-radar-fusion/install/simulation/share/simulation/worlds
symbolically linking /home/guichen/Documents/drone-radar-fusion/build/simulation/worlds/drone_sim.world -> /home/guichen/Documents/drone-radar-fusion/install/simulation/share/simulation/worlds
creating /home/guichen/Documents/drone-radar-fusion/install/simulation/share/simulation/models
creating /home/guichen/Documents/drone-radar-fusion/install/simulation/share/simulation/models/drone
symbolically linking /home/guichen/Documents/drone-radar-fusion/build/simulation/models/drone/model.config -> /home/guichen/Documents/drone-radar-fusion/install/simulation/share/simulation/models/drone
symbolically linking /home/guichen/Documents/drone-radar-fusion/build/simulation/models/drone/model.sdf -> /home/guichen/Documents/drone-radar-fusion/install/simulation/share/simulation/models/drone
