[0.421s] Invoking command in '/home/guichen/Documents/drone-radar-fusion/build/simulation': CMAKE_PREFIX_PATH=/home/guichen/Documents/drone-radar-fusion/install/interface:/home/guichen/Documents/drone-radar-fusion/install/simulation:/home/guichen/Documents/drone-radar-fusion/install/radar:/home/guichen/Documents/drone-radar-fusion/install/livox_ros2_avia:/home/guichen/Documents/drone-radar-fusion/install/livox_sdk_vendor:/home/guichen/Documents/drone-radar-fusion/install/livox_interfaces:/home/guichen/Documents/drone-radar-fusion/install/fusion:/home/guichen/Documents/drone-radar-fusion/install/camera_vision:/home/guichen/Documents/drone-radar-fusion/install/hik_camera_ros2_driver LD_LIBRARY_PATH=/home/guichen/Documents/drone-radar-fusion/install/interface/lib:/home/guichen/Documents/drone-radar-fusion/install/livox_ros2_avia/lib:/home/guichen/Documents/drone-radar-fusion/install/livox_interfaces/lib:/home/guichen/Documents/drone-radar-fusion/install/hik_camera_ros2_driver/lib:/usr/lib/x86_64-linux-gnu/gazebo-11/plugins:/opt/ros/humble/opt/rviz_ogre_vendor/lib:/opt/ros/humble/lib/x86_64-linux-gnu:/opt/ros/humble/lib PYTHONPATH=/home/guichen/Documents/drone-radar-fusion/build/simulation/prefix_override:/usr/lib/python3/dist-packages/colcon_core/task/python/colcon_distutils_commands:/home/guichen/Documents/drone-radar-fusion/install/simulation/lib/python3.10/site-packages:${PYTHONPATH} /usr/bin/python3 -W ignore:setup.py install is deprecated -W ignore:easy_install command is deprecated setup.py develop --editable --build-directory /home/guichen/Documents/drone-radar-fusion/build/simulation/build --no-deps symlink_data
[0.588s] running develop
[0.680s] running egg_info
[0.680s] creating simulation.egg-info
[0.680s] writing simulation.egg-info/PKG-INFO
[0.680s] writing dependency_links to simulation.egg-info/dependency_links.txt
[0.680s] writing entry points to simulation.egg-info/entry_points.txt
[0.680s] writing requirements to simulation.egg-info/requires.txt
[0.680s] writing top-level names to simulation.egg-info/top_level.txt
[0.681s] writing manifest file 'simulation.egg-info/SOURCES.txt'
[0.682s] reading manifest file 'simulation.egg-info/SOURCES.txt'
[0.682s] writing manifest file 'simulation.egg-info/SOURCES.txt'
[0.683s] running build_ext
[0.683s] Creating /home/guichen/Documents/drone-radar-fusion/install/simulation/lib/python3.10/site-packages/simulation.egg-link (link to .)
[0.684s] Installing sim_bridge script to /home/guichen/Documents/drone-radar-fusion/install/simulation/lib/simulation
[0.684s] 
[0.684s] Installed /home/guichen/Documents/drone-radar-fusion/build/simulation
[0.684s] running symlink_data
[0.684s] creating /home/guichen/Documents/drone-radar-fusion/install/simulation/share/ament_index
[0.684s] creating /home/guichen/Documents/drone-radar-fusion/install/simulation/share/ament_index/resource_index
[0.684s] creating /home/guichen/Documents/drone-radar-fusion/install/simulation/share/ament_index/resource_index/packages
[0.684s] symbolically linking /home/guichen/Documents/drone-radar-fusion/build/simulation/resource/simulation -> /home/guichen/Documents/drone-radar-fusion/install/simulation/share/ament_index/resource_index/packages
[0.684s] symbolically linking /home/guichen/Documents/drone-radar-fusion/build/simulation/package.xml -> /home/guichen/Documents/drone-radar-fusion/install/simulation/share/simulation
[0.684s] creating /home/guichen/Documents/drone-radar-fusion/install/simulation/share/simulation/launch
[0.684s] symbolically linking /home/guichen/Documents/drone-radar-fusion/build/simulation/launch/sim_launch.py -> /home/guichen/Documents/drone-radar-fusion/install/simulation/share/simulation/launch
[0.684s] creating /home/guichen/Documents/drone-radar-fusion/install/simulation/share/simulation/worlds
[0.684s] symbolically linking /home/guichen/Documents/drone-radar-fusion/build/simulation/worlds/drone_sim.world -> /home/guichen/Documents/drone-radar-fusion/install/simulation/share/simulation/worlds
[0.684s] creating /home/guichen/Documents/drone-radar-fusion/install/simulation/share/simulation/models
[0.684s] creating /home/guichen/Documents/drone-radar-fusion/install/simulation/share/simulation/models/drone
[0.684s] symbolically linking /home/guichen/Documents/drone-radar-fusion/build/simulation/models/drone/model.config -> /home/guichen/Documents/drone-radar-fusion/install/simulation/share/simulation/models/drone
[0.685s] symbolically linking /home/guichen/Documents/drone-radar-fusion/build/simulation/models/drone/model.sdf -> /home/guichen/Documents/drone-radar-fusion/install/simulation/share/simulation/models/drone
[0.704s] Invoked command in '/home/guichen/Documents/drone-radar-fusion/build/simulation' returned '0': CMAKE_PREFIX_PATH=/home/guichen/Documents/drone-radar-fusion/install/interface:/home/guichen/Documents/drone-radar-fusion/install/simulation:/home/guichen/Documents/drone-radar-fusion/install/radar:/home/guichen/Documents/drone-radar-fusion/install/livox_ros2_avia:/home/guichen/Documents/drone-radar-fusion/install/livox_sdk_vendor:/home/guichen/Documents/drone-radar-fusion/install/livox_interfaces:/home/guichen/Documents/drone-radar-fusion/install/fusion:/home/guichen/Documents/drone-radar-fusion/install/camera_vision:/home/guichen/Documents/drone-radar-fusion/install/hik_camera_ros2_driver LD_LIBRARY_PATH=/home/guichen/Documents/drone-radar-fusion/install/interface/lib:/home/guichen/Documents/drone-radar-fusion/install/livox_ros2_avia/lib:/home/guichen/Documents/drone-radar-fusion/install/livox_interfaces/lib:/home/guichen/Documents/drone-radar-fusion/install/hik_camera_ros2_driver/lib:/usr/lib/x86_64-linux-gnu/gazebo-11/plugins:/opt/ros/humble/opt/rviz_ogre_vendor/lib:/opt/ros/humble/lib/x86_64-linux-gnu:/opt/ros/humble/lib PYTHONPATH=/home/guichen/Documents/drone-radar-fusion/build/simulation/prefix_override:/usr/lib/python3/dist-packages/colcon_core/task/python/colcon_distutils_commands:/home/guichen/Documents/drone-radar-fusion/install/simulation/lib/python3.10/site-packages:${PYTHONPATH} /usr/bin/python3 -W ignore:setup.py install is deprecated -W ignore:easy_install command is deprecated setup.py develop --editable --build-directory /home/guichen/Documents/drone-radar-fusion/build/simulation/build --no-deps symlink_data
