-- The C compiler identification is GNU 11.4.0
-- The CXX compiler identification is GNU 11.4.0
-- Detecting C compiler ABI info
-- Detecting C compiler ABI info - done
-- Check for working C compiler: /usr/bin/cc - skipped
-- Detecting C compile features
-- Detecting C compile features - done
-- Detecting CXX compiler ABI info
-- Detecting CXX compiler ABI info - done
-- Check for working CXX compiler: /usr/bin/c++ - skipped
-- Detecting CXX compile features
-- Detecting CXX compile features - done
-- Found ament_cmake: 1.3.14 (/opt/ros/humble/share/ament_cmake/cmake)
-- Found Python3: /usr/bin/python3 (found version "3.10.12") found components: Interpreter 
-- Override CMake install command with custom implementation using symlinks instead of copying resources
-- Found std_msgs: 4.9.1 (/opt/ros/humble/share/std_msgs/cmake)
-- Found rosidl_generator_c: 3.1.8 (/opt/ros/humble/share/rosidl_generator_c/cmake)
-- Found rosidl_adapter: 3.1.8 (/opt/ros/humble/share/rosidl_adapter/cmake)
-- Found rosidl_generator_cpp: 3.1.8 (/opt/ros/humble/share/rosidl_generator_cpp/cmake)
-- Using all available rosidl_typesupport_c: rosidl_typesupport_fastrtps_c;rosidl_typesupport_introspection_c
-- Using all available rosidl_typesupport_cpp: rosidl_typesupport_fastrtps_cpp;rosidl_typesupport_introspection_cpp
-- Found rosidl_default_generators: 1.2.1 (/opt/ros/humble/share/rosidl_default_generators/cmake)
-- Found ament_cmake_ros: 0.10.0 (/opt/ros/humble/share/ament_cmake_ros/cmake)
-- Using all available rosidl_typesupport_c: rosidl_typesupport_fastrtps_c;rosidl_typesupport_introspection_c
-- Using all available rosidl_typesupport_cpp: rosidl_typesupport_fastrtps_cpp;rosidl_typesupport_introspection_cpp
-- Found PythonInterp: /usr/bin/python3 (found suitable version "3.10.12", minimum required is "3.6") 
-- Found python_cmake_module: 0.10.0 (/opt/ros/humble/share/python_cmake_module/cmake)
-- Found PythonLibs: /usr/lib/x86_64-linux-gnu/libpython3.10.so (found suitable version "3.10.12", minimum required is "3.5") 
-- Using PYTHON_EXECUTABLE: /usr/bin/python3
-- Using PYTHON_INCLUDE_DIRS: /usr/include/python3.10
-- Using PYTHON_LIBRARIES: /usr/lib/x86_64-linux-gnu/libpython3.10.so
-- Found PythonExtra: .so  
-- Found ament_lint_auto: 0.12.15 (/opt/ros/humble/share/ament_lint_auto/cmake)
-- Added test 'copyright' to check source files copyright and LICENSE
-- Added test 'lint_cmake' to check CMake code style
-- Added test 'xmllint' to check XML markup files
-- Configuring done
-- Generating done
-- Build files have been written to: /home/guichen/Documents/drone-radar-fusion/build/livox_interfaces
[  2%] Generating C code for ROS interfaces
[  5%] Generating Rust code for ROS interfaces
[  7%] Generating C++ code for ROS interfaces
[  7%] Built target ament_cmake_python_symlink_livox_interfaces
running egg_info
creating livox_interfaces.egg-info
writing livox_interfaces.egg-info/PKG-INFO
writing dependency_links to livox_interfaces.egg-info/dependency_links.txt
writing top-level names to livox_interfaces.egg-info/top_level.txt
writing manifest file 'livox_interfaces.egg-info/SOURCES.txt'
reading manifest file 'livox_interfaces.egg-info/SOURCES.txt'
writing manifest file 'livox_interfaces.egg-info/SOURCES.txt'
[  7%] Built target ament_cmake_python_build_livox_interfaces_egg
[  7%] Built target livox_interfaces__rs
[ 10%] Building C object CMakeFiles/livox_interfaces__rosidl_generator_c.dir/rosidl_generator_c/livox_interfaces/msg/detail/custom_point__functions.c.o
[ 12%] Building C object CMakeFiles/livox_interfaces__rosidl_generator_c.dir/rosidl_generator_c/livox_interfaces/msg/detail/custom_msg__functions.c.o
[ 12%] Built target livox_interfaces__cpp
[ 20%] Generating C++ introspection for ROS interfaces
[ 20%] Generating C++ type support for eProsima Fast-RTPS
[ 20%] Generating C++ type support dispatch for ROS interfaces
[ 22%] Linking C shared library liblivox_interfaces__rosidl_generator_c.so
[ 22%] Built target livox_interfaces__rosidl_generator_c
[ 30%] Generating C type support dispatch for ROS interfaces
[ 30%] Generating C type support for eProsima Fast-RTPS
[ 30%] Generating C introspection for ROS interfaces
[ 35%] Building CXX object CMakeFiles/livox_interfaces__rosidl_typesupport_cpp.dir/rosidl_typesupport_cpp/livox_interfaces/msg/custom_msg__type_support.cpp.o
[ 35%] Building CXX object CMakeFiles/livox_interfaces__rosidl_typesupport_cpp.dir/rosidl_typesupport_cpp/livox_interfaces/msg/custom_point__type_support.cpp.o
[ 40%] Building CXX object CMakeFiles/livox_interfaces__rosidl_typesupport_introspection_cpp.dir/rosidl_typesupport_introspection_cpp/livox_interfaces/msg/detail/custom_point__type_support.cpp.o
[ 40%] Building CXX object CMakeFiles/livox_interfaces__rosidl_typesupport_introspection_cpp.dir/rosidl_typesupport_introspection_cpp/livox_interfaces/msg/detail/custom_msg__type_support.cpp.o
[ 42%] Building CXX object CMakeFiles/livox_interfaces__rosidl_typesupport_fastrtps_cpp.dir/rosidl_typesupport_fastrtps_cpp/livox_interfaces/msg/detail/dds_fastrtps/custom_point__type_support.cpp.o
[ 45%] Building CXX object CMakeFiles/livox_interfaces__rosidl_typesupport_fastrtps_cpp.dir/rosidl_typesupport_fastrtps_cpp/livox_interfaces/msg/detail/dds_fastrtps/custom_msg__type_support.cpp.o
[ 47%] Building CXX object CMakeFiles/livox_interfaces__rosidl_typesupport_c.dir/rosidl_typesupport_c/livox_interfaces/msg/custom_point__type_support.cpp.o
[ 50%] Building CXX object CMakeFiles/livox_interfaces__rosidl_typesupport_c.dir/rosidl_typesupport_c/livox_interfaces/msg/custom_msg__type_support.cpp.o
[ 55%] Building CXX object CMakeFiles/livox_interfaces__rosidl_typesupport_fastrtps_c.dir/rosidl_typesupport_fastrtps_c/livox_interfaces/msg/detail/custom_point__type_support_c.cpp.o
[ 55%] Building CXX object CMakeFiles/livox_interfaces__rosidl_typesupport_fastrtps_c.dir/rosidl_typesupport_fastrtps_c/livox_interfaces/msg/detail/custom_msg__type_support_c.cpp.o
[ 57%] Linking CXX shared library liblivox_interfaces__rosidl_typesupport_c.so
[ 60%] Building C object CMakeFiles/livox_interfaces__rosidl_typesupport_introspection_c.dir/rosidl_typesupport_introspection_c/livox_interfaces/msg/detail/custom_msg__type_support.c.o
[ 62%] Building C object CMakeFiles/livox_interfaces__rosidl_typesupport_introspection_c.dir/rosidl_typesupport_introspection_c/livox_interfaces/msg/detail/custom_point__type_support.c.o
[ 62%] Built target livox_interfaces__rosidl_typesupport_c
[ 65%] Linking C shared library liblivox_interfaces__rosidl_typesupport_introspection_c.so
[ 65%] Built target livox_interfaces__rosidl_typesupport_introspection_c
[ 67%] Linking CXX shared library liblivox_interfaces__rosidl_typesupport_cpp.so
[ 67%] Built target livox_interfaces__rosidl_typesupport_cpp
[ 70%] Linking CXX shared library liblivox_interfaces__rosidl_typesupport_introspection_cpp.so
[ 70%] Built target livox_interfaces__rosidl_typesupport_introspection_cpp
[ 72%] Linking CXX shared library liblivox_interfaces__rosidl_typesupport_fastrtps_cpp.so
[ 75%] Linking CXX shared library liblivox_interfaces__rosidl_typesupport_fastrtps_c.so
[ 75%] Built target livox_interfaces__rosidl_typesupport_fastrtps_cpp
[ 75%] Built target livox_interfaces__rosidl_typesupport_fastrtps_c
[ 75%] Built target livox_interfaces
[ 77%] Generating Python code for ROS interfaces
[ 77%] Built target livox_interfaces__py
[ 82%] Building C object CMakeFiles/livox_interfaces__rosidl_generator_py.dir/rosidl_generator_py/livox_interfaces/msg/_custom_point_s.c.o
[ 82%] Building C object CMakeFiles/livox_interfaces__rosidl_generator_py.dir/rosidl_generator_py/livox_interfaces/msg/_custom_msg_s.c.o
[ 85%] Linking C shared library rosidl_generator_py/livox_interfaces/liblivox_interfaces__rosidl_generator_py.so
[ 85%] Built target livox_interfaces__rosidl_generator_py
[ 90%] Building C object CMakeFiles/livox_interfaces__rosidl_typesupport_c__pyext.dir/rosidl_generator_py/livox_interfaces/_livox_interfaces_s.ep.rosidl_typesupport_c.c.o
[ 90%] Building C object CMakeFiles/livox_interfaces__rosidl_typesupport_fastrtps_c__pyext.dir/rosidl_generator_py/livox_interfaces/_livox_interfaces_s.ep.rosidl_typesupport_fastrtps_c.c.o
[ 92%] Building C object CMakeFiles/livox_interfaces__rosidl_typesupport_introspection_c__pyext.dir/rosidl_generator_py/livox_interfaces/_livox_interfaces_s.ep.rosidl_typesupport_introspection_c.c.o
[100%] Linking C shared library rosidl_generator_py/livox_interfaces/livox_interfaces_s__rosidl_typesupport_fastrtps_c.cpython-310-x86_64-linux-gnu.so
[100%] Linking C shared library rosidl_generator_py/livox_interfaces/livox_interfaces_s__rosidl_typesupport_c.cpython-310-x86_64-linux-gnu.so
[100%] Linking C shared library rosidl_generator_py/livox_interfaces/livox_interfaces_s__rosidl_typesupport_introspection_c.cpython-310-x86_64-linux-gnu.so
[100%] Built target livox_interfaces__rosidl_typesupport_introspection_c__pyext
[100%] Built target livox_interfaces__rosidl_typesupport_c__pyext
[100%] Built target livox_interfaces__rosidl_typesupport_fastrtps_c__pyext
-- Install configuration: "Release"
-- Execute custom install script
-- Symlinking: /home/guichen/Documents/drone-radar-fusion/install/livox_interfaces/share/ament_index/resource_index/rosidl_interfaces/livox_interfaces
-- Symlinking: /home/guichen/Documents/drone-radar-fusion/install/livox_interfaces/include/livox_interfaces/livox_interfaces/msg/custom_msg.h
-- Symlinking: /home/guichen/Documents/drone-radar-fusion/install/livox_interfaces/include/livox_interfaces/livox_interfaces/msg/custom_point.h
-- Symlinking: /home/guichen/Documents/drone-radar-fusion/install/livox_interfaces/include/livox_interfaces/livox_interfaces/msg/detail/custom_msg__functions.h
-- Symlinking: /home/guichen/Documents/drone-radar-fusion/install/livox_interfaces/include/livox_interfaces/livox_interfaces/msg/detail/custom_msg__struct.h
-- Symlinking: /home/guichen/Documents/drone-radar-fusion/install/livox_interfaces/include/livox_interfaces/livox_interfaces/msg/detail/custom_msg__type_support.h
-- Symlinking: /home/guichen/Documents/drone-radar-fusion/install/livox_interfaces/include/livox_interfaces/livox_interfaces/msg/detail/custom_point__functions.h
-- Symlinking: /home/guichen/Documents/drone-radar-fusion/install/livox_interfaces/include/livox_interfaces/livox_interfaces/msg/detail/custom_point__struct.h
-- Symlinking: /home/guichen/Documents/drone-radar-fusion/install/livox_interfaces/include/livox_interfaces/livox_interfaces/msg/detail/custom_point__type_support.h
-- Symlinking: /home/guichen/Documents/drone-radar-fusion/install/livox_interfaces/include/livox_interfaces/livox_interfaces/msg/rosidl_generator_c__visibility_control.h
-- Symlinking: /home/guichen/Documents/drone-radar-fusion/install/livox_interfaces/share/livox_interfaces/environment/library_path.sh
-- Symlinking: /home/guichen/Documents/drone-radar-fusion/install/livox_interfaces/share/livox_interfaces/environment/library_path.dsv
-- Symlinking: /home/guichen/Documents/drone-radar-fusion/install/livox_interfaces/include/livox_interfaces/livox_interfaces/msg/detail/custom_msg__rosidl_typesupport_fastrtps_c.h
-- Symlinking: /home/guichen/Documents/drone-radar-fusion/install/livox_interfaces/include/livox_interfaces/livox_interfaces/msg/detail/custom_point__rosidl_typesupport_fastrtps_c.h
-- Symlinking: /home/guichen/Documents/drone-radar-fusion/install/livox_interfaces/include/livox_interfaces/livox_interfaces/msg/rosidl_typesupport_fastrtps_c__visibility_control.h
-- Symlinking: /home/guichen/Documents/drone-radar-fusion/install/livox_interfaces/include/livox_interfaces/livox_interfaces/msg/custom_msg.hpp
-- Symlinking: /home/guichen/Documents/drone-radar-fusion/install/livox_interfaces/include/livox_interfaces/livox_interfaces/msg/custom_point.hpp
-- Symlinking: /home/guichen/Documents/drone-radar-fusion/install/livox_interfaces/include/livox_interfaces/livox_interfaces/msg/detail/custom_msg__builder.hpp
-- Symlinking: /home/guichen/Documents/drone-radar-fusion/install/livox_interfaces/include/livox_interfaces/livox_interfaces/msg/detail/custom_msg__struct.hpp
-- Symlinking: /home/guichen/Documents/drone-radar-fusion/install/livox_interfaces/include/livox_interfaces/livox_interfaces/msg/detail/custom_msg__traits.hpp
-- Symlinking: /home/guichen/Documents/drone-radar-fusion/install/livox_interfaces/include/livox_interfaces/livox_interfaces/msg/detail/custom_msg__type_support.hpp
-- Symlinking: /home/guichen/Documents/drone-radar-fusion/install/livox_interfaces/include/livox_interfaces/livox_interfaces/msg/detail/custom_point__builder.hpp
-- Symlinking: /home/guichen/Documents/drone-radar-fusion/install/livox_interfaces/include/livox_interfaces/livox_interfaces/msg/detail/custom_point__struct.hpp
-- Symlinking: /home/guichen/Documents/drone-radar-fusion/install/livox_interfaces/include/livox_interfaces/livox_interfaces/msg/detail/custom_point__traits.hpp
-- Symlinking: /home/guichen/Documents/drone-radar-fusion/install/livox_interfaces/include/livox_interfaces/livox_interfaces/msg/detail/custom_point__type_support.hpp
-- Symlinking: /home/guichen/Documents/drone-radar-fusion/install/livox_interfaces/include/livox_interfaces/livox_interfaces/msg/rosidl_generator_cpp__visibility_control.hpp
-- Symlinking: /home/guichen/Documents/drone-radar-fusion/install/livox_interfaces/include/livox_interfaces/livox_interfaces/msg/detail/custom_msg__rosidl_typesupport_fastrtps_cpp.hpp
-- Symlinking: /home/guichen/Documents/drone-radar-fusion/install/livox_interfaces/include/livox_interfaces/livox_interfaces/msg/detail/custom_point__rosidl_typesupport_fastrtps_cpp.hpp
-- Symlinking: /home/guichen/Documents/drone-radar-fusion/install/livox_interfaces/include/livox_interfaces/livox_interfaces/msg/rosidl_typesupport_fastrtps_cpp__visibility_control.h
-- Symlinking: /home/guichen/Documents/drone-radar-fusion/install/livox_interfaces/include/livox_interfaces/livox_interfaces/msg/detail/custom_msg__rosidl_typesupport_introspection_c.h
-- Symlinking: /home/guichen/Documents/drone-radar-fusion/install/livox_interfaces/include/livox_interfaces/livox_interfaces/msg/detail/custom_point__rosidl_typesupport_introspection_c.h
-- Symlinking: /home/guichen/Documents/drone-radar-fusion/install/livox_interfaces/include/livox_interfaces/livox_interfaces/msg/rosidl_typesupport_introspection_c__visibility_control.h
-- Symlinking: /home/guichen/Documents/drone-radar-fusion/install/livox_interfaces/include/livox_interfaces/livox_interfaces/msg/detail/custom_msg__rosidl_typesupport_introspection_cpp.hpp
-- Symlinking: /home/guichen/Documents/drone-radar-fusion/install/livox_interfaces/include/livox_interfaces/livox_interfaces/msg/detail/custom_point__rosidl_typesupport_introspection_cpp.hpp
-- Symlinking: /home/guichen/Documents/drone-radar-fusion/install/livox_interfaces/share/livox_interfaces/environment/pythonpath.sh
-- Symlinking: /home/guichen/Documents/drone-radar-fusion/install/livox_interfaces/share/livox_interfaces/environment/pythonpath.dsv
-- Symlinking: /home/guichen/Documents/drone-radar-fusion/install/livox_interfaces/local/lib/python3.10/dist-packages/livox_interfaces-0.0.1-py3.10.egg-info/PKG-INFO
-- Symlinking: /home/guichen/Documents/drone-radar-fusion/install/livox_interfaces/local/lib/python3.10/dist-packages/livox_interfaces-0.0.1-py3.10.egg-info/SOURCES.txt
-- Symlinking: /home/guichen/Documents/drone-radar-fusion/install/livox_interfaces/local/lib/python3.10/dist-packages/livox_interfaces-0.0.1-py3.10.egg-info/dependency_links.txt
-- Symlinking: /home/guichen/Documents/drone-radar-fusion/install/livox_interfaces/local/lib/python3.10/dist-packages/livox_interfaces-0.0.1-py3.10.egg-info/top_level.txt
-- Symlinking: /home/guichen/Documents/drone-radar-fusion/install/livox_interfaces/local/lib/python3.10/dist-packages/livox_interfaces/__init__.py
-- Symlinking: /home/guichen/Documents/drone-radar-fusion/install/livox_interfaces/local/lib/python3.10/dist-packages/livox_interfaces/_livox_interfaces_s.ep.rosidl_typesupport_c.c
-- Symlinking: /home/guichen/Documents/drone-radar-fusion/install/livox_interfaces/local/lib/python3.10/dist-packages/livox_interfaces/_livox_interfaces_s.ep.rosidl_typesupport_fastrtps_c.c
-- Symlinking: /home/guichen/Documents/drone-radar-fusion/install/livox_interfaces/local/lib/python3.10/dist-packages/livox_interfaces/_livox_interfaces_s.ep.rosidl_typesupport_introspection_c.c
-- Symlinking: /home/guichen/Documents/drone-radar-fusion/install/livox_interfaces/local/lib/python3.10/dist-packages/livox_interfaces/liblivox_interfaces__rosidl_generator_py.so
-- Symlinking: /home/guichen/Documents/drone-radar-fusion/install/livox_interfaces/local/lib/python3.10/dist-packages/livox_interfaces/livox_interfaces_s__rosidl_typesupport_c.cpython-310-x86_64-linux-gnu.so
-- Symlinking: /home/guichen/Documents/drone-radar-fusion/install/livox_interfaces/local/lib/python3.10/dist-packages/livox_interfaces/livox_interfaces_s__rosidl_typesupport_fastrtps_c.cpython-310-x86_64-linux-gnu.so
-- Symlinking: /home/guichen/Documents/drone-radar-fusion/install/livox_interfaces/local/lib/python3.10/dist-packages/livox_interfaces/livox_interfaces_s__rosidl_typesupport_introspection_c.cpython-310-x86_64-linux-gnu.so
-- Symlinking: /home/guichen/Documents/drone-radar-fusion/install/livox_interfaces/local/lib/python3.10/dist-packages/livox_interfaces/msg/__init__.py
-- Symlinking: /home/guichen/Documents/drone-radar-fusion/install/livox_interfaces/local/lib/python3.10/dist-packages/livox_interfaces/msg/_custom_msg.py
-- Symlinking: /home/guichen/Documents/drone-radar-fusion/install/livox_interfaces/local/lib/python3.10/dist-packages/livox_interfaces/msg/_custom_msg_s.c
-- Symlinking: /home/guichen/Documents/drone-radar-fusion/install/livox_interfaces/local/lib/python3.10/dist-packages/livox_interfaces/msg/_custom_point.py
-- Symlinking: /home/guichen/Documents/drone-radar-fusion/install/livox_interfaces/local/lib/python3.10/dist-packages/livox_interfaces/msg/_custom_point_s.c
-- Up-to-date symlink: /home/guichen/Documents/drone-radar-fusion/install/livox_interfaces/local/lib/python3.10/dist-packages/livox_interfaces/livox_interfaces_s__rosidl_typesupport_fastrtps_c.cpython-310-x86_64-linux-gnu.so
-- Up-to-date symlink: /home/guichen/Documents/drone-radar-fusion/install/livox_interfaces/local/lib/python3.10/dist-packages/livox_interfaces/livox_interfaces_s__rosidl_typesupport_introspection_c.cpython-310-x86_64-linux-gnu.so
-- Up-to-date symlink: /home/guichen/Documents/drone-radar-fusion/install/livox_interfaces/local/lib/python3.10/dist-packages/livox_interfaces/livox_interfaces_s__rosidl_typesupport_c.cpython-310-x86_64-linux-gnu.so
-- Symlinking: /home/guichen/Documents/drone-radar-fusion/install/livox_interfaces/share/ament_index/resource_index/rust_packages/livox_interfaces
-- Symlinking: /home/guichen/Documents/drone-radar-fusion/install/livox_interfaces/share/livox_interfaces/rust/Cargo.toml
-- Symlinking: /home/guichen/Documents/drone-radar-fusion/install/livox_interfaces/share/livox_interfaces/rust/build.rs
-- Symlinking: /home/guichen/Documents/drone-radar-fusion/install/livox_interfaces/share/livox_interfaces/rust/src/lib.rs
-- Symlinking: /home/guichen/Documents/drone-radar-fusion/install/livox_interfaces/share/livox_interfaces/rust/src/msg.rs
-- Symlinking: /home/guichen/Documents/drone-radar-fusion/install/livox_interfaces/share/livox_interfaces/rust/src/msg/rmw.rs
-- Symlinking: /home/guichen/Documents/drone-radar-fusion/install/livox_interfaces/share/livox_interfaces/msg/CustomPoint.idl
-- Symlinking: /home/guichen/Documents/drone-radar-fusion/install/livox_interfaces/share/livox_interfaces/msg/CustomMsg.idl
-- Symlinking: /home/guichen/Documents/drone-radar-fusion/install/livox_interfaces/share/livox_interfaces/msg/CustomPoint.msg
-- Symlinking: /home/guichen/Documents/drone-radar-fusion/install/livox_interfaces/share/livox_interfaces/msg/CustomMsg.msg
-- Symlinking: /home/guichen/Documents/drone-radar-fusion/install/livox_interfaces/share/ament_index/resource_index/package_run_dependencies/livox_interfaces
-- Symlinking: /home/guichen/Documents/drone-radar-fusion/install/livox_interfaces/share/ament_index/resource_index/parent_prefix_path/livox_interfaces
-- Symlinking: /home/guichen/Documents/drone-radar-fusion/install/livox_interfaces/share/livox_interfaces/environment/ament_prefix_path.sh
-- Symlinking: /home/guichen/Documents/drone-radar-fusion/install/livox_interfaces/share/livox_interfaces/environment/ament_prefix_path.dsv
-- Symlinking: /home/guichen/Documents/drone-radar-fusion/install/livox_interfaces/share/livox_interfaces/environment/path.sh
-- Symlinking: /home/guichen/Documents/drone-radar-fusion/install/livox_interfaces/share/livox_interfaces/environment/path.dsv
-- Symlinking: /home/guichen/Documents/drone-radar-fusion/install/livox_interfaces/share/livox_interfaces/local_setup.bash
-- Symlinking: /home/guichen/Documents/drone-radar-fusion/install/livox_interfaces/share/livox_interfaces/local_setup.sh
-- Symlinking: /home/guichen/Documents/drone-radar-fusion/install/livox_interfaces/share/livox_interfaces/local_setup.zsh
-- Symlinking: /home/guichen/Documents/drone-radar-fusion/install/livox_interfaces/share/livox_interfaces/local_setup.dsv
-- Symlinking: /home/guichen/Documents/drone-radar-fusion/install/livox_interfaces/share/livox_interfaces/package.dsv
-- Symlinking: /home/guichen/Documents/drone-radar-fusion/install/livox_interfaces/share/ament_index/resource_index/packages/livox_interfaces
-- Symlinking: /home/guichen/Documents/drone-radar-fusion/install/livox_interfaces/share/livox_interfaces/cmake/rosidl_cmake-extras.cmake
-- Symlinking: /home/guichen/Documents/drone-radar-fusion/install/livox_interfaces/share/livox_interfaces/cmake/ament_cmake_export_dependencies-extras.cmake
-- Symlinking: /home/guichen/Documents/drone-radar-fusion/install/livox_interfaces/share/livox_interfaces/cmake/ament_cmake_export_include_directories-extras.cmake
-- Symlinking: /home/guichen/Documents/drone-radar-fusion/install/livox_interfaces/share/livox_interfaces/cmake/ament_cmake_export_libraries-extras.cmake
-- Symlinking: /home/guichen/Documents/drone-radar-fusion/install/livox_interfaces/share/livox_interfaces/cmake/ament_cmake_export_targets-extras.cmake
-- Symlinking: /home/guichen/Documents/drone-radar-fusion/install/livox_interfaces/share/livox_interfaces/cmake/rosidl_cmake_export_typesupport_targets-extras.cmake
-- Symlinking: /home/guichen/Documents/drone-radar-fusion/install/livox_interfaces/share/livox_interfaces/cmake/rosidl_cmake_export_typesupport_libraries-extras.cmake
-- Symlinking: /home/guichen/Documents/drone-radar-fusion/install/livox_interfaces/share/livox_interfaces/cmake/livox_interfacesConfig.cmake
-- Symlinking: /home/guichen/Documents/drone-radar-fusion/install/livox_interfaces/share/livox_interfaces/cmake/livox_interfacesConfig-version.cmake
-- Symlinking: /home/guichen/Documents/drone-radar-fusion/install/livox_interfaces/share/livox_interfaces/package.xml
-- Installing: /home/guichen/Documents/drone-radar-fusion/install/livox_interfaces/lib/liblivox_interfaces__rosidl_generator_c.so
-- Set runtime path of "/home/guichen/Documents/drone-radar-fusion/install/livox_interfaces/lib/liblivox_interfaces__rosidl_generator_c.so" to ""
-- Installing: /home/guichen/Documents/drone-radar-fusion/install/livox_interfaces/lib/liblivox_interfaces__rosidl_typesupport_fastrtps_c.so
-- Set runtime path of "/home/guichen/Documents/drone-radar-fusion/install/livox_interfaces/lib/liblivox_interfaces__rosidl_typesupport_fastrtps_c.so" to ""
-- Installing: /home/guichen/Documents/drone-radar-fusion/install/livox_interfaces/lib/liblivox_interfaces__rosidl_typesupport_fastrtps_cpp.so
-- Set runtime path of "/home/guichen/Documents/drone-radar-fusion/install/livox_interfaces/lib/liblivox_interfaces__rosidl_typesupport_fastrtps_cpp.so" to ""
-- Installing: /home/guichen/Documents/drone-radar-fusion/install/livox_interfaces/lib/liblivox_interfaces__rosidl_typesupport_introspection_c.so
-- Set runtime path of "/home/guichen/Documents/drone-radar-fusion/install/livox_interfaces/lib/liblivox_interfaces__rosidl_typesupport_introspection_c.so" to ""
-- Installing: /home/guichen/Documents/drone-radar-fusion/install/livox_interfaces/lib/liblivox_interfaces__rosidl_typesupport_c.so
-- Set runtime path of "/home/guichen/Documents/drone-radar-fusion/install/livox_interfaces/lib/liblivox_interfaces__rosidl_typesupport_c.so" to ""
-- Installing: /home/guichen/Documents/drone-radar-fusion/install/livox_interfaces/lib/liblivox_interfaces__rosidl_typesupport_introspection_cpp.so
-- Set runtime path of "/home/guichen/Documents/drone-radar-fusion/install/livox_interfaces/lib/liblivox_interfaces__rosidl_typesupport_introspection_cpp.so" to ""
-- Installing: /home/guichen/Documents/drone-radar-fusion/install/livox_interfaces/lib/liblivox_interfaces__rosidl_typesupport_cpp.so
-- Set runtime path of "/home/guichen/Documents/drone-radar-fusion/install/livox_interfaces/lib/liblivox_interfaces__rosidl_typesupport_cpp.so" to ""
Listing '/home/guichen/Documents/drone-radar-fusion/install/livox_interfaces/local/lib/python3.10/dist-packages/livox_interfaces'...
Compiling '/home/guichen/Documents/drone-radar-fusion/install/livox_interfaces/local/lib/python3.10/dist-packages/livox_interfaces/__init__.py'...
Listing '/home/guichen/Documents/drone-radar-fusion/install/livox_interfaces/local/lib/python3.10/dist-packages/livox_interfaces/msg'...
Compiling '/home/guichen/Documents/drone-radar-fusion/install/livox_interfaces/local/lib/python3.10/dist-packages/livox_interfaces/msg/__init__.py'...
Compiling '/home/guichen/Documents/drone-radar-fusion/install/livox_interfaces/local/lib/python3.10/dist-packages/livox_interfaces/msg/_custom_msg.py'...
Compiling '/home/guichen/Documents/drone-radar-fusion/install/livox_interfaces/local/lib/python3.10/dist-packages/livox_interfaces/msg/_custom_point.py'...
-- Installing: /home/guichen/Documents/drone-radar-fusion/install/livox_interfaces/lib/liblivox_interfaces__rosidl_generator_py.so
-- Set runtime path of "/home/guichen/Documents/drone-radar-fusion/install/livox_interfaces/lib/liblivox_interfaces__rosidl_generator_py.so" to ""
-- Installing: /home/guichen/Documents/drone-radar-fusion/install/livox_interfaces/share/livox_interfaces/cmake/export_livox_interfaces__rosidl_generator_cExport.cmake
-- Installing: /home/guichen/Documents/drone-radar-fusion/install/livox_interfaces/share/livox_interfaces/cmake/export_livox_interfaces__rosidl_generator_cExport-release.cmake
-- Installing: /home/guichen/Documents/drone-radar-fusion/install/livox_interfaces/share/livox_interfaces/cmake/export_livox_interfaces__rosidl_typesupport_fastrtps_cExport.cmake
-- Installing: /home/guichen/Documents/drone-radar-fusion/install/livox_interfaces/share/livox_interfaces/cmake/export_livox_interfaces__rosidl_typesupport_fastrtps_cExport-release.cmake
-- Installing: /home/guichen/Documents/drone-radar-fusion/install/livox_interfaces/share/livox_interfaces/cmake/export_livox_interfaces__rosidl_generator_cppExport.cmake
-- Installing: /home/guichen/Documents/drone-radar-fusion/install/livox_interfaces/share/livox_interfaces/cmake/export_livox_interfaces__rosidl_typesupport_fastrtps_cppExport.cmake
-- Installing: /home/guichen/Documents/drone-radar-fusion/install/livox_interfaces/share/livox_interfaces/cmake/export_livox_interfaces__rosidl_typesupport_fastrtps_cppExport-release.cmake
-- Installing: /home/guichen/Documents/drone-radar-fusion/install/livox_interfaces/share/livox_interfaces/cmake/livox_interfaces__rosidl_typesupport_introspection_cExport.cmake
-- Installing: /home/guichen/Documents/drone-radar-fusion/install/livox_interfaces/share/livox_interfaces/cmake/livox_interfaces__rosidl_typesupport_introspection_cExport-release.cmake
-- Installing: /home/guichen/Documents/drone-radar-fusion/install/livox_interfaces/share/livox_interfaces/cmake/livox_interfaces__rosidl_typesupport_cExport.cmake
-- Installing: /home/guichen/Documents/drone-radar-fusion/install/livox_interfaces/share/livox_interfaces/cmake/livox_interfaces__rosidl_typesupport_cExport-release.cmake
-- Installing: /home/guichen/Documents/drone-radar-fusion/install/livox_interfaces/share/livox_interfaces/cmake/livox_interfaces__rosidl_typesupport_introspection_cppExport.cmake
-- Installing: /home/guichen/Documents/drone-radar-fusion/install/livox_interfaces/share/livox_interfaces/cmake/livox_interfaces__rosidl_typesupport_introspection_cppExport-release.cmake
-- Installing: /home/guichen/Documents/drone-radar-fusion/install/livox_interfaces/share/livox_interfaces/cmake/livox_interfaces__rosidl_typesupport_cppExport.cmake
-- Installing: /home/guichen/Documents/drone-radar-fusion/install/livox_interfaces/share/livox_interfaces/cmake/livox_interfaces__rosidl_typesupport_cppExport-release.cmake
-- Installing: /home/guichen/Documents/drone-radar-fusion/install/livox_interfaces/share/livox_interfaces/cmake/export_livox_interfaces__rosidl_generator_pyExport.cmake
-- Installing: /home/guichen/Documents/drone-radar-fusion/install/livox_interfaces/share/livox_interfaces/cmake/export_livox_interfaces__rosidl_generator_pyExport-release.cmake
