-- The C compiler identification is GNU 11.4.0
-- The CXX compiler identification is GNU 11.4.0
-- Detecting C compiler ABI info
-- Detecting C compiler ABI info - done
-- Check for working C compiler: /usr/bin/cc - skipped
-- Detecting C compile features
-- Detecting C compile features - done
-- Detecting CXX compiler ABI info
-- Detecting CXX compiler ABI info - done
-- Check for working CXX compiler: /usr/bin/c++ - skipped
-- Detecting CXX compile features
-- Detecting CXX compile features - done
-- Found ament_cmake: 1.3.14 (/opt/ros/humble/share/ament_cmake/cmake)
-- Found Python3: /usr/bin/python3 (found version "3.10.12") found components: Interpreter 
-- Override CMake install command with custom implementation using symlinks instead of copying resources
-- Found rclcpp: 16.0.19 (/opt/ros/humble/share/rclcpp/cmake)
-- Found rosidl_generator_c: 3.1.8 (/opt/ros/humble/share/rosidl_generator_c/cmake)
-- Found rosidl_adapter: 3.1.8 (/opt/ros/humble/share/rosidl_adapter/cmake)
-- Found rosidl_generator_cpp: 3.1.8 (/opt/ros/humble/share/rosidl_generator_cpp/cmake)
-- Using all available rosidl_typesupport_c: rosidl_typesupport_fastrtps_c;rosidl_typesupport_introspection_c
-- Using all available rosidl_typesupport_cpp: rosidl_typesupport_fastrtps_cpp;rosidl_typesupport_introspection_cpp
-- Found rmw_implementation_cmake: 6.1.2 (/opt/ros/humble/share/rmw_implementation_cmake/cmake)
-- Found rmw_fastrtps_cpp: 6.2.10 (/opt/ros/humble/share/rmw_fastrtps_cpp/cmake)
-- Found OpenSSL: /usr/lib/x86_64-linux-gnu/libcrypto.so (found version "3.0.2")  
-- Found FastRTPS: /opt/ros/humble/include  
-- Using RMW implementation 'rmw_fastrtps_cpp' as default
-- Looking for pthread.h
-- Looking for pthread.h - found
-- Performing Test CMAKE_HAVE_LIBC_PTHREAD
-- Performing Test CMAKE_HAVE_LIBC_PTHREAD - Success
-- Found Threads: TRUE  
-- Found message_filters: 4.3.15 (/opt/ros/humble/share/message_filters/cmake)
-- Found visualization_msgs: 4.9.1 (/opt/ros/humble/share/visualization_msgs/cmake)
-- Found OpenCV: /usr (found version "4.5.4") 
-- Found interface: 1.0.0 (/home/guichen/Documents/drone-radar-fusion/install/interface/share/interface/cmake)
[ 11%] Creating directories for 'json-populate'
[ 22%] Performing download step (download, verify and extract) for 'json-populate'
-- Downloading...
   dst='/home/guichen/Documents/drone-radar-fusion/build/fusion/_deps/json-subbuild/json-populate-prefix/src/json.tar.xz'
   timeout='none'
   inactivity timeout='none'
-- Using src='https://github.com/nlohmann/json/releases/download/v3.11.3/json.tar.xz'
CMake Error at json-subbuild/json-populate-prefix/src/json-populate-stamp/download-json-populate.cmake:170 (message):
  Each download failed!

    error: downloading 'https://github.com/nlohmann/json/releases/download/v3.11.3/json.tar.xz' failed
          status_code: 28
          status_string: "Timeout was reached"
          log:
          --- LOG BEGIN ---
            Trying 198.18.0.196:443...

  connect to 198.18.0.196 port 443 failed: Connection timed out

  Failed to connect to github.com port 443 after 135767 ms: Connection timed
  out

  Closing connection 0

  

          --- LOG END ---
          
    


gmake[2]: *** [CMakeFiles/json-populate.dir/build.make:99：json-populate-prefix/src/json-populate-stamp/json-populate-download] 错误 1
gmake[1]: *** [CMakeFiles/Makefile2:83：CMakeFiles/json-populate.dir/all] 错误 2
gmake: *** [Makefile:91：all] 错误 2

CMake Error at /usr/share/cmake-3.22/Modules/FetchContent.cmake:1087 (message):
  Build step for json failed: 2
Call Stack (most recent call first):
  /usr/share/cmake-3.22/Modules/FetchContent.cmake:1216:EVAL:2 (__FetchContent_directPopulate)
  /usr/share/cmake-3.22/Modules/FetchContent.cmake:1216 (cmake_language)
  /usr/share/cmake-3.22/Modules/FetchContent.cmake:1259 (FetchContent_Populate)
  CMakeLists.txt:21 (FetchContent_MakeAvailable)


-- Configuring incomplete, errors occurred!
See also "/home/guichen/Documents/drone-radar-fusion/build/fusion/CMakeFiles/CMakeOutput.log".
