[0.006s] Invoking command in '/home/guichen/Documents/drone-radar-fusion/build/fusion': AMENT_PREFIX_PATH=/home/guichen/Documents/drone-radar-fusion/install/interface:${AMENT_PREFIX_PATH} CMAKE_PREFIX_PATH=/home/guichen/Documents/drone-radar-fusion/install/interface:/opt/ros/humble LD_LIBRARY_PATH=/home/guichen/Documents/drone-radar-fusion/install/interface/lib:${LD_LIBRARY_PATH} PYTHONPATH=/home/guichen/Documents/drone-radar-fusion/install/interface/local/lib/python3.10/dist-packages:${PYTHONPATH} /usr/bin/cmake /home/guichen/Documents/drone-radar-fusion/src/fusion -DCMAKE_BUILD_TYPE=Release -DAMENT_CMAKE_SYMLINK_INSTALL=1 -DCMAKE_INSTALL_PREFIX=/home/guichen/Documents/drone-radar-fusion/install/fusion
[0.038s] -- The C compiler identification is GNU 11.4.0
[0.073s] -- The CXX compiler identification is GNU 11.4.0
[0.077s] -- Detecting C compiler ABI info
[0.119s] -- Detecting C compiler ABI info - done
[0.124s] -- Check for working C compiler: /usr/bin/cc - skipped
[0.124s] -- Detecting C compile features
[0.124s] -- Detecting C compile features - done
[0.126s] -- Detecting CXX compiler ABI info
[0.176s] -- Detecting CXX compiler ABI info - done
[0.181s] -- Check for working CXX compiler: /usr/bin/c++ - skipped
[0.181s] -- Detecting CXX compile features
[0.181s] -- Detecting CXX compile features - done
[0.183s] -- Found ament_cmake: 1.3.14 (/opt/ros/humble/share/ament_cmake/cmake)
[0.281s] -- Found Python3: /usr/bin/python3 (found version "3.10.12") found components: Interpreter 
[0.322s] -- Override CMake install command with custom implementation using symlinks instead of copying resources
[0.336s] -- Found rclcpp: 16.0.19 (/opt/ros/humble/share/rclcpp/cmake)
[0.361s] -- Found rosidl_generator_c: 3.1.8 (/opt/ros/humble/share/rosidl_generator_c/cmake)
[0.363s] -- Found rosidl_adapter: 3.1.8 (/opt/ros/humble/share/rosidl_adapter/cmake)
[0.369s] -- Found rosidl_generator_cpp: 3.1.8 (/opt/ros/humble/share/rosidl_generator_cpp/cmake)
[0.376s] -- Using all available rosidl_typesupport_c: rosidl_typesupport_fastrtps_c;rosidl_typesupport_introspection_c
[0.386s] -- Using all available rosidl_typesupport_cpp: rosidl_typesupport_fastrtps_cpp;rosidl_typesupport_introspection_cpp
[0.412s] -- Found rmw_implementation_cmake: 6.1.2 (/opt/ros/humble/share/rmw_implementation_cmake/cmake)
[0.413s] -- Found rmw_fastrtps_cpp: 6.2.10 (/opt/ros/humble/share/rmw_fastrtps_cpp/cmake)
[0.466s] -- Found OpenSSL: /usr/lib/x86_64-linux-gnu/libcrypto.so (found version "3.0.2")  
[0.482s] -- Found FastRTPS: /opt/ros/humble/include  
[0.508s] -- Using RMW implementation 'rmw_fastrtps_cpp' as default
[0.512s] -- Looking for pthread.h
[0.555s] -- Looking for pthread.h - found
[0.556s] -- Performing Test CMAKE_HAVE_LIBC_PTHREAD
[0.601s] -- Performing Test CMAKE_HAVE_LIBC_PTHREAD - Success
[0.601s] -- Found Threads: TRUE  
[0.633s] -- Found message_filters: 4.3.15 (/opt/ros/humble/share/message_filters/cmake)
[0.635s] -- Found visualization_msgs: 4.9.1 (/opt/ros/humble/share/visualization_msgs/cmake)
[0.675s] -- Found OpenCV: /usr (found version "4.5.4") 
[0.676s] -- Found interface: 1.0.0 (/home/guichen/Documents/drone-radar-fusion/install/interface/share/interface/cmake)
[136.561s] [ 11%] Creating directories for 'json-populate'
[136.562s] [ 22%] Performing download step (download, verify and extract) for 'json-populate'
[136.562s] -- Downloading...
[136.562s]    dst='/home/guichen/Documents/drone-radar-fusion/build/fusion/_deps/json-subbuild/json-populate-prefix/src/json.tar.xz'
[136.562s]    timeout='none'
[136.562s]    inactivity timeout='none'
[136.562s] -- Using src='https://github.com/nlohmann/json/releases/download/v3.11.3/json.tar.xz'
[136.562s] CMake Error at json-subbuild/json-populate-prefix/src/json-populate-stamp/download-json-populate.cmake:170 (message):
[136.563s]   Each download failed!
[136.563s] 
[136.563s]     error: downloading 'https://github.com/nlohmann/json/releases/download/v3.11.3/json.tar.xz' failed
[136.563s]           status_code: 28
[136.563s]           status_string: "Timeout was reached"
[136.563s]           log:
[136.563s]           --- LOG BEGIN ---
[136.563s]             Trying 198.18.0.196:443...
[136.563s] 
[136.564s]   connect to 198.18.0.196 port 443 failed: Connection timed out
[136.564s] 
[136.564s]   Failed to connect to github.com port 443 after 135767 ms: Connection timed
[136.564s]   out
[136.564s] 
[136.564s]   Closing connection 0
[136.564s] 
[136.564s]   
[136.564s] 
[136.564s]           --- LOG END ---
[136.564s]           
[136.564s]     
[136.564s] 
[136.565s] 
[136.565s] gmake[2]: *** [CMakeFiles/json-populate.dir/build.make:99：json-populate-prefix/src/json-populate-stamp/json-populate-download] 错误 1
[136.565s] gmake[1]: *** [CMakeFiles/Makefile2:83：CMakeFiles/json-populate.dir/all] 错误 2
[136.565s] gmake: *** [Makefile:91：all] 错误 2
[136.565s] 
[136.565s] CMake Error at /usr/share/cmake-3.22/Modules/FetchContent.cmake:1087 (message):
[136.565s]   Build step for json failed: 2
[136.565s] Call Stack (most recent call first):
[136.565s]   /usr/share/cmake-3.22/Modules/FetchContent.cmake:1216:EVAL:2 (__FetchContent_directPopulate)
[136.565s]   /usr/share/cmake-3.22/Modules/FetchContent.cmake:1216 (cmake_language)
[136.565s]   /usr/share/cmake-3.22/Modules/FetchContent.cmake:1259 (FetchContent_Populate)
[136.565s]   CMakeLists.txt:21 (FetchContent_MakeAvailable)
[136.565s] 
[136.565s] 
[136.565s] -- Configuring incomplete, errors occurred!
[136.565s] See also "/home/guichen/Documents/drone-radar-fusion/build/fusion/CMakeFiles/CMakeOutput.log".
