[0.639s] Invoking command in '/home/guichen/Documents/drone-radar-fusion/build/simulation': AMENT_PREFIX_PATH=/home/guichen/Documents/drone-radar-fusion/install/interface:${AMENT_PREFIX_PATH} CMAKE_PREFIX_PATH=/home/guichen/Documents/drone-radar-fusion/install/interface LD_LIBRARY_PATH=/home/guichen/Documents/drone-radar-fusion/install/interface/lib:/opt/MVS/lib/64:/opt/MVS/lib/32:/usr/lib/x86_64-linux-gnu/gazebo-11/plugins:/opt/ros/humble/opt/rviz_ogre_vendor/lib:/opt/ros/humble/lib/x86_64-linux-gnu:/opt/ros/humble/lib:/opt/MVS/lib/64:/opt/MVS/lib/32:/opt/MVS/lib/64:/opt/MVS/lib/32 PYTHONPATH=/home/guichen/Documents/drone-radar-fusion/build/simulation/prefix_override:/usr/lib/python3/dist-packages/colcon_core/task/python/colcon_distutils_commands:/home/guichen/Documents/drone-radar-fusion/install/simulation/lib/python3.10/site-packages:/home/guichen/Documents/drone-radar-fusion/install/interface/local/lib/python3.10/dist-packages:${PYTHONPATH} /usr/bin/python3 -W ignore:setup.py install is deprecated -W ignore:easy_install command is deprecated setup.py develop --editable --build-directory /home/guichen/Documents/drone-radar-fusion/build/simulation/build --no-deps symlink_data
[0.888s] running develop
[1.021s] running egg_info
[1.021s] writing simulation.egg-info/PKG-INFO
[1.021s] writing dependency_links to simulation.egg-info/dependency_links.txt
[1.021s] writing entry points to simulation.egg-info/entry_points.txt
[1.021s] writing requirements to simulation.egg-info/requires.txt
[1.021s] writing top-level names to simulation.egg-info/top_level.txt
[1.024s] reading manifest file 'simulation.egg-info/SOURCES.txt'
[1.025s] writing manifest file 'simulation.egg-info/SOURCES.txt'
[1.026s] running build_ext
[1.026s] Creating /home/guichen/Documents/drone-radar-fusion/install/simulation/lib/python3.10/site-packages/simulation.egg-link (link to .)
[1.029s] Installing gimbal_controller script to /home/guichen/Documents/drone-radar-fusion/install/simulation/lib/simulation
[1.029s] Installing radar_world_repub script to /home/guichen/Documents/drone-radar-fusion/install/simulation/lib/simulation
[1.029s] Installing sim_bridge script to /home/guichen/Documents/drone-radar-fusion/install/simulation/lib/simulation
[1.030s] Installing yolo_node script to /home/guichen/Documents/drone-radar-fusion/install/simulation/lib/simulation
[1.030s] 
[1.030s] Installed /home/guichen/Documents/drone-radar-fusion/build/simulation
[1.030s] running symlink_data
[1.079s] Invoked command in '/home/guichen/Documents/drone-radar-fusion/build/simulation' returned '0': AMENT_PREFIX_PATH=/home/guichen/Documents/drone-radar-fusion/install/interface:${AMENT_PREFIX_PATH} CMAKE_PREFIX_PATH=/home/guichen/Documents/drone-radar-fusion/install/interface LD_LIBRARY_PATH=/home/guichen/Documents/drone-radar-fusion/install/interface/lib:/opt/MVS/lib/64:/opt/MVS/lib/32:/usr/lib/x86_64-linux-gnu/gazebo-11/plugins:/opt/ros/humble/opt/rviz_ogre_vendor/lib:/opt/ros/humble/lib/x86_64-linux-gnu:/opt/ros/humble/lib:/opt/MVS/lib/64:/opt/MVS/lib/32:/opt/MVS/lib/64:/opt/MVS/lib/32 PYTHONPATH=/home/guichen/Documents/drone-radar-fusion/build/simulation/prefix_override:/usr/lib/python3/dist-packages/colcon_core/task/python/colcon_distutils_commands:/home/guichen/Documents/drone-radar-fusion/install/simulation/lib/python3.10/site-packages:/home/guichen/Documents/drone-radar-fusion/install/interface/local/lib/python3.10/dist-packages:${PYTHONPATH} /usr/bin/python3 -W ignore:setup.py install is deprecated -W ignore:easy_install command is deprecated setup.py develop --editable --build-directory /home/guichen/Documents/drone-radar-fusion/build/simulation/build --no-deps symlink_data
