[0.005s] Invoking command in '/home/guichen/Documents/drone-radar-fusion/build/hik_camera_ros2_driver': CMAKE_PREFIX_PATH=${CMAKE_PREFIX_PATH}:/home/guichen/Documents/drone-radar-fusion/install/camera_yolo:/home/guichen/Documents/drone-radar-fusion/install/web_dashboard:/home/guichen/Documents/drone-radar-fusion/install/simulation:/opt/ros/humble /usr/bin/cmake --build /home/guichen/Documents/drone-radar-fusion/build/hik_camera_ros2_driver -- -j16 -l16
[0.023s] -- Found ament_cmake_auto: 1.3.14 (/opt/ros/humble/share/ament_cmake_auto/cmake)
[0.106s] -- Override CMake install command with custom implementation using symlinks instead of copying resources
[0.170s] -- Found rosidl_generator_c: 3.1.8 (/opt/ros/humble/share/rosidl_generator_c/cmake)
[0.171s] -- Found rosidl_adapter: 3.1.8 (/opt/ros/humble/share/rosidl_adapter/cmake)
[0.175s] -- Found rosidl_generator_cpp: 3.1.8 (/opt/ros/humble/share/rosidl_generator_cpp/cmake)
[0.181s] -- Using all available rosidl_typesupport_c: rosidl_typesupport_fastrtps_c;rosidl_typesupport_introspection_c
[0.189s] -- Using all available rosidl_typesupport_cpp: rosidl_typesupport_fastrtps_cpp;rosidl_typesupport_introspection_cpp
[0.211s] -- Found rmw_implementation_cmake: 6.1.2 (/opt/ros/humble/share/rmw_implementation_cmake/cmake)
[0.212s] -- Found rmw_fastrtps_cpp: 6.2.10 (/opt/ros/humble/share/rmw_fastrtps_cpp/cmake)
[0.280s] -- Using RMW implementation 'rmw_fastrtps_cpp' as default
[0.361s] -- Found ament_lint_auto: 0.12.15 (/opt/ros/humble/share/ament_lint_auto/cmake)
[0.369s] -- Added test 'cppcheck' to perform static code analysis on C / C++ code
[0.369s] -- Configured cppcheck include dirs: /home/guichen/Documents/drone-radar-fusion/src/hik_camera/hikSDK/include
[0.369s] -- Configured cppcheck exclude dirs and/or files: 
[0.370s] -- Added test 'lint_cmake' to check CMake code style
[0.370s] -- Added test 'pep257' to check Python code against some of the docstring style conventions in PEP 257
[0.371s] -- Added test 'xmllint' to check XML markup files
[0.372s] -- Configuring done
[0.380s] -- Generating done
[0.384s] -- Build files have been written to: /home/guichen/Documents/drone-radar-fusion/build/hik_camera_ros2_driver
[0.405s] [35m[1mConsolidate compiler generated dependencies of target hik_camera_ros2_driver[0m
[0.405s] [35m[1mConsolidate compiler generated dependencies of target hik_camera_ros2_driver_node[0m
[0.416s] [ 50%] [32mBuilding CXX object CMakeFiles/hik_camera_ros2_driver_node.dir/rclcpp_components/node_main_hik_camera_ros2_driver_node.cpp.o[0m
[0.416s] [ 75%] Built target hik_camera_ros2_driver
[3.136s] [100%] [32m[1mLinking CXX executable hik_camera_ros2_driver_node[0m
[3.270s] [100%] Built target hik_camera_ros2_driver_node
[3.288s] Invoked command in '/home/guichen/Documents/drone-radar-fusion/build/hik_camera_ros2_driver' returned '0': CMAKE_PREFIX_PATH=${CMAKE_PREFIX_PATH}:/home/guichen/Documents/drone-radar-fusion/install/camera_yolo:/home/guichen/Documents/drone-radar-fusion/install/web_dashboard:/home/guichen/Documents/drone-radar-fusion/install/simulation:/opt/ros/humble /usr/bin/cmake --build /home/guichen/Documents/drone-radar-fusion/build/hik_camera_ros2_driver -- -j16 -l16
[3.289s] Invoking command in '/home/guichen/Documents/drone-radar-fusion/build/hik_camera_ros2_driver': CMAKE_PREFIX_PATH=${CMAKE_PREFIX_PATH}:/home/guichen/Documents/drone-radar-fusion/install/camera_yolo:/home/guichen/Documents/drone-radar-fusion/install/web_dashboard:/home/guichen/Documents/drone-radar-fusion/install/simulation:/opt/ros/humble /usr/bin/cmake --install /home/guichen/Documents/drone-radar-fusion/build/hik_camera_ros2_driver
[3.299s] -- Install configuration: ""
[3.299s] -- Execute custom install script
[3.300s] -- Up-to-date symlink: /home/guichen/Documents/drone-radar-fusion/install/hik_camera_ros2_driver/lib/libFormatConversion.so
[3.300s] -- Up-to-date symlink: /home/guichen/Documents/drone-radar-fusion/install/hik_camera_ros2_driver/lib/libMVRender.so
[3.300s] -- Up-to-date symlink: /home/guichen/Documents/drone-radar-fusion/install/hik_camera_ros2_driver/lib/libMediaProcess.so
[3.300s] -- Up-to-date symlink: /home/guichen/Documents/drone-radar-fusion/install/hik_camera_ros2_driver/lib/libMvCameraControl.so
[3.300s] -- Up-to-date symlink: /home/guichen/Documents/drone-radar-fusion/install/hik_camera_ros2_driver/lib/libMvUsb3vTL.so
[3.300s] -- Up-to-date symlink: /home/guichen/Documents/drone-radar-fusion/install/hik_camera_ros2_driver/lib/hik_camera_ros2_driver/hik_camera_ros2_driver_node
[3.301s] -- Up-to-date symlink: /home/guichen/Documents/drone-radar-fusion/install/hik_camera_ros2_driver/share/hik_camera_ros2_driver/environment/library_path.sh
[3.301s] -- Up-to-date symlink: /home/guichen/Documents/drone-radar-fusion/install/hik_camera_ros2_driver/share/hik_camera_ros2_driver/environment/library_path.dsv
[3.301s] -- Up-to-date symlink: /home/guichen/Documents/drone-radar-fusion/install/hik_camera_ros2_driver/lib/libhik_camera_ros2_driver.so
[3.301s] -- Up-to-date symlink: /home/guichen/Documents/drone-radar-fusion/install/hik_camera_ros2_driver/share/hik_camera_ros2_driver/launch/hik_camera_launch.py
[3.302s] -- Up-to-date symlink: /home/guichen/Documents/drone-radar-fusion/install/hik_camera_ros2_driver/share/hik_camera_ros2_driver/config/camera_info.yaml
[3.302s] -- Up-to-date symlink: /home/guichen/Documents/drone-radar-fusion/install/hik_camera_ros2_driver/share/hik_camera_ros2_driver/config/camera_params.yaml
[3.302s] -- Up-to-date symlink: /home/guichen/Documents/drone-radar-fusion/install/hik_camera_ros2_driver/share/ament_index/resource_index/package_run_dependencies/hik_camera_ros2_driver
[3.302s] -- Up-to-date symlink: /home/guichen/Documents/drone-radar-fusion/install/hik_camera_ros2_driver/share/ament_index/resource_index/parent_prefix_path/hik_camera_ros2_driver
[3.302s] -- Up-to-date symlink: /home/guichen/Documents/drone-radar-fusion/install/hik_camera_ros2_driver/share/hik_camera_ros2_driver/environment/ament_prefix_path.sh
[3.302s] -- Up-to-date symlink: /home/guichen/Documents/drone-radar-fusion/install/hik_camera_ros2_driver/share/hik_camera_ros2_driver/environment/ament_prefix_path.dsv
[3.303s] -- Up-to-date symlink: /home/guichen/Documents/drone-radar-fusion/install/hik_camera_ros2_driver/share/hik_camera_ros2_driver/environment/path.sh
[3.303s] -- Up-to-date symlink: /home/guichen/Documents/drone-radar-fusion/install/hik_camera_ros2_driver/share/hik_camera_ros2_driver/environment/path.dsv
[3.303s] -- Up-to-date symlink: /home/guichen/Documents/drone-radar-fusion/install/hik_camera_ros2_driver/share/hik_camera_ros2_driver/local_setup.bash
[3.303s] -- Up-to-date symlink: /home/guichen/Documents/drone-radar-fusion/install/hik_camera_ros2_driver/share/hik_camera_ros2_driver/local_setup.sh
[3.303s] -- Up-to-date symlink: /home/guichen/Documents/drone-radar-fusion/install/hik_camera_ros2_driver/share/hik_camera_ros2_driver/local_setup.zsh
[3.303s] -- Up-to-date symlink: /home/guichen/Documents/drone-radar-fusion/install/hik_camera_ros2_driver/share/hik_camera_ros2_driver/local_setup.dsv
[3.304s] -- Symlinking: /home/guichen/Documents/drone-radar-fusion/install/hik_camera_ros2_driver/share/hik_camera_ros2_driver/package.dsv
[3.322s] -- Up-to-date symlink: /home/guichen/Documents/drone-radar-fusion/install/hik_camera_ros2_driver/share/ament_index/resource_index/packages/hik_camera_ros2_driver
[3.324s] -- Up-to-date symlink: /home/guichen/Documents/drone-radar-fusion/install/hik_camera_ros2_driver/share/ament_index/resource_index/rclcpp_components/hik_camera_ros2_driver
[3.324s] -- Up-to-date symlink: /home/guichen/Documents/drone-radar-fusion/install/hik_camera_ros2_driver/share/hik_camera_ros2_driver/cmake/ament_cmake_export_dependencies-extras.cmake
[3.324s] -- Up-to-date symlink: /home/guichen/Documents/drone-radar-fusion/install/hik_camera_ros2_driver/share/hik_camera_ros2_driver/cmake/ament_cmake_export_libraries-extras.cmake
[3.325s] -- Up-to-date symlink: /home/guichen/Documents/drone-radar-fusion/install/hik_camera_ros2_driver/share/hik_camera_ros2_driver/cmake/hik_camera_ros2_driverConfig.cmake
[3.325s] -- Up-to-date symlink: /home/guichen/Documents/drone-radar-fusion/install/hik_camera_ros2_driver/share/hik_camera_ros2_driver/cmake/hik_camera_ros2_driverConfig-version.cmake
[3.325s] -- Up-to-date symlink: /home/guichen/Documents/drone-radar-fusion/install/hik_camera_ros2_driver/share/hik_camera_ros2_driver/package.xml
[3.326s] Invoked command in '/home/guichen/Documents/drone-radar-fusion/build/hik_camera_ros2_driver' returned '0': CMAKE_PREFIX_PATH=${CMAKE_PREFIX_PATH}:/home/guichen/Documents/drone-radar-fusion/install/camera_yolo:/home/guichen/Documents/drone-radar-fusion/install/web_dashboard:/home/guichen/Documents/drone-radar-fusion/install/simulation:/opt/ros/humble /usr/bin/cmake --install /home/guichen/Documents/drone-radar-fusion/build/hik_camera_ros2_driver
