[0.012s] Invoking command in '/home/guichen/Documents/drone-radar-fusion/build/fusion': CMAKE_PREFIX_PATH=/home/guichen/Documents/drone-radar-fusion/install/interface:/home/guichen/Documents/drone-radar-fusion/install/radar:/home/guichen/Documents/drone-radar-fusion/install/livox_ros2_avia:/home/guichen/Documents/drone-radar-fusion/install/livox_sdk_vendor:/home/guichen/Documents/drone-radar-fusion/install/livox_interfaces:/home/guichen/Documents/drone-radar-fusion/install/fusion:/home/guichen/Documents/drone-radar-fusion/install/camera_vision:/home/guichen/Documents/drone-radar-fusion/install/hik_camera_ros2_driver:/home/guichen/Documents/drone-radar-fusion/install/web_dashboard:/home/guichen/Documents/drone-radar-fusion/install/simulation:/opt/ros/humble LD_LIBRARY_PATH=/home/guichen/Documents/drone-radar-fusion/install/interface/lib:/home/guichen/Documents/drone-radar-fusion/install/livox_ros2_avia/lib:/home/guichen/Documents/drone-radar-fusion/install/livox_interfaces/lib:/home/guichen/Documents/drone-radar-fusion/install/hik_camera_ros2_driver/lib:/opt/MVS/lib/64:/opt/MVS/lib/32:/opt/MVS/lib/64:/opt/MVS/lib/32:/usr/lib/x86_64-linux-gnu/gazebo-11/plugins:/opt/ros/humble/opt/rviz_ogre_vendor/lib:/opt/ros/humble/lib/x86_64-linux-gnu:/opt/ros/humble/lib:/opt/MVS/lib/64:/opt/MVS/lib/32:/opt/MVS/lib/64:/opt/MVS/lib/32 /usr/bin/cmake /home/guichen/Documents/drone-radar-fusion/src/fusion -DAMENT_CMAKE_SYMLINK_INSTALL=1 -DCMAKE_INSTALL_PREFIX=/home/guichen/Documents/drone-radar-fusion/install/fusion
[0.087s] -- The C compiler identification is GNU 11.4.0
[0.159s] -- The CXX compiler identification is GNU 11.4.0
[0.168s] -- Detecting C compiler ABI info
[0.252s] -- Detecting C compiler ABI info - done
[0.262s] -- Check for working C compiler: /usr/bin/cc - skipped
[0.262s] -- Detecting C compile features
[0.262s] -- Detecting C compile features - done
[0.266s] -- Detecting CXX compiler ABI info
[0.348s] -- Detecting CXX compiler ABI info - done
[0.354s] -- Check for working CXX compiler: /usr/bin/c++ - skipped
[0.356s] -- Detecting CXX compile features
[0.356s] -- Detecting CXX compile features - done
[0.356s] -- Found ament_cmake: 1.3.14 (/opt/ros/humble/share/ament_cmake/cmake)
[0.499s] -- Found Python3: /usr/bin/python3 (found version "3.10.12") found components: Interpreter 
[0.555s] -- Override CMake install command with custom implementation using symlinks instead of copying resources
[0.575s] -- Found rclcpp: 16.0.19 (/opt/ros/humble/share/rclcpp/cmake)
[0.607s] -- Found rosidl_generator_c: 3.1.8 (/opt/ros/humble/share/rosidl_generator_c/cmake)
[0.611s] -- Found rosidl_adapter: 3.1.8 (/opt/ros/humble/share/rosidl_adapter/cmake)
[0.617s] -- Found rosidl_generator_cpp: 3.1.8 (/opt/ros/humble/share/rosidl_generator_cpp/cmake)
[0.626s] -- Using all available rosidl_typesupport_c: rosidl_typesupport_fastrtps_c;rosidl_typesupport_introspection_c
[0.640s] -- Using all available rosidl_typesupport_cpp: rosidl_typesupport_fastrtps_cpp;rosidl_typesupport_introspection_cpp
[0.674s] -- Found rmw_implementation_cmake: 6.1.2 (/opt/ros/humble/share/rmw_implementation_cmake/cmake)
[0.676s] -- Found rmw_fastrtps_cpp: 6.2.10 (/opt/ros/humble/share/rmw_fastrtps_cpp/cmake)
[0.744s] -- Found OpenSSL: /usr/lib/x86_64-linux-gnu/libcrypto.so (found version "3.0.2")  
[0.768s] -- Found FastRTPS: /opt/ros/humble/include  
[0.799s] -- Using RMW implementation 'rmw_fastrtps_cpp' as default
[0.805s] -- Looking for pthread.h
[0.862s] -- Looking for pthread.h - found
[0.862s] -- Performing Test CMAKE_HAVE_LIBC_PTHREAD
[0.916s] -- Performing Test CMAKE_HAVE_LIBC_PTHREAD - Success
[0.917s] -- Found Threads: TRUE  
[0.955s] -- Found message_filters: 4.3.15 (/opt/ros/humble/share/message_filters/cmake)
[0.958s] -- Found visualization_msgs: 4.9.1 (/opt/ros/humble/share/visualization_msgs/cmake)
[1.006s] -- Found OpenCV: /usr (found version "4.5.4") 
[1.008s] -- Found interface: 1.0.0 (/home/guichen/Documents/drone-radar-fusion/install/interface/share/interface/cmake)
[3.098s] -- Using the multi-header code from /home/guichen/Documents/drone-radar-fusion/build/fusion/_deps/json-src/include/
[3.157s] -- Configuring done
[3.167s] -- Generating done
[3.170s] -- Build files have been written to: /home/guichen/Documents/drone-radar-fusion/build/fusion
[3.180s] Invoked command in '/home/guichen/Documents/drone-radar-fusion/build/fusion' returned '0': CMAKE_PREFIX_PATH=/home/guichen/Documents/drone-radar-fusion/install/interface:/home/guichen/Documents/drone-radar-fusion/install/radar:/home/guichen/Documents/drone-radar-fusion/install/livox_ros2_avia:/home/guichen/Documents/drone-radar-fusion/install/livox_sdk_vendor:/home/guichen/Documents/drone-radar-fusion/install/livox_interfaces:/home/guichen/Documents/drone-radar-fusion/install/fusion:/home/guichen/Documents/drone-radar-fusion/install/camera_vision:/home/guichen/Documents/drone-radar-fusion/install/hik_camera_ros2_driver:/home/guichen/Documents/drone-radar-fusion/install/web_dashboard:/home/guichen/Documents/drone-radar-fusion/install/simulation:/opt/ros/humble LD_LIBRARY_PATH=/home/guichen/Documents/drone-radar-fusion/install/interface/lib:/home/guichen/Documents/drone-radar-fusion/install/livox_ros2_avia/lib:/home/guichen/Documents/drone-radar-fusion/install/livox_interfaces/lib:/home/guichen/Documents/drone-radar-fusion/install/hik_camera_ros2_driver/lib:/opt/MVS/lib/64:/opt/MVS/lib/32:/opt/MVS/lib/64:/opt/MVS/lib/32:/usr/lib/x86_64-linux-gnu/gazebo-11/plugins:/opt/ros/humble/opt/rviz_ogre_vendor/lib:/opt/ros/humble/lib/x86_64-linux-gnu:/opt/ros/humble/lib:/opt/MVS/lib/64:/opt/MVS/lib/32:/opt/MVS/lib/64:/opt/MVS/lib/32 /usr/bin/cmake /home/guichen/Documents/drone-radar-fusion/src/fusion -DAMENT_CMAKE_SYMLINK_INSTALL=1 -DCMAKE_INSTALL_PREFIX=/home/guichen/Documents/drone-radar-fusion/install/fusion
[3.181s] Invoking command in '/home/guichen/Documents/drone-radar-fusion/build/fusion': CMAKE_PREFIX_PATH=/home/guichen/Documents/drone-radar-fusion/install/interface:/home/guichen/Documents/drone-radar-fusion/install/radar:/home/guichen/Documents/drone-radar-fusion/install/livox_ros2_avia:/home/guichen/Documents/drone-radar-fusion/install/livox_sdk_vendor:/home/guichen/Documents/drone-radar-fusion/install/livox_interfaces:/home/guichen/Documents/drone-radar-fusion/install/fusion:/home/guichen/Documents/drone-radar-fusion/install/camera_vision:/home/guichen/Documents/drone-radar-fusion/install/hik_camera_ros2_driver:/home/guichen/Documents/drone-radar-fusion/install/web_dashboard:/home/guichen/Documents/drone-radar-fusion/install/simulation:/opt/ros/humble LD_LIBRARY_PATH=/home/guichen/Documents/drone-radar-fusion/install/interface/lib:/home/guichen/Documents/drone-radar-fusion/install/livox_ros2_avia/lib:/home/guichen/Documents/drone-radar-fusion/install/livox_interfaces/lib:/home/guichen/Documents/drone-radar-fusion/install/hik_camera_ros2_driver/lib:/opt/MVS/lib/64:/opt/MVS/lib/32:/opt/MVS/lib/64:/opt/MVS/lib/32:/usr/lib/x86_64-linux-gnu/gazebo-11/plugins:/opt/ros/humble/opt/rviz_ogre_vendor/lib:/opt/ros/humble/lib/x86_64-linux-gnu:/opt/ros/humble/lib:/opt/MVS/lib/64:/opt/MVS/lib/32:/opt/MVS/lib/64:/opt/MVS/lib/32 /usr/bin/cmake --build /home/guichen/Documents/drone-radar-fusion/build/fusion -- -j16 -l16
[3.216s] [ 50%] [32mBuilding CXX object CMakeFiles/fusion_node.dir/src/fusion_manager.cpp.o[0m
[3.216s] [ 50%] [32mBuilding CXX object CMakeFiles/fusion_node.dir/src/fusion_node.cpp.o[0m
[3.216s] [ 75%] [32mBuilding CXX object CMakeFiles/fusion_node.dir/src/kalman_filter.cpp.o[0m
[23.881s] [100%] [32m[1mLinking CXX executable fusion_node[0m
[24.062s] [100%] Built target fusion_node
[24.071s] Invoked command in '/home/guichen/Documents/drone-radar-fusion/build/fusion' returned '0': CMAKE_PREFIX_PATH=/home/guichen/Documents/drone-radar-fusion/install/interface:/home/guichen/Documents/drone-radar-fusion/install/radar:/home/guichen/Documents/drone-radar-fusion/install/livox_ros2_avia:/home/guichen/Documents/drone-radar-fusion/install/livox_sdk_vendor:/home/guichen/Documents/drone-radar-fusion/install/livox_interfaces:/home/guichen/Documents/drone-radar-fusion/install/fusion:/home/guichen/Documents/drone-radar-fusion/install/camera_vision:/home/guichen/Documents/drone-radar-fusion/install/hik_camera_ros2_driver:/home/guichen/Documents/drone-radar-fusion/install/web_dashboard:/home/guichen/Documents/drone-radar-fusion/install/simulation:/opt/ros/humble LD_LIBRARY_PATH=/home/guichen/Documents/drone-radar-fusion/install/interface/lib:/home/guichen/Documents/drone-radar-fusion/install/livox_ros2_avia/lib:/home/guichen/Documents/drone-radar-fusion/install/livox_interfaces/lib:/home/guichen/Documents/drone-radar-fusion/install/hik_camera_ros2_driver/lib:/opt/MVS/lib/64:/opt/MVS/lib/32:/opt/MVS/lib/64:/opt/MVS/lib/32:/usr/lib/x86_64-linux-gnu/gazebo-11/plugins:/opt/ros/humble/opt/rviz_ogre_vendor/lib:/opt/ros/humble/lib/x86_64-linux-gnu:/opt/ros/humble/lib:/opt/MVS/lib/64:/opt/MVS/lib/32:/opt/MVS/lib/64:/opt/MVS/lib/32 /usr/bin/cmake --build /home/guichen/Documents/drone-radar-fusion/build/fusion -- -j16 -l16
[24.072s] Invoking command in '/home/guichen/Documents/drone-radar-fusion/build/fusion': CMAKE_PREFIX_PATH=/home/guichen/Documents/drone-radar-fusion/install/interface:/home/guichen/Documents/drone-radar-fusion/install/radar:/home/guichen/Documents/drone-radar-fusion/install/livox_ros2_avia:/home/guichen/Documents/drone-radar-fusion/install/livox_sdk_vendor:/home/guichen/Documents/drone-radar-fusion/install/livox_interfaces:/home/guichen/Documents/drone-radar-fusion/install/fusion:/home/guichen/Documents/drone-radar-fusion/install/camera_vision:/home/guichen/Documents/drone-radar-fusion/install/hik_camera_ros2_driver:/home/guichen/Documents/drone-radar-fusion/install/web_dashboard:/home/guichen/Documents/drone-radar-fusion/install/simulation:/opt/ros/humble LD_LIBRARY_PATH=/home/guichen/Documents/drone-radar-fusion/install/interface/lib:/home/guichen/Documents/drone-radar-fusion/install/livox_ros2_avia/lib:/home/guichen/Documents/drone-radar-fusion/install/livox_interfaces/lib:/home/guichen/Documents/drone-radar-fusion/install/hik_camera_ros2_driver/lib:/opt/MVS/lib/64:/opt/MVS/lib/32:/opt/MVS/lib/64:/opt/MVS/lib/32:/usr/lib/x86_64-linux-gnu/gazebo-11/plugins:/opt/ros/humble/opt/rviz_ogre_vendor/lib:/opt/ros/humble/lib/x86_64-linux-gnu:/opt/ros/humble/lib:/opt/MVS/lib/64:/opt/MVS/lib/32:/opt/MVS/lib/64:/opt/MVS/lib/32 /usr/bin/cmake --install /home/guichen/Documents/drone-radar-fusion/build/fusion
[24.077s] -- Install configuration: ""
[24.077s] -- Execute custom install script
[24.078s] -- Symlinking: /home/guichen/Documents/drone-radar-fusion/install/fusion/lib/fusion/fusion_node
[24.084s] -- Symlinking: /home/guichen/Documents/drone-radar-fusion/install/fusion/include/fusion/fusion_manager.hpp
[24.090s] -- Symlinking: /home/guichen/Documents/drone-radar-fusion/install/fusion/include/fusion/kalman_filter.hpp
[24.097s] -- Symlinking: /home/guichen/Documents/drone-radar-fusion/install/fusion/share/fusion/launch/fusion_launch.py
[24.103s] -- Symlinking: /home/guichen/Documents/drone-radar-fusion/install/fusion/share/ament_index/resource_index/package_run_dependencies/fusion
[24.111s] -- Symlinking: /home/guichen/Documents/drone-radar-fusion/install/fusion/share/ament_index/resource_index/parent_prefix_path/fusion
[24.117s] -- Symlinking: /home/guichen/Documents/drone-radar-fusion/install/fusion/share/fusion/environment/ament_prefix_path.sh
[24.123s] -- Symlinking: /home/guichen/Documents/drone-radar-fusion/install/fusion/share/fusion/environment/ament_prefix_path.dsv
[24.129s] -- Symlinking: /home/guichen/Documents/drone-radar-fusion/install/fusion/share/fusion/environment/path.sh
[24.135s] -- Symlinking: /home/guichen/Documents/drone-radar-fusion/install/fusion/share/fusion/environment/path.dsv
[24.141s] -- Symlinking: /home/guichen/Documents/drone-radar-fusion/install/fusion/share/fusion/local_setup.bash
[24.147s] -- Symlinking: /home/guichen/Documents/drone-radar-fusion/install/fusion/share/fusion/local_setup.sh
[24.152s] -- Symlinking: /home/guichen/Documents/drone-radar-fusion/install/fusion/share/fusion/local_setup.zsh
[24.159s] -- Symlinking: /home/guichen/Documents/drone-radar-fusion/install/fusion/share/fusion/local_setup.dsv
[24.164s] -- Symlinking: /home/guichen/Documents/drone-radar-fusion/install/fusion/share/fusion/package.dsv
[24.170s] -- Symlinking: /home/guichen/Documents/drone-radar-fusion/install/fusion/share/ament_index/resource_index/packages/fusion
[24.176s] -- Symlinking: /home/guichen/Documents/drone-radar-fusion/install/fusion/share/fusion/cmake/fusionConfig.cmake
[24.182s] -- Symlinking: /home/guichen/Documents/drone-radar-fusion/install/fusion/share/fusion/cmake/fusionConfig-version.cmake
[24.188s] -- Symlinking: /home/guichen/Documents/drone-radar-fusion/install/fusion/share/fusion/package.xml
[24.195s] Invoked command in '/home/guichen/Documents/drone-radar-fusion/build/fusion' returned '0': CMAKE_PREFIX_PATH=/home/guichen/Documents/drone-radar-fusion/install/interface:/home/guichen/Documents/drone-radar-fusion/install/radar:/home/guichen/Documents/drone-radar-fusion/install/livox_ros2_avia:/home/guichen/Documents/drone-radar-fusion/install/livox_sdk_vendor:/home/guichen/Documents/drone-radar-fusion/install/livox_interfaces:/home/guichen/Documents/drone-radar-fusion/install/fusion:/home/guichen/Documents/drone-radar-fusion/install/camera_vision:/home/guichen/Documents/drone-radar-fusion/install/hik_camera_ros2_driver:/home/guichen/Documents/drone-radar-fusion/install/web_dashboard:/home/guichen/Documents/drone-radar-fusion/install/simulation:/opt/ros/humble LD_LIBRARY_PATH=/home/guichen/Documents/drone-radar-fusion/install/interface/lib:/home/guichen/Documents/drone-radar-fusion/install/livox_ros2_avia/lib:/home/guichen/Documents/drone-radar-fusion/install/livox_interfaces/lib:/home/guichen/Documents/drone-radar-fusion/install/hik_camera_ros2_driver/lib:/opt/MVS/lib/64:/opt/MVS/lib/32:/opt/MVS/lib/64:/opt/MVS/lib/32:/usr/lib/x86_64-linux-gnu/gazebo-11/plugins:/opt/ros/humble/opt/rviz_ogre_vendor/lib:/opt/ros/humble/lib/x86_64-linux-gnu:/opt/ros/humble/lib:/opt/MVS/lib/64:/opt/MVS/lib/32:/opt/MVS/lib/64:/opt/MVS/lib/32 /usr/bin/cmake --install /home/guichen/Documents/drone-radar-fusion/build/fusion
