[0.007s] Invoking command in '/home/guichen/Documents/drone-radar-fusion/build/radar': CMAKE_PREFIX_PATH=/home/guichen/Documents/drone-radar-fusion/install/interface:/home/guichen/Documents/drone-radar-fusion/install/simulation:/home/guichen/Documents/drone-radar-fusion/install/radar:/home/guichen/Documents/drone-radar-fusion/install/livox_ros2_avia:/home/guichen/Documents/drone-radar-fusion/install/livox_sdk_vendor:/home/guichen/Documents/drone-radar-fusion/install/livox_interfaces:/home/guichen/Documents/drone-radar-fusion/install/fusion:/home/guichen/Documents/drone-radar-fusion/install/camera_vision:/home/guichen/Documents/drone-radar-fusion/install/hik_camera_ros2_driver:/opt/ros/humble LD_LIBRARY_PATH=/home/guichen/Documents/drone-radar-fusion/install/interface/lib:/home/guichen/Documents/drone-radar-fusion/install/livox_ros2_avia/lib:/home/guichen/Documents/drone-radar-fusion/install/livox_interfaces/lib:/home/guichen/Documents/drone-radar-fusion/install/hik_camera_ros2_driver/lib:/usr/lib/x86_64-linux-gnu/gazebo-11/plugins:/opt/ros/humble/opt/rviz_ogre_vendor/lib:/opt/ros/humble/lib/x86_64-linux-gnu:/opt/ros/humble/lib /usr/bin/cmake /home/guichen/Documents/drone-radar-fusion/src/radar -DAMENT_CMAKE_SYMLINK_INSTALL=1 -DCMAKE_INSTALL_PREFIX=/home/guichen/Documents/drone-radar-fusion/install/radar
[0.049s] -- The C compiler identification is GNU 11.4.0
[0.086s] -- The CXX compiler identification is GNU 11.4.0
[0.091s] -- Detecting C compiler ABI info
[0.139s] -- Detecting C compiler ABI info - done
[0.148s] -- Check for working C compiler: /usr/bin/cc - skipped
[0.148s] -- Detecting C compile features
[0.148s] -- Detecting C compile features - done
[0.152s] -- Detecting CXX compiler ABI info
[0.209s] -- Detecting CXX compiler ABI info - done
[0.218s] -- Check for working CXX compiler: /usr/bin/c++ - skipped
[0.218s] -- Detecting CXX compile features
[0.219s] -- Detecting CXX compile features - done
[0.221s] -- Found ament_cmake: 1.3.14 (/opt/ros/humble/share/ament_cmake/cmake)
[0.332s] -- Found Python3: /usr/bin/python3 (found version "3.10.12") found components: Interpreter 
[0.378s] -- Override CMake install command with custom implementation using symlinks instead of copying resources
[0.407s] -- Found rclcpp: 16.0.19 (/opt/ros/humble/share/rclcpp/cmake)
[0.452s] -- Found rosidl_generator_c: 3.1.8 (/opt/ros/humble/share/rosidl_generator_c/cmake)
[0.457s] -- Found rosidl_adapter: 3.1.8 (/opt/ros/humble/share/rosidl_adapter/cmake)
[0.467s] -- Found rosidl_generator_cpp: 3.1.8 (/opt/ros/humble/share/rosidl_generator_cpp/cmake)
[0.480s] -- Using all available rosidl_typesupport_c: rosidl_typesupport_fastrtps_c;rosidl_typesupport_introspection_c
[0.499s] -- Using all available rosidl_typesupport_cpp: rosidl_typesupport_fastrtps_cpp;rosidl_typesupport_introspection_cpp
[0.533s] -- Found rmw_implementation_cmake: 6.1.2 (/opt/ros/humble/share/rmw_implementation_cmake/cmake)
[0.534s] -- Found rmw_fastrtps_cpp: 6.2.10 (/opt/ros/humble/share/rmw_fastrtps_cpp/cmake)
[0.591s] -- Found OpenSSL: /usr/lib/x86_64-linux-gnu/libcrypto.so (found version "3.0.2")  
[0.610s] -- Found FastRTPS: /opt/ros/humble/include  
[0.640s] -- Using RMW implementation 'rmw_fastrtps_cpp' as default
[0.646s] -- Looking for pthread.h
[0.696s] -- Looking for pthread.h - found
[0.697s] -- Performing Test CMAKE_HAVE_LIBC_PTHREAD
[0.753s] -- Performing Test CMAKE_HAVE_LIBC_PTHREAD - Success
[0.754s] -- Found Threads: TRUE  
[0.790s] -- Found sensor_msgs: 4.9.1 (/opt/ros/humble/share/sensor_msgs/cmake)
[0.811s] -- Found visualization_msgs: 4.9.1 (/opt/ros/humble/share/visualization_msgs/cmake)
[0.826s] -- Found pcl_conversions: 2.4.5 (/opt/ros/humble/share/pcl_conversions/cmake)
[0.851s] -- Checking for module 'eigen3'
[0.859s] --   Found eigen3, version 3.4.0
[0.879s] -- Found Eigen: /usr/include/eigen3 (Required is at least version "3.1") 
[0.880s] -- Eigen found (include: /usr/include/eigen3, version: 3.4.0)
[0.902s] -- Checking for module 'flann'
[0.911s] --   Found flann, version 1.9.1
[0.938s] -- Found FLANN: /usr/lib/x86_64-linux-gnu/libflann_cpp.so  
[0.938s] -- FLANN found (include: /usr/include, lib: /usr/lib/x86_64-linux-gnu/libflann_cpp.so)
[1.578s] -- Checking for module 'libusb-1.0'
[1.587s] --   Found libusb-1.0, version 1.0.25
[1.610s] -- Found libusb: /usr/lib/x86_64-linux-gnu/libusb-1.0.so  
[1.611s] -- OpenNI found (version: 1.5.4.0, include: /usr/include/ni, lib: /usr/lib/libOpenNI.so;libusb::libusb)
[1.649s] -- OpenNI2 found (version: 2.2.0.33, include: /usr/include/openni2, lib: /usr/lib/x86_64-linux-gnu/libOpenNI2.so;libusb::libusb)
[1.755s] -- Eigen found (include: /usr/include/eigen3, version: 3.4.0)
[1.759s] -- OpenNI found (version: 1.5.4.0, include: /usr/include/ni, lib: /usr/lib/libOpenNI.so;libusb::libusb)
[1.764s] -- OpenNI2 found (version: 2.2.0.33, include: /usr/include/openni2, lib: /usr/lib/x86_64-linux-gnu/libOpenNI2.so;libusb::libusb)
[1.865s] -- Found Qhull version 8.0.2
[1.965s] -- OpenNI found (version: 1.5.4.0, include: /usr/include/ni, lib: /usr/lib/libOpenNI.so;libusb::libusb)
[2.062s] -- Found PCL_COMMON: /usr/lib/x86_64-linux-gnu/libpcl_common.so  
[2.063s] -- Found PCL_KDTREE: /usr/lib/x86_64-linux-gnu/libpcl_kdtree.so  
[2.063s] -- Found PCL_OCTREE: /usr/lib/x86_64-linux-gnu/libpcl_octree.so  
[2.064s] -- Found PCL_SEARCH: /usr/lib/x86_64-linux-gnu/libpcl_search.so  
[2.064s] -- Found PCL_SAMPLE_CONSENSUS: /usr/lib/x86_64-linux-gnu/libpcl_sample_consensus.so  
[2.065s] -- Found PCL_FILTERS: /usr/lib/x86_64-linux-gnu/libpcl_filters.so  
[2.065s] -- Found PCL_2D: /usr/include/pcl-1.12  
[2.065s] -- Found PCL_GEOMETRY: /usr/include/pcl-1.12  
[2.066s] -- Found PCL_IO: /usr/lib/x86_64-linux-gnu/libpcl_io.so  
[2.066s] -- Found PCL_FEATURES: /usr/lib/x86_64-linux-gnu/libpcl_features.so  
[2.067s] -- Found PCL_ML: /usr/lib/x86_64-linux-gnu/libpcl_ml.so  
[2.067s] -- Found PCL_SEGMENTATION: /usr/lib/x86_64-linux-gnu/libpcl_segmentation.so  
[2.068s] -- Found PCL_VISUALIZATION: /usr/lib/x86_64-linux-gnu/libpcl_visualization.so  
[2.069s] -- Found PCL_SURFACE: /usr/lib/x86_64-linux-gnu/libpcl_surface.so  
[2.069s] -- Found PCL_REGISTRATION: /usr/lib/x86_64-linux-gnu/libpcl_registration.so  
[2.070s] -- Found PCL_KEYPOINTS: /usr/lib/x86_64-linux-gnu/libpcl_keypoints.so  
[2.070s] -- Found PCL_TRACKING: /usr/lib/x86_64-linux-gnu/libpcl_tracking.so  
[2.071s] -- Found PCL_RECOGNITION: /usr/lib/x86_64-linux-gnu/libpcl_recognition.so  
[2.071s] -- Found PCL_STEREO: /usr/lib/x86_64-linux-gnu/libpcl_stereo.so  
[2.072s] -- Found PCL_APPS: /usr/lib/x86_64-linux-gnu/libpcl_apps.so  
[2.072s] -- Found PCL_IN_HAND_SCANNER: /usr/include/pcl-1.12  
[2.073s] -- Found PCL_MODELER: /usr/include/pcl-1.12  
[2.073s] -- Found PCL_POINT_CLOUD_EDITOR: /usr/include/pcl-1.12  
[2.074s] -- Found PCL_OUTOFCORE: /usr/lib/x86_64-linux-gnu/libpcl_outofcore.so  
[2.074s] -- Found PCL_PEOPLE: /usr/lib/x86_64-linux-gnu/libpcl_people.so  
[2.075s] [33mCMake Warning (dev) at CMakeLists.txt:14 (find_package):
[2.075s]   Policy CMP0074 is not set: find_package uses <PackageName>_ROOT variables.
[2.075s]   Run "cmake --help-policy CMP0074" for policy details.  Use the cmake_policy
[2.075s]   command to set the policy and suppress this warning.
[2.075s] 
[2.075s]   CMake variable PCL_ROOT is set to:
[2.075s] 
[2.075s]     /usr
[2.075s] 
[2.075s]   For compatibility, CMake is ignoring the variable.
[2.076s] This warning is for project developers.  Use -Wno-dev to suppress it.
[2.076s] [0m
[2.080s] -- Found interface: 1.0.0 (/home/guichen/Documents/drone-radar-fusion/install/interface/share/interface/cmake)
[2.141s] -- Configuring done
[2.161s] -- Generating done
[2.167s] -- Build files have been written to: /home/guichen/Documents/drone-radar-fusion/build/radar
[2.180s] Invoked command in '/home/guichen/Documents/drone-radar-fusion/build/radar' returned '0': CMAKE_PREFIX_PATH=/home/guichen/Documents/drone-radar-fusion/install/interface:/home/guichen/Documents/drone-radar-fusion/install/simulation:/home/guichen/Documents/drone-radar-fusion/install/radar:/home/guichen/Documents/drone-radar-fusion/install/livox_ros2_avia:/home/guichen/Documents/drone-radar-fusion/install/livox_sdk_vendor:/home/guichen/Documents/drone-radar-fusion/install/livox_interfaces:/home/guichen/Documents/drone-radar-fusion/install/fusion:/home/guichen/Documents/drone-radar-fusion/install/camera_vision:/home/guichen/Documents/drone-radar-fusion/install/hik_camera_ros2_driver:/opt/ros/humble LD_LIBRARY_PATH=/home/guichen/Documents/drone-radar-fusion/install/interface/lib:/home/guichen/Documents/drone-radar-fusion/install/livox_ros2_avia/lib:/home/guichen/Documents/drone-radar-fusion/install/livox_interfaces/lib:/home/guichen/Documents/drone-radar-fusion/install/hik_camera_ros2_driver/lib:/usr/lib/x86_64-linux-gnu/gazebo-11/plugins:/opt/ros/humble/opt/rviz_ogre_vendor/lib:/opt/ros/humble/lib/x86_64-linux-gnu:/opt/ros/humble/lib /usr/bin/cmake /home/guichen/Documents/drone-radar-fusion/src/radar -DAMENT_CMAKE_SYMLINK_INSTALL=1 -DCMAKE_INSTALL_PREFIX=/home/guichen/Documents/drone-radar-fusion/install/radar
[2.181s] Invoking command in '/home/guichen/Documents/drone-radar-fusion/build/radar': CMAKE_PREFIX_PATH=/home/guichen/Documents/drone-radar-fusion/install/interface:/home/guichen/Documents/drone-radar-fusion/install/simulation:/home/guichen/Documents/drone-radar-fusion/install/radar:/home/guichen/Documents/drone-radar-fusion/install/livox_ros2_avia:/home/guichen/Documents/drone-radar-fusion/install/livox_sdk_vendor:/home/guichen/Documents/drone-radar-fusion/install/livox_interfaces:/home/guichen/Documents/drone-radar-fusion/install/fusion:/home/guichen/Documents/drone-radar-fusion/install/camera_vision:/home/guichen/Documents/drone-radar-fusion/install/hik_camera_ros2_driver:/opt/ros/humble LD_LIBRARY_PATH=/home/guichen/Documents/drone-radar-fusion/install/interface/lib:/home/guichen/Documents/drone-radar-fusion/install/livox_ros2_avia/lib:/home/guichen/Documents/drone-radar-fusion/install/livox_interfaces/lib:/home/guichen/Documents/drone-radar-fusion/install/hik_camera_ros2_driver/lib:/usr/lib/x86_64-linux-gnu/gazebo-11/plugins:/opt/ros/humble/opt/rviz_ogre_vendor/lib:/opt/ros/humble/lib/x86_64-linux-gnu:/opt/ros/humble/lib /usr/bin/cmake --build /home/guichen/Documents/drone-radar-fusion/build/radar -- -j16 -l16
[2.216s] [ 66%] [32mBuilding CXX object CMakeFiles/radar_node.dir/src/radar_node.cpp.o[0m
[2.216s] [ 66%] [32mBuilding CXX object CMakeFiles/radar_node.dir/src/radar_processor.cpp.o[0m
[20.236s] [100%] [32m[1mLinking CXX executable radar_node[0m
[20.863s] [100%] Built target radar_node
[20.874s] Invoked command in '/home/guichen/Documents/drone-radar-fusion/build/radar' returned '0': CMAKE_PREFIX_PATH=/home/guichen/Documents/drone-radar-fusion/install/interface:/home/guichen/Documents/drone-radar-fusion/install/simulation:/home/guichen/Documents/drone-radar-fusion/install/radar:/home/guichen/Documents/drone-radar-fusion/install/livox_ros2_avia:/home/guichen/Documents/drone-radar-fusion/install/livox_sdk_vendor:/home/guichen/Documents/drone-radar-fusion/install/livox_interfaces:/home/guichen/Documents/drone-radar-fusion/install/fusion:/home/guichen/Documents/drone-radar-fusion/install/camera_vision:/home/guichen/Documents/drone-radar-fusion/install/hik_camera_ros2_driver:/opt/ros/humble LD_LIBRARY_PATH=/home/guichen/Documents/drone-radar-fusion/install/interface/lib:/home/guichen/Documents/drone-radar-fusion/install/livox_ros2_avia/lib:/home/guichen/Documents/drone-radar-fusion/install/livox_interfaces/lib:/home/guichen/Documents/drone-radar-fusion/install/hik_camera_ros2_driver/lib:/usr/lib/x86_64-linux-gnu/gazebo-11/plugins:/opt/ros/humble/opt/rviz_ogre_vendor/lib:/opt/ros/humble/lib/x86_64-linux-gnu:/opt/ros/humble/lib /usr/bin/cmake --build /home/guichen/Documents/drone-radar-fusion/build/radar -- -j16 -l16
[20.875s] Invoking command in '/home/guichen/Documents/drone-radar-fusion/build/radar': CMAKE_PREFIX_PATH=/home/guichen/Documents/drone-radar-fusion/install/interface:/home/guichen/Documents/drone-radar-fusion/install/simulation:/home/guichen/Documents/drone-radar-fusion/install/radar:/home/guichen/Documents/drone-radar-fusion/install/livox_ros2_avia:/home/guichen/Documents/drone-radar-fusion/install/livox_sdk_vendor:/home/guichen/Documents/drone-radar-fusion/install/livox_interfaces:/home/guichen/Documents/drone-radar-fusion/install/fusion:/home/guichen/Documents/drone-radar-fusion/install/camera_vision:/home/guichen/Documents/drone-radar-fusion/install/hik_camera_ros2_driver:/opt/ros/humble LD_LIBRARY_PATH=/home/guichen/Documents/drone-radar-fusion/install/interface/lib:/home/guichen/Documents/drone-radar-fusion/install/livox_ros2_avia/lib:/home/guichen/Documents/drone-radar-fusion/install/livox_interfaces/lib:/home/guichen/Documents/drone-radar-fusion/install/hik_camera_ros2_driver/lib:/usr/lib/x86_64-linux-gnu/gazebo-11/plugins:/opt/ros/humble/opt/rviz_ogre_vendor/lib:/opt/ros/humble/lib/x86_64-linux-gnu:/opt/ros/humble/lib /usr/bin/cmake --install /home/guichen/Documents/drone-radar-fusion/build/radar
[20.880s] -- Install configuration: ""
[20.880s] -- Execute custom install script
[20.880s] -- Symlinking: /home/guichen/Documents/drone-radar-fusion/install/radar/lib/radar/radar_node
[20.886s] -- Symlinking: /home/guichen/Documents/drone-radar-fusion/install/radar/include/radar/radar_processor.hpp
[20.892s] -- Symlinking: /home/guichen/Documents/drone-radar-fusion/install/radar/share/radar/launch/radar_launch.py
[20.896s] -- Symlinking: /home/guichen/Documents/drone-radar-fusion/install/radar/share/ament_index/resource_index/package_run_dependencies/radar
[20.901s] -- Symlinking: /home/guichen/Documents/drone-radar-fusion/install/radar/share/ament_index/resource_index/parent_prefix_path/radar
[20.906s] -- Symlinking: /home/guichen/Documents/drone-radar-fusion/install/radar/share/radar/environment/ament_prefix_path.sh
[20.911s] -- Symlinking: /home/guichen/Documents/drone-radar-fusion/install/radar/share/radar/environment/ament_prefix_path.dsv
[20.916s] -- Symlinking: /home/guichen/Documents/drone-radar-fusion/install/radar/share/radar/environment/path.sh
[20.921s] -- Symlinking: /home/guichen/Documents/drone-radar-fusion/install/radar/share/radar/environment/path.dsv
[20.926s] -- Symlinking: /home/guichen/Documents/drone-radar-fusion/install/radar/share/radar/local_setup.bash
[20.931s] -- Symlinking: /home/guichen/Documents/drone-radar-fusion/install/radar/share/radar/local_setup.sh
[20.936s] -- Symlinking: /home/guichen/Documents/drone-radar-fusion/install/radar/share/radar/local_setup.zsh
[20.941s] -- Symlinking: /home/guichen/Documents/drone-radar-fusion/install/radar/share/radar/local_setup.dsv
[20.946s] -- Symlinking: /home/guichen/Documents/drone-radar-fusion/install/radar/share/radar/package.dsv
[20.950s] -- Symlinking: /home/guichen/Documents/drone-radar-fusion/install/radar/share/ament_index/resource_index/packages/radar
[20.956s] -- Symlinking: /home/guichen/Documents/drone-radar-fusion/install/radar/share/radar/cmake/radarConfig.cmake
[20.961s] -- Symlinking: /home/guichen/Documents/drone-radar-fusion/install/radar/share/radar/cmake/radarConfig-version.cmake
[20.966s] -- Symlinking: /home/guichen/Documents/drone-radar-fusion/install/radar/share/radar/package.xml
[20.973s] Invoked command in '/home/guichen/Documents/drone-radar-fusion/build/radar' returned '0': CMAKE_PREFIX_PATH=/home/guichen/Documents/drone-radar-fusion/install/interface:/home/guichen/Documents/drone-radar-fusion/install/simulation:/home/guichen/Documents/drone-radar-fusion/install/radar:/home/guichen/Documents/drone-radar-fusion/install/livox_ros2_avia:/home/guichen/Documents/drone-radar-fusion/install/livox_sdk_vendor:/home/guichen/Documents/drone-radar-fusion/install/livox_interfaces:/home/guichen/Documents/drone-radar-fusion/install/fusion:/home/guichen/Documents/drone-radar-fusion/install/camera_vision:/home/guichen/Documents/drone-radar-fusion/install/hik_camera_ros2_driver:/opt/ros/humble LD_LIBRARY_PATH=/home/guichen/Documents/drone-radar-fusion/install/interface/lib:/home/guichen/Documents/drone-radar-fusion/install/livox_ros2_avia/lib:/home/guichen/Documents/drone-radar-fusion/install/livox_interfaces/lib:/home/guichen/Documents/drone-radar-fusion/install/hik_camera_ros2_driver/lib:/usr/lib/x86_64-linux-gnu/gazebo-11/plugins:/opt/ros/humble/opt/rviz_ogre_vendor/lib:/opt/ros/humble/lib/x86_64-linux-gnu:/opt/ros/humble/lib /usr/bin/cmake --install /home/guichen/Documents/drone-radar-fusion/build/radar
