[0.007s] Invoking command in '/home/guichen/Documents/drone-radar-fusion/build/livox_ros2_avia': CMAKE_PREFIX_PATH=/home/guichen/Documents/drone-radar-fusion/install/livox_sdk_vendor:/home/guichen/Documents/drone-radar-fusion/install/livox_interfaces:/home/guichen/Documents/drone-radar-fusion/install/radar:/home/guichen/Documents/drone-radar-fusion/install/livox_ros2_avia:/home/guichen/Documents/drone-radar-fusion/install/fusion:/home/guichen/Documents/drone-radar-fusion/install/camera_vision:/home/guichen/Documents/drone-radar-fusion/install/interface:/home/guichen/Documents/drone-radar-fusion/install/hik_camera_ros2_driver:/home/guichen/Documents/drone-radar-fusion/install/web_dashboard:/home/guichen/Documents/drone-radar-fusion/install/simulation:/opt/ros/humble LD_LIBRARY_PATH=/home/guichen/Documents/drone-radar-fusion/install/livox_interfaces/lib:/home/guichen/Documents/drone-radar-fusion/install/livox_ros2_avia/lib:/home/guichen/Documents/drone-radar-fusion/install/interface/lib:/home/guichen/Documents/drone-radar-fusion/install/hik_camera_ros2_driver/lib:/opt/MVS/lib/64:/opt/MVS/lib/32:/opt/MVS/lib/64:/opt/MVS/lib/32:/usr/lib/x86_64-linux-gnu/gazebo-11/plugins:/opt/ros/humble/opt/rviz_ogre_vendor/lib:/opt/ros/humble/lib/x86_64-linux-gnu:/opt/ros/humble/lib:/opt/MVS/lib/64:/opt/MVS/lib/32:/opt/MVS/lib/64:/opt/MVS/lib/32 /usr/bin/cmake /home/guichen/Documents/drone-radar-fusion/src/livox_driver/livox_ros2_avia -DAMENT_CMAKE_SYMLINK_INSTALL=1 -DCMAKE_INSTALL_PREFIX=/home/guichen/Documents/drone-radar-fusion/install/livox_ros2_avia
[0.048s] -- The C compiler identification is GNU 11.4.0
[0.089s] -- The CXX compiler identification is GNU 11.4.0
[0.094s] -- Detecting C compiler ABI info
[0.147s] -- Detecting C compiler ABI info - done
[0.152s] -- Check for working C compiler: /usr/bin/cc - skipped
[0.152s] -- Detecting C compile features
[0.152s] -- Detecting C compile features - done
[0.154s] -- Detecting CXX compiler ABI info
[0.218s] -- Detecting CXX compiler ABI info - done
[0.225s] -- Check for working CXX compiler: /usr/bin/c++ - skipped
[0.225s] -- Detecting CXX compile features
[0.226s] -- Detecting CXX compile features - done
[0.226s] -- livox_ros2_avia version: 0.0.1
[0.228s] -- Found ament_cmake_auto: 1.3.14 (/opt/ros/humble/share/ament_cmake_auto/cmake)
[0.347s] -- Found Python3: /usr/bin/python3 (found version "3.10.12") found components: Interpreter 
[0.396s] -- Override CMake install command with custom implementation using symlinks instead of copying resources
[0.497s] -- Found rosidl_generator_c: 3.1.8 (/opt/ros/humble/share/rosidl_generator_c/cmake)
[0.501s] -- Found rosidl_adapter: 3.1.8 (/opt/ros/humble/share/rosidl_adapter/cmake)
[0.507s] -- Found rosidl_generator_cpp: 3.1.8 (/opt/ros/humble/share/rosidl_generator_cpp/cmake)
[0.517s] -- Using all available rosidl_typesupport_c: rosidl_typesupport_fastrtps_c;rosidl_typesupport_introspection_c
[0.529s] -- Using all available rosidl_typesupport_cpp: rosidl_typesupport_fastrtps_cpp;rosidl_typesupport_introspection_cpp
[0.562s] -- Found rmw_implementation_cmake: 6.1.2 (/opt/ros/humble/share/rmw_implementation_cmake/cmake)
[0.564s] -- Found rmw_fastrtps_cpp: 6.2.10 (/opt/ros/humble/share/rmw_fastrtps_cpp/cmake)
[0.629s] -- Found OpenSSL: /usr/lib/x86_64-linux-gnu/libcrypto.so (found version "3.0.2")  
[0.651s] -- Found FastRTPS: /opt/ros/humble/include  
[0.686s] -- Using RMW implementation 'rmw_fastrtps_cpp' as default
[0.692s] -- Looking for pthread.h
[0.756s] -- Looking for pthread.h - found
[0.756s] -- Performing Test CMAKE_HAVE_LIBC_PTHREAD
[0.821s] -- Performing Test CMAKE_HAVE_LIBC_PTHREAD - Success
[0.822s] -- Found Threads: TRUE  
[0.950s] -- Checking for module 'eigen3'
[0.960s] --   Found eigen3, version 3.4.0
[0.984s] -- Found Eigen: /usr/include/eigen3 (Required is at least version "3.1") 
[0.984s] -- Eigen found (include: /usr/include/eigen3, version: 3.4.0)
[1.018s] -- Checking for module 'flann'
[1.029s] --   Found flann, version 1.9.1
[1.057s] -- Found FLANN: /usr/lib/x86_64-linux-gnu/libflann_cpp.so  
[1.057s] -- FLANN found (include: /usr/include, lib: /usr/lib/x86_64-linux-gnu/libflann_cpp.so)
[1.807s] -- Checking for module 'libusb-1.0'
[1.817s] --   Found libusb-1.0, version 1.0.25
[1.843s] -- Found libusb: /usr/lib/x86_64-linux-gnu/libusb-1.0.so  
[1.843s] -- OpenNI found (version: 1.5.4.0, include: /usr/include/ni, lib: /usr/lib/libOpenNI.so;libusb::libusb)
[1.886s] -- OpenNI2 found (version: 2.2.0.33, include: /usr/include/openni2, lib: /usr/lib/x86_64-linux-gnu/libOpenNI2.so;libusb::libusb)
[2.001s] -- Eigen found (include: /usr/include/eigen3, version: 3.4.0)
[2.006s] -- OpenNI found (version: 1.5.4.0, include: /usr/include/ni, lib: /usr/lib/libOpenNI.so;libusb::libusb)
[2.011s] -- OpenNI2 found (version: 2.2.0.33, include: /usr/include/openni2, lib: /usr/lib/x86_64-linux-gnu/libOpenNI2.so;libusb::libusb)
[2.120s] -- Found Qhull version 8.0.2
[2.233s] -- OpenNI found (version: 1.5.4.0, include: /usr/include/ni, lib: /usr/lib/libOpenNI.so;libusb::libusb)
[2.341s] -- Found PCL_COMMON: /usr/lib/x86_64-linux-gnu/libpcl_common.so  
[2.342s] -- Found PCL_KDTREE: /usr/lib/x86_64-linux-gnu/libpcl_kdtree.so  
[2.342s] -- Found PCL_OCTREE: /usr/lib/x86_64-linux-gnu/libpcl_octree.so  
[2.343s] -- Found PCL_SEARCH: /usr/lib/x86_64-linux-gnu/libpcl_search.so  
[2.343s] -- Found PCL_SAMPLE_CONSENSUS: /usr/lib/x86_64-linux-gnu/libpcl_sample_consensus.so  
[2.344s] -- Found PCL_FILTERS: /usr/lib/x86_64-linux-gnu/libpcl_filters.so  
[2.344s] -- Found PCL_2D: /usr/include/pcl-1.12  
[2.345s] -- Found PCL_GEOMETRY: /usr/include/pcl-1.12  
[2.345s] -- Found PCL_IO: /usr/lib/x86_64-linux-gnu/libpcl_io.so  
[2.346s] -- Found PCL_FEATURES: /usr/lib/x86_64-linux-gnu/libpcl_features.so  
[2.347s] -- Found PCL_ML: /usr/lib/x86_64-linux-gnu/libpcl_ml.so  
[2.347s] -- Found PCL_SEGMENTATION: /usr/lib/x86_64-linux-gnu/libpcl_segmentation.so  
[2.348s] -- Found PCL_VISUALIZATION: /usr/lib/x86_64-linux-gnu/libpcl_visualization.so  
[2.349s] -- Found PCL_SURFACE: /usr/lib/x86_64-linux-gnu/libpcl_surface.so  
[2.349s] -- Found PCL_REGISTRATION: /usr/lib/x86_64-linux-gnu/libpcl_registration.so  
[2.350s] -- Found PCL_KEYPOINTS: /usr/lib/x86_64-linux-gnu/libpcl_keypoints.so  
[2.351s] -- Found PCL_TRACKING: /usr/lib/x86_64-linux-gnu/libpcl_tracking.so  
[2.351s] -- Found PCL_RECOGNITION: /usr/lib/x86_64-linux-gnu/libpcl_recognition.so  
[2.352s] -- Found PCL_STEREO: /usr/lib/x86_64-linux-gnu/libpcl_stereo.so  
[2.353s] -- Found PCL_APPS: /usr/lib/x86_64-linux-gnu/libpcl_apps.so  
[2.353s] -- Found PCL_IN_HAND_SCANNER: /usr/include/pcl-1.12  
[2.353s] -- Found PCL_MODELER: /usr/include/pcl-1.12  
[2.354s] -- Found PCL_POINT_CLOUD_EDITOR: /usr/include/pcl-1.12  
[2.354s] -- Found PCL_OUTOFCORE: /usr/lib/x86_64-linux-gnu/libpcl_outofcore.so  
[2.355s] -- Found PCL_PEOPLE: /usr/lib/x86_64-linux-gnu/libpcl_people.so  
[2.381s] [33mCMake Warning (dev) at CMakeLists.txt:31 (find_package):
[2.381s]   Policy CMP0074 is not set: find_package uses <PackageName>_ROOT variables.
[2.381s]   Run "cmake --help-policy CMP0074" for policy details.  Use the cmake_policy
[2.381s]   command to set the policy and suppress this warning.
[2.381s] 
[2.381s]   CMake variable PCL_ROOT is set to:
[2.381s] 
[2.381s]     /usr
[2.382s] 
[2.382s]   For compatibility, CMake is ignoring the variable.
[2.382s] This warning is for project developers.  Use -Wno-dev to suppress it.
[2.382s] [0m
[2.388s] -- Found livox_sdk: /home/guichen/Documents/drone-radar-fusion/install/livox_sdk_vendor/include  
[2.393s] -- Found PkgConfig: /usr/bin/pkg-config (found version "0.29.2") 
[2.393s] -- Checking for module 'apr-1'
[2.406s] --   Found apr-1, version 1.7.0
[2.431s] [0m/usr/include/apr-1.0[0m
[2.431s] [0mapr-1[0m
[2.443s] -- Found ament_lint_auto: 0.12.15 (/opt/ros/humble/share/ament_lint_auto/cmake)
[2.462s] -- Added test 'copyright' to check source files copyright and LICENSE
[2.465s] -- Added test 'cppcheck' to perform static code analysis on C / C++ code
[2.465s] -- Configured cppcheck include dirs: /home/guichen/Documents/drone-radar-fusion/src/livox_driver/livox_ros2_avia/common;/home/guichen/Documents/drone-radar-fusion/src/livox_driver/livox_ros2_avia/common/rapidjson;/home/guichen/Documents/drone-radar-fusion/src/livox_driver/livox_ros2_avia/comon/rapdidxml;/home/guichen/Documents/drone-radar-fusion/src/livox_driver/livox_ros2_avia/common/comm;/home/guichen/Documents/drone-radar-fusion/src/livox_driver/livox_ros2_avia/timesync;/home/guichen/Documents/drone-radar-fusion/src/livox_driver/livox_ros2_avia/timesync/user_uart;/home/guichen/Documents/drone-radar-fusion/src/livox_driver/livox_ros2_avia/livox_ros2_avia
[2.465s] -- Configured cppcheck exclude dirs and/or files: 
[2.467s] -- Added test 'cpplint' to check C / C++ code against the Google style
[2.467s] -- Configured cpplint exclude dirs and/or files: 
[2.468s] -- Added test 'flake8' to check Python code syntax and style conventions
[2.469s] -- Added test 'lint_cmake' to check CMake code style
[2.470s] -- Added test 'pep257' to check Python code against some of the docstring style conventions in PEP 257
[2.473s] -- Added test 'uncrustify' to check C / C++ code style
[2.473s] -- Configured uncrustify additional arguments: 
[2.473s] -- Added test 'xmllint' to check XML markup files
[2.475s] -- Configuring done
[2.514s] -- Generating done
[2.522s] -- Build files have been written to: /home/guichen/Documents/drone-radar-fusion/build/livox_ros2_avia
[2.540s] Invoked command in '/home/guichen/Documents/drone-radar-fusion/build/livox_ros2_avia' returned '0': CMAKE_PREFIX_PATH=/home/guichen/Documents/drone-radar-fusion/install/livox_sdk_vendor:/home/guichen/Documents/drone-radar-fusion/install/livox_interfaces:/home/guichen/Documents/drone-radar-fusion/install/radar:/home/guichen/Documents/drone-radar-fusion/install/livox_ros2_avia:/home/guichen/Documents/drone-radar-fusion/install/fusion:/home/guichen/Documents/drone-radar-fusion/install/camera_vision:/home/guichen/Documents/drone-radar-fusion/install/interface:/home/guichen/Documents/drone-radar-fusion/install/hik_camera_ros2_driver:/home/guichen/Documents/drone-radar-fusion/install/web_dashboard:/home/guichen/Documents/drone-radar-fusion/install/simulation:/opt/ros/humble LD_LIBRARY_PATH=/home/guichen/Documents/drone-radar-fusion/install/livox_interfaces/lib:/home/guichen/Documents/drone-radar-fusion/install/livox_ros2_avia/lib:/home/guichen/Documents/drone-radar-fusion/install/interface/lib:/home/guichen/Documents/drone-radar-fusion/install/hik_camera_ros2_driver/lib:/opt/MVS/lib/64:/opt/MVS/lib/32:/opt/MVS/lib/64:/opt/MVS/lib/32:/usr/lib/x86_64-linux-gnu/gazebo-11/plugins:/opt/ros/humble/opt/rviz_ogre_vendor/lib:/opt/ros/humble/lib/x86_64-linux-gnu:/opt/ros/humble/lib:/opt/MVS/lib/64:/opt/MVS/lib/32:/opt/MVS/lib/64:/opt/MVS/lib/32 /usr/bin/cmake /home/guichen/Documents/drone-radar-fusion/src/livox_driver/livox_ros2_avia -DAMENT_CMAKE_SYMLINK_INSTALL=1 -DCMAKE_INSTALL_PREFIX=/home/guichen/Documents/drone-radar-fusion/install/livox_ros2_avia
[2.541s] Invoking command in '/home/guichen/Documents/drone-radar-fusion/build/livox_ros2_avia': CMAKE_PREFIX_PATH=/home/guichen/Documents/drone-radar-fusion/install/livox_sdk_vendor:/home/guichen/Documents/drone-radar-fusion/install/livox_interfaces:/home/guichen/Documents/drone-radar-fusion/install/radar:/home/guichen/Documents/drone-radar-fusion/install/livox_ros2_avia:/home/guichen/Documents/drone-radar-fusion/install/fusion:/home/guichen/Documents/drone-radar-fusion/install/camera_vision:/home/guichen/Documents/drone-radar-fusion/install/interface:/home/guichen/Documents/drone-radar-fusion/install/hik_camera_ros2_driver:/home/guichen/Documents/drone-radar-fusion/install/web_dashboard:/home/guichen/Documents/drone-radar-fusion/install/simulation:/opt/ros/humble LD_LIBRARY_PATH=/home/guichen/Documents/drone-radar-fusion/install/livox_interfaces/lib:/home/guichen/Documents/drone-radar-fusion/install/livox_ros2_avia/lib:/home/guichen/Documents/drone-radar-fusion/install/interface/lib:/home/guichen/Documents/drone-radar-fusion/install/hik_camera_ros2_driver/lib:/opt/MVS/lib/64:/opt/MVS/lib/32:/opt/MVS/lib/64:/opt/MVS/lib/32:/usr/lib/x86_64-linux-gnu/gazebo-11/plugins:/opt/ros/humble/opt/rviz_ogre_vendor/lib:/opt/ros/humble/lib/x86_64-linux-gnu:/opt/ros/humble/lib:/opt/MVS/lib/64:/opt/MVS/lib/32:/opt/MVS/lib/64:/opt/MVS/lib/32 /usr/bin/cmake --build /home/guichen/Documents/drone-radar-fusion/build/livox_ros2_avia -- -j16 -l16
[2.587s] [ 31%] [32mBuilding CXX object CMakeFiles/livox_ros2_avia.dir/livox_ros2_avia/lvx_file.cpp.o[0m
[2.587s] [ 31%] [32mBuilding CXX object CMakeFiles/livox_ros2_avia.dir/livox_ros2_avia/lds_lidar.cpp.o[0m
[2.587s] [ 31%] [32mBuilding CXX object CMakeFiles/livox_ros2_avia.dir/livox_ros2_avia/lds_lvx.cpp.o[0m
[2.588s] [ 31%] [32mBuilding CXX object CMakeFiles/livox_ros2_avia.dir/livox_ros2_avia/ldq.cpp.o[0m
[2.588s] [ 31%] [32mBuilding CXX object CMakeFiles/livox_ros2_avia.dir/livox_ros2_avia/lds.cpp.o[0m
[2.588s] [ 37%] [32mBuilding CXX object CMakeFiles/livox_ros2_avia.dir/timesync/timesync.cpp.o[0m
[2.590s] [ 43%] [32mBuilding CXX object CMakeFiles/livox_ros2_avia.dir/livox_ros2_avia/lds_hub.cpp.o[0m
[2.591s] [ 50%] [32mBuilding CXX object CMakeFiles/livox_ros2_avia_node.dir/rclcpp_components/node_main_livox_ros2_avia_node.cpp.o[0m
[2.593s] [ 56%] [32mBuilding CXX object CMakeFiles/livox_ros2_avia.dir/common/comm/gps_protocol.cpp.o[0m
[2.595s] [ 62%] [32mBuilding CXX object CMakeFiles/livox_ros2_avia.dir/livox_ros2_avia/livox_ros2_driver.cpp.o[0m
[2.596s] [ 68%] [32mBuilding CXX object CMakeFiles/livox_ros2_avia.dir/timesync/user_uart/user_uart.cpp.o[0m
[2.596s] [ 75%] [32mBuilding CXX object CMakeFiles/livox_ros2_avia.dir/livox_ros2_avia/lddc.cpp.o[0m
[2.596s] [ 81%] [32mBuilding CXX object CMakeFiles/livox_ros2_avia.dir/common/comm/sdk_protocol.cpp.o[0m
[2.600s] [ 87%] [32mBuilding CXX object CMakeFiles/livox_ros2_avia.dir/common/comm/comm_protocol.cpp.o[0m
[5.555s] [ 93%] [32m[1mLinking CXX executable livox_ros2_avia_node[0m
[5.656s] [ 93%] Built target livox_ros2_avia_node
[9.455s] [100%] [32m[1mLinking CXX shared library liblivox_ros2_avia.so[0m
[10.274s] [100%] Built target livox_ros2_avia
[10.282s] Invoked command in '/home/guichen/Documents/drone-radar-fusion/build/livox_ros2_avia' returned '0': CMAKE_PREFIX_PATH=/home/guichen/Documents/drone-radar-fusion/install/livox_sdk_vendor:/home/guichen/Documents/drone-radar-fusion/install/livox_interfaces:/home/guichen/Documents/drone-radar-fusion/install/radar:/home/guichen/Documents/drone-radar-fusion/install/livox_ros2_avia:/home/guichen/Documents/drone-radar-fusion/install/fusion:/home/guichen/Documents/drone-radar-fusion/install/camera_vision:/home/guichen/Documents/drone-radar-fusion/install/interface:/home/guichen/Documents/drone-radar-fusion/install/hik_camera_ros2_driver:/home/guichen/Documents/drone-radar-fusion/install/web_dashboard:/home/guichen/Documents/drone-radar-fusion/install/simulation:/opt/ros/humble LD_LIBRARY_PATH=/home/guichen/Documents/drone-radar-fusion/install/livox_interfaces/lib:/home/guichen/Documents/drone-radar-fusion/install/livox_ros2_avia/lib:/home/guichen/Documents/drone-radar-fusion/install/interface/lib:/home/guichen/Documents/drone-radar-fusion/install/hik_camera_ros2_driver/lib:/opt/MVS/lib/64:/opt/MVS/lib/32:/opt/MVS/lib/64:/opt/MVS/lib/32:/usr/lib/x86_64-linux-gnu/gazebo-11/plugins:/opt/ros/humble/opt/rviz_ogre_vendor/lib:/opt/ros/humble/lib/x86_64-linux-gnu:/opt/ros/humble/lib:/opt/MVS/lib/64:/opt/MVS/lib/32:/opt/MVS/lib/64:/opt/MVS/lib/32 /usr/bin/cmake --build /home/guichen/Documents/drone-radar-fusion/build/livox_ros2_avia -- -j16 -l16
[10.283s] Invoking command in '/home/guichen/Documents/drone-radar-fusion/build/livox_ros2_avia': CMAKE_PREFIX_PATH=/home/guichen/Documents/drone-radar-fusion/install/livox_sdk_vendor:/home/guichen/Documents/drone-radar-fusion/install/livox_interfaces:/home/guichen/Documents/drone-radar-fusion/install/radar:/home/guichen/Documents/drone-radar-fusion/install/livox_ros2_avia:/home/guichen/Documents/drone-radar-fusion/install/fusion:/home/guichen/Documents/drone-radar-fusion/install/camera_vision:/home/guichen/Documents/drone-radar-fusion/install/interface:/home/guichen/Documents/drone-radar-fusion/install/hik_camera_ros2_driver:/home/guichen/Documents/drone-radar-fusion/install/web_dashboard:/home/guichen/Documents/drone-radar-fusion/install/simulation:/opt/ros/humble LD_LIBRARY_PATH=/home/guichen/Documents/drone-radar-fusion/install/livox_interfaces/lib:/home/guichen/Documents/drone-radar-fusion/install/livox_ros2_avia/lib:/home/guichen/Documents/drone-radar-fusion/install/interface/lib:/home/guichen/Documents/drone-radar-fusion/install/hik_camera_ros2_driver/lib:/opt/MVS/lib/64:/opt/MVS/lib/32:/opt/MVS/lib/64:/opt/MVS/lib/32:/usr/lib/x86_64-linux-gnu/gazebo-11/plugins:/opt/ros/humble/opt/rviz_ogre_vendor/lib:/opt/ros/humble/lib/x86_64-linux-gnu:/opt/ros/humble/lib:/opt/MVS/lib/64:/opt/MVS/lib/32:/opt/MVS/lib/64:/opt/MVS/lib/32 /usr/bin/cmake --install /home/guichen/Documents/drone-radar-fusion/build/livox_ros2_avia
[10.289s] -- Install configuration: ""
[10.289s] -- Execute custom install script
[10.289s] -- Symlinking: /home/guichen/Documents/drone-radar-fusion/install/livox_ros2_avia/lib/livox_ros2_avia/livox_ros2_avia_node
[10.296s] -- Symlinking: /home/guichen/Documents/drone-radar-fusion/install/livox_ros2_avia/share/livox_ros2_avia/environment/library_path.sh
[10.303s] -- Symlinking: /home/guichen/Documents/drone-radar-fusion/install/livox_ros2_avia/share/livox_ros2_avia/environment/library_path.dsv
[10.311s] -- Symlinking: /home/guichen/Documents/drone-radar-fusion/install/livox_ros2_avia/lib/liblivox_ros2_avia.so
[10.318s] -- Symlinking: /home/guichen/Documents/drone-radar-fusion/install/livox_ros2_avia/share/livox_ros2_avia/config/livox_hub.rviz
[10.325s] -- Symlinking: /home/guichen/Documents/drone-radar-fusion/install/livox_ros2_avia/share/livox_ros2_avia/config/livox_hub_config.json
[10.331s] -- Symlinking: /home/guichen/Documents/drone-radar-fusion/install/livox_ros2_avia/share/livox_ros2_avia/config/livox_lidar.rviz
[10.338s] -- Symlinking: /home/guichen/Documents/drone-radar-fusion/install/livox_ros2_avia/share/livox_ros2_avia/config/livox_lidar_config.json
[10.345s] -- Symlinking: /home/guichen/Documents/drone-radar-fusion/install/livox_ros2_avia/share/livox_ros2_avia/launch/livox_hub_launch.py
[10.352s] -- Symlinking: /home/guichen/Documents/drone-radar-fusion/install/livox_ros2_avia/share/livox_ros2_avia/launch/livox_hub_msg_launch .py
[10.359s] -- Symlinking: /home/guichen/Documents/drone-radar-fusion/install/livox_ros2_avia/share/livox_ros2_avia/launch/livox_hub_rviz_launch.py
[10.365s] -- Symlinking: /home/guichen/Documents/drone-radar-fusion/install/livox_ros2_avia/share/livox_ros2_avia/launch/livox_lidar_launch.py
[10.371s] -- Symlinking: /home/guichen/Documents/drone-radar-fusion/install/livox_ros2_avia/share/livox_ros2_avia/launch/livox_lidar_msg_launch.py
[10.378s] -- Symlinking: /home/guichen/Documents/drone-radar-fusion/install/livox_ros2_avia/share/livox_ros2_avia/launch/livox_lidar_rviz_launch.py
[10.384s] -- Symlinking: /home/guichen/Documents/drone-radar-fusion/install/livox_ros2_avia/share/livox_ros2_avia/launch/livox_template_launch.py
[10.391s] -- Symlinking: /home/guichen/Documents/drone-radar-fusion/install/livox_ros2_avia/share/ament_index/resource_index/package_run_dependencies/livox_ros2_avia
[10.399s] -- Symlinking: /home/guichen/Documents/drone-radar-fusion/install/livox_ros2_avia/share/ament_index/resource_index/parent_prefix_path/livox_ros2_avia
[10.406s] -- Symlinking: /home/guichen/Documents/drone-radar-fusion/install/livox_ros2_avia/share/livox_ros2_avia/environment/ament_prefix_path.sh
[10.413s] -- Symlinking: /home/guichen/Documents/drone-radar-fusion/install/livox_ros2_avia/share/livox_ros2_avia/environment/ament_prefix_path.dsv
[10.420s] -- Symlinking: /home/guichen/Documents/drone-radar-fusion/install/livox_ros2_avia/share/livox_ros2_avia/environment/path.sh
[10.426s] -- Symlinking: /home/guichen/Documents/drone-radar-fusion/install/livox_ros2_avia/share/livox_ros2_avia/environment/path.dsv
[10.433s] -- Symlinking: /home/guichen/Documents/drone-radar-fusion/install/livox_ros2_avia/share/livox_ros2_avia/local_setup.bash
[10.439s] -- Symlinking: /home/guichen/Documents/drone-radar-fusion/install/livox_ros2_avia/share/livox_ros2_avia/local_setup.sh
[10.446s] -- Symlinking: /home/guichen/Documents/drone-radar-fusion/install/livox_ros2_avia/share/livox_ros2_avia/local_setup.zsh
[10.453s] -- Symlinking: /home/guichen/Documents/drone-radar-fusion/install/livox_ros2_avia/share/livox_ros2_avia/local_setup.dsv
[10.460s] -- Symlinking: /home/guichen/Documents/drone-radar-fusion/install/livox_ros2_avia/share/livox_ros2_avia/package.dsv
[10.466s] -- Symlinking: /home/guichen/Documents/drone-radar-fusion/install/livox_ros2_avia/share/ament_index/resource_index/packages/livox_ros2_avia
[10.473s] -- Symlinking: /home/guichen/Documents/drone-radar-fusion/install/livox_ros2_avia/share/ament_index/resource_index/rclcpp_components/livox_ros2_avia
[10.479s] -- Symlinking: /home/guichen/Documents/drone-radar-fusion/install/livox_ros2_avia/share/livox_ros2_avia/cmake/ament_cmake_export_dependencies-extras.cmake
[10.486s] -- Symlinking: /home/guichen/Documents/drone-radar-fusion/install/livox_ros2_avia/share/livox_ros2_avia/cmake/ament_cmake_export_libraries-extras.cmake
[10.493s] -- Symlinking: /home/guichen/Documents/drone-radar-fusion/install/livox_ros2_avia/share/livox_ros2_avia/cmake/livox_ros2_aviaConfig.cmake
[10.499s] -- Symlinking: /home/guichen/Documents/drone-radar-fusion/install/livox_ros2_avia/share/livox_ros2_avia/cmake/livox_ros2_aviaConfig-version.cmake
[10.508s] -- Symlinking: /home/guichen/Documents/drone-radar-fusion/install/livox_ros2_avia/share/livox_ros2_avia/package.xml
[10.517s] Invoked command in '/home/guichen/Documents/drone-radar-fusion/build/livox_ros2_avia' returned '0': CMAKE_PREFIX_PATH=/home/guichen/Documents/drone-radar-fusion/install/livox_sdk_vendor:/home/guichen/Documents/drone-radar-fusion/install/livox_interfaces:/home/guichen/Documents/drone-radar-fusion/install/radar:/home/guichen/Documents/drone-radar-fusion/install/livox_ros2_avia:/home/guichen/Documents/drone-radar-fusion/install/fusion:/home/guichen/Documents/drone-radar-fusion/install/camera_vision:/home/guichen/Documents/drone-radar-fusion/install/interface:/home/guichen/Documents/drone-radar-fusion/install/hik_camera_ros2_driver:/home/guichen/Documents/drone-radar-fusion/install/web_dashboard:/home/guichen/Documents/drone-radar-fusion/install/simulation:/opt/ros/humble LD_LIBRARY_PATH=/home/guichen/Documents/drone-radar-fusion/install/livox_interfaces/lib:/home/guichen/Documents/drone-radar-fusion/install/livox_ros2_avia/lib:/home/guichen/Documents/drone-radar-fusion/install/interface/lib:/home/guichen/Documents/drone-radar-fusion/install/hik_camera_ros2_driver/lib:/opt/MVS/lib/64:/opt/MVS/lib/32:/opt/MVS/lib/64:/opt/MVS/lib/32:/usr/lib/x86_64-linux-gnu/gazebo-11/plugins:/opt/ros/humble/opt/rviz_ogre_vendor/lib:/opt/ros/humble/lib/x86_64-linux-gnu:/opt/ros/humble/lib:/opt/MVS/lib/64:/opt/MVS/lib/32:/opt/MVS/lib/64:/opt/MVS/lib/32 /usr/bin/cmake --install /home/guichen/Documents/drone-radar-fusion/build/livox_ros2_avia
