[0.008s] Invoking command in '/home/guichen/Documents/drone-radar-fusion/build/livox_interfaces': CMAKE_PREFIX_PATH=/opt/ros/humble /usr/bin/cmake /home/guichen/Documents/drone-radar-fusion/src/livox_driver/livox_interfaces -DCMAKE_INSTALL_PREFIX=/home/guichen/Documents/drone-radar-fusion/install/livox_interfaces
[0.047s] -- The C compiler identification is GNU 11.4.0
[0.085s] -- The CXX compiler identification is GNU 11.4.0
[0.090s] -- Detecting C compiler ABI info
[0.140s] -- Detecting C compiler ABI info - done
[0.145s] -- Check for working C compiler: /usr/bin/cc - skipped
[0.145s] -- Detecting C compile features
[0.145s] -- Detecting C compile features - done
[0.147s] -- Detecting CXX compiler ABI info
[0.203s] -- Detecting CXX compiler ABI info - done
[0.213s] -- Check for working CXX compiler: /usr/bin/c++ - skipped
[0.213s] -- Detecting CXX compile features
[0.214s] -- Detecting CXX compile features - done
[0.216s] -- Found ament_cmake: 1.3.14 (/opt/ros/humble/share/ament_cmake/cmake)
[0.322s] -- Found Python3: /usr/bin/python3 (found version "3.10.12") found components: Interpreter 
[0.381s] -- Found std_msgs: 4.9.1 (/opt/ros/humble/share/std_msgs/cmake)
[0.403s] -- Found rosidl_generator_c: 3.1.8 (/opt/ros/humble/share/rosidl_generator_c/cmake)
[0.406s] -- Found rosidl_adapter: 3.1.8 (/opt/ros/humble/share/rosidl_adapter/cmake)
[0.412s] -- Found rosidl_generator_cpp: 3.1.8 (/opt/ros/humble/share/rosidl_generator_cpp/cmake)
[0.420s] -- Using all available rosidl_typesupport_c: rosidl_typesupport_fastrtps_c;rosidl_typesupport_introspection_c
[0.430s] -- Using all available rosidl_typesupport_cpp: rosidl_typesupport_fastrtps_cpp;rosidl_typesupport_introspection_cpp
[0.447s] -- Found rosidl_default_generators: 1.2.1 (/opt/ros/humble/share/rosidl_default_generators/cmake)
[0.644s] -- Found ament_cmake_ros: 0.10.0 (/opt/ros/humble/share/ament_cmake_ros/cmake)
[0.935s] -- Using all available rosidl_typesupport_c: rosidl_typesupport_fastrtps_c;rosidl_typesupport_introspection_c
[1.050s] -- Using all available rosidl_typesupport_cpp: rosidl_typesupport_fastrtps_cpp;rosidl_typesupport_introspection_cpp
[1.069s] -- Found PythonInterp: /usr/bin/python3 (found suitable version "3.10.12", minimum required is "3.6") 
[1.069s] -- Found python_cmake_module: 0.10.0 (/opt/ros/humble/share/python_cmake_module/cmake)
[1.090s] -- Found PythonLibs: /usr/lib/x86_64-linux-gnu/libpython3.10.so (found suitable version "3.10.12", minimum required is "3.5") 
[1.091s] -- Using PYTHON_EXECUTABLE: /usr/bin/python3
[1.091s] -- Using PYTHON_INCLUDE_DIRS: /usr/include/python3.10
[1.091s] -- Using PYTHON_LIBRARIES: /usr/lib/x86_64-linux-gnu/libpython3.10.so
[1.108s] -- Found PythonExtra: .so  
[1.213s] -- Found ament_lint_auto: 0.12.15 (/opt/ros/humble/share/ament_lint_auto/cmake)
[1.227s] -- Added test 'copyright' to check source files copyright and LICENSE
[1.227s] -- Added test 'lint_cmake' to check CMake code style
[1.228s] -- Added test 'xmllint' to check XML markup files
[1.229s] -- Configuring done
[1.252s] -- Generating done
[1.260s] -- Build files have been written to: /home/guichen/Documents/drone-radar-fusion/build/livox_interfaces
[1.269s] Invoked command in '/home/guichen/Documents/drone-radar-fusion/build/livox_interfaces' returned '0': CMAKE_PREFIX_PATH=/opt/ros/humble /usr/bin/cmake /home/guichen/Documents/drone-radar-fusion/src/livox_driver/livox_interfaces -DCMAKE_INSTALL_PREFIX=/home/guichen/Documents/drone-radar-fusion/install/livox_interfaces
[1.271s] Invoking command in '/home/guichen/Documents/drone-radar-fusion/build/livox_interfaces': CMAKE_PREFIX_PATH=/opt/ros/humble /usr/bin/cmake --build /home/guichen/Documents/drone-radar-fusion/build/livox_interfaces -- -j16 -l16
[1.308s] [  2%] [34m[1mGenerating C code for ROS interfaces[0m
[1.317s] [  7%] [34m[1mGenerating Rust code for ROS interfaces[0m
[1.317s] [  7%] [34m[1mGenerating C++ code for ROS interfaces[0m
[1.328s] [  7%] Built target ament_cmake_python_copy_livox_interfaces
[1.551s] running egg_info
[1.551s] creating livox_interfaces.egg-info
[1.551s] writing livox_interfaces.egg-info/PKG-INFO
[1.552s] writing dependency_links to livox_interfaces.egg-info/dependency_links.txt
[1.552s] writing top-level names to livox_interfaces.egg-info/top_level.txt
[1.552s] writing manifest file 'livox_interfaces.egg-info/SOURCES.txt'
[1.554s] reading manifest file 'livox_interfaces.egg-info/SOURCES.txt'
[1.554s] writing manifest file 'livox_interfaces.egg-info/SOURCES.txt'
[1.582s] [  7%] Built target ament_cmake_python_build_livox_interfaces_egg
[1.655s] [  7%] Built target livox_interfaces__rs
[1.700s] [  7%] Built target livox_interfaces__cpp
[1.710s] [ 15%] [34m[1mGenerating C++ type support for eProsima Fast-RTPS[0m
[1.710s] [ 15%] [34m[1mGenerating C++ introspection for ROS interfaces[0m
[1.710s] [ 15%] [34m[1mGenerating C++ type support dispatch for ROS interfaces[0m
[1.834s] [ 20%] [32mBuilding C object CMakeFiles/livox_interfaces__rosidl_generator_c.dir/rosidl_generator_c/livox_interfaces/msg/detail/custom_point__functions.c.o[0m
[1.834s] [ 20%] [32mBuilding C object CMakeFiles/livox_interfaces__rosidl_generator_c.dir/rosidl_generator_c/livox_interfaces/msg/detail/custom_msg__functions.c.o[0m
[1.877s] [ 22%] [32m[1mLinking C shared library liblivox_interfaces__rosidl_generator_c.so[0m
[1.911s] [ 22%] Built target livox_interfaces__rosidl_generator_c
[1.921s] [ 30%] [34m[1mGenerating C introspection for ROS interfaces[0m
[1.921s] [ 30%] [34m[1mGenerating C type support dispatch for ROS interfaces[0m
[1.921s] [ 30%] [34m[1mGenerating C type support for eProsima Fast-RTPS[0m
[2.180s] [ 32%] [32mBuilding CXX object CMakeFiles/livox_interfaces__rosidl_typesupport_cpp.dir/rosidl_typesupport_cpp/livox_interfaces/msg/custom_msg__type_support.cpp.o[0m
[2.181s] [ 35%] [32mBuilding CXX object CMakeFiles/livox_interfaces__rosidl_typesupport_cpp.dir/rosidl_typesupport_cpp/livox_interfaces/msg/custom_point__type_support.cpp.o[0m
[2.203s] [ 37%] [32mBuilding CXX object CMakeFiles/livox_interfaces__rosidl_typesupport_introspection_cpp.dir/rosidl_typesupport_introspection_cpp/livox_interfaces/msg/detail/custom_point__type_support.cpp.o[0m
[2.203s] [ 40%] [32mBuilding CXX object CMakeFiles/livox_interfaces__rosidl_typesupport_introspection_cpp.dir/rosidl_typesupport_introspection_cpp/livox_interfaces/msg/detail/custom_msg__type_support.cpp.o[0m
[2.226s] [ 42%] [32mBuilding CXX object CMakeFiles/livox_interfaces__rosidl_typesupport_fastrtps_cpp.dir/rosidl_typesupport_fastrtps_cpp/livox_interfaces/msg/detail/dds_fastrtps/custom_msg__type_support.cpp.o[0m
[2.232s] [ 45%] [32mBuilding CXX object CMakeFiles/livox_interfaces__rosidl_typesupport_fastrtps_cpp.dir/rosidl_typesupport_fastrtps_cpp/livox_interfaces/msg/detail/dds_fastrtps/custom_point__type_support.cpp.o[0m
[2.559s] [ 47%] [32m[1mLinking CXX shared library liblivox_interfaces__rosidl_typesupport_cpp.so[0m
[2.569s] [ 50%] [32mBuilding CXX object CMakeFiles/livox_interfaces__rosidl_typesupport_c.dir/rosidl_typesupport_c/livox_interfaces/msg/custom_msg__type_support.cpp.o[0m
[2.574s] [ 52%] [32mBuilding CXX object CMakeFiles/livox_interfaces__rosidl_typesupport_c.dir/rosidl_typesupport_c/livox_interfaces/msg/custom_point__type_support.cpp.o[0m
[2.610s] [ 55%] [32mBuilding CXX object CMakeFiles/livox_interfaces__rosidl_typesupport_fastrtps_c.dir/rosidl_typesupport_fastrtps_c/livox_interfaces/msg/detail/custom_msg__type_support_c.cpp.o[0m
[2.614s] [ 57%] [32mBuilding CXX object CMakeFiles/livox_interfaces__rosidl_typesupport_fastrtps_c.dir/rosidl_typesupport_fastrtps_c/livox_interfaces/msg/detail/custom_point__type_support_c.cpp.o[0m
[2.634s] [ 60%] [32mBuilding C object CMakeFiles/livox_interfaces__rosidl_typesupport_introspection_c.dir/rosidl_typesupport_introspection_c/livox_interfaces/msg/detail/custom_point__type_support.c.o[0m
[2.635s] [ 62%] [32m[1mLinking CXX shared library liblivox_interfaces__rosidl_typesupport_c.so[0m
[2.640s] [ 65%] [32mBuilding C object CMakeFiles/livox_interfaces__rosidl_typesupport_introspection_c.dir/rosidl_typesupport_introspection_c/livox_interfaces/msg/detail/custom_msg__type_support.c.o[0m
[2.644s] [ 65%] Built target livox_interfaces__rosidl_typesupport_cpp
[2.718s] [ 65%] Built target livox_interfaces__rosidl_typesupport_c
[2.730s] [ 67%] [32m[1mLinking C shared library liblivox_interfaces__rosidl_typesupport_introspection_c.so[0m
[2.796s] [ 67%] Built target livox_interfaces__rosidl_typesupport_introspection_c
[2.841s] [ 70%] [32m[1mLinking CXX shared library liblivox_interfaces__rosidl_typesupport_fastrtps_cpp.so[0m
[2.887s] [ 72%] [32m[1mLinking CXX shared library liblivox_interfaces__rosidl_typesupport_introspection_cpp.so[0m
[3.119s] [ 72%] Built target livox_interfaces__rosidl_typesupport_fastrtps_cpp
[3.136s] [ 72%] Built target livox_interfaces__rosidl_typesupport_introspection_cpp
[3.216s] [ 75%] [32m[1mLinking CXX shared library liblivox_interfaces__rosidl_typesupport_fastrtps_c.so[0m
[3.413s] [ 75%] Built target livox_interfaces__rosidl_typesupport_fastrtps_c
[3.446s] [ 75%] Built target livox_interfaces
[3.487s] [ 77%] [34m[1mGenerating Python code for ROS interfaces[0m
[4.017s] [ 77%] Built target livox_interfaces__py
[4.036s] [ 82%] [32mBuilding C object CMakeFiles/livox_interfaces__rosidl_generator_py.dir/rosidl_generator_py/livox_interfaces/msg/_custom_point_s.c.o[0m
[4.036s] [ 82%] [32mBuilding C object CMakeFiles/livox_interfaces__rosidl_generator_py.dir/rosidl_generator_py/livox_interfaces/msg/_custom_msg_s.c.o[0m
[4.133s] [ 85%] [32m[1mLinking C shared library rosidl_generator_py/livox_interfaces/liblivox_interfaces__rosidl_generator_py.so[0m
[4.171s] [ 85%] Built target livox_interfaces__rosidl_generator_py
[4.190s] [ 92%] [32mBuilding C object CMakeFiles/livox_interfaces__rosidl_typesupport_fastrtps_c__pyext.dir/rosidl_generator_py/livox_interfaces/_livox_interfaces_s.ep.rosidl_typesupport_fastrtps_c.c.o[0m
[4.190s] [ 92%] [32mBuilding C object CMakeFiles/livox_interfaces__rosidl_typesupport_introspection_c__pyext.dir/rosidl_generator_py/livox_interfaces/_livox_interfaces_s.ep.rosidl_typesupport_introspection_c.c.o[0m
[4.190s] [ 92%] [32mBuilding C object CMakeFiles/livox_interfaces__rosidl_typesupport_c__pyext.dir/rosidl_generator_py/livox_interfaces/_livox_interfaces_s.ep.rosidl_typesupport_c.c.o[0m
[4.265s] [ 97%] [32m[1mLinking C shared library rosidl_generator_py/livox_interfaces/livox_interfaces_s__rosidl_typesupport_introspection_c.cpython-310-x86_64-linux-gnu.so[0m
[4.265s] [ 97%] [32m[1mLinking C shared library rosidl_generator_py/livox_interfaces/livox_interfaces_s__rosidl_typesupport_c.cpython-310-x86_64-linux-gnu.so[0m
[4.267s] [100%] [32m[1mLinking C shared library rosidl_generator_py/livox_interfaces/livox_interfaces_s__rosidl_typesupport_fastrtps_c.cpython-310-x86_64-linux-gnu.so[0m
[4.298s] [100%] Built target livox_interfaces__rosidl_typesupport_fastrtps_c__pyext
[4.299s] [100%] Built target livox_interfaces__rosidl_typesupport_c__pyext
[4.299s] [100%] Built target livox_interfaces__rosidl_typesupport_introspection_c__pyext
[4.309s] Invoked command in '/home/guichen/Documents/drone-radar-fusion/build/livox_interfaces' returned '0': CMAKE_PREFIX_PATH=/opt/ros/humble /usr/bin/cmake --build /home/guichen/Documents/drone-radar-fusion/build/livox_interfaces -- -j16 -l16
[4.318s] Invoking command in '/home/guichen/Documents/drone-radar-fusion/build/livox_interfaces': CMAKE_PREFIX_PATH=/opt/ros/humble /usr/bin/cmake --install /home/guichen/Documents/drone-radar-fusion/build/livox_interfaces
[4.325s] -- Install configuration: ""
[4.325s] -- Installing: /home/guichen/Documents/drone-radar-fusion/install/livox_interfaces/share/ament_index/resource_index/rosidl_interfaces/livox_interfaces
[4.326s] -- Installing: /home/guichen/Documents/drone-radar-fusion/install/livox_interfaces/include/livox_interfaces/livox_interfaces
[4.326s] -- Installing: /home/guichen/Documents/drone-radar-fusion/install/livox_interfaces/include/livox_interfaces/livox_interfaces/msg
[4.326s] -- Installing: /home/guichen/Documents/drone-radar-fusion/install/livox_interfaces/include/livox_interfaces/livox_interfaces/msg/custom_msg.h
[4.326s] -- Installing: /home/guichen/Documents/drone-radar-fusion/install/livox_interfaces/include/livox_interfaces/livox_interfaces/msg/custom_point.h
[4.326s] -- Installing: /home/guichen/Documents/drone-radar-fusion/install/livox_interfaces/include/livox_interfaces/livox_interfaces/msg/rosidl_generator_c__visibility_control.h
[4.326s] -- Installing: /home/guichen/Documents/drone-radar-fusion/install/livox_interfaces/include/livox_interfaces/livox_interfaces/msg/detail
[4.326s] -- Installing: /home/guichen/Documents/drone-radar-fusion/install/livox_interfaces/include/livox_interfaces/livox_interfaces/msg/detail/custom_msg__functions.c
[4.326s] -- Installing: /home/guichen/Documents/drone-radar-fusion/install/livox_interfaces/include/livox_interfaces/livox_interfaces/msg/detail/custom_point__functions.c
[4.326s] -- Installing: /home/guichen/Documents/drone-radar-fusion/install/livox_interfaces/include/livox_interfaces/livox_interfaces/msg/detail/custom_msg__type_support.h
[4.326s] -- Installing: /home/guichen/Documents/drone-radar-fusion/install/livox_interfaces/include/livox_interfaces/livox_interfaces/msg/detail/custom_msg__functions.h
[4.326s] -- Installing: /home/guichen/Documents/drone-radar-fusion/install/livox_interfaces/include/livox_interfaces/livox_interfaces/msg/detail/custom_point__functions.h
[4.327s] -- Installing: /home/guichen/Documents/drone-radar-fusion/install/livox_interfaces/include/livox_interfaces/livox_interfaces/msg/detail/custom_msg__struct.h
[4.327s] -- Installing: /home/guichen/Documents/drone-radar-fusion/install/livox_interfaces/include/livox_interfaces/livox_interfaces/msg/detail/custom_point__struct.h
[4.327s] -- Installing: /home/guichen/Documents/drone-radar-fusion/install/livox_interfaces/include/livox_interfaces/livox_interfaces/msg/detail/custom_point__type_support.h
[4.327s] -- Installing: /home/guichen/Documents/drone-radar-fusion/install/livox_interfaces/share/livox_interfaces/environment/library_path.sh
[4.327s] -- Installing: /home/guichen/Documents/drone-radar-fusion/install/livox_interfaces/share/livox_interfaces/environment/library_path.dsv
[4.327s] -- Installing: /home/guichen/Documents/drone-radar-fusion/install/livox_interfaces/lib/liblivox_interfaces__rosidl_generator_c.so
[4.328s] -- Set runtime path of "/home/guichen/Documents/drone-radar-fusion/install/livox_interfaces/lib/liblivox_interfaces__rosidl_generator_c.so" to ""
[4.328s] -- Up-to-date: /home/guichen/Documents/drone-radar-fusion/install/livox_interfaces/include/livox_interfaces/livox_interfaces
[4.328s] -- Up-to-date: /home/guichen/Documents/drone-radar-fusion/install/livox_interfaces/include/livox_interfaces/livox_interfaces/msg
[4.328s] -- Installing: /home/guichen/Documents/drone-radar-fusion/install/livox_interfaces/include/livox_interfaces/livox_interfaces/msg/rosidl_typesupport_fastrtps_c__visibility_control.h
[4.328s] -- Up-to-date: /home/guichen/Documents/drone-radar-fusion/install/livox_interfaces/include/livox_interfaces/livox_interfaces/msg/detail
[4.328s] -- Installing: /home/guichen/Documents/drone-radar-fusion/install/livox_interfaces/include/livox_interfaces/livox_interfaces/msg/detail/custom_point__rosidl_typesupport_fastrtps_c.h
[4.328s] -- Installing: /home/guichen/Documents/drone-radar-fusion/install/livox_interfaces/include/livox_interfaces/livox_interfaces/msg/detail/custom_msg__rosidl_typesupport_fastrtps_c.h
[4.328s] -- Installing: /home/guichen/Documents/drone-radar-fusion/install/livox_interfaces/lib/liblivox_interfaces__rosidl_typesupport_fastrtps_c.so
[4.328s] -- Set runtime path of "/home/guichen/Documents/drone-radar-fusion/install/livox_interfaces/lib/liblivox_interfaces__rosidl_typesupport_fastrtps_c.so" to ""
[4.328s] -- Up-to-date: /home/guichen/Documents/drone-radar-fusion/install/livox_interfaces/include/livox_interfaces/livox_interfaces
[4.328s] -- Up-to-date: /home/guichen/Documents/drone-radar-fusion/install/livox_interfaces/include/livox_interfaces/livox_interfaces/msg
[4.328s] -- Installing: /home/guichen/Documents/drone-radar-fusion/install/livox_interfaces/include/livox_interfaces/livox_interfaces/msg/rosidl_generator_cpp__visibility_control.hpp
[4.329s] -- Installing: /home/guichen/Documents/drone-radar-fusion/install/livox_interfaces/include/livox_interfaces/livox_interfaces/msg/custom_point.hpp
[4.329s] -- Installing: /home/guichen/Documents/drone-radar-fusion/install/livox_interfaces/include/livox_interfaces/livox_interfaces/msg/custom_msg.hpp
[4.329s] -- Up-to-date: /home/guichen/Documents/drone-radar-fusion/install/livox_interfaces/include/livox_interfaces/livox_interfaces/msg/detail
[4.329s] -- Installing: /home/guichen/Documents/drone-radar-fusion/install/livox_interfaces/include/livox_interfaces/livox_interfaces/msg/detail/custom_msg__struct.hpp
[4.329s] -- Installing: /home/guichen/Documents/drone-radar-fusion/install/livox_interfaces/include/livox_interfaces/livox_interfaces/msg/detail/custom_msg__builder.hpp
[4.329s] -- Installing: /home/guichen/Documents/drone-radar-fusion/install/livox_interfaces/include/livox_interfaces/livox_interfaces/msg/detail/custom_point__type_support.hpp
[4.329s] -- Installing: /home/guichen/Documents/drone-radar-fusion/install/livox_interfaces/include/livox_interfaces/livox_interfaces/msg/detail/custom_point__builder.hpp
[4.329s] -- Installing: /home/guichen/Documents/drone-radar-fusion/install/livox_interfaces/include/livox_interfaces/livox_interfaces/msg/detail/custom_point__struct.hpp
[4.329s] -- Installing: /home/guichen/Documents/drone-radar-fusion/install/livox_interfaces/include/livox_interfaces/livox_interfaces/msg/detail/custom_msg__type_support.hpp
[4.329s] -- Installing: /home/guichen/Documents/drone-radar-fusion/install/livox_interfaces/include/livox_interfaces/livox_interfaces/msg/detail/custom_msg__traits.hpp
[4.330s] -- Installing: /home/guichen/Documents/drone-radar-fusion/install/livox_interfaces/include/livox_interfaces/livox_interfaces/msg/detail/custom_point__traits.hpp
[4.330s] -- Up-to-date: /home/guichen/Documents/drone-radar-fusion/install/livox_interfaces/include/livox_interfaces/livox_interfaces
[4.330s] -- Up-to-date: /home/guichen/Documents/drone-radar-fusion/install/livox_interfaces/include/livox_interfaces/livox_interfaces/msg
[4.330s] -- Installing: /home/guichen/Documents/drone-radar-fusion/install/livox_interfaces/include/livox_interfaces/livox_interfaces/msg/rosidl_typesupport_fastrtps_cpp__visibility_control.h
[4.330s] -- Up-to-date: /home/guichen/Documents/drone-radar-fusion/install/livox_interfaces/include/livox_interfaces/livox_interfaces/msg/detail
[4.330s] -- Installing: /home/guichen/Documents/drone-radar-fusion/install/livox_interfaces/include/livox_interfaces/livox_interfaces/msg/detail/custom_point__rosidl_typesupport_fastrtps_cpp.hpp
[4.330s] -- Installing: /home/guichen/Documents/drone-radar-fusion/install/livox_interfaces/include/livox_interfaces/livox_interfaces/msg/detail/custom_msg__rosidl_typesupport_fastrtps_cpp.hpp
[4.330s] -- Installing: /home/guichen/Documents/drone-radar-fusion/install/livox_interfaces/include/livox_interfaces/livox_interfaces/msg/detail/dds_fastrtps
[4.330s] -- Installing: /home/guichen/Documents/drone-radar-fusion/install/livox_interfaces/lib/liblivox_interfaces__rosidl_typesupport_fastrtps_cpp.so
[4.331s] -- Set runtime path of "/home/guichen/Documents/drone-radar-fusion/install/livox_interfaces/lib/liblivox_interfaces__rosidl_typesupport_fastrtps_cpp.so" to ""
[4.331s] -- Up-to-date: /home/guichen/Documents/drone-radar-fusion/install/livox_interfaces/include/livox_interfaces/livox_interfaces
[4.331s] -- Up-to-date: /home/guichen/Documents/drone-radar-fusion/install/livox_interfaces/include/livox_interfaces/livox_interfaces/msg
[4.331s] -- Installing: /home/guichen/Documents/drone-radar-fusion/install/livox_interfaces/include/livox_interfaces/livox_interfaces/msg/rosidl_typesupport_introspection_c__visibility_control.h
[4.331s] -- Up-to-date: /home/guichen/Documents/drone-radar-fusion/install/livox_interfaces/include/livox_interfaces/livox_interfaces/msg/detail
[4.331s] -- Installing: /home/guichen/Documents/drone-radar-fusion/install/livox_interfaces/include/livox_interfaces/livox_interfaces/msg/detail/custom_msg__rosidl_typesupport_introspection_c.h
[4.331s] -- Installing: /home/guichen/Documents/drone-radar-fusion/install/livox_interfaces/include/livox_interfaces/livox_interfaces/msg/detail/custom_point__rosidl_typesupport_introspection_c.h
[4.331s] -- Installing: /home/guichen/Documents/drone-radar-fusion/install/livox_interfaces/include/livox_interfaces/livox_interfaces/msg/detail/custom_msg__type_support.c
[4.331s] -- Installing: /home/guichen/Documents/drone-radar-fusion/install/livox_interfaces/include/livox_interfaces/livox_interfaces/msg/detail/custom_point__type_support.c
[4.331s] -- Installing: /home/guichen/Documents/drone-radar-fusion/install/livox_interfaces/lib/liblivox_interfaces__rosidl_typesupport_introspection_c.so
[4.331s] -- Set runtime path of "/home/guichen/Documents/drone-radar-fusion/install/livox_interfaces/lib/liblivox_interfaces__rosidl_typesupport_introspection_c.so" to ""
[4.332s] -- Installing: /home/guichen/Documents/drone-radar-fusion/install/livox_interfaces/lib/liblivox_interfaces__rosidl_typesupport_c.so
[4.332s] -- Set runtime path of "/home/guichen/Documents/drone-radar-fusion/install/livox_interfaces/lib/liblivox_interfaces__rosidl_typesupport_c.so" to ""
[4.332s] -- Up-to-date: /home/guichen/Documents/drone-radar-fusion/install/livox_interfaces/include/livox_interfaces/livox_interfaces
[4.332s] -- Up-to-date: /home/guichen/Documents/drone-radar-fusion/install/livox_interfaces/include/livox_interfaces/livox_interfaces/msg
[4.332s] -- Up-to-date: /home/guichen/Documents/drone-radar-fusion/install/livox_interfaces/include/livox_interfaces/livox_interfaces/msg/detail
[4.332s] -- Installing: /home/guichen/Documents/drone-radar-fusion/install/livox_interfaces/include/livox_interfaces/livox_interfaces/msg/detail/custom_msg__type_support.cpp
[4.332s] -- Installing: /home/guichen/Documents/drone-radar-fusion/install/livox_interfaces/include/livox_interfaces/livox_interfaces/msg/detail/custom_msg__rosidl_typesupport_introspection_cpp.hpp
[4.332s] -- Installing: /home/guichen/Documents/drone-radar-fusion/install/livox_interfaces/include/livox_interfaces/livox_interfaces/msg/detail/custom_point__type_support.cpp
[4.332s] -- Installing: /home/guichen/Documents/drone-radar-fusion/install/livox_interfaces/include/livox_interfaces/livox_interfaces/msg/detail/custom_point__rosidl_typesupport_introspection_cpp.hpp
[4.332s] -- Installing: /home/guichen/Documents/drone-radar-fusion/install/livox_interfaces/lib/liblivox_interfaces__rosidl_typesupport_introspection_cpp.so
[4.333s] -- Set runtime path of "/home/guichen/Documents/drone-radar-fusion/install/livox_interfaces/lib/liblivox_interfaces__rosidl_typesupport_introspection_cpp.so" to ""
[4.333s] -- Installing: /home/guichen/Documents/drone-radar-fusion/install/livox_interfaces/lib/liblivox_interfaces__rosidl_typesupport_cpp.so
[4.333s] -- Set runtime path of "/home/guichen/Documents/drone-radar-fusion/install/livox_interfaces/lib/liblivox_interfaces__rosidl_typesupport_cpp.so" to ""
[4.333s] -- Installing: /home/guichen/Documents/drone-radar-fusion/install/livox_interfaces/share/livox_interfaces/environment/pythonpath.sh
[4.333s] -- Installing: /home/guichen/Documents/drone-radar-fusion/install/livox_interfaces/share/livox_interfaces/environment/pythonpath.dsv
[4.333s] -- Installing: /home/guichen/Documents/drone-radar-fusion/install/livox_interfaces/local/lib/python3.10/dist-packages/livox_interfaces-0.0.1-py3.10.egg-info
[4.333s] -- Installing: /home/guichen/Documents/drone-radar-fusion/install/livox_interfaces/local/lib/python3.10/dist-packages/livox_interfaces-0.0.1-py3.10.egg-info/SOURCES.txt
[4.333s] -- Installing: /home/guichen/Documents/drone-radar-fusion/install/livox_interfaces/local/lib/python3.10/dist-packages/livox_interfaces-0.0.1-py3.10.egg-info/dependency_links.txt
[4.334s] -- Installing: /home/guichen/Documents/drone-radar-fusion/install/livox_interfaces/local/lib/python3.10/dist-packages/livox_interfaces-0.0.1-py3.10.egg-info/top_level.txt
[4.334s] -- Installing: /home/guichen/Documents/drone-radar-fusion/install/livox_interfaces/local/lib/python3.10/dist-packages/livox_interfaces-0.0.1-py3.10.egg-info/PKG-INFO
[4.334s] -- Installing: /home/guichen/Documents/drone-radar-fusion/install/livox_interfaces/local/lib/python3.10/dist-packages/livox_interfaces
[4.334s] -- Installing: /home/guichen/Documents/drone-radar-fusion/install/livox_interfaces/local/lib/python3.10/dist-packages/livox_interfaces/livox_interfaces_s__rosidl_typesupport_fastrtps_c.cpython-310-x86_64-linux-gnu.so
[4.334s] -- Installing: /home/guichen/Documents/drone-radar-fusion/install/livox_interfaces/local/lib/python3.10/dist-packages/livox_interfaces/__init__.py
[4.334s] -- Installing: /home/guichen/Documents/drone-radar-fusion/install/livox_interfaces/local/lib/python3.10/dist-packages/livox_interfaces/livox_interfaces_s__rosidl_typesupport_c.cpython-310-x86_64-linux-gnu.so
[4.334s] -- Installing: /home/guichen/Documents/drone-radar-fusion/install/livox_interfaces/local/lib/python3.10/dist-packages/livox_interfaces/msg
[4.334s] -- Installing: /home/guichen/Documents/drone-radar-fusion/install/livox_interfaces/local/lib/python3.10/dist-packages/livox_interfaces/msg/_custom_point.py
[4.334s] -- Installing: /home/guichen/Documents/drone-radar-fusion/install/livox_interfaces/local/lib/python3.10/dist-packages/livox_interfaces/msg/_custom_msg_s.c
[4.334s] -- Installing: /home/guichen/Documents/drone-radar-fusion/install/livox_interfaces/local/lib/python3.10/dist-packages/livox_interfaces/msg/__init__.py
[4.335s] -- Installing: /home/guichen/Documents/drone-radar-fusion/install/livox_interfaces/local/lib/python3.10/dist-packages/livox_interfaces/msg/_custom_msg.py
[4.335s] -- Installing: /home/guichen/Documents/drone-radar-fusion/install/livox_interfaces/local/lib/python3.10/dist-packages/livox_interfaces/msg/_custom_point_s.c
[4.335s] -- Installing: /home/guichen/Documents/drone-radar-fusion/install/livox_interfaces/local/lib/python3.10/dist-packages/livox_interfaces/liblivox_interfaces__rosidl_generator_py.so
[4.335s] -- Installing: /home/guichen/Documents/drone-radar-fusion/install/livox_interfaces/local/lib/python3.10/dist-packages/livox_interfaces/_livox_interfaces_s.ep.rosidl_typesupport_fastrtps_c.c
[4.335s] -- Installing: /home/guichen/Documents/drone-radar-fusion/install/livox_interfaces/local/lib/python3.10/dist-packages/livox_interfaces/_livox_interfaces_s.ep.rosidl_typesupport_c.c
[4.335s] -- Installing: /home/guichen/Documents/drone-radar-fusion/install/livox_interfaces/local/lib/python3.10/dist-packages/livox_interfaces/_livox_interfaces_s.ep.rosidl_typesupport_introspection_c.c
[4.335s] -- Installing: /home/guichen/Documents/drone-radar-fusion/install/livox_interfaces/local/lib/python3.10/dist-packages/livox_interfaces/livox_interfaces_s__rosidl_typesupport_introspection_c.cpython-310-x86_64-linux-gnu.so
[4.362s] Listing '/home/guichen/Documents/drone-radar-fusion/install/livox_interfaces/local/lib/python3.10/dist-packages/livox_interfaces'...
[4.363s] Compiling '/home/guichen/Documents/drone-radar-fusion/install/livox_interfaces/local/lib/python3.10/dist-packages/livox_interfaces/__init__.py'...
[4.363s] Listing '/home/guichen/Documents/drone-radar-fusion/install/livox_interfaces/local/lib/python3.10/dist-packages/livox_interfaces/msg'...
[4.363s] Compiling '/home/guichen/Documents/drone-radar-fusion/install/livox_interfaces/local/lib/python3.10/dist-packages/livox_interfaces/msg/__init__.py'...
[4.363s] Compiling '/home/guichen/Documents/drone-radar-fusion/install/livox_interfaces/local/lib/python3.10/dist-packages/livox_interfaces/msg/_custom_msg.py'...
[4.363s] Compiling '/home/guichen/Documents/drone-radar-fusion/install/livox_interfaces/local/lib/python3.10/dist-packages/livox_interfaces/msg/_custom_point.py'...
[4.367s] -- Installing: /home/guichen/Documents/drone-radar-fusion/install/livox_interfaces/local/lib/python3.10/dist-packages/livox_interfaces/livox_interfaces_s__rosidl_typesupport_fastrtps_c.cpython-310-x86_64-linux-gnu.so
[4.367s] -- Set runtime path of "/home/guichen/Documents/drone-radar-fusion/install/livox_interfaces/local/lib/python3.10/dist-packages/livox_interfaces/livox_interfaces_s__rosidl_typesupport_fastrtps_c.cpython-310-x86_64-linux-gnu.so" to ""
[4.367s] -- Installing: /home/guichen/Documents/drone-radar-fusion/install/livox_interfaces/local/lib/python3.10/dist-packages/livox_interfaces/livox_interfaces_s__rosidl_typesupport_introspection_c.cpython-310-x86_64-linux-gnu.so
[4.368s] -- Set runtime path of "/home/guichen/Documents/drone-radar-fusion/install/livox_interfaces/local/lib/python3.10/dist-packages/livox_interfaces/livox_interfaces_s__rosidl_typesupport_introspection_c.cpython-310-x86_64-linux-gnu.so" to ""
[4.368s] -- Installing: /home/guichen/Documents/drone-radar-fusion/install/livox_interfaces/local/lib/python3.10/dist-packages/livox_interfaces/livox_interfaces_s__rosidl_typesupport_c.cpython-310-x86_64-linux-gnu.so
[4.368s] -- Set runtime path of "/home/guichen/Documents/drone-radar-fusion/install/livox_interfaces/local/lib/python3.10/dist-packages/livox_interfaces/livox_interfaces_s__rosidl_typesupport_c.cpython-310-x86_64-linux-gnu.so" to ""
[4.368s] -- Installing: /home/guichen/Documents/drone-radar-fusion/install/livox_interfaces/lib/liblivox_interfaces__rosidl_generator_py.so
[4.368s] -- Set runtime path of "/home/guichen/Documents/drone-radar-fusion/install/livox_interfaces/lib/liblivox_interfaces__rosidl_generator_py.so" to ""
[4.368s] -- Installing: /home/guichen/Documents/drone-radar-fusion/install/livox_interfaces/share/ament_index/resource_index/rust_packages/livox_interfaces
[4.368s] -- Installing: /home/guichen/Documents/drone-radar-fusion/install/livox_interfaces/share/livox_interfaces/rust
[4.369s] -- Installing: /home/guichen/Documents/drone-radar-fusion/install/livox_interfaces/share/livox_interfaces/rust/build.rs
[4.369s] -- Installing: /home/guichen/Documents/drone-radar-fusion/install/livox_interfaces/share/livox_interfaces/rust/src
[4.369s] -- Installing: /home/guichen/Documents/drone-radar-fusion/install/livox_interfaces/share/livox_interfaces/rust/src/lib.rs
[4.369s] -- Installing: /home/guichen/Documents/drone-radar-fusion/install/livox_interfaces/share/livox_interfaces/rust/src/msg.rs
[4.369s] -- Installing: /home/guichen/Documents/drone-radar-fusion/install/livox_interfaces/share/livox_interfaces/rust/src/msg
[4.369s] -- Installing: /home/guichen/Documents/drone-radar-fusion/install/livox_interfaces/share/livox_interfaces/rust/src/msg/rmw.rs
[4.369s] -- Installing: /home/guichen/Documents/drone-radar-fusion/install/livox_interfaces/share/livox_interfaces/rust/Cargo.toml
[4.369s] -- Installing: /home/guichen/Documents/drone-radar-fusion/install/livox_interfaces/share/livox_interfaces/msg/CustomPoint.idl
[4.369s] -- Installing: /home/guichen/Documents/drone-radar-fusion/install/livox_interfaces/share/livox_interfaces/msg/CustomMsg.idl
[4.369s] -- Installing: /home/guichen/Documents/drone-radar-fusion/install/livox_interfaces/share/livox_interfaces/msg/CustomPoint.msg
[4.370s] -- Installing: /home/guichen/Documents/drone-radar-fusion/install/livox_interfaces/share/livox_interfaces/msg/CustomMsg.msg
[4.370s] -- Installing: /home/guichen/Documents/drone-radar-fusion/install/livox_interfaces/share/ament_index/resource_index/package_run_dependencies/livox_interfaces
[4.370s] -- Installing: /home/guichen/Documents/drone-radar-fusion/install/livox_interfaces/share/ament_index/resource_index/parent_prefix_path/livox_interfaces
[4.370s] -- Installing: /home/guichen/Documents/drone-radar-fusion/install/livox_interfaces/share/livox_interfaces/environment/ament_prefix_path.sh
[4.370s] -- Installing: /home/guichen/Documents/drone-radar-fusion/install/livox_interfaces/share/livox_interfaces/environment/ament_prefix_path.dsv
[4.370s] -- Installing: /home/guichen/Documents/drone-radar-fusion/install/livox_interfaces/share/livox_interfaces/environment/path.sh
[4.370s] -- Installing: /home/guichen/Documents/drone-radar-fusion/install/livox_interfaces/share/livox_interfaces/environment/path.dsv
[4.370s] -- Installing: /home/guichen/Documents/drone-radar-fusion/install/livox_interfaces/share/livox_interfaces/local_setup.bash
[4.370s] -- Installing: /home/guichen/Documents/drone-radar-fusion/install/livox_interfaces/share/livox_interfaces/local_setup.sh
[4.371s] -- Installing: /home/guichen/Documents/drone-radar-fusion/install/livox_interfaces/share/livox_interfaces/local_setup.zsh
[4.371s] -- Installing: /home/guichen/Documents/drone-radar-fusion/install/livox_interfaces/share/livox_interfaces/local_setup.dsv
[4.371s] -- Installing: /home/guichen/Documents/drone-radar-fusion/install/livox_interfaces/share/livox_interfaces/package.dsv
[4.371s] -- Installing: /home/guichen/Documents/drone-radar-fusion/install/livox_interfaces/share/ament_index/resource_index/packages/livox_interfaces
[4.371s] -- Installing: /home/guichen/Documents/drone-radar-fusion/install/livox_interfaces/share/livox_interfaces/cmake/export_livox_interfaces__rosidl_generator_cExport.cmake
[4.371s] -- Installing: /home/guichen/Documents/drone-radar-fusion/install/livox_interfaces/share/livox_interfaces/cmake/export_livox_interfaces__rosidl_generator_cExport-noconfig.cmake
[4.371s] -- Installing: /home/guichen/Documents/drone-radar-fusion/install/livox_interfaces/share/livox_interfaces/cmake/export_livox_interfaces__rosidl_typesupport_fastrtps_cExport.cmake
[4.371s] -- Installing: /home/guichen/Documents/drone-radar-fusion/install/livox_interfaces/share/livox_interfaces/cmake/export_livox_interfaces__rosidl_typesupport_fastrtps_cExport-noconfig.cmake
[4.371s] -- Installing: /home/guichen/Documents/drone-radar-fusion/install/livox_interfaces/share/livox_interfaces/cmake/export_livox_interfaces__rosidl_generator_cppExport.cmake
[4.372s] -- Installing: /home/guichen/Documents/drone-radar-fusion/install/livox_interfaces/share/livox_interfaces/cmake/export_livox_interfaces__rosidl_typesupport_fastrtps_cppExport.cmake
[4.372s] -- Installing: /home/guichen/Documents/drone-radar-fusion/install/livox_interfaces/share/livox_interfaces/cmake/export_livox_interfaces__rosidl_typesupport_fastrtps_cppExport-noconfig.cmake
[4.372s] -- Installing: /home/guichen/Documents/drone-radar-fusion/install/livox_interfaces/share/livox_interfaces/cmake/livox_interfaces__rosidl_typesupport_introspection_cExport.cmake
[4.372s] -- Installing: /home/guichen/Documents/drone-radar-fusion/install/livox_interfaces/share/livox_interfaces/cmake/livox_interfaces__rosidl_typesupport_introspection_cExport-noconfig.cmake
[4.372s] -- Installing: /home/guichen/Documents/drone-radar-fusion/install/livox_interfaces/share/livox_interfaces/cmake/livox_interfaces__rosidl_typesupport_cExport.cmake
[4.372s] -- Installing: /home/guichen/Documents/drone-radar-fusion/install/livox_interfaces/share/livox_interfaces/cmake/livox_interfaces__rosidl_typesupport_cExport-noconfig.cmake
[4.372s] -- Installing: /home/guichen/Documents/drone-radar-fusion/install/livox_interfaces/share/livox_interfaces/cmake/livox_interfaces__rosidl_typesupport_introspection_cppExport.cmake
[4.372s] -- Installing: /home/guichen/Documents/drone-radar-fusion/install/livox_interfaces/share/livox_interfaces/cmake/livox_interfaces__rosidl_typesupport_introspection_cppExport-noconfig.cmake
[4.373s] -- Installing: /home/guichen/Documents/drone-radar-fusion/install/livox_interfaces/share/livox_interfaces/cmake/livox_interfaces__rosidl_typesupport_cppExport.cmake
[4.373s] -- Installing: /home/guichen/Documents/drone-radar-fusion/install/livox_interfaces/share/livox_interfaces/cmake/livox_interfaces__rosidl_typesupport_cppExport-noconfig.cmake
[4.373s] -- Installing: /home/guichen/Documents/drone-radar-fusion/install/livox_interfaces/share/livox_interfaces/cmake/export_livox_interfaces__rosidl_generator_pyExport.cmake
[4.373s] -- Installing: /home/guichen/Documents/drone-radar-fusion/install/livox_interfaces/share/livox_interfaces/cmake/export_livox_interfaces__rosidl_generator_pyExport-noconfig.cmake
[4.373s] -- Installing: /home/guichen/Documents/drone-radar-fusion/install/livox_interfaces/share/livox_interfaces/cmake/rosidl_cmake-extras.cmake
[4.373s] -- Installing: /home/guichen/Documents/drone-radar-fusion/install/livox_interfaces/share/livox_interfaces/cmake/ament_cmake_export_dependencies-extras.cmake
[4.373s] -- Installing: /home/guichen/Documents/drone-radar-fusion/install/livox_interfaces/share/livox_interfaces/cmake/ament_cmake_export_include_directories-extras.cmake
[4.373s] -- Installing: /home/guichen/Documents/drone-radar-fusion/install/livox_interfaces/share/livox_interfaces/cmake/ament_cmake_export_libraries-extras.cmake
[4.373s] -- Installing: /home/guichen/Documents/drone-radar-fusion/install/livox_interfaces/share/livox_interfaces/cmake/ament_cmake_export_targets-extras.cmake
[4.374s] -- Installing: /home/guichen/Documents/drone-radar-fusion/install/livox_interfaces/share/livox_interfaces/cmake/rosidl_cmake_export_typesupport_targets-extras.cmake
[4.374s] -- Installing: /home/guichen/Documents/drone-radar-fusion/install/livox_interfaces/share/livox_interfaces/cmake/rosidl_cmake_export_typesupport_libraries-extras.cmake
[4.374s] -- Installing: /home/guichen/Documents/drone-radar-fusion/install/livox_interfaces/share/livox_interfaces/cmake/livox_interfacesConfig.cmake
[4.374s] -- Installing: /home/guichen/Documents/drone-radar-fusion/install/livox_interfaces/share/livox_interfaces/cmake/livox_interfacesConfig-version.cmake
[4.374s] -- Installing: /home/guichen/Documents/drone-radar-fusion/install/livox_interfaces/share/livox_interfaces/package.xml
[4.376s] Invoked command in '/home/guichen/Documents/drone-radar-fusion/build/livox_interfaces' returned '0': CMAKE_PREFIX_PATH=/opt/ros/humble /usr/bin/cmake --install /home/guichen/Documents/drone-radar-fusion/build/livox_interfaces
