-- Found ament_cmake: 1.3.14 (/opt/ros/humble/share/ament_cmake/cmake)
-- Override CMake install command with custom implementation using symlinks instead of copying resources
-- Found rosidl_default_generators: 1.2.1 (/opt/ros/humble/share/rosidl_default_generators/cmake)
-- Using all available rosidl_typesupport_c: rosidl_typesupport_fastrtps_c;rosidl_typesupport_introspection_c
-- Found rosidl_adapter: 3.1.8 (/opt/ros/humble/share/rosidl_adapter/cmake)
-- Using all available rosidl_typesupport_cpp: rosidl_typesupport_fastrtps_cpp;rosidl_typesupport_introspection_cpp
-- Found std_msgs: 4.9.1 (/opt/ros/humble/share/std_msgs/cmake)
-- Found ament_cmake_ros: 0.10.0 (/opt/ros/humble/share/ament_cmake_ros/cmake)
-- Using all available rosidl_typesupport_c: rosidl_typesupport_fastrtps_c;rosidl_typesupport_introspection_c
-- Using all available rosidl_typesupport_cpp: rosidl_typesupport_fastrtps_cpp;rosidl_typesupport_introspection_cpp
-- Found python_cmake_module: 0.10.0 (/opt/ros/humble/share/python_cmake_module/cmake)
-- Using PYTHON_EXECUTABLE: /usr/bin/python3
-- Using PYTHON_INCLUDE_DIRS: /usr/include/python3.10
-- Using PYTHON_LIBRARIES: /usr/lib/x86_64-linux-gnu/libpython3.10.so
-- Configuring done
-- Generating done
-- Build files have been written to: /home/guichen/Documents/drone-radar-fusion/build/interface
[35m[1mConsolidate compiler generated dependencies of target interface__rosidl_generator_c[0m
[  2%] [32mBuilding C object CMakeFiles/interface__rosidl_generator_c.dir/rosidl_generator_c/interface/msg/detail/drone_detect__functions.c.o[0m
[  4%] Built target interface__cpp
[  6%] [32mBuilding C object CMakeFiles/interface__rosidl_generator_c.dir/rosidl_generator_c/interface/msg/detail/radar_warn__functions.c.o[0m
[  8%] [32mBuilding C object CMakeFiles/interface__rosidl_generator_c.dir/rosidl_generator_c/interface/msg/detail/drone_detect_array__functions.c.o[0m
[ 10%] Built target interface__rs
[ 10%] Built target ament_cmake_python_symlink_interface
[35m[1mConsolidate compiler generated dependencies of target interface__rosidl_typesupport_introspection_cpp[0m
[35m[1mConsolidate compiler generated dependencies of target interface__rosidl_typesupport_fastrtps_cpp[0m
[35m[1mConsolidate compiler generated dependencies of target interface__rosidl_typesupport_cpp[0m
[ 12%] [32mBuilding CXX object CMakeFiles/interface__rosidl_typesupport_introspection_cpp.dir/rosidl_typesupport_introspection_cpp/interface/msg/detail/drone_detect__type_support.cpp.o[0m
[ 14%] [32mBuilding CXX object CMakeFiles/interface__rosidl_typesupport_introspection_cpp.dir/rosidl_typesupport_introspection_cpp/interface/msg/detail/drone_detect_array__type_support.cpp.o[0m
[ 16%] [32mBuilding CXX object CMakeFiles/interface__rosidl_typesupport_fastrtps_cpp.dir/rosidl_typesupport_fastrtps_cpp/interface/msg/detail/dds_fastrtps/drone_detect__type_support.cpp.o[0m
[ 18%] [32mBuilding CXX object CMakeFiles/interface__rosidl_typesupport_fastrtps_cpp.dir/rosidl_typesupport_fastrtps_cpp/interface/msg/detail/dds_fastrtps/drone_detect_array__type_support.cpp.o[0m
[ 20%] [32mBuilding CXX object CMakeFiles/interface__rosidl_typesupport_introspection_cpp.dir/rosidl_typesupport_introspection_cpp/interface/msg/detail/radar_warn__type_support.cpp.o[0m
[ 22%] [32mBuilding CXX object CMakeFiles/interface__rosidl_typesupport_cpp.dir/rosidl_typesupport_cpp/interface/msg/drone_detect__type_support.cpp.o[0m
[ 25%] [32mBuilding CXX object CMakeFiles/interface__rosidl_typesupport_fastrtps_cpp.dir/rosidl_typesupport_fastrtps_cpp/interface/msg/detail/dds_fastrtps/radar_warn__type_support.cpp.o[0m
[ 27%] [32mBuilding CXX object CMakeFiles/interface__rosidl_typesupport_cpp.dir/rosidl_typesupport_cpp/interface/msg/radar_warn__type_support.cpp.o[0m
[ 29%] [32mBuilding CXX object CMakeFiles/interface__rosidl_typesupport_cpp.dir/rosidl_typesupport_cpp/interface/msg/drone_detect_array__type_support.cpp.o[0m
[ 31%] [32m[1mLinking C shared library libinterface__rosidl_generator_c.so[0m
[ 33%] Built target interface__rosidl_generator_c
[35m[1mConsolidate compiler generated dependencies of target interface__rosidl_typesupport_c[0m
[35m[1mConsolidate compiler generated dependencies of target interface__rosidl_typesupport_fastrtps_c[0m
[35m[1mConsolidate compiler generated dependencies of target interface__rosidl_typesupport_introspection_c[0m
[ 37%] [32mBuilding C object CMakeFiles/interface__rosidl_typesupport_introspection_c.dir/rosidl_typesupport_introspection_c/interface/msg/detail/drone_detect__type_support.c.o[0m
[ 37%] [32mBuilding CXX object CMakeFiles/interface__rosidl_typesupport_c.dir/rosidl_typesupport_c/interface/msg/drone_detect__type_support.cpp.o[0m
[ 39%] [32mBuilding CXX object CMakeFiles/interface__rosidl_typesupport_fastrtps_c.dir/rosidl_typesupport_fastrtps_c/interface/msg/detail/drone_detect__type_support_c.cpp.o[0m
[ 41%] [32mBuilding CXX object CMakeFiles/interface__rosidl_typesupport_fastrtps_c.dir/rosidl_typesupport_fastrtps_c/interface/msg/detail/drone_detect_array__type_support_c.cpp.o[0m
[ 43%] [32mBuilding CXX object CMakeFiles/interface__rosidl_typesupport_fastrtps_c.dir/rosidl_typesupport_fastrtps_c/interface/msg/detail/radar_warn__type_support_c.cpp.o[0m
[ 45%] [32mBuilding CXX object CMakeFiles/interface__rosidl_typesupport_c.dir/rosidl_typesupport_c/interface/msg/drone_detect_array__type_support.cpp.o[0m
[ 47%] [32mBuilding CXX object CMakeFiles/interface__rosidl_typesupport_c.dir/rosidl_typesupport_c/interface/msg/radar_warn__type_support.cpp.o[0m
[ 50%] [32mBuilding C object CMakeFiles/interface__rosidl_typesupport_introspection_c.dir/rosidl_typesupport_introspection_c/interface/msg/detail/drone_detect_array__type_support.c.o[0m
[ 52%] [32mBuilding C object CMakeFiles/interface__rosidl_typesupport_introspection_c.dir/rosidl_typesupport_introspection_c/interface/msg/detail/radar_warn__type_support.c.o[0m
[ 54%] [32m[1mLinking CXX shared library libinterface__rosidl_typesupport_c.so[0m
[ 56%] [32m[1mLinking C shared library libinterface__rosidl_typesupport_introspection_c.so[0m
[ 58%] Built target interface__rosidl_typesupport_c
[ 60%] Built target interface__rosidl_typesupport_introspection_c
running egg_info
writing interface.egg-info/PKG-INFO
writing dependency_links to interface.egg-info/dependency_links.txt
writing top-level names to interface.egg-info/top_level.txt
reading manifest file 'interface.egg-info/SOURCES.txt'
writing manifest file 'interface.egg-info/SOURCES.txt'
[ 62%] [32m[1mLinking CXX shared library libinterface__rosidl_typesupport_cpp.so[0m
[ 62%] Built target ament_cmake_python_build_interface_egg
[ 64%] Built target interface__rosidl_typesupport_cpp
[ 66%] [32m[1mLinking CXX shared library libinterface__rosidl_typesupport_fastrtps_cpp.so[0m
[ 68%] [32m[1mLinking CXX shared library libinterface__rosidl_typesupport_introspection_cpp.so[0m
[ 70%] [32m[1mLinking CXX shared library libinterface__rosidl_typesupport_fastrtps_c.so[0m
[ 72%] Built target interface__rosidl_typesupport_fastrtps_cpp
[ 75%] Built target interface__rosidl_typesupport_introspection_cpp
[ 77%] Built target interface__rosidl_typesupport_fastrtps_c
[ 77%] Built target interface
[ 79%] Built target interface__py
[35m[1mConsolidate compiler generated dependencies of target interface__rosidl_generator_py[0m
[ 81%] [32mBuilding C object CMakeFiles/interface__rosidl_generator_py.dir/rosidl_generator_py/interface/msg/_drone_detect_s.c.o[0m
[ 83%] [32mBuilding C object CMakeFiles/interface__rosidl_generator_py.dir/rosidl_generator_py/interface/msg/_drone_detect_array_s.c.o[0m
[ 85%] [32mBuilding C object CMakeFiles/interface__rosidl_generator_py.dir/rosidl_generator_py/interface/msg/_radar_warn_s.c.o[0m
[ 87%] [32m[1mLinking C shared library rosidl_generator_py/interface/libinterface__rosidl_generator_py.so[0m
[ 87%] Built target interface__rosidl_generator_py
[35m[1mConsolidate compiler generated dependencies of target interface__rosidl_typesupport_introspection_c__pyext[0m
[35m[1mConsolidate compiler generated dependencies of target interface__rosidl_typesupport_fastrtps_c__pyext[0m
[35m[1mConsolidate compiler generated dependencies of target interface__rosidl_typesupport_c__pyext[0m
[ 89%] [32mBuilding C object CMakeFiles/interface__rosidl_typesupport_introspection_c__pyext.dir/rosidl_generator_py/interface/_interface_s.ep.rosidl_typesupport_introspection_c.c.o[0m
[ 91%] [32mBuilding C object CMakeFiles/interface__rosidl_typesupport_c__pyext.dir/rosidl_generator_py/interface/_interface_s.ep.rosidl_typesupport_c.c.o[0m
[ 93%] [32mBuilding C object CMakeFiles/interface__rosidl_typesupport_fastrtps_c__pyext.dir/rosidl_generator_py/interface/_interface_s.ep.rosidl_typesupport_fastrtps_c.c.o[0m
[ 95%] [32m[1mLinking C shared library rosidl_generator_py/interface/interface_s__rosidl_typesupport_introspection_c.cpython-310-x86_64-linux-gnu.so[0m
[ 97%] [32m[1mLinking C shared library rosidl_generator_py/interface/interface_s__rosidl_typesupport_c.cpython-310-x86_64-linux-gnu.so[0m
[100%] [32m[1mLinking C shared library rosidl_generator_py/interface/interface_s__rosidl_typesupport_fastrtps_c.cpython-310-x86_64-linux-gnu.so[0m
[100%] Built target interface__rosidl_typesupport_fastrtps_c__pyext
[100%] Built target interface__rosidl_typesupport_c__pyext
[100%] Built target interface__rosidl_typesupport_introspection_c__pyext
-- Install configuration: ""
-- Execute custom install script
-- Up-to-date symlink: /home/guichen/Documents/drone-radar-fusion/install/interface/share/ament_index/resource_index/rosidl_interfaces/interface
-- Up-to-date symlink: /home/guichen/Documents/drone-radar-fusion/install/interface/include/interface/interface/msg/detail/drone_detect__functions.h
-- Up-to-date symlink: /home/guichen/Documents/drone-radar-fusion/install/interface/include/interface/interface/msg/detail/drone_detect__struct.h
-- Up-to-date symlink: /home/guichen/Documents/drone-radar-fusion/install/interface/include/interface/interface/msg/detail/drone_detect__type_support.h
-- Up-to-date symlink: /home/guichen/Documents/drone-radar-fusion/install/interface/include/interface/interface/msg/detail/drone_detect_array__functions.h
-- Up-to-date symlink: /home/guichen/Documents/drone-radar-fusion/install/interface/include/interface/interface/msg/detail/drone_detect_array__struct.h
-- Up-to-date symlink: /home/guichen/Documents/drone-radar-fusion/install/interface/include/interface/interface/msg/detail/drone_detect_array__type_support.h
-- Up-to-date symlink: /home/guichen/Documents/drone-radar-fusion/install/interface/include/interface/interface/msg/detail/radar_warn__functions.h
-- Up-to-date symlink: /home/guichen/Documents/drone-radar-fusion/install/interface/include/interface/interface/msg/detail/radar_warn__struct.h
-- Up-to-date symlink: /home/guichen/Documents/drone-radar-fusion/install/interface/include/interface/interface/msg/detail/radar_warn__type_support.h
-- Up-to-date symlink: /home/guichen/Documents/drone-radar-fusion/install/interface/include/interface/interface/msg/drone_detect.h
-- Up-to-date symlink: /home/guichen/Documents/drone-radar-fusion/install/interface/include/interface/interface/msg/drone_detect_array.h
-- Up-to-date symlink: /home/guichen/Documents/drone-radar-fusion/install/interface/include/interface/interface/msg/radar_warn.h
-- Up-to-date symlink: /home/guichen/Documents/drone-radar-fusion/install/interface/include/interface/interface/msg/rosidl_generator_c__visibility_control.h
-- Up-to-date symlink: /home/guichen/Documents/drone-radar-fusion/install/interface/share/interface/environment/library_path.sh
-- Up-to-date symlink: /home/guichen/Documents/drone-radar-fusion/install/interface/share/interface/environment/library_path.dsv
-- Up-to-date symlink: /home/guichen/Documents/drone-radar-fusion/install/interface/include/interface/interface/msg/detail/drone_detect__rosidl_typesupport_fastrtps_c.h
-- Up-to-date symlink: /home/guichen/Documents/drone-radar-fusion/install/interface/include/interface/interface/msg/detail/drone_detect_array__rosidl_typesupport_fastrtps_c.h
-- Up-to-date symlink: /home/guichen/Documents/drone-radar-fusion/install/interface/include/interface/interface/msg/detail/radar_warn__rosidl_typesupport_fastrtps_c.h
-- Up-to-date symlink: /home/guichen/Documents/drone-radar-fusion/install/interface/include/interface/interface/msg/rosidl_typesupport_fastrtps_c__visibility_control.h
-- Up-to-date symlink: /home/guichen/Documents/drone-radar-fusion/install/interface/include/interface/interface/msg/detail/drone_detect__rosidl_typesupport_introspection_c.h
-- Up-to-date symlink: /home/guichen/Documents/drone-radar-fusion/install/interface/include/interface/interface/msg/detail/drone_detect_array__rosidl_typesupport_introspection_c.h
-- Up-to-date symlink: /home/guichen/Documents/drone-radar-fusion/install/interface/include/interface/interface/msg/detail/radar_warn__rosidl_typesupport_introspection_c.h
-- Up-to-date symlink: /home/guichen/Documents/drone-radar-fusion/install/interface/include/interface/interface/msg/rosidl_typesupport_introspection_c__visibility_control.h
-- Up-to-date symlink: /home/guichen/Documents/drone-radar-fusion/install/interface/include/interface/interface/msg/detail/drone_detect__builder.hpp
-- Up-to-date symlink: /home/guichen/Documents/drone-radar-fusion/install/interface/include/interface/interface/msg/detail/drone_detect__struct.hpp
-- Up-to-date symlink: /home/guichen/Documents/drone-radar-fusion/install/interface/include/interface/interface/msg/detail/drone_detect__traits.hpp
-- Up-to-date symlink: /home/guichen/Documents/drone-radar-fusion/install/interface/include/interface/interface/msg/detail/drone_detect__type_support.hpp
-- Up-to-date symlink: /home/guichen/Documents/drone-radar-fusion/install/interface/include/interface/interface/msg/detail/drone_detect_array__builder.hpp
-- Up-to-date symlink: /home/guichen/Documents/drone-radar-fusion/install/interface/include/interface/interface/msg/detail/drone_detect_array__struct.hpp
-- Up-to-date symlink: /home/guichen/Documents/drone-radar-fusion/install/interface/include/interface/interface/msg/detail/drone_detect_array__traits.hpp
-- Up-to-date symlink: /home/guichen/Documents/drone-radar-fusion/install/interface/include/interface/interface/msg/detail/drone_detect_array__type_support.hpp
-- Up-to-date symlink: /home/guichen/Documents/drone-radar-fusion/install/interface/include/interface/interface/msg/detail/radar_warn__builder.hpp
-- Up-to-date symlink: /home/guichen/Documents/drone-radar-fusion/install/interface/include/interface/interface/msg/detail/radar_warn__struct.hpp
-- Up-to-date symlink: /home/guichen/Documents/drone-radar-fusion/install/interface/include/interface/interface/msg/detail/radar_warn__traits.hpp
-- Up-to-date symlink: /home/guichen/Documents/drone-radar-fusion/install/interface/include/interface/interface/msg/detail/radar_warn__type_support.hpp
-- Up-to-date symlink: /home/guichen/Documents/drone-radar-fusion/install/interface/include/interface/interface/msg/drone_detect.hpp
-- Up-to-date symlink: /home/guichen/Documents/drone-radar-fusion/install/interface/include/interface/interface/msg/drone_detect_array.hpp
-- Up-to-date symlink: /home/guichen/Documents/drone-radar-fusion/install/interface/include/interface/interface/msg/radar_warn.hpp
-- Up-to-date symlink: /home/guichen/Documents/drone-radar-fusion/install/interface/include/interface/interface/msg/rosidl_generator_cpp__visibility_control.hpp
-- Up-to-date symlink: /home/guichen/Documents/drone-radar-fusion/install/interface/include/interface/interface/msg/detail/drone_detect__rosidl_typesupport_fastrtps_cpp.hpp
-- Up-to-date symlink: /home/guichen/Documents/drone-radar-fusion/install/interface/include/interface/interface/msg/detail/drone_detect_array__rosidl_typesupport_fastrtps_cpp.hpp
-- Up-to-date symlink: /home/guichen/Documents/drone-radar-fusion/install/interface/include/interface/interface/msg/detail/radar_warn__rosidl_typesupport_fastrtps_cpp.hpp
-- Up-to-date symlink: /home/guichen/Documents/drone-radar-fusion/install/interface/include/interface/interface/msg/rosidl_typesupport_fastrtps_cpp__visibility_control.h
-- Up-to-date symlink: /home/guichen/Documents/drone-radar-fusion/install/interface/include/interface/interface/msg/detail/drone_detect__rosidl_typesupport_introspection_cpp.hpp
-- Up-to-date symlink: /home/guichen/Documents/drone-radar-fusion/install/interface/include/interface/interface/msg/detail/drone_detect_array__rosidl_typesupport_introspection_cpp.hpp
-- Up-to-date symlink: /home/guichen/Documents/drone-radar-fusion/install/interface/include/interface/interface/msg/detail/radar_warn__rosidl_typesupport_introspection_cpp.hpp
-- Up-to-date symlink: /home/guichen/Documents/drone-radar-fusion/install/interface/share/interface/environment/pythonpath.sh
-- Up-to-date symlink: /home/guichen/Documents/drone-radar-fusion/install/interface/share/interface/environment/pythonpath.dsv
-- Up-to-date symlink: /home/guichen/Documents/drone-radar-fusion/install/interface/local/lib/python3.10/dist-packages/interface-1.0.0-py3.10.egg-info/PKG-INFO
-- Up-to-date symlink: /home/guichen/Documents/drone-radar-fusion/install/interface/local/lib/python3.10/dist-packages/interface-1.0.0-py3.10.egg-info/SOURCES.txt
-- Up-to-date symlink: /home/guichen/Documents/drone-radar-fusion/install/interface/local/lib/python3.10/dist-packages/interface-1.0.0-py3.10.egg-info/dependency_links.txt
-- Up-to-date symlink: /home/guichen/Documents/drone-radar-fusion/install/interface/local/lib/python3.10/dist-packages/interface-1.0.0-py3.10.egg-info/top_level.txt
-- Up-to-date symlink: /home/guichen/Documents/drone-radar-fusion/install/interface/local/lib/python3.10/dist-packages/interface/__init__.py
-- Up-to-date symlink: /home/guichen/Documents/drone-radar-fusion/install/interface/local/lib/python3.10/dist-packages/interface/_interface_s.ep.rosidl_typesupport_c.c
-- Up-to-date symlink: /home/guichen/Documents/drone-radar-fusion/install/interface/local/lib/python3.10/dist-packages/interface/_interface_s.ep.rosidl_typesupport_fastrtps_c.c
-- Up-to-date symlink: /home/guichen/Documents/drone-radar-fusion/install/interface/local/lib/python3.10/dist-packages/interface/_interface_s.ep.rosidl_typesupport_introspection_c.c
-- Up-to-date symlink: /home/guichen/Documents/drone-radar-fusion/install/interface/local/lib/python3.10/dist-packages/interface/interface_s__rosidl_typesupport_c.cpython-310-x86_64-linux-gnu.so
-- Up-to-date symlink: /home/guichen/Documents/drone-radar-fusion/install/interface/local/lib/python3.10/dist-packages/interface/interface_s__rosidl_typesupport_fastrtps_c.cpython-310-x86_64-linux-gnu.so
-- Up-to-date symlink: /home/guichen/Documents/drone-radar-fusion/install/interface/local/lib/python3.10/dist-packages/interface/interface_s__rosidl_typesupport_introspection_c.cpython-310-x86_64-linux-gnu.so
-- Up-to-date symlink: /home/guichen/Documents/drone-radar-fusion/install/interface/local/lib/python3.10/dist-packages/interface/libinterface__rosidl_generator_py.so
-- Up-to-date symlink: /home/guichen/Documents/drone-radar-fusion/install/interface/local/lib/python3.10/dist-packages/interface/msg/__init__.py
-- Up-to-date symlink: /home/guichen/Documents/drone-radar-fusion/install/interface/local/lib/python3.10/dist-packages/interface/msg/_drone_detect.py
-- Up-to-date symlink: /home/guichen/Documents/drone-radar-fusion/install/interface/local/lib/python3.10/dist-packages/interface/msg/_drone_detect_array.py
-- Up-to-date symlink: /home/guichen/Documents/drone-radar-fusion/install/interface/local/lib/python3.10/dist-packages/interface/msg/_drone_detect_array_s.c
-- Up-to-date symlink: /home/guichen/Documents/drone-radar-fusion/install/interface/local/lib/python3.10/dist-packages/interface/msg/_drone_detect_s.c
-- Up-to-date symlink: /home/guichen/Documents/drone-radar-fusion/install/interface/local/lib/python3.10/dist-packages/interface/msg/_radar_warn.py
-- Up-to-date symlink: /home/guichen/Documents/drone-radar-fusion/install/interface/local/lib/python3.10/dist-packages/interface/msg/_radar_warn_s.c
-- Up-to-date symlink: /home/guichen/Documents/drone-radar-fusion/install/interface/local/lib/python3.10/dist-packages/interface/interface_s__rosidl_typesupport_fastrtps_c.cpython-310-x86_64-linux-gnu.so
-- Up-to-date symlink: /home/guichen/Documents/drone-radar-fusion/install/interface/local/lib/python3.10/dist-packages/interface/interface_s__rosidl_typesupport_introspection_c.cpython-310-x86_64-linux-gnu.so
-- Up-to-date symlink: /home/guichen/Documents/drone-radar-fusion/install/interface/local/lib/python3.10/dist-packages/interface/interface_s__rosidl_typesupport_c.cpython-310-x86_64-linux-gnu.so
-- Up-to-date symlink: /home/guichen/Documents/drone-radar-fusion/install/interface/share/ament_index/resource_index/rust_packages/interface
-- Up-to-date symlink: /home/guichen/Documents/drone-radar-fusion/install/interface/share/interface/rust/Cargo.toml
-- Up-to-date symlink: /home/guichen/Documents/drone-radar-fusion/install/interface/share/interface/rust/build.rs
-- Up-to-date symlink: /home/guichen/Documents/drone-radar-fusion/install/interface/share/interface/rust/src/lib.rs
-- Up-to-date symlink: /home/guichen/Documents/drone-radar-fusion/install/interface/share/interface/rust/src/msg.rs
-- Up-to-date symlink: /home/guichen/Documents/drone-radar-fusion/install/interface/share/interface/rust/src/msg/rmw.rs
-- Up-to-date symlink: /home/guichen/Documents/drone-radar-fusion/install/interface/share/interface/msg/DroneDetect.idl
-- Up-to-date symlink: /home/guichen/Documents/drone-radar-fusion/install/interface/share/interface/msg/DroneDetectArray.idl
-- Up-to-date symlink: /home/guichen/Documents/drone-radar-fusion/install/interface/share/interface/msg/RadarWarn.idl
-- Up-to-date symlink: /home/guichen/Documents/drone-radar-fusion/install/interface/share/interface/msg/DroneDetect.msg
-- Up-to-date symlink: /home/guichen/Documents/drone-radar-fusion/install/interface/share/interface/msg/DroneDetectArray.msg
-- Up-to-date symlink: /home/guichen/Documents/drone-radar-fusion/install/interface/share/interface/msg/RadarWarn.msg
-- Up-to-date symlink: /home/guichen/Documents/drone-radar-fusion/install/interface/share/ament_index/resource_index/package_run_dependencies/interface
-- Up-to-date symlink: /home/guichen/Documents/drone-radar-fusion/install/interface/share/ament_index/resource_index/parent_prefix_path/interface
-- Up-to-date symlink: /home/guichen/Documents/drone-radar-fusion/install/interface/share/interface/environment/ament_prefix_path.sh
-- Up-to-date symlink: /home/guichen/Documents/drone-radar-fusion/install/interface/share/interface/environment/ament_prefix_path.dsv
-- Up-to-date symlink: /home/guichen/Documents/drone-radar-fusion/install/interface/share/interface/environment/path.sh
-- Up-to-date symlink: /home/guichen/Documents/drone-radar-fusion/install/interface/share/interface/environment/path.dsv
-- Up-to-date symlink: /home/guichen/Documents/drone-radar-fusion/install/interface/share/interface/local_setup.bash
-- Up-to-date symlink: /home/guichen/Documents/drone-radar-fusion/install/interface/share/interface/local_setup.sh
-- Up-to-date symlink: /home/guichen/Documents/drone-radar-fusion/install/interface/share/interface/local_setup.zsh
-- Up-to-date symlink: /home/guichen/Documents/drone-radar-fusion/install/interface/share/interface/local_setup.dsv
-- Symlinking: /home/guichen/Documents/drone-radar-fusion/install/interface/share/interface/package.dsv
-- Up-to-date symlink: /home/guichen/Documents/drone-radar-fusion/install/interface/share/ament_index/resource_index/packages/interface
-- Up-to-date symlink: /home/guichen/Documents/drone-radar-fusion/install/interface/share/interface/cmake/rosidl_cmake-extras.cmake
-- Up-to-date symlink: /home/guichen/Documents/drone-radar-fusion/install/interface/share/interface/cmake/ament_cmake_export_dependencies-extras.cmake
-- Up-to-date symlink: /home/guichen/Documents/drone-radar-fusion/install/interface/share/interface/cmake/ament_cmake_export_include_directories-extras.cmake
-- Up-to-date symlink: /home/guichen/Documents/drone-radar-fusion/install/interface/share/interface/cmake/ament_cmake_export_libraries-extras.cmake
-- Up-to-date symlink: /home/guichen/Documents/drone-radar-fusion/install/interface/share/interface/cmake/ament_cmake_export_targets-extras.cmake
-- Up-to-date symlink: /home/guichen/Documents/drone-radar-fusion/install/interface/share/interface/cmake/rosidl_cmake_export_typesupport_targets-extras.cmake
-- Up-to-date symlink: /home/guichen/Documents/drone-radar-fusion/install/interface/share/interface/cmake/rosidl_cmake_export_typesupport_libraries-extras.cmake
-- Up-to-date symlink: /home/guichen/Documents/drone-radar-fusion/install/interface/share/interface/cmake/interfaceConfig.cmake
-- Up-to-date symlink: /home/guichen/Documents/drone-radar-fusion/install/interface/share/interface/cmake/interfaceConfig-version.cmake
-- Up-to-date symlink: /home/guichen/Documents/drone-radar-fusion/install/interface/share/interface/package.xml
-- Installing: /home/guichen/Documents/drone-radar-fusion/install/interface/lib/libinterface__rosidl_generator_c.so
-- Set runtime path of "/home/guichen/Documents/drone-radar-fusion/install/interface/lib/libinterface__rosidl_generator_c.so" to ""
-- Installing: /home/guichen/Documents/drone-radar-fusion/install/interface/lib/libinterface__rosidl_typesupport_fastrtps_c.so
-- Set runtime path of "/home/guichen/Documents/drone-radar-fusion/install/interface/lib/libinterface__rosidl_typesupport_fastrtps_c.so" to ""
-- Installing: /home/guichen/Documents/drone-radar-fusion/install/interface/lib/libinterface__rosidl_typesupport_introspection_c.so
-- Set runtime path of "/home/guichen/Documents/drone-radar-fusion/install/interface/lib/libinterface__rosidl_typesupport_introspection_c.so" to ""
-- Installing: /home/guichen/Documents/drone-radar-fusion/install/interface/lib/libinterface__rosidl_typesupport_c.so
-- Set runtime path of "/home/guichen/Documents/drone-radar-fusion/install/interface/lib/libinterface__rosidl_typesupport_c.so" to ""
-- Installing: /home/guichen/Documents/drone-radar-fusion/install/interface/lib/libinterface__rosidl_typesupport_fastrtps_cpp.so
-- Set runtime path of "/home/guichen/Documents/drone-radar-fusion/install/interface/lib/libinterface__rosidl_typesupport_fastrtps_cpp.so" to ""
-- Installing: /home/guichen/Documents/drone-radar-fusion/install/interface/lib/libinterface__rosidl_typesupport_introspection_cpp.so
-- Set runtime path of "/home/guichen/Documents/drone-radar-fusion/install/interface/lib/libinterface__rosidl_typesupport_introspection_cpp.so" to ""
-- Installing: /home/guichen/Documents/drone-radar-fusion/install/interface/lib/libinterface__rosidl_typesupport_cpp.so
-- Set runtime path of "/home/guichen/Documents/drone-radar-fusion/install/interface/lib/libinterface__rosidl_typesupport_cpp.so" to ""
Listing '/home/guichen/Documents/drone-radar-fusion/install/interface/local/lib/python3.10/dist-packages/interface'...
Compiling '/home/guichen/Documents/drone-radar-fusion/install/interface/local/lib/python3.10/dist-packages/interface/__init__.py'...
Listing '/home/guichen/Documents/drone-radar-fusion/install/interface/local/lib/python3.10/dist-packages/interface/msg'...
Compiling '/home/guichen/Documents/drone-radar-fusion/install/interface/local/lib/python3.10/dist-packages/interface/msg/__init__.py'...
Compiling '/home/guichen/Documents/drone-radar-fusion/install/interface/local/lib/python3.10/dist-packages/interface/msg/_drone_detect.py'...
Compiling '/home/guichen/Documents/drone-radar-fusion/install/interface/local/lib/python3.10/dist-packages/interface/msg/_drone_detect_array.py'...
Compiling '/home/guichen/Documents/drone-radar-fusion/install/interface/local/lib/python3.10/dist-packages/interface/msg/_radar_warn.py'...
-- Installing: /home/guichen/Documents/drone-radar-fusion/install/interface/lib/libinterface__rosidl_generator_py.so
-- Set runtime path of "/home/guichen/Documents/drone-radar-fusion/install/interface/lib/libinterface__rosidl_generator_py.so" to ""
-- Up-to-date: /home/guichen/Documents/drone-radar-fusion/install/interface/share/interface/cmake/export_interface__rosidl_generator_cExport.cmake
-- Up-to-date: /home/guichen/Documents/drone-radar-fusion/install/interface/share/interface/cmake/export_interface__rosidl_generator_cExport-noconfig.cmake
-- Up-to-date: /home/guichen/Documents/drone-radar-fusion/install/interface/share/interface/cmake/export_interface__rosidl_typesupport_fastrtps_cExport.cmake
-- Up-to-date: /home/guichen/Documents/drone-radar-fusion/install/interface/share/interface/cmake/export_interface__rosidl_typesupport_fastrtps_cExport-noconfig.cmake
-- Up-to-date: /home/guichen/Documents/drone-radar-fusion/install/interface/share/interface/cmake/interface__rosidl_typesupport_introspection_cExport.cmake
-- Up-to-date: /home/guichen/Documents/drone-radar-fusion/install/interface/share/interface/cmake/interface__rosidl_typesupport_introspection_cExport-noconfig.cmake
-- Up-to-date: /home/guichen/Documents/drone-radar-fusion/install/interface/share/interface/cmake/interface__rosidl_typesupport_cExport.cmake
-- Up-to-date: /home/guichen/Documents/drone-radar-fusion/install/interface/share/interface/cmake/interface__rosidl_typesupport_cExport-noconfig.cmake
-- Up-to-date: /home/guichen/Documents/drone-radar-fusion/install/interface/share/interface/cmake/export_interface__rosidl_generator_cppExport.cmake
-- Up-to-date: /home/guichen/Documents/drone-radar-fusion/install/interface/share/interface/cmake/export_interface__rosidl_typesupport_fastrtps_cppExport.cmake
-- Up-to-date: /home/guichen/Documents/drone-radar-fusion/install/interface/share/interface/cmake/export_interface__rosidl_typesupport_fastrtps_cppExport-noconfig.cmake
-- Up-to-date: /home/guichen/Documents/drone-radar-fusion/install/interface/share/interface/cmake/interface__rosidl_typesupport_introspection_cppExport.cmake
-- Up-to-date: /home/guichen/Documents/drone-radar-fusion/install/interface/share/interface/cmake/interface__rosidl_typesupport_introspection_cppExport-noconfig.cmake
-- Up-to-date: /home/guichen/Documents/drone-radar-fusion/install/interface/share/interface/cmake/interface__rosidl_typesupport_cppExport.cmake
-- Up-to-date: /home/guichen/Documents/drone-radar-fusion/install/interface/share/interface/cmake/interface__rosidl_typesupport_cppExport-noconfig.cmake
-- Up-to-date: /home/guichen/Documents/drone-radar-fusion/install/interface/share/interface/cmake/export_interface__rosidl_generator_pyExport.cmake
-- Up-to-date: /home/guichen/Documents/drone-radar-fusion/install/interface/share/interface/cmake/export_interface__rosidl_generator_pyExport-noconfig.cmake
