[0.009s] Invoking command in '/home/guichen/Documents/drone-radar-fusion/build/fusion': AMENT_PREFIX_PATH=/home/guichen/Documents/drone-radar-fusion/install/interface:${AMENT_PREFIX_PATH} CMAKE_PREFIX_PATH=/home/guichen/Documents/drone-radar-fusion/install/interface:/opt/ros/humble LD_LIBRARY_PATH=/home/guichen/Documents/drone-radar-fusion/install/interface/lib:/opt/MVS/lib/64:/opt/MVS/lib/32:/opt/MVS/lib/64:/opt/MVS/lib/32:/usr/lib/x86_64-linux-gnu/gazebo-11/plugins:/opt/ros/humble/opt/rviz_ogre_vendor/lib:/opt/ros/humble/lib/x86_64-linux-gnu:/opt/ros/humble/lib:/opt/MVS/lib/64:/opt/MVS/lib/32:/opt/MVS/lib/64:/opt/MVS/lib/32 PYTHONPATH=/home/guichen/Documents/drone-radar-fusion/install/interface/local/lib/python3.10/dist-packages:${PYTHONPATH} /usr/bin/cmake /home/guichen/Documents/drone-radar-fusion/src/fusion -DCMAKE_INSTALL_PREFIX=/home/guichen/Documents/drone-radar-fusion/install/fusion
[0.056s] -- The C compiler identification is GNU 11.4.0
[0.183s] -- The CXX compiler identification is GNU 11.4.0
[0.203s] -- Detecting C compiler ABI info
[0.439s] -- Detecting C compiler ABI info - done
[0.459s] -- Check for working C compiler: /usr/bin/cc - skipped
[0.459s] -- Detecting C compile features
[0.459s] -- Detecting C compile features - done
[0.469s] -- Detecting CXX compiler ABI info
[0.774s] -- Detecting CXX compiler ABI info - done
[0.785s] -- Check for working CXX compiler: /usr/bin/c++ - skipped
[0.786s] -- Detecting CXX compile features
[0.787s] -- Detecting CXX compile features - done
[0.791s] -- Found ament_cmake: 1.3.14 (/opt/ros/humble/share/ament_cmake/cmake)
[1.039s] -- Found Python3: /usr/bin/python3 (found version "3.10.12") found components: Interpreter 
[1.177s] -- Found rclcpp: 16.0.19 (/opt/ros/humble/share/rclcpp/cmake)
[1.227s] -- Found rosidl_generator_c: 3.1.8 (/opt/ros/humble/share/rosidl_generator_c/cmake)
[1.235s] -- Found rosidl_adapter: 3.1.8 (/opt/ros/humble/share/rosidl_adapter/cmake)
[1.246s] -- Found rosidl_generator_cpp: 3.1.8 (/opt/ros/humble/share/rosidl_generator_cpp/cmake)
[1.270s] -- Using all available rosidl_typesupport_c: rosidl_typesupport_fastrtps_c;rosidl_typesupport_introspection_c
[1.286s] -- Using all available rosidl_typesupport_cpp: rosidl_typesupport_fastrtps_cpp;rosidl_typesupport_introspection_cpp
[1.344s] -- Found rmw_implementation_cmake: 6.1.2 (/opt/ros/humble/share/rmw_implementation_cmake/cmake)
[1.346s] -- Found rmw_fastrtps_cpp: 6.2.10 (/opt/ros/humble/share/rmw_fastrtps_cpp/cmake)
[1.568s] -- Found OpenSSL: /usr/lib/x86_64-linux-gnu/libcrypto.so (found version "3.0.2")  
[1.655s] -- Found FastRTPS: /opt/ros/humble/include  
[1.774s] -- Using RMW implementation 'rmw_fastrtps_cpp' as default
[1.798s] -- Looking for pthread.h
[1.925s] -- Looking for pthread.h - found
[1.925s] -- Performing Test CMAKE_HAVE_LIBC_PTHREAD
[2.071s] -- Performing Test CMAKE_HAVE_LIBC_PTHREAD - Success
[2.072s] -- Found Threads: TRUE  
[2.147s] -- Found message_filters: 4.3.15 (/opt/ros/humble/share/message_filters/cmake)
[2.153s] -- Found visualization_msgs: 4.9.1 (/opt/ros/humble/share/visualization_msgs/cmake)
[2.243s] -- Found OpenCV: /usr (found version "4.5.4") 
[2.244s] -- Found interface: 1.0.0 (/home/guichen/Documents/drone-radar-fusion/install/interface/share/interface/cmake)
[4.353s] -- Using the multi-header code from /home/guichen/Documents/drone-radar-fusion/build/fusion/_deps/json-src/include/
[4.406s] -- Configuring done
[4.425s] -- Generating done
[4.432s] -- Build files have been written to: /home/guichen/Documents/drone-radar-fusion/build/fusion
[4.445s] Invoked command in '/home/guichen/Documents/drone-radar-fusion/build/fusion' returned '0': AMENT_PREFIX_PATH=/home/guichen/Documents/drone-radar-fusion/install/interface:${AMENT_PREFIX_PATH} CMAKE_PREFIX_PATH=/home/guichen/Documents/drone-radar-fusion/install/interface:/opt/ros/humble LD_LIBRARY_PATH=/home/guichen/Documents/drone-radar-fusion/install/interface/lib:/opt/MVS/lib/64:/opt/MVS/lib/32:/opt/MVS/lib/64:/opt/MVS/lib/32:/usr/lib/x86_64-linux-gnu/gazebo-11/plugins:/opt/ros/humble/opt/rviz_ogre_vendor/lib:/opt/ros/humble/lib/x86_64-linux-gnu:/opt/ros/humble/lib:/opt/MVS/lib/64:/opt/MVS/lib/32:/opt/MVS/lib/64:/opt/MVS/lib/32 PYTHONPATH=/home/guichen/Documents/drone-radar-fusion/install/interface/local/lib/python3.10/dist-packages:${PYTHONPATH} /usr/bin/cmake /home/guichen/Documents/drone-radar-fusion/src/fusion -DCMAKE_INSTALL_PREFIX=/home/guichen/Documents/drone-radar-fusion/install/fusion
[4.446s] Invoking command in '/home/guichen/Documents/drone-radar-fusion/build/fusion': AMENT_PREFIX_PATH=/home/guichen/Documents/drone-radar-fusion/install/interface:${AMENT_PREFIX_PATH} CMAKE_PREFIX_PATH=/home/guichen/Documents/drone-radar-fusion/install/interface:/opt/ros/humble LD_LIBRARY_PATH=/home/guichen/Documents/drone-radar-fusion/install/interface/lib:/opt/MVS/lib/64:/opt/MVS/lib/32:/opt/MVS/lib/64:/opt/MVS/lib/32:/usr/lib/x86_64-linux-gnu/gazebo-11/plugins:/opt/ros/humble/opt/rviz_ogre_vendor/lib:/opt/ros/humble/lib/x86_64-linux-gnu:/opt/ros/humble/lib:/opt/MVS/lib/64:/opt/MVS/lib/32:/opt/MVS/lib/64:/opt/MVS/lib/32 PYTHONPATH=/home/guichen/Documents/drone-radar-fusion/install/interface/local/lib/python3.10/dist-packages:${PYTHONPATH} /usr/bin/cmake --build /home/guichen/Documents/drone-radar-fusion/build/fusion -- -j16 -l16
[4.487s] [ 75%] [32mBuilding CXX object CMakeFiles/fusion_node.dir/src/fusion_node.cpp.o[0m
[4.487s] [ 75%] [32mBuilding CXX object CMakeFiles/fusion_node.dir/src/fusion_manager.cpp.o[0m
[4.488s] [ 75%] [32mBuilding CXX object CMakeFiles/fusion_node.dir/src/kalman_filter.cpp.o[0m
[68.850s] [100%] [32m[1mLinking CXX executable fusion_node[0m
[69.348s] [100%] Built target fusion_node
[69.372s] Invoked command in '/home/guichen/Documents/drone-radar-fusion/build/fusion' returned '0': AMENT_PREFIX_PATH=/home/guichen/Documents/drone-radar-fusion/install/interface:${AMENT_PREFIX_PATH} CMAKE_PREFIX_PATH=/home/guichen/Documents/drone-radar-fusion/install/interface:/opt/ros/humble LD_LIBRARY_PATH=/home/guichen/Documents/drone-radar-fusion/install/interface/lib:/opt/MVS/lib/64:/opt/MVS/lib/32:/opt/MVS/lib/64:/opt/MVS/lib/32:/usr/lib/x86_64-linux-gnu/gazebo-11/plugins:/opt/ros/humble/opt/rviz_ogre_vendor/lib:/opt/ros/humble/lib/x86_64-linux-gnu:/opt/ros/humble/lib:/opt/MVS/lib/64:/opt/MVS/lib/32:/opt/MVS/lib/64:/opt/MVS/lib/32 PYTHONPATH=/home/guichen/Documents/drone-radar-fusion/install/interface/local/lib/python3.10/dist-packages:${PYTHONPATH} /usr/bin/cmake --build /home/guichen/Documents/drone-radar-fusion/build/fusion -- -j16 -l16
[69.376s] Invoking command in '/home/guichen/Documents/drone-radar-fusion/build/fusion': AMENT_PREFIX_PATH=/home/guichen/Documents/drone-radar-fusion/install/interface:${AMENT_PREFIX_PATH} CMAKE_PREFIX_PATH=/home/guichen/Documents/drone-radar-fusion/install/interface:/opt/ros/humble LD_LIBRARY_PATH=/home/guichen/Documents/drone-radar-fusion/install/interface/lib:/opt/MVS/lib/64:/opt/MVS/lib/32:/opt/MVS/lib/64:/opt/MVS/lib/32:/usr/lib/x86_64-linux-gnu/gazebo-11/plugins:/opt/ros/humble/opt/rviz_ogre_vendor/lib:/opt/ros/humble/lib/x86_64-linux-gnu:/opt/ros/humble/lib:/opt/MVS/lib/64:/opt/MVS/lib/32:/opt/MVS/lib/64:/opt/MVS/lib/32 PYTHONPATH=/home/guichen/Documents/drone-radar-fusion/install/interface/local/lib/python3.10/dist-packages:${PYTHONPATH} /usr/bin/cmake --install /home/guichen/Documents/drone-radar-fusion/build/fusion
[69.397s] -- Install configuration: ""
[69.397s] -- Installing: /home/guichen/Documents/drone-radar-fusion/install/fusion/lib/fusion/fusion_node
[69.403s] -- Set runtime path of "/home/guichen/Documents/drone-radar-fusion/install/fusion/lib/fusion/fusion_node" to ""
[69.403s] -- Installing: /home/guichen/Documents/drone-radar-fusion/install/fusion/include
[69.404s] -- Installing: /home/guichen/Documents/drone-radar-fusion/install/fusion/include/fusion
[69.404s] -- Installing: /home/guichen/Documents/drone-radar-fusion/install/fusion/include/fusion/kalman_filter.hpp
[69.404s] -- Installing: /home/guichen/Documents/drone-radar-fusion/install/fusion/include/fusion/fusion_manager.hpp
[69.404s] -- Installing: /home/guichen/Documents/drone-radar-fusion/install/fusion/share/fusion/launch
[69.404s] -- Installing: /home/guichen/Documents/drone-radar-fusion/install/fusion/share/fusion/launch/fusion_launch.py
[69.405s] -- Installing: /home/guichen/Documents/drone-radar-fusion/install/fusion/share/ament_index/resource_index/package_run_dependencies/fusion
[69.405s] -- Installing: /home/guichen/Documents/drone-radar-fusion/install/fusion/share/ament_index/resource_index/parent_prefix_path/fusion
[69.406s] -- Installing: /home/guichen/Documents/drone-radar-fusion/install/fusion/share/fusion/environment/ament_prefix_path.sh
[69.406s] -- Installing: /home/guichen/Documents/drone-radar-fusion/install/fusion/share/fusion/environment/ament_prefix_path.dsv
[69.406s] -- Installing: /home/guichen/Documents/drone-radar-fusion/install/fusion/share/fusion/environment/path.sh
[69.407s] -- Installing: /home/guichen/Documents/drone-radar-fusion/install/fusion/share/fusion/environment/path.dsv
[69.407s] -- Installing: /home/guichen/Documents/drone-radar-fusion/install/fusion/share/fusion/local_setup.bash
[69.408s] -- Installing: /home/guichen/Documents/drone-radar-fusion/install/fusion/share/fusion/local_setup.sh
[69.408s] -- Installing: /home/guichen/Documents/drone-radar-fusion/install/fusion/share/fusion/local_setup.zsh
[69.408s] -- Installing: /home/guichen/Documents/drone-radar-fusion/install/fusion/share/fusion/local_setup.dsv
[69.409s] -- Installing: /home/guichen/Documents/drone-radar-fusion/install/fusion/share/fusion/package.dsv
[69.409s] -- Installing: /home/guichen/Documents/drone-radar-fusion/install/fusion/share/ament_index/resource_index/packages/fusion
[69.410s] -- Installing: /home/guichen/Documents/drone-radar-fusion/install/fusion/share/fusion/cmake/fusionConfig.cmake
[69.410s] -- Installing: /home/guichen/Documents/drone-radar-fusion/install/fusion/share/fusion/cmake/fusionConfig-version.cmake
[69.410s] -- Installing: /home/guichen/Documents/drone-radar-fusion/install/fusion/share/fusion/package.xml
[69.416s] Invoked command in '/home/guichen/Documents/drone-radar-fusion/build/fusion' returned '0': AMENT_PREFIX_PATH=/home/guichen/Documents/drone-radar-fusion/install/interface:${AMENT_PREFIX_PATH} CMAKE_PREFIX_PATH=/home/guichen/Documents/drone-radar-fusion/install/interface:/opt/ros/humble LD_LIBRARY_PATH=/home/guichen/Documents/drone-radar-fusion/install/interface/lib:/opt/MVS/lib/64:/opt/MVS/lib/32:/opt/MVS/lib/64:/opt/MVS/lib/32:/usr/lib/x86_64-linux-gnu/gazebo-11/plugins:/opt/ros/humble/opt/rviz_ogre_vendor/lib:/opt/ros/humble/lib/x86_64-linux-gnu:/opt/ros/humble/lib:/opt/MVS/lib/64:/opt/MVS/lib/32:/opt/MVS/lib/64:/opt/MVS/lib/32 PYTHONPATH=/home/guichen/Documents/drone-radar-fusion/install/interface/local/lib/python3.10/dist-packages:${PYTHONPATH} /usr/bin/cmake --install /home/guichen/Documents/drone-radar-fusion/build/fusion
