running develop
running egg_info
creating web_dashboard.egg-info
writing web_dashboard.egg-info/PKG-INFO
writing dependency_links to web_dashboard.egg-info/dependency_links.txt
writing entry points to web_dashboard.egg-info/entry_points.txt
writing requirements to web_dashboard.egg-info/requires.txt
writing top-level names to web_dashboard.egg-info/top_level.txt
writing manifest file 'web_dashboard.egg-info/SOURCES.txt'
reading manifest file 'web_dashboard.egg-info/SOURCES.txt'
writing manifest file 'web_dashboard.egg-info/SOURCES.txt'
running build_ext
Creating /home/guichen/Documents/drone-radar-fusion/install/web_dashboard/lib/python3.10/site-packages/web-dashboard.egg-link (link to .)
Installing watchdog_node script to /home/guichen/Documents/drone-radar-fusion/install/web_dashboard/bin
Installing web_dashboard_node script to /home/guichen/Documents/drone-radar-fusion/install/web_dashboard/bin

Installed /home/guichen/Documents/drone-radar-fusion/build/web_dashboard
running symlink_data
creating /home/guichen/Documents/drone-radar-fusion/install/web_dashboard/share
creating /home/guichen/Documents/drone-radar-fusion/install/web_dashboard/share/ament_index
creating /home/guichen/Documents/drone-radar-fusion/install/web_dashboard/share/ament_index/resource_index
creating /home/guichen/Documents/drone-radar-fusion/install/web_dashboard/share/ament_index/resource_index/packages
symbolically linking /home/guichen/Documents/drone-radar-fusion/build/web_dashboard/resource/web_dashboard -> /home/guichen/Documents/drone-radar-fusion/install/web_dashboard/share/ament_index/resource_index/packages
creating /home/guichen/Documents/drone-radar-fusion/install/web_dashboard/share/web_dashboard
symbolically linking /home/guichen/Documents/drone-radar-fusion/build/web_dashboard/package.xml -> /home/guichen/Documents/drone-radar-fusion/install/web_dashboard/share/web_dashboard
creating /home/guichen/Documents/drone-radar-fusion/install/web_dashboard/share/web_dashboard/templates
symbolically linking /home/guichen/Documents/drone-radar-fusion/build/web_dashboard/templates/index.html -> /home/guichen/Documents/drone-radar-fusion/install/web_dashboard/share/web_dashboard/templates
creating /home/guichen/Documents/drone-radar-fusion/install/web_dashboard/share/web_dashboard/launch
