[0.382s] Invoking command in '/home/guichen/Documents/drone-radar-fusion/build/web_dashboard': PYTHONPATH=/home/guichen/Documents/drone-radar-fusion/build/web_dashboard/prefix_override:/usr/lib/python3/dist-packages/colcon_core/task/python/colcon_distutils_commands:/home/guichen/Documents/drone-radar-fusion/install/web_dashboard/lib/python3.10/site-packages:${PYTHONPATH} /usr/bin/python3 -W ignore:setup.py install is deprecated -W ignore:easy_install command is deprecated setup.py develop --editable --build-directory /home/guichen/Documents/drone-radar-fusion/build/web_dashboard/build --no-deps symlink_data
[0.545s] running develop
[0.637s] running egg_info
[0.638s] creating web_dashboard.egg-info
[0.638s] writing web_dashboard.egg-info/PKG-INFO
[0.638s] writing dependency_links to web_dashboard.egg-info/dependency_links.txt
[0.638s] writing entry points to web_dashboard.egg-info/entry_points.txt
[0.638s] writing requirements to web_dashboard.egg-info/requires.txt
[0.638s] writing top-level names to web_dashboard.egg-info/top_level.txt
[0.638s] writing manifest file 'web_dashboard.egg-info/SOURCES.txt'
[0.640s] reading manifest file 'web_dashboard.egg-info/SOURCES.txt'
[0.640s] writing manifest file 'web_dashboard.egg-info/SOURCES.txt'
[0.641s] running build_ext
[0.641s] Creating /home/guichen/Documents/drone-radar-fusion/install/web_dashboard/lib/python3.10/site-packages/web-dashboard.egg-link (link to .)
[0.642s] Installing watchdog_node script to /home/guichen/Documents/drone-radar-fusion/install/web_dashboard/bin
[0.642s] Installing web_dashboard_node script to /home/guichen/Documents/drone-radar-fusion/install/web_dashboard/bin
[0.642s] 
[0.642s] Installed /home/guichen/Documents/drone-radar-fusion/build/web_dashboard
[0.642s] running symlink_data
[0.642s] creating /home/guichen/Documents/drone-radar-fusion/install/web_dashboard/share
[0.642s] creating /home/guichen/Documents/drone-radar-fusion/install/web_dashboard/share/ament_index
[0.642s] creating /home/guichen/Documents/drone-radar-fusion/install/web_dashboard/share/ament_index/resource_index
[0.642s] creating /home/guichen/Documents/drone-radar-fusion/install/web_dashboard/share/ament_index/resource_index/packages
[0.642s] symbolically linking /home/guichen/Documents/drone-radar-fusion/build/web_dashboard/resource/web_dashboard -> /home/guichen/Documents/drone-radar-fusion/install/web_dashboard/share/ament_index/resource_index/packages
[0.642s] creating /home/guichen/Documents/drone-radar-fusion/install/web_dashboard/share/web_dashboard
[0.642s] symbolically linking /home/guichen/Documents/drone-radar-fusion/build/web_dashboard/package.xml -> /home/guichen/Documents/drone-radar-fusion/install/web_dashboard/share/web_dashboard
[0.642s] creating /home/guichen/Documents/drone-radar-fusion/install/web_dashboard/share/web_dashboard/templates
[0.642s] symbolically linking /home/guichen/Documents/drone-radar-fusion/build/web_dashboard/templates/index.html -> /home/guichen/Documents/drone-radar-fusion/install/web_dashboard/share/web_dashboard/templates
[0.642s] creating /home/guichen/Documents/drone-radar-fusion/install/web_dashboard/share/web_dashboard/launch
[0.662s] Invoked command in '/home/guichen/Documents/drone-radar-fusion/build/web_dashboard' returned '0': PYTHONPATH=/home/guichen/Documents/drone-radar-fusion/build/web_dashboard/prefix_override:/usr/lib/python3/dist-packages/colcon_core/task/python/colcon_distutils_commands:/home/guichen/Documents/drone-radar-fusion/install/web_dashboard/lib/python3.10/site-packages:${PYTHONPATH} /usr/bin/python3 -W ignore:setup.py install is deprecated -W ignore:easy_install command is deprecated setup.py develop --editable --build-directory /home/guichen/Documents/drone-radar-fusion/build/web_dashboard/build --no-deps symlink_data
