[0.007s] Invoking command in '/home/guichen/Documents/drone-radar-fusion/build/camera_vision': AMENT_PREFIX_PATH=/home/guichen/Documents/drone-radar-fusion/install/interface:${AMENT_PREFIX_PATH} CMAKE_PREFIX_PATH=/home/guichen/Documents/drone-radar-fusion/install/interface:/opt/ros/humble LD_LIBRARY_PATH=/home/guichen/Documents/drone-radar-fusion/install/interface/lib:/opt/MVS/lib/64:/opt/MVS/lib/32:/opt/MVS/lib/64:/opt/MVS/lib/32:/usr/lib/x86_64-linux-gnu/gazebo-11/plugins:/opt/ros/humble/opt/rviz_ogre_vendor/lib:/opt/ros/humble/lib/x86_64-linux-gnu:/opt/ros/humble/lib:/opt/MVS/lib/64:/opt/MVS/lib/32:/opt/MVS/lib/64:/opt/MVS/lib/32 PYTHONPATH=/home/guichen/Documents/drone-radar-fusion/install/interface/local/lib/python3.10/dist-packages:${PYTHONPATH} /usr/bin/cmake /home/guichen/Documents/drone-radar-fusion/src/camera_vision -DCMAKE_INSTALL_PREFIX=/home/guichen/Documents/drone-radar-fusion/install/camera_vision
[0.051s] -- The C compiler identification is GNU 11.4.0
[0.095s] -- The CXX compiler identification is GNU 11.4.0
[0.101s] -- Detecting C compiler ABI info
[0.159s] -- Detecting C compiler ABI info - done
[0.164s] -- Check for working C compiler: /usr/bin/cc - skipped
[0.164s] -- Detecting C compile features
[0.164s] -- Detecting C compile features - done
[0.167s] -- Detecting CXX compiler ABI info
[0.233s] -- Detecting CXX compiler ABI info - done
[0.238s] -- Check for working CXX compiler: /usr/bin/c++ - skipped
[0.238s] -- Detecting CXX compile features
[0.239s] -- Detecting CXX compile features - done
[0.240s] -- Found ament_cmake: 1.3.14 (/opt/ros/humble/share/ament_cmake/cmake)
[0.357s] -- Found Python3: /usr/bin/python3 (found version "3.10.12") found components: Interpreter 
[0.437s] -- Found rclcpp: 16.0.19 (/opt/ros/humble/share/rclcpp/cmake)
[0.471s] -- Found rosidl_generator_c: 3.1.8 (/opt/ros/humble/share/rosidl_generator_c/cmake)
[0.475s] -- Found rosidl_adapter: 3.1.8 (/opt/ros/humble/share/rosidl_adapter/cmake)
[0.481s] -- Found rosidl_generator_cpp: 3.1.8 (/opt/ros/humble/share/rosidl_generator_cpp/cmake)
[0.490s] -- Using all available rosidl_typesupport_c: rosidl_typesupport_fastrtps_c;rosidl_typesupport_introspection_c
[0.503s] -- Using all available rosidl_typesupport_cpp: rosidl_typesupport_fastrtps_cpp;rosidl_typesupport_introspection_cpp
[0.536s] -- Found rmw_implementation_cmake: 6.1.2 (/opt/ros/humble/share/rmw_implementation_cmake/cmake)
[0.538s] -- Found rmw_fastrtps_cpp: 6.2.10 (/opt/ros/humble/share/rmw_fastrtps_cpp/cmake)
[0.610s] -- Found OpenSSL: /usr/lib/x86_64-linux-gnu/libcrypto.so (found version "3.0.2")  
[0.643s] -- Found FastRTPS: /opt/ros/humble/include  
[0.677s] -- Using RMW implementation 'rmw_fastrtps_cpp' as default
[0.682s] -- Looking for pthread.h
[0.746s] -- Looking for pthread.h - found
[0.746s] -- Performing Test CMAKE_HAVE_LIBC_PTHREAD
[0.810s] -- Performing Test CMAKE_HAVE_LIBC_PTHREAD - Success
[0.810s] -- Found Threads: TRUE  
[0.850s] -- Found sensor_msgs: 4.9.1 (/opt/ros/humble/share/sensor_msgs/cmake)
[0.873s] -- Found cv_bridge: 3.2.1 (/opt/ros/humble/share/cv_bridge/cmake)
[0.885s] -- Found OpenCV: /usr (found version "4.5.4") 
[0.886s] -- Found interface: 1.0.0 (/home/guichen/Documents/drone-radar-fusion/install/interface/share/interface/cmake)
[0.974s] -- Configuring done
[0.987s] -- Generating done
[0.992s] -- Build files have been written to: /home/guichen/Documents/drone-radar-fusion/build/camera_vision
[1.005s] Invoked command in '/home/guichen/Documents/drone-radar-fusion/build/camera_vision' returned '0': AMENT_PREFIX_PATH=/home/guichen/Documents/drone-radar-fusion/install/interface:${AMENT_PREFIX_PATH} CMAKE_PREFIX_PATH=/home/guichen/Documents/drone-radar-fusion/install/interface:/opt/ros/humble LD_LIBRARY_PATH=/home/guichen/Documents/drone-radar-fusion/install/interface/lib:/opt/MVS/lib/64:/opt/MVS/lib/32:/opt/MVS/lib/64:/opt/MVS/lib/32:/usr/lib/x86_64-linux-gnu/gazebo-11/plugins:/opt/ros/humble/opt/rviz_ogre_vendor/lib:/opt/ros/humble/lib/x86_64-linux-gnu:/opt/ros/humble/lib:/opt/MVS/lib/64:/opt/MVS/lib/32:/opt/MVS/lib/64:/opt/MVS/lib/32 PYTHONPATH=/home/guichen/Documents/drone-radar-fusion/install/interface/local/lib/python3.10/dist-packages:${PYTHONPATH} /usr/bin/cmake /home/guichen/Documents/drone-radar-fusion/src/camera_vision -DCMAKE_INSTALL_PREFIX=/home/guichen/Documents/drone-radar-fusion/install/camera_vision
[1.007s] Invoking command in '/home/guichen/Documents/drone-radar-fusion/build/camera_vision': AMENT_PREFIX_PATH=/home/guichen/Documents/drone-radar-fusion/install/interface:${AMENT_PREFIX_PATH} CMAKE_PREFIX_PATH=/home/guichen/Documents/drone-radar-fusion/install/interface:/opt/ros/humble LD_LIBRARY_PATH=/home/guichen/Documents/drone-radar-fusion/install/interface/lib:/opt/MVS/lib/64:/opt/MVS/lib/32:/opt/MVS/lib/64:/opt/MVS/lib/32:/usr/lib/x86_64-linux-gnu/gazebo-11/plugins:/opt/ros/humble/opt/rviz_ogre_vendor/lib:/opt/ros/humble/lib/x86_64-linux-gnu:/opt/ros/humble/lib:/opt/MVS/lib/64:/opt/MVS/lib/32:/opt/MVS/lib/64:/opt/MVS/lib/32 PYTHONPATH=/home/guichen/Documents/drone-radar-fusion/install/interface/local/lib/python3.10/dist-packages:${PYTHONPATH} /usr/bin/cmake --build /home/guichen/Documents/drone-radar-fusion/build/camera_vision -- -j16 -l16
[1.054s] [ 66%] [32mBuilding CXX object CMakeFiles/camera_node.dir/src/yolo_detector.cpp.o[0m
[1.054s] [ 66%] [32mBuilding CXX object CMakeFiles/camera_node.dir/src/camera_node.cpp.o[0m
[22.010s] [100%] [32m[1mLinking CXX executable camera_node[0m
[23.506s] [100%] Built target camera_node
[23.545s] Invoked command in '/home/guichen/Documents/drone-radar-fusion/build/camera_vision' returned '0': AMENT_PREFIX_PATH=/home/guichen/Documents/drone-radar-fusion/install/interface:${AMENT_PREFIX_PATH} CMAKE_PREFIX_PATH=/home/guichen/Documents/drone-radar-fusion/install/interface:/opt/ros/humble LD_LIBRARY_PATH=/home/guichen/Documents/drone-radar-fusion/install/interface/lib:/opt/MVS/lib/64:/opt/MVS/lib/32:/opt/MVS/lib/64:/opt/MVS/lib/32:/usr/lib/x86_64-linux-gnu/gazebo-11/plugins:/opt/ros/humble/opt/rviz_ogre_vendor/lib:/opt/ros/humble/lib/x86_64-linux-gnu:/opt/ros/humble/lib:/opt/MVS/lib/64:/opt/MVS/lib/32:/opt/MVS/lib/64:/opt/MVS/lib/32 PYTHONPATH=/home/guichen/Documents/drone-radar-fusion/install/interface/local/lib/python3.10/dist-packages:${PYTHONPATH} /usr/bin/cmake --build /home/guichen/Documents/drone-radar-fusion/build/camera_vision -- -j16 -l16
[23.553s] Invoking command in '/home/guichen/Documents/drone-radar-fusion/build/camera_vision': AMENT_PREFIX_PATH=/home/guichen/Documents/drone-radar-fusion/install/interface:${AMENT_PREFIX_PATH} CMAKE_PREFIX_PATH=/home/guichen/Documents/drone-radar-fusion/install/interface:/opt/ros/humble LD_LIBRARY_PATH=/home/guichen/Documents/drone-radar-fusion/install/interface/lib:/opt/MVS/lib/64:/opt/MVS/lib/32:/opt/MVS/lib/64:/opt/MVS/lib/32:/usr/lib/x86_64-linux-gnu/gazebo-11/plugins:/opt/ros/humble/opt/rviz_ogre_vendor/lib:/opt/ros/humble/lib/x86_64-linux-gnu:/opt/ros/humble/lib:/opt/MVS/lib/64:/opt/MVS/lib/32:/opt/MVS/lib/64:/opt/MVS/lib/32 PYTHONPATH=/home/guichen/Documents/drone-radar-fusion/install/interface/local/lib/python3.10/dist-packages:${PYTHONPATH} /usr/bin/cmake --install /home/guichen/Documents/drone-radar-fusion/build/camera_vision
[23.583s] -- Install configuration: ""
[23.583s] -- Installing: /home/guichen/Documents/drone-radar-fusion/install/camera_vision/lib/camera_vision/camera_node
[23.587s] -- Set runtime path of "/home/guichen/Documents/drone-radar-fusion/install/camera_vision/lib/camera_vision/camera_node" to ""
[23.587s] -- Installing: /home/guichen/Documents/drone-radar-fusion/install/camera_vision/include
[23.591s] -- Installing: /home/guichen/Documents/drone-radar-fusion/install/camera_vision/include/camera_vision
[23.592s] -- Installing: /home/guichen/Documents/drone-radar-fusion/install/camera_vision/include/camera_vision/yolo_detector.hpp
[23.592s] -- Installing: /home/guichen/Documents/drone-radar-fusion/install/camera_vision/share/camera_vision/launch
[23.592s] -- Installing: /home/guichen/Documents/drone-radar-fusion/install/camera_vision/share/camera_vision/launch/camera_launch.py
[23.593s] -- Installing: /home/guichen/Documents/drone-radar-fusion/install/camera_vision/share/ament_index/resource_index/package_run_dependencies/camera_vision
[23.593s] -- Installing: /home/guichen/Documents/drone-radar-fusion/install/camera_vision/share/ament_index/resource_index/parent_prefix_path/camera_vision
[23.594s] -- Installing: /home/guichen/Documents/drone-radar-fusion/install/camera_vision/share/camera_vision/environment/ament_prefix_path.sh
[23.594s] -- Installing: /home/guichen/Documents/drone-radar-fusion/install/camera_vision/share/camera_vision/environment/ament_prefix_path.dsv
[23.594s] -- Installing: /home/guichen/Documents/drone-radar-fusion/install/camera_vision/share/camera_vision/environment/path.sh
[23.595s] -- Installing: /home/guichen/Documents/drone-radar-fusion/install/camera_vision/share/camera_vision/environment/path.dsv
[23.595s] -- Installing: /home/guichen/Documents/drone-radar-fusion/install/camera_vision/share/camera_vision/local_setup.bash
[23.596s] -- Installing: /home/guichen/Documents/drone-radar-fusion/install/camera_vision/share/camera_vision/local_setup.sh
[23.596s] -- Installing: /home/guichen/Documents/drone-radar-fusion/install/camera_vision/share/camera_vision/local_setup.zsh
[23.597s] -- Installing: /home/guichen/Documents/drone-radar-fusion/install/camera_vision/share/camera_vision/local_setup.dsv
[23.597s] -- Installing: /home/guichen/Documents/drone-radar-fusion/install/camera_vision/share/camera_vision/package.dsv
[23.597s] -- Installing: /home/guichen/Documents/drone-radar-fusion/install/camera_vision/share/ament_index/resource_index/packages/camera_vision
[23.598s] -- Installing: /home/guichen/Documents/drone-radar-fusion/install/camera_vision/share/camera_vision/cmake/camera_visionConfig.cmake
[23.598s] -- Installing: /home/guichen/Documents/drone-radar-fusion/install/camera_vision/share/camera_vision/cmake/camera_visionConfig-version.cmake
[23.599s] -- Installing: /home/guichen/Documents/drone-radar-fusion/install/camera_vision/share/camera_vision/package.xml
[23.607s] Invoked command in '/home/guichen/Documents/drone-radar-fusion/build/camera_vision' returned '0': AMENT_PREFIX_PATH=/home/guichen/Documents/drone-radar-fusion/install/interface:${AMENT_PREFIX_PATH} CMAKE_PREFIX_PATH=/home/guichen/Documents/drone-radar-fusion/install/interface:/opt/ros/humble LD_LIBRARY_PATH=/home/guichen/Documents/drone-radar-fusion/install/interface/lib:/opt/MVS/lib/64:/opt/MVS/lib/32:/opt/MVS/lib/64:/opt/MVS/lib/32:/usr/lib/x86_64-linux-gnu/gazebo-11/plugins:/opt/ros/humble/opt/rviz_ogre_vendor/lib:/opt/ros/humble/lib/x86_64-linux-gnu:/opt/ros/humble/lib:/opt/MVS/lib/64:/opt/MVS/lib/32:/opt/MVS/lib/64:/opt/MVS/lib/32 PYTHONPATH=/home/guichen/Documents/drone-radar-fusion/install/interface/local/lib/python3.10/dist-packages:${PYTHONPATH} /usr/bin/cmake --install /home/guichen/Documents/drone-radar-fusion/build/camera_vision
