[0.013s] Invoking command in '/home/guichen/Documents/drone-radar-fusion/build/camera_vision': AMENT_PREFIX_PATH=/home/guichen/Documents/drone-radar-fusion/install/interface:${AMENT_PREFIX_PATH} CMAKE_PREFIX_PATH=/home/guichen/Documents/drone-radar-fusion/install/interface:/opt/ros/humble LD_LIBRARY_PATH=/home/guichen/Documents/drone-radar-fusion/install/interface/lib:${LD_LIBRARY_PATH} PYTHONPATH=/home/guichen/Documents/drone-radar-fusion/install/interface/local/lib/python3.10/dist-packages:${PYTHONPATH} /usr/bin/cmake /home/guichen/Documents/drone-radar-fusion/src/camera_vision -DAMENT_CMAKE_SYMLINK_INSTALL=1 -DCMAKE_INSTALL_PREFIX=/home/guichen/Documents/drone-radar-fusion/install/camera_vision
[0.191s] -- Found ament_cmake: 1.3.14 (/opt/ros/humble/share/ament_cmake/cmake)
[0.191s] -- Override CMake install command with custom implementation using symlinks instead of copying resources
[0.191s] -- Found rclcpp: 16.0.19 (/opt/ros/humble/share/rclcpp/cmake)
[0.192s] -- Found rosidl_generator_c: 3.1.8 (/opt/ros/humble/share/rosidl_generator_c/cmake)
[0.192s] -- Found rosidl_adapter: 3.1.8 (/opt/ros/humble/share/rosidl_adapter/cmake)
[0.192s] -- Found rosidl_generator_cpp: 3.1.8 (/opt/ros/humble/share/rosidl_generator_cpp/cmake)
[0.192s] -- Using all available rosidl_typesupport_c: rosidl_typesupport_fastrtps_c;rosidl_typesupport_introspection_c
[0.192s] -- Using all available rosidl_typesupport_cpp: rosidl_typesupport_fastrtps_cpp;rosidl_typesupport_introspection_cpp
[0.205s] -- Found rmw_implementation_cmake: 6.1.2 (/opt/ros/humble/share/rmw_implementation_cmake/cmake)
[0.207s] -- Found rmw_fastrtps_cpp: 6.2.10 (/opt/ros/humble/share/rmw_fastrtps_cpp/cmake)
[0.283s] -- Using RMW implementation 'rmw_fastrtps_cpp' as default
[0.325s] -- Found sensor_msgs: 4.9.1 (/opt/ros/humble/share/sensor_msgs/cmake)
[0.348s] -- Found cv_bridge: 3.2.1 (/opt/ros/humble/share/cv_bridge/cmake)
[0.358s] -- Found interface: 1.0.0 (/home/guichen/Documents/drone-radar-fusion/install/interface/share/interface/cmake)
[0.414s] -- Configuring done
[0.425s] -- Generating done
[0.428s] -- Build files have been written to: /home/guichen/Documents/drone-radar-fusion/build/camera_vision
[0.433s] Invoked command in '/home/guichen/Documents/drone-radar-fusion/build/camera_vision' returned '0': AMENT_PREFIX_PATH=/home/guichen/Documents/drone-radar-fusion/install/interface:${AMENT_PREFIX_PATH} CMAKE_PREFIX_PATH=/home/guichen/Documents/drone-radar-fusion/install/interface:/opt/ros/humble LD_LIBRARY_PATH=/home/guichen/Documents/drone-radar-fusion/install/interface/lib:${LD_LIBRARY_PATH} PYTHONPATH=/home/guichen/Documents/drone-radar-fusion/install/interface/local/lib/python3.10/dist-packages:${PYTHONPATH} /usr/bin/cmake /home/guichen/Documents/drone-radar-fusion/src/camera_vision -DAMENT_CMAKE_SYMLINK_INSTALL=1 -DCMAKE_INSTALL_PREFIX=/home/guichen/Documents/drone-radar-fusion/install/camera_vision
[0.434s] Invoking command in '/home/guichen/Documents/drone-radar-fusion/build/camera_vision': AMENT_PREFIX_PATH=/home/guichen/Documents/drone-radar-fusion/install/interface:${AMENT_PREFIX_PATH} CMAKE_PREFIX_PATH=/home/guichen/Documents/drone-radar-fusion/install/interface:/opt/ros/humble LD_LIBRARY_PATH=/home/guichen/Documents/drone-radar-fusion/install/interface/lib:${LD_LIBRARY_PATH} PYTHONPATH=/home/guichen/Documents/drone-radar-fusion/install/interface/local/lib/python3.10/dist-packages:${PYTHONPATH} /usr/bin/cmake --build /home/guichen/Documents/drone-radar-fusion/build/camera_vision -- -j16 -l16
[0.463s] Consolidate compiler generated dependencies of target camera_node
[0.474s] [ 33%] Building CXX object CMakeFiles/camera_node.dir/src/camera_node.cpp.o
[0.474s] [ 66%] Building CXX object CMakeFiles/camera_node.dir/src/yolo_detector.cpp.o
[9.578s] [100%] Linking CXX executable camera_node
[9.944s] [100%] Built target camera_node
[9.954s] Invoked command in '/home/guichen/Documents/drone-radar-fusion/build/camera_vision' returned '0': AMENT_PREFIX_PATH=/home/guichen/Documents/drone-radar-fusion/install/interface:${AMENT_PREFIX_PATH} CMAKE_PREFIX_PATH=/home/guichen/Documents/drone-radar-fusion/install/interface:/opt/ros/humble LD_LIBRARY_PATH=/home/guichen/Documents/drone-radar-fusion/install/interface/lib:${LD_LIBRARY_PATH} PYTHONPATH=/home/guichen/Documents/drone-radar-fusion/install/interface/local/lib/python3.10/dist-packages:${PYTHONPATH} /usr/bin/cmake --build /home/guichen/Documents/drone-radar-fusion/build/camera_vision -- -j16 -l16
[9.961s] Invoking command in '/home/guichen/Documents/drone-radar-fusion/build/camera_vision': AMENT_PREFIX_PATH=/home/guichen/Documents/drone-radar-fusion/install/interface:${AMENT_PREFIX_PATH} CMAKE_PREFIX_PATH=/home/guichen/Documents/drone-radar-fusion/install/interface:/opt/ros/humble LD_LIBRARY_PATH=/home/guichen/Documents/drone-radar-fusion/install/interface/lib:${LD_LIBRARY_PATH} PYTHONPATH=/home/guichen/Documents/drone-radar-fusion/install/interface/local/lib/python3.10/dist-packages:${PYTHONPATH} /usr/bin/cmake --install /home/guichen/Documents/drone-radar-fusion/build/camera_vision
[9.966s] -- Install configuration: "Release"
[9.966s] -- Execute custom install script
[9.966s] -- Up-to-date symlink: /home/guichen/Documents/drone-radar-fusion/install/camera_vision/lib/camera_vision/camera_node
[9.967s] -- Up-to-date symlink: /home/guichen/Documents/drone-radar-fusion/install/camera_vision/include/camera_vision/yolo_detector.hpp
[9.967s] -- Up-to-date symlink: /home/guichen/Documents/drone-radar-fusion/install/camera_vision/share/camera_vision/launch/camera_launch.py
[9.967s] -- Up-to-date symlink: /home/guichen/Documents/drone-radar-fusion/install/camera_vision/share/ament_index/resource_index/package_run_dependencies/camera_vision
[9.967s] -- Up-to-date symlink: /home/guichen/Documents/drone-radar-fusion/install/camera_vision/share/ament_index/resource_index/parent_prefix_path/camera_vision
[9.967s] -- Up-to-date symlink: /home/guichen/Documents/drone-radar-fusion/install/camera_vision/share/camera_vision/environment/ament_prefix_path.sh
[9.967s] -- Up-to-date symlink: /home/guichen/Documents/drone-radar-fusion/install/camera_vision/share/camera_vision/environment/ament_prefix_path.dsv
[9.967s] -- Up-to-date symlink: /home/guichen/Documents/drone-radar-fusion/install/camera_vision/share/camera_vision/environment/path.sh
[9.967s] -- Up-to-date symlink: /home/guichen/Documents/drone-radar-fusion/install/camera_vision/share/camera_vision/environment/path.dsv
[9.968s] -- Up-to-date symlink: /home/guichen/Documents/drone-radar-fusion/install/camera_vision/share/camera_vision/local_setup.bash
[9.968s] -- Up-to-date symlink: /home/guichen/Documents/drone-radar-fusion/install/camera_vision/share/camera_vision/local_setup.sh
[9.968s] -- Up-to-date symlink: /home/guichen/Documents/drone-radar-fusion/install/camera_vision/share/camera_vision/local_setup.zsh
[9.968s] -- Up-to-date symlink: /home/guichen/Documents/drone-radar-fusion/install/camera_vision/share/camera_vision/local_setup.dsv
[9.968s] -- Symlinking: /home/guichen/Documents/drone-radar-fusion/install/camera_vision/share/camera_vision/package.dsv
[9.974s] -- Up-to-date symlink: /home/guichen/Documents/drone-radar-fusion/install/camera_vision/share/ament_index/resource_index/packages/camera_vision
[9.974s] -- Up-to-date symlink: /home/guichen/Documents/drone-radar-fusion/install/camera_vision/share/camera_vision/cmake/camera_visionConfig.cmake
[9.974s] -- Up-to-date symlink: /home/guichen/Documents/drone-radar-fusion/install/camera_vision/share/camera_vision/cmake/camera_visionConfig-version.cmake
[9.974s] -- Up-to-date symlink: /home/guichen/Documents/drone-radar-fusion/install/camera_vision/share/camera_vision/package.xml
[9.975s] Invoked command in '/home/guichen/Documents/drone-radar-fusion/build/camera_vision' returned '0': AMENT_PREFIX_PATH=/home/guichen/Documents/drone-radar-fusion/install/interface:${AMENT_PREFIX_PATH} CMAKE_PREFIX_PATH=/home/guichen/Documents/drone-radar-fusion/install/interface:/opt/ros/humble LD_LIBRARY_PATH=/home/guichen/Documents/drone-radar-fusion/install/interface/lib:${LD_LIBRARY_PATH} PYTHONPATH=/home/guichen/Documents/drone-radar-fusion/install/interface/local/lib/python3.10/dist-packages:${PYTHONPATH} /usr/bin/cmake --install /home/guichen/Documents/drone-radar-fusion/build/camera_vision
