[0.008s] Invoking command in '/home/guichen/Documents/drone-radar-fusion/build/livox_sdk_vendor': CMAKE_PREFIX_PATH=${CMAKE_PREFIX_PATH}:/opt/ros/humble /usr/bin/cmake /home/guichen/Documents/drone-radar-fusion/src/livox_driver/livox_sdk_vendor -DAMENT_CMAKE_SYMLINK_INSTALL=1 -DCMAKE_INSTALL_PREFIX=/home/guichen/Documents/drone-radar-fusion/install/livox_sdk_vendor
[0.052s] -- The C compiler identification is GNU 11.4.0
[0.104s] -- The CXX compiler identification is GNU 11.4.0
[0.110s] -- Detecting C compiler ABI info
[0.155s] -- Detecting C compiler ABI info - done
[0.160s] -- Check for working C compiler: /usr/bin/cc - skipped
[0.160s] -- Detecting C compile features
[0.161s] -- Detecting C compile features - done
[0.163s] -- Detecting CXX compiler ABI info
[0.216s] -- Detecting CXX compiler ABI info - done
[0.221s] -- Check for working CXX compiler: /usr/bin/c++ - skipped
[0.221s] -- Detecting CXX compile features
[0.221s] -- Detecting CXX compile features - done
[0.223s] -- Found ament_cmake: 1.3.14 (/opt/ros/humble/share/ament_cmake/cmake)
[0.333s] -- Found Python3: /usr/bin/python3 (found version "3.10.12") found components: Interpreter 
[0.379s] -- Override CMake install command with custom implementation using symlinks instead of copying resources
[0.461s] -- Configuring done
[0.463s] -- Generating done
[0.464s] -- Build files have been written to: /home/guichen/Documents/drone-radar-fusion/build/livox_sdk_vendor
[0.469s] Invoked command in '/home/guichen/Documents/drone-radar-fusion/build/livox_sdk_vendor' returned '0': CMAKE_PREFIX_PATH=${CMAKE_PREFIX_PATH}:/opt/ros/humble /usr/bin/cmake /home/guichen/Documents/drone-radar-fusion/src/livox_driver/livox_sdk_vendor -DAMENT_CMAKE_SYMLINK_INSTALL=1 -DCMAKE_INSTALL_PREFIX=/home/guichen/Documents/drone-radar-fusion/install/livox_sdk_vendor
[0.470s] Invoking command in '/home/guichen/Documents/drone-radar-fusion/build/livox_sdk_vendor': CMAKE_PREFIX_PATH=${CMAKE_PREFIX_PATH}:/opt/ros/humble /usr/bin/cmake --build /home/guichen/Documents/drone-radar-fusion/build/livox_sdk_vendor -- -j16 -l16
[0.501s] [ 12%] [34m[1mCreating directories for 'livox-sdk-master'[0m
[0.546s] [ 25%] [34m[1mPerforming download step (git clone) for 'livox-sdk-master'[0m
[0.558s] 正克隆到 'livox-sdk-master'...
[5.694s] 已经位于 'master'
[5.694s] 您的分支与上游分支 'origin/master' 一致。
[5.729s] [ 37%] [34m[1mPerforming update step for 'livox-sdk-master'[0m
[7.276s] HEAD 目前位于 1b3ef28 fix build ubuntu 22.04
[7.300s] [ 50%] [34m[1mNo patch step for 'livox-sdk-master'[0m
[7.317s] [ 62%] [34m[1mPerforming configure step for 'livox-sdk-master'[0m
[7.358s] -- The C compiler identification is GNU 11.4.0
[7.398s] -- The CXX compiler identification is GNU 11.4.0
[7.404s] -- Detecting C compiler ABI info
[7.453s] -- Detecting C compiler ABI info - done
[7.458s] -- Check for working C compiler: /usr/bin/cc - skipped
[7.458s] -- Detecting C compile features
[7.459s] -- Detecting C compile features - done
[7.461s] -- Detecting CXX compiler ABI info
[7.515s] -- Detecting CXX compiler ABI info - done
[7.521s] -- Check for working CXX compiler: /usr/bin/c++ - skipped
[7.521s] -- Detecting CXX compile features
[7.521s] -- Detecting CXX compile features - done
[7.522s] -- main project dir: /home/guichen/Documents/drone-radar-fusion/build/livox_sdk_vendor/livox-sdk-master-prefix/src/livox-sdk-master
[7.524s] -- Configuring done
[7.537s] -- Generating done
[7.538s] -- Build files have been written to: /home/guichen/Documents/drone-radar-fusion/build/livox_sdk_vendor/livox-sdk-master-prefix/src/livox-sdk-master-build
[7.551s] [ 75%] [34m[1mPerforming build step for 'livox-sdk-master'[0m
[7.583s] [  6%] [32mBuilding CXX object sdk_core/CMakeFiles/livox_sdk_static.dir/src/base/network/unix/network_util.cpp.o[0m
[7.584s] [  6%] [32mBuilding CXX object sdk_core/CMakeFiles/livox_sdk_static.dir/src/base/logging.cpp.o[0m
[7.584s] [  6%] [32mBuilding CXX object sdk_core/CMakeFiles/livox_sdk_static.dir/src/base/io_thread.cpp.o[0m
[7.584s] [  8%] [32mBuilding CXX object sdk_core/CMakeFiles/livox_sdk_static.dir/src/livox_sdk.cpp.o[0m
[7.584s] [ 10%] [32mBuilding CXX object sdk_core/CMakeFiles/livox_sdk_static.dir/src/base/thread_base.cpp.o[0m
[7.584s] [ 12%] [32mBuilding CXX object sdk_core/CMakeFiles/livox_sdk_static.dir/src/third_party/FastCRC/FastCRCsw.cpp.o[0m
[7.584s] [ 14%] [32mBuilding CXX object sdk_core/CMakeFiles/livox_sdk_static.dir/src/device_discovery.cpp.o[0m
[7.584s] [ 16%] [32mBuilding CXX object sdk_core/CMakeFiles/livox_sdk_static.dir/src/comm/sdk_protocol.cpp.o[0m
[7.584s] [ 18%] [32mBuilding CXX object sdk_core/CMakeFiles/livox_sdk_static.dir/src/data_handler/hub_data_handler.cpp.o[0m
[7.584s] [ 20%] [32mBuilding CXX object sdk_core/CMakeFiles/livox_sdk_static.dir/src/data_handler/data_handler.cpp.o[0m
[7.584s] [ 22%] [32mBuilding CXX object sdk_core/CMakeFiles/livox_sdk_static.dir/src/device_manager.cpp.o[0m
[7.584s] [ 25%] [32mBuilding CXX object sdk_core/CMakeFiles/livox_sdk_static.dir/src/comm/comm_port.cpp.o[0m
[7.584s] [ 27%] [32mBuilding CXX object sdk_core/CMakeFiles/livox_sdk_static.dir/src/base/io_loop.cpp.o[0m
[7.588s] [ 29%] [32mBuilding CXX object sdk_core/CMakeFiles/livox_sdk_static.dir/src/data_handler/lidar_data_handler.cpp.o[0m
[7.589s] [ 31%] [32mBuilding CXX object sdk_core/CMakeFiles/livox_sdk_static.dir/src/command_handler/command_handler.cpp.o[0m
[7.612s] [ 33%] [32mBuilding CXX object sdk_core/CMakeFiles/livox_sdk_static.dir/src/command_handler/command_channel.cpp.o[0m
[7.625s] [ 35%] [32mBuilding CXX object sdk_core/CMakeFiles/livox_sdk_static.dir/src/command_handler/hub_command_handler.cpp.o[0m
[7.665s] [ 37%] [32mBuilding CXX object sdk_core/CMakeFiles/livox_sdk_static.dir/src/command_handler/lidar_command_handler.cpp.o[0m
[7.767s] [ 39%] [32mBuilding CXX object sdk_core/CMakeFiles/livox_sdk_static.dir/src/command_handler/command_impl.cpp.o[0m
[7.897s] [ 41%] [32mBuilding CXX object sdk_core/CMakeFiles/livox_sdk_static.dir/src/base/multiple_io/multiple_io_base.cpp.o[0m
[7.958s] [ 43%] [32mBuilding CXX object sdk_core/CMakeFiles/livox_sdk_static.dir/src/base/multiple_io/multiple_io_epoll.cpp.o[0m
[8.248s] [ 45%] [32mBuilding CXX object sdk_core/CMakeFiles/livox_sdk_static.dir/src/base/multiple_io/multiple_io_poll.cpp.o[0m
[8.373s] [ 47%] [32mBuilding CXX object sdk_core/CMakeFiles/livox_sdk_static.dir/src/base/multiple_io/multiple_io_select.cpp.o[0m
[8.389s] [ 50%] [32mBuilding CXX object sdk_core/CMakeFiles/livox_sdk_static.dir/src/base/multiple_io/multiple_io_kqueue.cpp.o[0m
[8.390s] [ 52%] [32mBuilding CXX object sdk_core/CMakeFiles/livox_sdk_static.dir/src/base/wake_up/unix/wake_up_pipe.cpp.o[0m
[10.801s] [ 54%] [32m[1mLinking CXX static library liblivox_sdk_static.a[0m
[10.920s] [ 54%] Built target livox_sdk_static
[10.936s] [ 56%] [32mBuilding C object sample/lidar/CMakeFiles/lidar_sample.dir/main.c.o[0m
[10.936s] [ 58%] [32mBuilding C object sample/hub/CMakeFiles/hub_sample.dir/main.c.o[0m
[10.936s] [ 60%] [32mBuilding CXX object sample/hub_lvx_file/CMakeFiles/hub_lvx_sample.dir/main.cpp.o[0m
[10.936s] [ 62%] [32mBuilding CXX object sample_cc/hub/CMakeFiles/hub_sample_cc.dir/lds_hub.cpp.o[0m
[10.936s] [ 64%] [32mBuilding CXX object sample_cc/hub/CMakeFiles/hub_sample_cc.dir/main.cpp.o[0m
[10.936s] [ 66%] [32mBuilding CXX object sample_cc/trouble_shooting/CMakeFiles/trouble_shooting.dir/main.cpp.o[0m
[10.937s] [ 70%] [32mBuilding CXX object sample/lidar_lvx_file/CMakeFiles/lidar_lvx_sample.dir/main.cpp.o[0m
[10.937s] [ 70%] [32mBuilding CXX object sample/hub_lvx_file/CMakeFiles/hub_lvx_sample.dir/lvx_file.cpp.o[0m
[10.937s] [ 72%] [32mBuilding CXX object sample_cc/lidar/CMakeFiles/lidar_sample_cc.dir/lds_lidar.cpp.o[0m
[10.937s] [ 75%] [32mBuilding CXX object sample/lidar_lvx_file/CMakeFiles/lidar_lvx_sample.dir/lvx_file.cpp.o[0m
[10.938s] [ 77%] [32mBuilding CXX object sample_cc/lidar/CMakeFiles/lidar_sample_cc.dir/main.cpp.o[0m
[10.938s] [ 79%] [32mBuilding CXX object sample_cc/lidar_utc_sync/CMakeFiles/lidar_utc_sync.dir/main.cpp.o[0m
[10.939s] [ 81%] [32mBuilding CXX object sample_cc/lidar_utc_sync/CMakeFiles/lidar_utc_sync.dir/synchro.cpp.o[0m
[10.940s] [ 83%] [32mBuilding CXX object sample_cc/lidar_utc_sync/CMakeFiles/lidar_utc_sync.dir/lds_lidar.cpp.o[0m
[10.994s] [ 85%] [32m[1mLinking CXX executable lidar_sample[0m
[10.995s] [ 87%] [32m[1mLinking CXX executable hub_sample[0m
[11.248s] [ 89%] [32m[1mLinking CXX executable trouble_shooting[0m
[11.466s] [ 89%] Built target hub_sample
[11.475s] [ 89%] Built target lidar_sample
[11.677s] [ 91%] [32m[1mLinking CXX executable hub_sample_cc[0m
[11.697s] [ 91%] Built target trouble_shooting
[11.699s] [ 93%] [32m[1mLinking CXX executable lidar_sample_cc[0m
[11.732s] [ 95%] [32m[1mLinking CXX executable lidar_utc_sync[0m
[11.861s] [ 97%] [32m[1mLinking CXX executable hub_lvx_sample[0m
[11.866s] [100%] [32m[1mLinking CXX executable lidar_lvx_sample[0m
[12.046s] [100%] Built target hub_sample_cc
[12.069s] [100%] Built target lidar_sample_cc
[12.114s] [100%] Built target lidar_utc_sync
[12.200s] [100%] Built target hub_lvx_sample
[12.210s] [100%] Built target lidar_lvx_sample
[12.228s] [ 87%] [34m[1mPerforming install step for 'livox-sdk-master'[0m
[12.254s] [35m[1mConsolidate compiler generated dependencies of target livox_sdk_static[0m
[12.273s] [ 54%] Built target livox_sdk_static
[12.281s] [35m[1mConsolidate compiler generated dependencies of target hub_sample[0m
[12.281s] [35m[1mConsolidate compiler generated dependencies of target hub_lvx_sample[0m
[12.282s] [35m[1mConsolidate compiler generated dependencies of target lidar_sample[0m
[12.283s] [35m[1mConsolidate compiler generated dependencies of target lidar_lvx_sample[0m
[12.283s] [35m[1mConsolidate compiler generated dependencies of target lidar_sample_cc[0m
[12.283s] [35m[1mConsolidate compiler generated dependencies of target trouble_shooting[0m
[12.283s] [35m[1mConsolidate compiler generated dependencies of target hub_sample_cc[0m
[12.283s] [35m[1mConsolidate compiler generated dependencies of target lidar_utc_sync[0m
[12.290s] [ 58%] Built target hub_sample
[12.291s] [ 64%] Built target hub_lvx_sample
[12.292s] [ 68%] Built target trouble_shooting
[12.292s] [ 72%] Built target lidar_sample
[12.293s] [ 79%] Built target lidar_sample_cc
[12.293s] [ 87%] Built target lidar_utc_sync
[12.294s] [ 93%] Built target hub_sample_cc
[12.295s] [100%] Built target lidar_lvx_sample
[12.310s] [36mInstall the project...[0m
[12.316s] -- Install configuration: ""
[12.316s] -- Installing: /home/guichen/Documents/drone-radar-fusion/build/livox_sdk_vendor/livox-sdk_install/lib/liblivox_sdk_static.a
[12.322s] -- Installing: /home/guichen/Documents/drone-radar-fusion/build/livox_sdk_vendor/livox-sdk_install/include/livox_def.h
[12.322s] -- Installing: /home/guichen/Documents/drone-radar-fusion/build/livox_sdk_vendor/livox-sdk_install/include/livox_sdk.h
[12.337s] [100%] [34m[1mCompleted 'livox-sdk-master'[0m
[12.359s] [100%] Built target livox-sdk-master
[12.367s] Invoked command in '/home/guichen/Documents/drone-radar-fusion/build/livox_sdk_vendor' returned '0': CMAKE_PREFIX_PATH=${CMAKE_PREFIX_PATH}:/opt/ros/humble /usr/bin/cmake --build /home/guichen/Documents/drone-radar-fusion/build/livox_sdk_vendor -- -j16 -l16
[12.368s] Invoking command in '/home/guichen/Documents/drone-radar-fusion/build/livox_sdk_vendor': CMAKE_PREFIX_PATH=${CMAKE_PREFIX_PATH}:/opt/ros/humble /usr/bin/cmake --install /home/guichen/Documents/drone-radar-fusion/build/livox_sdk_vendor
[12.373s] -- Install configuration: ""
[12.373s] -- Execute custom install script
[12.374s] -- Symlinking: /home/guichen/Documents/drone-radar-fusion/install/livox_sdk_vendor/include/livox_def.h
[12.380s] -- Symlinking: /home/guichen/Documents/drone-radar-fusion/install/livox_sdk_vendor/include/livox_sdk.h
[12.386s] -- Symlinking: /home/guichen/Documents/drone-radar-fusion/install/livox_sdk_vendor/lib/liblivox_sdk_static.a
[12.393s] -- Symlinking: /home/guichen/Documents/drone-radar-fusion/install/livox_sdk_vendor/share/livox_sdk_vendor/cmake/Modules/Findlivox_sdk.cmake
[12.398s] -- Symlinking: /home/guichen/Documents/drone-radar-fusion/install/livox_sdk_vendor/share/ament_index/resource_index/package_run_dependencies/livox_sdk_vendor
[12.404s] -- Symlinking: /home/guichen/Documents/drone-radar-fusion/install/livox_sdk_vendor/share/ament_index/resource_index/parent_prefix_path/livox_sdk_vendor
[12.410s] -- Symlinking: /home/guichen/Documents/drone-radar-fusion/install/livox_sdk_vendor/share/livox_sdk_vendor/environment/ament_prefix_path.sh
[12.416s] -- Symlinking: /home/guichen/Documents/drone-radar-fusion/install/livox_sdk_vendor/share/livox_sdk_vendor/environment/ament_prefix_path.dsv
[12.422s] -- Symlinking: /home/guichen/Documents/drone-radar-fusion/install/livox_sdk_vendor/share/livox_sdk_vendor/environment/path.sh
[12.428s] -- Symlinking: /home/guichen/Documents/drone-radar-fusion/install/livox_sdk_vendor/share/livox_sdk_vendor/environment/path.dsv
[12.434s] -- Symlinking: /home/guichen/Documents/drone-radar-fusion/install/livox_sdk_vendor/share/livox_sdk_vendor/local_setup.bash
[12.441s] -- Symlinking: /home/guichen/Documents/drone-radar-fusion/install/livox_sdk_vendor/share/livox_sdk_vendor/local_setup.sh
[12.447s] -- Symlinking: /home/guichen/Documents/drone-radar-fusion/install/livox_sdk_vendor/share/livox_sdk_vendor/local_setup.zsh
[12.452s] -- Symlinking: /home/guichen/Documents/drone-radar-fusion/install/livox_sdk_vendor/share/livox_sdk_vendor/local_setup.dsv
[12.458s] -- Symlinking: /home/guichen/Documents/drone-radar-fusion/install/livox_sdk_vendor/share/livox_sdk_vendor/package.dsv
[12.464s] -- Symlinking: /home/guichen/Documents/drone-radar-fusion/install/livox_sdk_vendor/share/ament_index/resource_index/packages/livox_sdk_vendor
[12.470s] -- Symlinking: /home/guichen/Documents/drone-radar-fusion/install/livox_sdk_vendor/share/livox_sdk_vendor/cmake/livox_sdk_vendor-extras.cmake
[12.476s] -- Symlinking: /home/guichen/Documents/drone-radar-fusion/install/livox_sdk_vendor/share/livox_sdk_vendor/cmake/livox_sdk_vendorConfig.cmake
[12.482s] -- Symlinking: /home/guichen/Documents/drone-radar-fusion/install/livox_sdk_vendor/share/livox_sdk_vendor/cmake/livox_sdk_vendorConfig-version.cmake
[12.488s] -- Symlinking: /home/guichen/Documents/drone-radar-fusion/install/livox_sdk_vendor/share/livox_sdk_vendor/package.xml
[12.496s] Invoked command in '/home/guichen/Documents/drone-radar-fusion/build/livox_sdk_vendor' returned '0': CMAKE_PREFIX_PATH=${CMAKE_PREFIX_PATH}:/opt/ros/humble /usr/bin/cmake --install /home/guichen/Documents/drone-radar-fusion/build/livox_sdk_vendor
