[0.009s] Invoking command in '/home/guichen/Documents/drone-radar-fusion/build/livox_ros2_avia': CMAKE_PREFIX_PATH=/home/guichen/Documents/drone-radar-fusion/install/livox_sdk_vendor:/home/guichen/Documents/drone-radar-fusion/install/livox_interfaces:/home/guichen/Documents/drone-radar-fusion/install/simulation:/home/guichen/Documents/drone-radar-fusion/install/radar:/home/guichen/Documents/drone-radar-fusion/install/livox_ros2_avia:/home/guichen/Documents/drone-radar-fusion/install/fusion:/home/guichen/Documents/drone-radar-fusion/install/camera_vision:/home/guichen/Documents/drone-radar-fusion/install/interface:/home/guichen/Documents/drone-radar-fusion/install/hik_camera_ros2_driver:/opt/ros/humble LD_LIBRARY_PATH=/home/guichen/Documents/drone-radar-fusion/install/livox_interfaces/lib:/home/guichen/Documents/drone-radar-fusion/install/livox_ros2_avia/lib:/home/guichen/Documents/drone-radar-fusion/install/interface/lib:/home/guichen/Documents/drone-radar-fusion/install/hik_camera_ros2_driver/lib:/usr/lib/x86_64-linux-gnu/gazebo-11/plugins:/opt/ros/humble/opt/rviz_ogre_vendor/lib:/opt/ros/humble/lib/x86_64-linux-gnu:/opt/ros/humble/lib /usr/bin/cmake /home/guichen/Documents/drone-radar-fusion/src/livox_driver/livox_ros2_avia -DAMENT_CMAKE_SYMLINK_INSTALL=1 -DCMAKE_INSTALL_PREFIX=/home/guichen/Documents/drone-radar-fusion/install/livox_ros2_avia
[0.047s] -- The C compiler identification is GNU 11.4.0
[0.085s] -- The CXX compiler identification is GNU 11.4.0
[0.090s] -- Detecting C compiler ABI info
[0.138s] -- Detecting C compiler ABI info - done
[0.143s] -- Check for working C compiler: /usr/bin/cc - skipped
[0.143s] -- Detecting C compile features
[0.143s] -- Detecting C compile features - done
[0.145s] -- Detecting CXX compiler ABI info
[0.200s] -- Detecting CXX compiler ABI info - done
[0.205s] -- Check for working CXX compiler: /usr/bin/c++ - skipped
[0.205s] -- Detecting CXX compile features
[0.205s] -- Detecting CXX compile features - done
[0.206s] -- livox_ros2_avia version: 0.0.1
[0.207s] -- Found ament_cmake_auto: 1.3.14 (/opt/ros/humble/share/ament_cmake_auto/cmake)
[0.314s] -- Found Python3: /usr/bin/python3 (found version "3.10.12") found components: Interpreter 
[0.362s] -- Override CMake install command with custom implementation using symlinks instead of copying resources
[0.450s] -- Found rosidl_generator_c: 3.1.8 (/opt/ros/humble/share/rosidl_generator_c/cmake)
[0.453s] -- Found rosidl_adapter: 3.1.8 (/opt/ros/humble/share/rosidl_adapter/cmake)
[0.458s] -- Found rosidl_generator_cpp: 3.1.8 (/opt/ros/humble/share/rosidl_generator_cpp/cmake)
[0.466s] -- Using all available rosidl_typesupport_c: rosidl_typesupport_fastrtps_c;rosidl_typesupport_introspection_c
[0.476s] -- Using all available rosidl_typesupport_cpp: rosidl_typesupport_fastrtps_cpp;rosidl_typesupport_introspection_cpp
[0.504s] -- Found rmw_implementation_cmake: 6.1.2 (/opt/ros/humble/share/rmw_implementation_cmake/cmake)
[0.506s] -- Found rmw_fastrtps_cpp: 6.2.10 (/opt/ros/humble/share/rmw_fastrtps_cpp/cmake)
[0.563s] -- Found OpenSSL: /usr/lib/x86_64-linux-gnu/libcrypto.so (found version "3.0.2")  
[0.583s] -- Found FastRTPS: /opt/ros/humble/include  
[0.612s] -- Using RMW implementation 'rmw_fastrtps_cpp' as default
[0.618s] -- Looking for pthread.h
[0.669s] -- Looking for pthread.h - found
[0.669s] -- Performing Test CMAKE_HAVE_LIBC_PTHREAD
[0.721s] -- Performing Test CMAKE_HAVE_LIBC_PTHREAD - Success
[0.722s] -- Found Threads: TRUE  
[0.830s] -- Checking for module 'eigen3'
[0.839s] --   Found eigen3, version 3.4.0
[0.861s] -- Found Eigen: /usr/include/eigen3 (Required is at least version "3.1") 
[0.861s] -- Eigen found (include: /usr/include/eigen3, version: 3.4.0)
[0.886s] -- Checking for module 'flann'
[0.896s] --   Found flann, version 1.9.1
[0.922s] -- Found FLANN: /usr/lib/x86_64-linux-gnu/libflann_cpp.so  
[0.922s] -- FLANN found (include: /usr/include, lib: /usr/lib/x86_64-linux-gnu/libflann_cpp.so)
[1.574s] -- Checking for module 'libusb-1.0'
[1.583s] --   Found libusb-1.0, version 1.0.25
[1.607s] -- Found libusb: /usr/lib/x86_64-linux-gnu/libusb-1.0.so  
[1.608s] -- OpenNI found (version: 1.5.4.0, include: /usr/include/ni, lib: /usr/lib/libOpenNI.so;libusb::libusb)
[1.648s] -- OpenNI2 found (version: 2.2.0.33, include: /usr/include/openni2, lib: /usr/lib/x86_64-linux-gnu/libOpenNI2.so;libusb::libusb)
[1.758s] -- Eigen found (include: /usr/include/eigen3, version: 3.4.0)
[1.762s] -- OpenNI found (version: 1.5.4.0, include: /usr/include/ni, lib: /usr/lib/libOpenNI.so;libusb::libusb)
[1.767s] -- OpenNI2 found (version: 2.2.0.33, include: /usr/include/openni2, lib: /usr/lib/x86_64-linux-gnu/libOpenNI2.so;libusb::libusb)
[1.870s] -- Found Qhull version 8.0.2
[1.975s] -- OpenNI found (version: 1.5.4.0, include: /usr/include/ni, lib: /usr/lib/libOpenNI.so;libusb::libusb)
[2.077s] -- Found PCL_COMMON: /usr/lib/x86_64-linux-gnu/libpcl_common.so  
[2.077s] -- Found PCL_KDTREE: /usr/lib/x86_64-linux-gnu/libpcl_kdtree.so  
[2.078s] -- Found PCL_OCTREE: /usr/lib/x86_64-linux-gnu/libpcl_octree.so  
[2.078s] -- Found PCL_SEARCH: /usr/lib/x86_64-linux-gnu/libpcl_search.so  
[2.079s] -- Found PCL_SAMPLE_CONSENSUS: /usr/lib/x86_64-linux-gnu/libpcl_sample_consensus.so  
[2.080s] -- Found PCL_FILTERS: /usr/lib/x86_64-linux-gnu/libpcl_filters.so  
[2.080s] -- Found PCL_2D: /usr/include/pcl-1.12  
[2.080s] -- Found PCL_GEOMETRY: /usr/include/pcl-1.12  
[2.081s] -- Found PCL_IO: /usr/lib/x86_64-linux-gnu/libpcl_io.so  
[2.081s] -- Found PCL_FEATURES: /usr/lib/x86_64-linux-gnu/libpcl_features.so  
[2.082s] -- Found PCL_ML: /usr/lib/x86_64-linux-gnu/libpcl_ml.so  
[2.082s] -- Found PCL_SEGMENTATION: /usr/lib/x86_64-linux-gnu/libpcl_segmentation.so  
[2.083s] -- Found PCL_VISUALIZATION: /usr/lib/x86_64-linux-gnu/libpcl_visualization.so  
[2.084s] -- Found PCL_SURFACE: /usr/lib/x86_64-linux-gnu/libpcl_surface.so  
[2.084s] -- Found PCL_REGISTRATION: /usr/lib/x86_64-linux-gnu/libpcl_registration.so  
[2.085s] -- Found PCL_KEYPOINTS: /usr/lib/x86_64-linux-gnu/libpcl_keypoints.so  
[2.086s] -- Found PCL_TRACKING: /usr/lib/x86_64-linux-gnu/libpcl_tracking.so  
[2.086s] -- Found PCL_RECOGNITION: /usr/lib/x86_64-linux-gnu/libpcl_recognition.so  
[2.087s] -- Found PCL_STEREO: /usr/lib/x86_64-linux-gnu/libpcl_stereo.so  
[2.087s] -- Found PCL_APPS: /usr/lib/x86_64-linux-gnu/libpcl_apps.so  
[2.088s] -- Found PCL_IN_HAND_SCANNER: /usr/include/pcl-1.12  
[2.088s] -- Found PCL_MODELER: /usr/include/pcl-1.12  
[2.088s] -- Found PCL_POINT_CLOUD_EDITOR: /usr/include/pcl-1.12  
[2.089s] -- Found PCL_OUTOFCORE: /usr/lib/x86_64-linux-gnu/libpcl_outofcore.so  
[2.089s] -- Found PCL_PEOPLE: /usr/lib/x86_64-linux-gnu/libpcl_people.so  
[2.111s] [33mCMake Warning (dev) at CMakeLists.txt:31 (find_package):
[2.111s]   Policy CMP0074 is not set: find_package uses <PackageName>_ROOT variables.
[2.111s]   Run "cmake --help-policy CMP0074" for policy details.  Use the cmake_policy
[2.111s]   command to set the policy and suppress this warning.
[2.111s] 
[2.111s]   CMake variable PCL_ROOT is set to:
[2.111s] 
[2.111s]     /usr
[2.111s] 
[2.111s]   For compatibility, CMake is ignoring the variable.
[2.111s] This warning is for project developers.  Use -Wno-dev to suppress it.
[2.111s] [0m
[2.117s] -- Found livox_sdk: /home/guichen/Documents/drone-radar-fusion/install/livox_sdk_vendor/include  
[2.120s] -- Found PkgConfig: /usr/bin/pkg-config (found version "0.29.2") 
[2.121s] -- Checking for module 'apr-1'
[2.124s] --   No package 'apr-1' found
[2.135s] -- Found ament_lint_auto: 0.12.15 (/opt/ros/humble/share/ament_lint_auto/cmake)
[2.150s] -- Added test 'copyright' to check source files copyright and LICENSE
[2.152s] -- Added test 'cppcheck' to perform static code analysis on C / C++ code
[2.152s] -- Configured cppcheck include dirs: /home/guichen/Documents/drone-radar-fusion/src/livox_driver/livox_ros2_avia/common;/home/guichen/Documents/drone-radar-fusion/src/livox_driver/livox_ros2_avia/common/rapidjson;/home/guichen/Documents/drone-radar-fusion/src/livox_driver/livox_ros2_avia/comon/rapdidxml;/home/guichen/Documents/drone-radar-fusion/src/livox_driver/livox_ros2_avia/common/comm;/home/guichen/Documents/drone-radar-fusion/src/livox_driver/livox_ros2_avia/timesync;/home/guichen/Documents/drone-radar-fusion/src/livox_driver/livox_ros2_avia/timesync/user_uart;/home/guichen/Documents/drone-radar-fusion/src/livox_driver/livox_ros2_avia/livox_ros2_avia
[2.152s] -- Configured cppcheck exclude dirs and/or files: 
[2.155s] -- Added test 'cpplint' to check C / C++ code against the Google style
[2.155s] -- Configured cpplint exclude dirs and/or files: 
[2.155s] -- Added test 'flake8' to check Python code syntax and style conventions
[2.156s] -- Added test 'lint_cmake' to check CMake code style
[2.157s] -- Added test 'pep257' to check Python code against some of the docstring style conventions in PEP 257
[2.159s] -- Added test 'uncrustify' to check C / C++ code style
[2.159s] -- Configured uncrustify additional arguments: 
[2.160s] -- Added test 'xmllint' to check XML markup files
[2.161s] -- Configuring done
[2.186s] -- Generating done
[2.193s] -- Build files have been written to: /home/guichen/Documents/drone-radar-fusion/build/livox_ros2_avia
[2.206s] Invoked command in '/home/guichen/Documents/drone-radar-fusion/build/livox_ros2_avia' returned '0': CMAKE_PREFIX_PATH=/home/guichen/Documents/drone-radar-fusion/install/livox_sdk_vendor:/home/guichen/Documents/drone-radar-fusion/install/livox_interfaces:/home/guichen/Documents/drone-radar-fusion/install/simulation:/home/guichen/Documents/drone-radar-fusion/install/radar:/home/guichen/Documents/drone-radar-fusion/install/livox_ros2_avia:/home/guichen/Documents/drone-radar-fusion/install/fusion:/home/guichen/Documents/drone-radar-fusion/install/camera_vision:/home/guichen/Documents/drone-radar-fusion/install/interface:/home/guichen/Documents/drone-radar-fusion/install/hik_camera_ros2_driver:/opt/ros/humble LD_LIBRARY_PATH=/home/guichen/Documents/drone-radar-fusion/install/livox_interfaces/lib:/home/guichen/Documents/drone-radar-fusion/install/livox_ros2_avia/lib:/home/guichen/Documents/drone-radar-fusion/install/interface/lib:/home/guichen/Documents/drone-radar-fusion/install/hik_camera_ros2_driver/lib:/usr/lib/x86_64-linux-gnu/gazebo-11/plugins:/opt/ros/humble/opt/rviz_ogre_vendor/lib:/opt/ros/humble/lib/x86_64-linux-gnu:/opt/ros/humble/lib /usr/bin/cmake /home/guichen/Documents/drone-radar-fusion/src/livox_driver/livox_ros2_avia -DAMENT_CMAKE_SYMLINK_INSTALL=1 -DCMAKE_INSTALL_PREFIX=/home/guichen/Documents/drone-radar-fusion/install/livox_ros2_avia
[2.208s] Invoking command in '/home/guichen/Documents/drone-radar-fusion/build/livox_ros2_avia': CMAKE_PREFIX_PATH=/home/guichen/Documents/drone-radar-fusion/install/livox_sdk_vendor:/home/guichen/Documents/drone-radar-fusion/install/livox_interfaces:/home/guichen/Documents/drone-radar-fusion/install/simulation:/home/guichen/Documents/drone-radar-fusion/install/radar:/home/guichen/Documents/drone-radar-fusion/install/livox_ros2_avia:/home/guichen/Documents/drone-radar-fusion/install/fusion:/home/guichen/Documents/drone-radar-fusion/install/camera_vision:/home/guichen/Documents/drone-radar-fusion/install/interface:/home/guichen/Documents/drone-radar-fusion/install/hik_camera_ros2_driver:/opt/ros/humble LD_LIBRARY_PATH=/home/guichen/Documents/drone-radar-fusion/install/livox_interfaces/lib:/home/guichen/Documents/drone-radar-fusion/install/livox_ros2_avia/lib:/home/guichen/Documents/drone-radar-fusion/install/interface/lib:/home/guichen/Documents/drone-radar-fusion/install/hik_camera_ros2_driver/lib:/usr/lib/x86_64-linux-gnu/gazebo-11/plugins:/opt/ros/humble/opt/rviz_ogre_vendor/lib:/opt/ros/humble/lib/x86_64-linux-gnu:/opt/ros/humble/lib /usr/bin/cmake --build /home/guichen/Documents/drone-radar-fusion/build/livox_ros2_avia -- -j16 -l16
[2.248s] [ 12%] [32mBuilding CXX object CMakeFiles/livox_ros2_avia_node.dir/rclcpp_components/node_main_livox_ros2_avia_node.cpp.o[0m
[2.248s] [ 18%] [32mBuilding CXX object CMakeFiles/livox_ros2_avia.dir/livox_ros2_avia/lds_lvx.cpp.o[0m
[2.248s] [ 25%] [32mBuilding CXX object CMakeFiles/livox_ros2_avia.dir/livox_ros2_avia/lds.cpp.o[0m
[2.248s] [ 31%] [32mBuilding CXX object CMakeFiles/livox_ros2_avia.dir/livox_ros2_avia/ldq.cpp.o[0m
[2.249s] [ 37%] [32mBuilding CXX object CMakeFiles/livox_ros2_avia.dir/livox_ros2_avia/lds_hub.cpp.o[0m
[2.249s] [ 43%] [32mBuilding CXX object CMakeFiles/livox_ros2_avia.dir/livox_ros2_avia/lvx_file.cpp.o[0m
[2.249s] [ 43%] [32mBuilding CXX object CMakeFiles/livox_ros2_avia.dir/livox_ros2_avia/livox_ros2_driver.cpp.o[0m
[2.249s] [ 50%] [32mBuilding CXX object CMakeFiles/livox_ros2_avia.dir/timesync/timesync.cpp.o[0m
[2.249s] [ 56%] [32mBuilding CXX object CMakeFiles/livox_ros2_avia.dir/timesync/user_uart/user_uart.cpp.o[0m
[2.249s] [ 62%] [32mBuilding CXX object CMakeFiles/livox_ros2_avia.dir/livox_ros2_avia/lds_lidar.cpp.o[0m
[2.250s] [ 68%] [32mBuilding CXX object CMakeFiles/livox_ros2_avia.dir/livox_ros2_avia/lddc.cpp.o[0m
[2.253s] [ 75%] [32mBuilding CXX object CMakeFiles/livox_ros2_avia.dir/common/comm/comm_protocol.cpp.o[0m
[2.255s] [ 87%] [32mBuilding CXX object CMakeFiles/livox_ros2_avia.dir/common/comm/sdk_protocol.cpp.o[0m
[2.256s] [ 87%] [32mBuilding CXX object CMakeFiles/livox_ros2_avia.dir/common/comm/gps_protocol.cpp.o[0m
[4.878s] [ 93%] [32m[1mLinking CXX executable livox_ros2_avia_node[0m
[4.967s] [ 93%] Built target livox_ros2_avia_node
[8.285s] [100%] [32m[1mLinking CXX shared library liblivox_ros2_avia.so[0m
[8.964s] [100%] Built target livox_ros2_avia
[8.974s] Invoked command in '/home/guichen/Documents/drone-radar-fusion/build/livox_ros2_avia' returned '0': CMAKE_PREFIX_PATH=/home/guichen/Documents/drone-radar-fusion/install/livox_sdk_vendor:/home/guichen/Documents/drone-radar-fusion/install/livox_interfaces:/home/guichen/Documents/drone-radar-fusion/install/simulation:/home/guichen/Documents/drone-radar-fusion/install/radar:/home/guichen/Documents/drone-radar-fusion/install/livox_ros2_avia:/home/guichen/Documents/drone-radar-fusion/install/fusion:/home/guichen/Documents/drone-radar-fusion/install/camera_vision:/home/guichen/Documents/drone-radar-fusion/install/interface:/home/guichen/Documents/drone-radar-fusion/install/hik_camera_ros2_driver:/opt/ros/humble LD_LIBRARY_PATH=/home/guichen/Documents/drone-radar-fusion/install/livox_interfaces/lib:/home/guichen/Documents/drone-radar-fusion/install/livox_ros2_avia/lib:/home/guichen/Documents/drone-radar-fusion/install/interface/lib:/home/guichen/Documents/drone-radar-fusion/install/hik_camera_ros2_driver/lib:/usr/lib/x86_64-linux-gnu/gazebo-11/plugins:/opt/ros/humble/opt/rviz_ogre_vendor/lib:/opt/ros/humble/lib/x86_64-linux-gnu:/opt/ros/humble/lib /usr/bin/cmake --build /home/guichen/Documents/drone-radar-fusion/build/livox_ros2_avia -- -j16 -l16
[8.975s] Invoking command in '/home/guichen/Documents/drone-radar-fusion/build/livox_ros2_avia': CMAKE_PREFIX_PATH=/home/guichen/Documents/drone-radar-fusion/install/livox_sdk_vendor:/home/guichen/Documents/drone-radar-fusion/install/livox_interfaces:/home/guichen/Documents/drone-radar-fusion/install/simulation:/home/guichen/Documents/drone-radar-fusion/install/radar:/home/guichen/Documents/drone-radar-fusion/install/livox_ros2_avia:/home/guichen/Documents/drone-radar-fusion/install/fusion:/home/guichen/Documents/drone-radar-fusion/install/camera_vision:/home/guichen/Documents/drone-radar-fusion/install/interface:/home/guichen/Documents/drone-radar-fusion/install/hik_camera_ros2_driver:/opt/ros/humble LD_LIBRARY_PATH=/home/guichen/Documents/drone-radar-fusion/install/livox_interfaces/lib:/home/guichen/Documents/drone-radar-fusion/install/livox_ros2_avia/lib:/home/guichen/Documents/drone-radar-fusion/install/interface/lib:/home/guichen/Documents/drone-radar-fusion/install/hik_camera_ros2_driver/lib:/usr/lib/x86_64-linux-gnu/gazebo-11/plugins:/opt/ros/humble/opt/rviz_ogre_vendor/lib:/opt/ros/humble/lib/x86_64-linux-gnu:/opt/ros/humble/lib /usr/bin/cmake --install /home/guichen/Documents/drone-radar-fusion/build/livox_ros2_avia
[8.981s] -- Install configuration: ""
[8.981s] -- Execute custom install script
[8.981s] -- Symlinking: /home/guichen/Documents/drone-radar-fusion/install/livox_ros2_avia/lib/livox_ros2_avia/livox_ros2_avia_node
[8.987s] -- Symlinking: /home/guichen/Documents/drone-radar-fusion/install/livox_ros2_avia/share/livox_ros2_avia/environment/library_path.sh
[8.993s] -- Symlinking: /home/guichen/Documents/drone-radar-fusion/install/livox_ros2_avia/share/livox_ros2_avia/environment/library_path.dsv
[8.999s] -- Symlinking: /home/guichen/Documents/drone-radar-fusion/install/livox_ros2_avia/lib/liblivox_ros2_avia.so
[9.005s] -- Symlinking: /home/guichen/Documents/drone-radar-fusion/install/livox_ros2_avia/share/livox_ros2_avia/config/livox_hub.rviz
[9.010s] -- Symlinking: /home/guichen/Documents/drone-radar-fusion/install/livox_ros2_avia/share/livox_ros2_avia/config/livox_hub_config.json
[9.016s] -- Symlinking: /home/guichen/Documents/drone-radar-fusion/install/livox_ros2_avia/share/livox_ros2_avia/config/livox_lidar.rviz
[9.022s] -- Symlinking: /home/guichen/Documents/drone-radar-fusion/install/livox_ros2_avia/share/livox_ros2_avia/config/livox_lidar_config.json
[9.027s] -- Symlinking: /home/guichen/Documents/drone-radar-fusion/install/livox_ros2_avia/share/livox_ros2_avia/launch/livox_hub_launch.py
[9.033s] -- Symlinking: /home/guichen/Documents/drone-radar-fusion/install/livox_ros2_avia/share/livox_ros2_avia/launch/livox_hub_msg_launch .py
[9.040s] -- Symlinking: /home/guichen/Documents/drone-radar-fusion/install/livox_ros2_avia/share/livox_ros2_avia/launch/livox_hub_rviz_launch.py
[9.047s] -- Symlinking: /home/guichen/Documents/drone-radar-fusion/install/livox_ros2_avia/share/livox_ros2_avia/launch/livox_lidar_launch.py
[9.053s] -- Symlinking: /home/guichen/Documents/drone-radar-fusion/install/livox_ros2_avia/share/livox_ros2_avia/launch/livox_lidar_msg_launch.py
[9.060s] -- Symlinking: /home/guichen/Documents/drone-radar-fusion/install/livox_ros2_avia/share/livox_ros2_avia/launch/livox_lidar_rviz_launch.py
[9.065s] -- Symlinking: /home/guichen/Documents/drone-radar-fusion/install/livox_ros2_avia/share/livox_ros2_avia/launch/livox_template_launch.py
[9.071s] -- Symlinking: /home/guichen/Documents/drone-radar-fusion/install/livox_ros2_avia/share/ament_index/resource_index/package_run_dependencies/livox_ros2_avia
[9.077s] -- Symlinking: /home/guichen/Documents/drone-radar-fusion/install/livox_ros2_avia/share/ament_index/resource_index/parent_prefix_path/livox_ros2_avia
[9.083s] -- Symlinking: /home/guichen/Documents/drone-radar-fusion/install/livox_ros2_avia/share/livox_ros2_avia/environment/ament_prefix_path.sh
[9.089s] -- Symlinking: /home/guichen/Documents/drone-radar-fusion/install/livox_ros2_avia/share/livox_ros2_avia/environment/ament_prefix_path.dsv
[9.094s] -- Symlinking: /home/guichen/Documents/drone-radar-fusion/install/livox_ros2_avia/share/livox_ros2_avia/environment/path.sh
[9.100s] -- Symlinking: /home/guichen/Documents/drone-radar-fusion/install/livox_ros2_avia/share/livox_ros2_avia/environment/path.dsv
[9.106s] -- Symlinking: /home/guichen/Documents/drone-radar-fusion/install/livox_ros2_avia/share/livox_ros2_avia/local_setup.bash
[9.112s] -- Symlinking: /home/guichen/Documents/drone-radar-fusion/install/livox_ros2_avia/share/livox_ros2_avia/local_setup.sh
[9.117s] -- Symlinking: /home/guichen/Documents/drone-radar-fusion/install/livox_ros2_avia/share/livox_ros2_avia/local_setup.zsh
[9.123s] -- Symlinking: /home/guichen/Documents/drone-radar-fusion/install/livox_ros2_avia/share/livox_ros2_avia/local_setup.dsv
[9.129s] -- Symlinking: /home/guichen/Documents/drone-radar-fusion/install/livox_ros2_avia/share/livox_ros2_avia/package.dsv
[9.135s] -- Symlinking: /home/guichen/Documents/drone-radar-fusion/install/livox_ros2_avia/share/ament_index/resource_index/packages/livox_ros2_avia
[9.142s] -- Symlinking: /home/guichen/Documents/drone-radar-fusion/install/livox_ros2_avia/share/ament_index/resource_index/rclcpp_components/livox_ros2_avia
[9.148s] -- Symlinking: /home/guichen/Documents/drone-radar-fusion/install/livox_ros2_avia/share/livox_ros2_avia/cmake/ament_cmake_export_dependencies-extras.cmake
[9.154s] -- Symlinking: /home/guichen/Documents/drone-radar-fusion/install/livox_ros2_avia/share/livox_ros2_avia/cmake/ament_cmake_export_libraries-extras.cmake
[9.160s] -- Symlinking: /home/guichen/Documents/drone-radar-fusion/install/livox_ros2_avia/share/livox_ros2_avia/cmake/livox_ros2_aviaConfig.cmake
[9.166s] -- Symlinking: /home/guichen/Documents/drone-radar-fusion/install/livox_ros2_avia/share/livox_ros2_avia/cmake/livox_ros2_aviaConfig-version.cmake
[9.172s] -- Symlinking: /home/guichen/Documents/drone-radar-fusion/install/livox_ros2_avia/share/livox_ros2_avia/package.xml
[9.179s] Invoked command in '/home/guichen/Documents/drone-radar-fusion/build/livox_ros2_avia' returned '0': CMAKE_PREFIX_PATH=/home/guichen/Documents/drone-radar-fusion/install/livox_sdk_vendor:/home/guichen/Documents/drone-radar-fusion/install/livox_interfaces:/home/guichen/Documents/drone-radar-fusion/install/simulation:/home/guichen/Documents/drone-radar-fusion/install/radar:/home/guichen/Documents/drone-radar-fusion/install/livox_ros2_avia:/home/guichen/Documents/drone-radar-fusion/install/fusion:/home/guichen/Documents/drone-radar-fusion/install/camera_vision:/home/guichen/Documents/drone-radar-fusion/install/interface:/home/guichen/Documents/drone-radar-fusion/install/hik_camera_ros2_driver:/opt/ros/humble LD_LIBRARY_PATH=/home/guichen/Documents/drone-radar-fusion/install/livox_interfaces/lib:/home/guichen/Documents/drone-radar-fusion/install/livox_ros2_avia/lib:/home/guichen/Documents/drone-radar-fusion/install/interface/lib:/home/guichen/Documents/drone-radar-fusion/install/hik_camera_ros2_driver/lib:/usr/lib/x86_64-linux-gnu/gazebo-11/plugins:/opt/ros/humble/opt/rviz_ogre_vendor/lib:/opt/ros/humble/lib/x86_64-linux-gnu:/opt/ros/humble/lib /usr/bin/cmake --install /home/guichen/Documents/drone-radar-fusion/build/livox_ros2_avia
