[0.009s] Invoking command in '/home/guichen/Documents/drone-radar-fusion/build/livox_ros2_avia': AMENT_PREFIX_PATH=/home/guichen/Documents/drone-radar-fusion/install/livox_sdk_vendor:/home/guichen/Documents/drone-radar-fusion/install/livox_interfaces:${AMENT_PREFIX_PATH} CMAKE_PREFIX_PATH=/home/guichen/Documents/drone-radar-fusion/install/livox_sdk_vendor:/home/guichen/Documents/drone-radar-fusion/install/livox_interfaces:/opt/ros/humble LD_LIBRARY_PATH=/home/guichen/Documents/drone-radar-fusion/install/livox_interfaces/lib:/opt/MVS/lib/64:/opt/MVS/lib/32:/opt/MVS/lib/64:/opt/MVS/lib/32:/usr/lib/x86_64-linux-gnu/gazebo-11/plugins:/opt/ros/humble/opt/rviz_ogre_vendor/lib:/opt/ros/humble/lib/x86_64-linux-gnu:/opt/ros/humble/lib:/opt/MVS/lib/64:/opt/MVS/lib/32:/opt/MVS/lib/64:/opt/MVS/lib/32 PYTHONPATH=/home/guichen/Documents/drone-radar-fusion/install/livox_interfaces/local/lib/python3.10/dist-packages:${PYTHONPATH} /usr/bin/cmake /home/guichen/Documents/drone-radar-fusion/src/livox_driver/livox_ros2_avia -DCMAKE_INSTALL_PREFIX=/home/guichen/Documents/drone-radar-fusion/install/livox_ros2_avia
[0.060s] -- The C compiler identification is GNU 11.4.0
[0.110s] -- The CXX compiler identification is GNU 11.4.0
[0.118s] -- Detecting C compiler ABI info
[0.178s] -- Detecting C compiler ABI info - done
[0.184s] -- Check for working C compiler: /usr/bin/cc - skipped
[0.184s] -- Detecting C compile features
[0.184s] -- Detecting C compile features - done
[0.186s] -- Detecting CXX compiler ABI info
[0.249s] -- Detecting CXX compiler ABI info - done
[0.255s] -- Check for working CXX compiler: /usr/bin/c++ - skipped
[0.255s] -- Detecting CXX compile features
[0.255s] -- Detecting CXX compile features - done
[0.256s] -- livox_ros2_avia version: 0.0.1
[0.257s] -- Found ament_cmake_auto: 1.3.14 (/opt/ros/humble/share/ament_cmake_auto/cmake)
[0.380s] -- Found Python3: /usr/bin/python3 (found version "3.10.12") found components: Interpreter 
[0.556s] -- Found rosidl_generator_c: 3.1.8 (/opt/ros/humble/share/rosidl_generator_c/cmake)
[0.562s] -- Found rosidl_adapter: 3.1.8 (/opt/ros/humble/share/rosidl_adapter/cmake)
[0.573s] -- Found rosidl_generator_cpp: 3.1.8 (/opt/ros/humble/share/rosidl_generator_cpp/cmake)
[0.587s] -- Using all available rosidl_typesupport_c: rosidl_typesupport_fastrtps_c;rosidl_typesupport_introspection_c
[0.606s] -- Using all available rosidl_typesupport_cpp: rosidl_typesupport_fastrtps_cpp;rosidl_typesupport_introspection_cpp
[0.657s] -- Found rmw_implementation_cmake: 6.1.2 (/opt/ros/humble/share/rmw_implementation_cmake/cmake)
[0.660s] -- Found rmw_fastrtps_cpp: 6.2.10 (/opt/ros/humble/share/rmw_fastrtps_cpp/cmake)
[0.731s] -- Found OpenSSL: /usr/lib/x86_64-linux-gnu/libcrypto.so (found version "3.0.2")  
[0.766s] -- Found FastRTPS: /opt/ros/humble/include  
[0.822s] -- Using RMW implementation 'rmw_fastrtps_cpp' as default
[0.833s] -- Looking for pthread.h
[0.905s] -- Looking for pthread.h - found
[0.905s] -- Performing Test CMAKE_HAVE_LIBC_PTHREAD
[0.978s] -- Performing Test CMAKE_HAVE_LIBC_PTHREAD - Success
[0.979s] -- Found Threads: TRUE  
[1.118s] -- Checking for module 'eigen3'
[1.129s] --   Found eigen3, version 3.4.0
[1.156s] -- Found Eigen: /usr/include/eigen3 (Required is at least version "3.1") 
[1.156s] -- Eigen found (include: /usr/include/eigen3, version: 3.4.0)
[1.186s] -- Checking for module 'flann'
[1.198s] --   Found flann, version 1.9.1
[1.232s] -- Found FLANN: /usr/lib/x86_64-linux-gnu/libflann_cpp.so  
[1.232s] -- FLANN found (include: /usr/include, lib: /usr/lib/x86_64-linux-gnu/libflann_cpp.so)
[2.016s] -- Checking for module 'libusb-1.0'
[2.030s] --   Found libusb-1.0, version 1.0.25
[2.060s] -- Found libusb: /usr/lib/x86_64-linux-gnu/libusb-1.0.so  
[2.061s] -- OpenNI found (version: 1.5.4.0, include: /usr/include/ni, lib: /usr/lib/libOpenNI.so;libusb::libusb)
[2.114s] -- OpenNI2 found (version: 2.2.0.33, include: /usr/include/openni2, lib: /usr/lib/x86_64-linux-gnu/libOpenNI2.so;libusb::libusb)
[2.301s] -- Eigen found (include: /usr/include/eigen3, version: 3.4.0)
[2.309s] -- OpenNI found (version: 1.5.4.0, include: /usr/include/ni, lib: /usr/lib/libOpenNI.so;libusb::libusb)
[2.316s] -- OpenNI2 found (version: 2.2.0.33, include: /usr/include/openni2, lib: /usr/lib/x86_64-linux-gnu/libOpenNI2.so;libusb::libusb)
[2.448s] -- Found Qhull version 8.0.2
[2.571s] -- OpenNI found (version: 1.5.4.0, include: /usr/include/ni, lib: /usr/lib/libOpenNI.so;libusb::libusb)
[2.690s] -- Found PCL_COMMON: /usr/lib/x86_64-linux-gnu/libpcl_common.so  
[2.691s] -- Found PCL_KDTREE: /usr/lib/x86_64-linux-gnu/libpcl_kdtree.so  
[2.692s] -- Found PCL_OCTREE: /usr/lib/x86_64-linux-gnu/libpcl_octree.so  
[2.692s] -- Found PCL_SEARCH: /usr/lib/x86_64-linux-gnu/libpcl_search.so  
[2.693s] -- Found PCL_SAMPLE_CONSENSUS: /usr/lib/x86_64-linux-gnu/libpcl_sample_consensus.so  
[2.694s] -- Found PCL_FILTERS: /usr/lib/x86_64-linux-gnu/libpcl_filters.so  
[2.694s] -- Found PCL_2D: /usr/include/pcl-1.12  
[2.694s] -- Found PCL_GEOMETRY: /usr/include/pcl-1.12  
[2.695s] -- Found PCL_IO: /usr/lib/x86_64-linux-gnu/libpcl_io.so  
[2.695s] -- Found PCL_FEATURES: /usr/lib/x86_64-linux-gnu/libpcl_features.so  
[2.696s] -- Found PCL_ML: /usr/lib/x86_64-linux-gnu/libpcl_ml.so  
[2.697s] -- Found PCL_SEGMENTATION: /usr/lib/x86_64-linux-gnu/libpcl_segmentation.so  
[2.698s] -- Found PCL_VISUALIZATION: /usr/lib/x86_64-linux-gnu/libpcl_visualization.so  
[2.699s] -- Found PCL_SURFACE: /usr/lib/x86_64-linux-gnu/libpcl_surface.so  
[2.699s] -- Found PCL_REGISTRATION: /usr/lib/x86_64-linux-gnu/libpcl_registration.so  
[2.700s] -- Found PCL_KEYPOINTS: /usr/lib/x86_64-linux-gnu/libpcl_keypoints.so  
[2.701s] -- Found PCL_TRACKING: /usr/lib/x86_64-linux-gnu/libpcl_tracking.so  
[2.701s] -- Found PCL_RECOGNITION: /usr/lib/x86_64-linux-gnu/libpcl_recognition.so  
[2.702s] -- Found PCL_STEREO: /usr/lib/x86_64-linux-gnu/libpcl_stereo.so  
[2.703s] -- Found PCL_APPS: /usr/lib/x86_64-linux-gnu/libpcl_apps.so  
[2.703s] -- Found PCL_IN_HAND_SCANNER: /usr/include/pcl-1.12  
[2.704s] -- Found PCL_MODELER: /usr/include/pcl-1.12  
[2.704s] -- Found PCL_POINT_CLOUD_EDITOR: /usr/include/pcl-1.12  
[2.705s] -- Found PCL_OUTOFCORE: /usr/lib/x86_64-linux-gnu/libpcl_outofcore.so  
[2.705s] -- Found PCL_PEOPLE: /usr/lib/x86_64-linux-gnu/libpcl_people.so  
[2.732s] [33mCMake Warning (dev) at CMakeLists.txt:31 (find_package):
[2.732s]   Policy CMP0074 is not set: find_package uses <PackageName>_ROOT variables.
[2.732s]   Run "cmake --help-policy CMP0074" for policy details.  Use the cmake_policy
[2.733s]   command to set the policy and suppress this warning.
[2.733s] 
[2.733s]   CMake variable PCL_ROOT is set to:
[2.733s] 
[2.733s]     /usr
[2.733s] 
[2.733s]   For compatibility, CMake is ignoring the variable.
[2.733s] This warning is for project developers.  Use -Wno-dev to suppress it.
[2.733s] [0m
[2.739s] -- Found livox_sdk: /home/guichen/Documents/drone-radar-fusion/install/livox_sdk_vendor/include  
[2.743s] -- Found PkgConfig: /usr/bin/pkg-config (found version "0.29.2") 
[2.744s] -- Checking for module 'apr-1'
[2.756s] --   Found apr-1, version 1.7.0
[2.785s] [0m/usr/include/apr-1.0[0m
[2.785s] [0mapr-1[0m
[2.795s] -- Found ament_lint_auto: 0.12.15 (/opt/ros/humble/share/ament_lint_auto/cmake)
[2.811s] -- Added test 'copyright' to check source files copyright and LICENSE
[2.813s] -- Added test 'cppcheck' to perform static code analysis on C / C++ code
[2.814s] -- Configured cppcheck include dirs: /home/guichen/Documents/drone-radar-fusion/src/livox_driver/livox_ros2_avia/common;/home/guichen/Documents/drone-radar-fusion/src/livox_driver/livox_ros2_avia/common/rapidjson;/home/guichen/Documents/drone-radar-fusion/src/livox_driver/livox_ros2_avia/comon/rapdidxml;/home/guichen/Documents/drone-radar-fusion/src/livox_driver/livox_ros2_avia/common/comm;/home/guichen/Documents/drone-radar-fusion/src/livox_driver/livox_ros2_avia/timesync;/home/guichen/Documents/drone-radar-fusion/src/livox_driver/livox_ros2_avia/timesync/user_uart;/home/guichen/Documents/drone-radar-fusion/src/livox_driver/livox_ros2_avia/livox_ros2_avia
[2.814s] -- Configured cppcheck exclude dirs and/or files: 
[2.817s] -- Added test 'cpplint' to check C / C++ code against the Google style
[2.817s] -- Configured cpplint exclude dirs and/or files: 
[2.818s] -- Added test 'flake8' to check Python code syntax and style conventions
[2.818s] -- Added test 'lint_cmake' to check CMake code style
[2.819s] -- Added test 'pep257' to check Python code against some of the docstring style conventions in PEP 257
[2.821s] -- Added test 'uncrustify' to check C / C++ code style
[2.821s] -- Configured uncrustify additional arguments: 
[2.822s] -- Added test 'xmllint' to check XML markup files
[2.823s] -- Configuring done
[2.854s] -- Generating done
[2.864s] -- Build files have been written to: /home/guichen/Documents/drone-radar-fusion/build/livox_ros2_avia
[2.888s] Invoked command in '/home/guichen/Documents/drone-radar-fusion/build/livox_ros2_avia' returned '0': AMENT_PREFIX_PATH=/home/guichen/Documents/drone-radar-fusion/install/livox_sdk_vendor:/home/guichen/Documents/drone-radar-fusion/install/livox_interfaces:${AMENT_PREFIX_PATH} CMAKE_PREFIX_PATH=/home/guichen/Documents/drone-radar-fusion/install/livox_sdk_vendor:/home/guichen/Documents/drone-radar-fusion/install/livox_interfaces:/opt/ros/humble LD_LIBRARY_PATH=/home/guichen/Documents/drone-radar-fusion/install/livox_interfaces/lib:/opt/MVS/lib/64:/opt/MVS/lib/32:/opt/MVS/lib/64:/opt/MVS/lib/32:/usr/lib/x86_64-linux-gnu/gazebo-11/plugins:/opt/ros/humble/opt/rviz_ogre_vendor/lib:/opt/ros/humble/lib/x86_64-linux-gnu:/opt/ros/humble/lib:/opt/MVS/lib/64:/opt/MVS/lib/32:/opt/MVS/lib/64:/opt/MVS/lib/32 PYTHONPATH=/home/guichen/Documents/drone-radar-fusion/install/livox_interfaces/local/lib/python3.10/dist-packages:${PYTHONPATH} /usr/bin/cmake /home/guichen/Documents/drone-radar-fusion/src/livox_driver/livox_ros2_avia -DCMAKE_INSTALL_PREFIX=/home/guichen/Documents/drone-radar-fusion/install/livox_ros2_avia
[2.889s] Invoking command in '/home/guichen/Documents/drone-radar-fusion/build/livox_ros2_avia': AMENT_PREFIX_PATH=/home/guichen/Documents/drone-radar-fusion/install/livox_sdk_vendor:/home/guichen/Documents/drone-radar-fusion/install/livox_interfaces:${AMENT_PREFIX_PATH} CMAKE_PREFIX_PATH=/home/guichen/Documents/drone-radar-fusion/install/livox_sdk_vendor:/home/guichen/Documents/drone-radar-fusion/install/livox_interfaces:/opt/ros/humble LD_LIBRARY_PATH=/home/guichen/Documents/drone-radar-fusion/install/livox_interfaces/lib:/opt/MVS/lib/64:/opt/MVS/lib/32:/opt/MVS/lib/64:/opt/MVS/lib/32:/usr/lib/x86_64-linux-gnu/gazebo-11/plugins:/opt/ros/humble/opt/rviz_ogre_vendor/lib:/opt/ros/humble/lib/x86_64-linux-gnu:/opt/ros/humble/lib:/opt/MVS/lib/64:/opt/MVS/lib/32:/opt/MVS/lib/64:/opt/MVS/lib/32 PYTHONPATH=/home/guichen/Documents/drone-radar-fusion/install/livox_interfaces/local/lib/python3.10/dist-packages:${PYTHONPATH} /usr/bin/cmake --build /home/guichen/Documents/drone-radar-fusion/build/livox_ros2_avia -- -j16 -l16
[2.939s] [ 18%] [32mBuilding CXX object CMakeFiles/livox_ros2_avia.dir/livox_ros2_avia/lds.cpp.o[0m
[2.939s] [ 18%] [32mBuilding CXX object CMakeFiles/livox_ros2_avia_node.dir/rclcpp_components/node_main_livox_ros2_avia_node.cpp.o[0m
[2.939s] [ 25%] [32mBuilding CXX object CMakeFiles/livox_ros2_avia.dir/livox_ros2_avia/lddc.cpp.o[0m
[2.939s] [ 25%] [32mBuilding CXX object CMakeFiles/livox_ros2_avia.dir/livox_ros2_avia/lvx_file.cpp.o[0m
[2.939s] [ 37%] [32mBuilding CXX object CMakeFiles/livox_ros2_avia.dir/livox_ros2_avia/livox_ros2_driver.cpp.o[0m
[2.940s] [ 37%] [32mBuilding CXX object CMakeFiles/livox_ros2_avia.dir/livox_ros2_avia/lds_lvx.cpp.o[0m
[2.940s] [ 43%] [32mBuilding CXX object CMakeFiles/livox_ros2_avia.dir/livox_ros2_avia/ldq.cpp.o[0m
[2.940s] [ 50%] [32mBuilding CXX object CMakeFiles/livox_ros2_avia.dir/timesync/user_uart/user_uart.cpp.o[0m
[2.940s] [ 56%] [32mBuilding CXX object CMakeFiles/livox_ros2_avia.dir/common/comm/comm_protocol.cpp.o[0m
[2.940s] [ 62%] [32mBuilding CXX object CMakeFiles/livox_ros2_avia.dir/timesync/timesync.cpp.o[0m
[2.940s] [ 68%] [32mBuilding CXX object CMakeFiles/livox_ros2_avia.dir/livox_ros2_avia/lds_hub.cpp.o[0m
[2.940s] [ 75%] [32mBuilding CXX object CMakeFiles/livox_ros2_avia.dir/livox_ros2_avia/lds_lidar.cpp.o[0m
[2.942s] [ 81%] [32mBuilding CXX object CMakeFiles/livox_ros2_avia.dir/common/comm/sdk_protocol.cpp.o[0m
[2.948s] [ 87%] [32mBuilding CXX object CMakeFiles/livox_ros2_avia.dir/common/comm/gps_protocol.cpp.o[0m
[15.142s] [ 93%] [32m[1mLinking CXX executable livox_ros2_avia_node[0m
[15.574s] [ 93%] Built target livox_ros2_avia_node
[32.409s] [100%] [32m[1mLinking CXX shared library liblivox_ros2_avia.so[0m
[35.511s] [100%] Built target livox_ros2_avia
[35.548s] Invoked command in '/home/guichen/Documents/drone-radar-fusion/build/livox_ros2_avia' returned '0': AMENT_PREFIX_PATH=/home/guichen/Documents/drone-radar-fusion/install/livox_sdk_vendor:/home/guichen/Documents/drone-radar-fusion/install/livox_interfaces:${AMENT_PREFIX_PATH} CMAKE_PREFIX_PATH=/home/guichen/Documents/drone-radar-fusion/install/livox_sdk_vendor:/home/guichen/Documents/drone-radar-fusion/install/livox_interfaces:/opt/ros/humble LD_LIBRARY_PATH=/home/guichen/Documents/drone-radar-fusion/install/livox_interfaces/lib:/opt/MVS/lib/64:/opt/MVS/lib/32:/opt/MVS/lib/64:/opt/MVS/lib/32:/usr/lib/x86_64-linux-gnu/gazebo-11/plugins:/opt/ros/humble/opt/rviz_ogre_vendor/lib:/opt/ros/humble/lib/x86_64-linux-gnu:/opt/ros/humble/lib:/opt/MVS/lib/64:/opt/MVS/lib/32:/opt/MVS/lib/64:/opt/MVS/lib/32 PYTHONPATH=/home/guichen/Documents/drone-radar-fusion/install/livox_interfaces/local/lib/python3.10/dist-packages:${PYTHONPATH} /usr/bin/cmake --build /home/guichen/Documents/drone-radar-fusion/build/livox_ros2_avia -- -j16 -l16
[35.558s] Invoking command in '/home/guichen/Documents/drone-radar-fusion/build/livox_ros2_avia': AMENT_PREFIX_PATH=/home/guichen/Documents/drone-radar-fusion/install/livox_sdk_vendor:/home/guichen/Documents/drone-radar-fusion/install/livox_interfaces:${AMENT_PREFIX_PATH} CMAKE_PREFIX_PATH=/home/guichen/Documents/drone-radar-fusion/install/livox_sdk_vendor:/home/guichen/Documents/drone-radar-fusion/install/livox_interfaces:/opt/ros/humble LD_LIBRARY_PATH=/home/guichen/Documents/drone-radar-fusion/install/livox_interfaces/lib:/opt/MVS/lib/64:/opt/MVS/lib/32:/opt/MVS/lib/64:/opt/MVS/lib/32:/usr/lib/x86_64-linux-gnu/gazebo-11/plugins:/opt/ros/humble/opt/rviz_ogre_vendor/lib:/opt/ros/humble/lib/x86_64-linux-gnu:/opt/ros/humble/lib:/opt/MVS/lib/64:/opt/MVS/lib/32:/opt/MVS/lib/64:/opt/MVS/lib/32 PYTHONPATH=/home/guichen/Documents/drone-radar-fusion/install/livox_interfaces/local/lib/python3.10/dist-packages:${PYTHONPATH} /usr/bin/cmake --install /home/guichen/Documents/drone-radar-fusion/build/livox_ros2_avia
[35.582s] -- Install configuration: ""
[35.583s] -- Installing: /home/guichen/Documents/drone-radar-fusion/install/livox_ros2_avia/lib/livox_ros2_avia/livox_ros2_avia_node
[35.584s] -- Set runtime path of "/home/guichen/Documents/drone-radar-fusion/install/livox_ros2_avia/lib/livox_ros2_avia/livox_ros2_avia_node" to ""
[35.585s] -- Installing: /home/guichen/Documents/drone-radar-fusion/install/livox_ros2_avia/share/livox_ros2_avia/environment/library_path.sh
[35.585s] -- Installing: /home/guichen/Documents/drone-radar-fusion/install/livox_ros2_avia/share/livox_ros2_avia/environment/library_path.dsv
[35.585s] -- Installing: /home/guichen/Documents/drone-radar-fusion/install/livox_ros2_avia/lib/liblivox_ros2_avia.so
[35.602s] -- Set runtime path of "/home/guichen/Documents/drone-radar-fusion/install/livox_ros2_avia/lib/liblivox_ros2_avia.so" to ""
[35.602s] -- Installing: /home/guichen/Documents/drone-radar-fusion/install/livox_ros2_avia/share/livox_ros2_avia/config
[35.602s] -- Installing: /home/guichen/Documents/drone-radar-fusion/install/livox_ros2_avia/share/livox_ros2_avia/config/livox_lidar_config.json
[35.603s] -- Installing: /home/guichen/Documents/drone-radar-fusion/install/livox_ros2_avia/share/livox_ros2_avia/config/livox_hub_config.json
[35.603s] -- Installing: /home/guichen/Documents/drone-radar-fusion/install/livox_ros2_avia/share/livox_ros2_avia/config/livox_hub.rviz
[35.603s] -- Installing: /home/guichen/Documents/drone-radar-fusion/install/livox_ros2_avia/share/livox_ros2_avia/config/livox_lidar.rviz
[35.603s] -- Installing: /home/guichen/Documents/drone-radar-fusion/install/livox_ros2_avia/share/livox_ros2_avia/launch
[35.604s] -- Installing: /home/guichen/Documents/drone-radar-fusion/install/livox_ros2_avia/share/livox_ros2_avia/launch/livox_hub_launch.py
[35.604s] -- Installing: /home/guichen/Documents/drone-radar-fusion/install/livox_ros2_avia/share/livox_ros2_avia/launch/livox_hub_rviz_launch.py
[35.604s] -- Installing: /home/guichen/Documents/drone-radar-fusion/install/livox_ros2_avia/share/livox_ros2_avia/launch/livox_lidar_launch.py
[35.605s] -- Installing: /home/guichen/Documents/drone-radar-fusion/install/livox_ros2_avia/share/livox_ros2_avia/launch/livox_lidar_msg_launch.py
[35.605s] -- Installing: /home/guichen/Documents/drone-radar-fusion/install/livox_ros2_avia/share/livox_ros2_avia/launch/livox_hub_msg_launch .py
[35.605s] -- Installing: /home/guichen/Documents/drone-radar-fusion/install/livox_ros2_avia/share/livox_ros2_avia/launch/livox_template_launch.py
[35.605s] -- Installing: /home/guichen/Documents/drone-radar-fusion/install/livox_ros2_avia/share/livox_ros2_avia/launch/livox_lidar_rviz_launch.py
[35.605s] -- Installing: /home/guichen/Documents/drone-radar-fusion/install/livox_ros2_avia/share/ament_index/resource_index/package_run_dependencies/livox_ros2_avia
[35.606s] -- Installing: /home/guichen/Documents/drone-radar-fusion/install/livox_ros2_avia/share/ament_index/resource_index/parent_prefix_path/livox_ros2_avia
[35.606s] -- Installing: /home/guichen/Documents/drone-radar-fusion/install/livox_ros2_avia/share/livox_ros2_avia/environment/ament_prefix_path.sh
[35.607s] -- Installing: /home/guichen/Documents/drone-radar-fusion/install/livox_ros2_avia/share/livox_ros2_avia/environment/ament_prefix_path.dsv
[35.607s] -- Installing: /home/guichen/Documents/drone-radar-fusion/install/livox_ros2_avia/share/livox_ros2_avia/environment/path.sh
[35.608s] -- Installing: /home/guichen/Documents/drone-radar-fusion/install/livox_ros2_avia/share/livox_ros2_avia/environment/path.dsv
[35.608s] -- Installing: /home/guichen/Documents/drone-radar-fusion/install/livox_ros2_avia/share/livox_ros2_avia/local_setup.bash
[35.609s] -- Installing: /home/guichen/Documents/drone-radar-fusion/install/livox_ros2_avia/share/livox_ros2_avia/local_setup.sh
[35.609s] -- Installing: /home/guichen/Documents/drone-radar-fusion/install/livox_ros2_avia/share/livox_ros2_avia/local_setup.zsh
[35.609s] -- Installing: /home/guichen/Documents/drone-radar-fusion/install/livox_ros2_avia/share/livox_ros2_avia/local_setup.dsv
[35.610s] -- Installing: /home/guichen/Documents/drone-radar-fusion/install/livox_ros2_avia/share/livox_ros2_avia/package.dsv
[35.610s] -- Installing: /home/guichen/Documents/drone-radar-fusion/install/livox_ros2_avia/share/ament_index/resource_index/packages/livox_ros2_avia
[35.610s] -- Installing: /home/guichen/Documents/drone-radar-fusion/install/livox_ros2_avia/share/ament_index/resource_index/rclcpp_components/livox_ros2_avia
[35.611s] -- Installing: /home/guichen/Documents/drone-radar-fusion/install/livox_ros2_avia/share/livox_ros2_avia/cmake/ament_cmake_export_dependencies-extras.cmake
[35.611s] -- Installing: /home/guichen/Documents/drone-radar-fusion/install/livox_ros2_avia/share/livox_ros2_avia/cmake/ament_cmake_export_libraries-extras.cmake
[35.611s] -- Installing: /home/guichen/Documents/drone-radar-fusion/install/livox_ros2_avia/share/livox_ros2_avia/cmake/livox_ros2_aviaConfig.cmake
[35.611s] -- Installing: /home/guichen/Documents/drone-radar-fusion/install/livox_ros2_avia/share/livox_ros2_avia/cmake/livox_ros2_aviaConfig-version.cmake
[35.612s] -- Installing: /home/guichen/Documents/drone-radar-fusion/install/livox_ros2_avia/share/livox_ros2_avia/package.xml
[35.619s] Invoked command in '/home/guichen/Documents/drone-radar-fusion/build/livox_ros2_avia' returned '0': AMENT_PREFIX_PATH=/home/guichen/Documents/drone-radar-fusion/install/livox_sdk_vendor:/home/guichen/Documents/drone-radar-fusion/install/livox_interfaces:${AMENT_PREFIX_PATH} CMAKE_PREFIX_PATH=/home/guichen/Documents/drone-radar-fusion/install/livox_sdk_vendor:/home/guichen/Documents/drone-radar-fusion/install/livox_interfaces:/opt/ros/humble LD_LIBRARY_PATH=/home/guichen/Documents/drone-radar-fusion/install/livox_interfaces/lib:/opt/MVS/lib/64:/opt/MVS/lib/32:/opt/MVS/lib/64:/opt/MVS/lib/32:/usr/lib/x86_64-linux-gnu/gazebo-11/plugins:/opt/ros/humble/opt/rviz_ogre_vendor/lib:/opt/ros/humble/lib/x86_64-linux-gnu:/opt/ros/humble/lib:/opt/MVS/lib/64:/opt/MVS/lib/32:/opt/MVS/lib/64:/opt/MVS/lib/32 PYTHONPATH=/home/guichen/Documents/drone-radar-fusion/install/livox_interfaces/local/lib/python3.10/dist-packages:${PYTHONPATH} /usr/bin/cmake --install /home/guichen/Documents/drone-radar-fusion/build/livox_ros2_avia
