[0.007s] Invoking command in '/home/guichen/Documents/drone-radar-fusion/build/livox_ros2_avia': AMENT_PREFIX_PATH=/home/guichen/Documents/drone-radar-fusion/install/livox_sdk_vendor:/home/guichen/Documents/drone-radar-fusion/install/livox_interfaces:${AMENT_PREFIX_PATH} CMAKE_PREFIX_PATH=/home/guichen/Documents/drone-radar-fusion/install/livox_sdk_vendor:/home/guichen/Documents/drone-radar-fusion/install/livox_interfaces:/opt/ros/humble LD_LIBRARY_PATH=/home/guichen/Documents/drone-radar-fusion/install/livox_interfaces/lib:/opt/MVS/lib/64:/opt/MVS/lib/32:/usr/lib/x86_64-linux-gnu/gazebo-11/plugins:/opt/ros/humble/opt/rviz_ogre_vendor/lib:/opt/ros/humble/lib/x86_64-linux-gnu:/opt/ros/humble/lib:/opt/MVS/lib/64:/opt/MVS/lib/32:/opt/MVS/lib/64:/opt/MVS/lib/32 PYTHONPATH=/home/guichen/Documents/drone-radar-fusion/install/livox_interfaces/local/lib/python3.10/dist-packages:${PYTHONPATH} /usr/bin/cmake --build /home/guichen/Documents/drone-radar-fusion/build/livox_ros2_avia -- -j16 -l16
[0.036s] [35m[1mConsolidate compiler generated dependencies of target livox_ros2_avia_node[0m
[0.039s] [35m[1mConsolidate compiler generated dependencies of target livox_ros2_avia[0m
[0.048s] [ 12%] Built target livox_ros2_avia_node
[0.066s] [100%] Built target livox_ros2_avia
[0.074s] Invoked command in '/home/guichen/Documents/drone-radar-fusion/build/livox_ros2_avia' returned '0': AMENT_PREFIX_PATH=/home/guichen/Documents/drone-radar-fusion/install/livox_sdk_vendor:/home/guichen/Documents/drone-radar-fusion/install/livox_interfaces:${AMENT_PREFIX_PATH} CMAKE_PREFIX_PATH=/home/guichen/Documents/drone-radar-fusion/install/livox_sdk_vendor:/home/guichen/Documents/drone-radar-fusion/install/livox_interfaces:/opt/ros/humble LD_LIBRARY_PATH=/home/guichen/Documents/drone-radar-fusion/install/livox_interfaces/lib:/opt/MVS/lib/64:/opt/MVS/lib/32:/usr/lib/x86_64-linux-gnu/gazebo-11/plugins:/opt/ros/humble/opt/rviz_ogre_vendor/lib:/opt/ros/humble/lib/x86_64-linux-gnu:/opt/ros/humble/lib:/opt/MVS/lib/64:/opt/MVS/lib/32:/opt/MVS/lib/64:/opt/MVS/lib/32 PYTHONPATH=/home/guichen/Documents/drone-radar-fusion/install/livox_interfaces/local/lib/python3.10/dist-packages:${PYTHONPATH} /usr/bin/cmake --build /home/guichen/Documents/drone-radar-fusion/build/livox_ros2_avia -- -j16 -l16
[0.076s] Invoking command in '/home/guichen/Documents/drone-radar-fusion/build/livox_ros2_avia': AMENT_PREFIX_PATH=/home/guichen/Documents/drone-radar-fusion/install/livox_sdk_vendor:/home/guichen/Documents/drone-radar-fusion/install/livox_interfaces:${AMENT_PREFIX_PATH} CMAKE_PREFIX_PATH=/home/guichen/Documents/drone-radar-fusion/install/livox_sdk_vendor:/home/guichen/Documents/drone-radar-fusion/install/livox_interfaces:/opt/ros/humble LD_LIBRARY_PATH=/home/guichen/Documents/drone-radar-fusion/install/livox_interfaces/lib:/opt/MVS/lib/64:/opt/MVS/lib/32:/usr/lib/x86_64-linux-gnu/gazebo-11/plugins:/opt/ros/humble/opt/rviz_ogre_vendor/lib:/opt/ros/humble/lib/x86_64-linux-gnu:/opt/ros/humble/lib:/opt/MVS/lib/64:/opt/MVS/lib/32:/opt/MVS/lib/64:/opt/MVS/lib/32 PYTHONPATH=/home/guichen/Documents/drone-radar-fusion/install/livox_interfaces/local/lib/python3.10/dist-packages:${PYTHONPATH} /usr/bin/cmake --install /home/guichen/Documents/drone-radar-fusion/build/livox_ros2_avia
[0.081s] -- Install configuration: ""
[0.081s] -- Execute custom install script
[0.081s] -- Up-to-date symlink: /home/guichen/Documents/drone-radar-fusion/install/livox_ros2_avia/lib/livox_ros2_avia/livox_ros2_avia_node
[0.081s] -- Up-to-date symlink: /home/guichen/Documents/drone-radar-fusion/install/livox_ros2_avia/share/livox_ros2_avia/environment/library_path.sh
[0.081s] -- Up-to-date symlink: /home/guichen/Documents/drone-radar-fusion/install/livox_ros2_avia/share/livox_ros2_avia/environment/library_path.dsv
[0.081s] -- Up-to-date symlink: /home/guichen/Documents/drone-radar-fusion/install/livox_ros2_avia/lib/liblivox_ros2_avia.so
[0.082s] -- Up-to-date symlink: /home/guichen/Documents/drone-radar-fusion/install/livox_ros2_avia/share/livox_ros2_avia/config/livox_hub.rviz
[0.082s] -- Up-to-date symlink: /home/guichen/Documents/drone-radar-fusion/install/livox_ros2_avia/share/livox_ros2_avia/config/livox_hub_config.json
[0.082s] -- Up-to-date symlink: /home/guichen/Documents/drone-radar-fusion/install/livox_ros2_avia/share/livox_ros2_avia/config/livox_lidar.rviz
[0.082s] -- Up-to-date symlink: /home/guichen/Documents/drone-radar-fusion/install/livox_ros2_avia/share/livox_ros2_avia/config/livox_lidar_config.json
[0.082s] -- Up-to-date symlink: /home/guichen/Documents/drone-radar-fusion/install/livox_ros2_avia/share/livox_ros2_avia/launch/livox_hub_launch.py
[0.082s] -- Up-to-date symlink: /home/guichen/Documents/drone-radar-fusion/install/livox_ros2_avia/share/livox_ros2_avia/launch/livox_hub_msg_launch .py
[0.082s] -- Up-to-date symlink: /home/guichen/Documents/drone-radar-fusion/install/livox_ros2_avia/share/livox_ros2_avia/launch/livox_hub_rviz_launch.py
[0.082s] -- Up-to-date symlink: /home/guichen/Documents/drone-radar-fusion/install/livox_ros2_avia/share/livox_ros2_avia/launch/livox_lidar_launch.py
[0.082s] -- Up-to-date symlink: /home/guichen/Documents/drone-radar-fusion/install/livox_ros2_avia/share/livox_ros2_avia/launch/livox_lidar_msg_launch.py
[0.082s] -- Up-to-date symlink: /home/guichen/Documents/drone-radar-fusion/install/livox_ros2_avia/share/livox_ros2_avia/launch/livox_lidar_rviz_launch.py
[0.083s] -- Up-to-date symlink: /home/guichen/Documents/drone-radar-fusion/install/livox_ros2_avia/share/livox_ros2_avia/launch/livox_template_launch.py
[0.083s] -- Up-to-date symlink: /home/guichen/Documents/drone-radar-fusion/install/livox_ros2_avia/share/ament_index/resource_index/package_run_dependencies/livox_ros2_avia
[0.083s] -- Up-to-date symlink: /home/guichen/Documents/drone-radar-fusion/install/livox_ros2_avia/share/ament_index/resource_index/parent_prefix_path/livox_ros2_avia
[0.083s] -- Up-to-date symlink: /home/guichen/Documents/drone-radar-fusion/install/livox_ros2_avia/share/livox_ros2_avia/environment/ament_prefix_path.sh
[0.083s] -- Up-to-date symlink: /home/guichen/Documents/drone-radar-fusion/install/livox_ros2_avia/share/livox_ros2_avia/environment/ament_prefix_path.dsv
[0.083s] -- Up-to-date symlink: /home/guichen/Documents/drone-radar-fusion/install/livox_ros2_avia/share/livox_ros2_avia/environment/path.sh
[0.083s] -- Up-to-date symlink: /home/guichen/Documents/drone-radar-fusion/install/livox_ros2_avia/share/livox_ros2_avia/environment/path.dsv
[0.084s] -- Up-to-date symlink: /home/guichen/Documents/drone-radar-fusion/install/livox_ros2_avia/share/livox_ros2_avia/local_setup.bash
[0.084s] -- Up-to-date symlink: /home/guichen/Documents/drone-radar-fusion/install/livox_ros2_avia/share/livox_ros2_avia/local_setup.sh
[0.084s] -- Up-to-date symlink: /home/guichen/Documents/drone-radar-fusion/install/livox_ros2_avia/share/livox_ros2_avia/local_setup.zsh
[0.084s] -- Up-to-date symlink: /home/guichen/Documents/drone-radar-fusion/install/livox_ros2_avia/share/livox_ros2_avia/local_setup.dsv
[0.084s] -- Symlinking: /home/guichen/Documents/drone-radar-fusion/install/livox_ros2_avia/share/livox_ros2_avia/package.dsv
[0.091s] -- Up-to-date symlink: /home/guichen/Documents/drone-radar-fusion/install/livox_ros2_avia/share/ament_index/resource_index/packages/livox_ros2_avia
[0.091s] -- Up-to-date symlink: /home/guichen/Documents/drone-radar-fusion/install/livox_ros2_avia/share/ament_index/resource_index/rclcpp_components/livox_ros2_avia
[0.091s] -- Up-to-date symlink: /home/guichen/Documents/drone-radar-fusion/install/livox_ros2_avia/share/livox_ros2_avia/cmake/ament_cmake_export_dependencies-extras.cmake
[0.091s] -- Up-to-date symlink: /home/guichen/Documents/drone-radar-fusion/install/livox_ros2_avia/share/livox_ros2_avia/cmake/ament_cmake_export_libraries-extras.cmake
[0.091s] -- Up-to-date symlink: /home/guichen/Documents/drone-radar-fusion/install/livox_ros2_avia/share/livox_ros2_avia/cmake/livox_ros2_aviaConfig.cmake
[0.091s] -- Up-to-date symlink: /home/guichen/Documents/drone-radar-fusion/install/livox_ros2_avia/share/livox_ros2_avia/cmake/livox_ros2_aviaConfig-version.cmake
[0.091s] -- Up-to-date symlink: /home/guichen/Documents/drone-radar-fusion/install/livox_ros2_avia/share/livox_ros2_avia/package.xml
[0.093s] Invoked command in '/home/guichen/Documents/drone-radar-fusion/build/livox_ros2_avia' returned '0': AMENT_PREFIX_PATH=/home/guichen/Documents/drone-radar-fusion/install/livox_sdk_vendor:/home/guichen/Documents/drone-radar-fusion/install/livox_interfaces:${AMENT_PREFIX_PATH} CMAKE_PREFIX_PATH=/home/guichen/Documents/drone-radar-fusion/install/livox_sdk_vendor:/home/guichen/Documents/drone-radar-fusion/install/livox_interfaces:/opt/ros/humble LD_LIBRARY_PATH=/home/guichen/Documents/drone-radar-fusion/install/livox_interfaces/lib:/opt/MVS/lib/64:/opt/MVS/lib/32:/usr/lib/x86_64-linux-gnu/gazebo-11/plugins:/opt/ros/humble/opt/rviz_ogre_vendor/lib:/opt/ros/humble/lib/x86_64-linux-gnu:/opt/ros/humble/lib:/opt/MVS/lib/64:/opt/MVS/lib/32:/opt/MVS/lib/64:/opt/MVS/lib/32 PYTHONPATH=/home/guichen/Documents/drone-radar-fusion/install/livox_interfaces/local/lib/python3.10/dist-packages:${PYTHONPATH} /usr/bin/cmake --install /home/guichen/Documents/drone-radar-fusion/build/livox_ros2_avia
