[0.005s] Invoking command in '/home/guichen/Documents/drone-radar-fusion/build/interface': CMAKE_PREFIX_PATH=/opt/ros/humble /usr/bin/cmake --build /home/guichen/Documents/drone-radar-fusion/build/interface -- -j16 -l16
[0.031s] Consolidate compiler generated dependencies of target interface__rosidl_generator_c
[0.036s] [  2%] Built target interface__cpp
[0.036s] [  4%] Built target interface__rs
[0.037s] [ 14%] Built target interface__rosidl_generator_c
[0.040s] [ 14%] Built target ament_cmake_python_symlink_interface
[0.043s] Consolidate compiler generated dependencies of target interface__rosidl_typesupport_c
[0.043s] Consolidate compiler generated dependencies of target interface__rosidl_typesupport_cpp
[0.043s] Consolidate compiler generated dependencies of target interface__rosidl_typesupport_introspection_cpp
[0.044s] Consolidate compiler generated dependencies of target interface__rosidl_typesupport_fastrtps_cpp
[0.044s] Consolidate compiler generated dependencies of target interface__rosidl_typesupport_introspection_c
[0.044s] Consolidate compiler generated dependencies of target interface__rosidl_typesupport_fastrtps_c
[0.050s] [ 25%] Built target interface__rosidl_typesupport_c
[0.050s] [ 35%] Built target interface__rosidl_typesupport_cpp
[0.050s] [ 45%] Built target interface__rosidl_typesupport_introspection_cpp
[0.050s] [ 56%] Built target interface__rosidl_typesupport_introspection_c
[0.051s] [ 66%] Built target interface__rosidl_typesupport_fastrtps_cpp
[0.051s] [ 77%] Built target interface__rosidl_typesupport_fastrtps_c
[0.064s] [ 77%] Built target interface
[0.076s] [ 79%] Built target interface__py
[0.083s] Consolidate compiler generated dependencies of target interface__rosidl_generator_py
[0.090s] [ 87%] Built target interface__rosidl_generator_py
[0.098s] Consolidate compiler generated dependencies of target interface__rosidl_typesupport_fastrtps_c__pyext
[0.098s] Consolidate compiler generated dependencies of target interface__rosidl_typesupport_c__pyext
[0.098s] Consolidate compiler generated dependencies of target interface__rosidl_typesupport_introspection_c__pyext
[0.105s] [100%] Built target interface__rosidl_typesupport_c__pyext
[0.105s] [100%] Built target interface__rosidl_typesupport_fastrtps_c__pyext
[0.105s] [100%] Built target interface__rosidl_typesupport_introspection_c__pyext
[0.178s] running egg_info
[0.178s] writing interface.egg-info/PKG-INFO
[0.178s] writing dependency_links to interface.egg-info/dependency_links.txt
[0.178s] writing top-level names to interface.egg-info/top_level.txt
[0.179s] reading manifest file 'interface.egg-info/SOURCES.txt'
[0.180s] writing manifest file 'interface.egg-info/SOURCES.txt'
[0.196s] [100%] Built target ament_cmake_python_build_interface_egg
[0.204s] Invoked command in '/home/guichen/Documents/drone-radar-fusion/build/interface' returned '0': CMAKE_PREFIX_PATH=/opt/ros/humble /usr/bin/cmake --build /home/guichen/Documents/drone-radar-fusion/build/interface -- -j16 -l16
[0.210s] Invoking command in '/home/guichen/Documents/drone-radar-fusion/build/interface': CMAKE_PREFIX_PATH=/opt/ros/humble /usr/bin/cmake --install /home/guichen/Documents/drone-radar-fusion/build/interface
[0.214s] -- Install configuration: "Release"
[0.215s] -- Execute custom install script
[0.215s] -- Up-to-date symlink: /home/guichen/Documents/drone-radar-fusion/install/interface/share/ament_index/resource_index/rosidl_interfaces/interface
[0.215s] -- Up-to-date symlink: /home/guichen/Documents/drone-radar-fusion/install/interface/include/interface/interface/msg/detail/drone_detect__functions.h
[0.215s] -- Up-to-date symlink: /home/guichen/Documents/drone-radar-fusion/install/interface/include/interface/interface/msg/detail/drone_detect__struct.h
[0.215s] -- Up-to-date symlink: /home/guichen/Documents/drone-radar-fusion/install/interface/include/interface/interface/msg/detail/drone_detect__type_support.h
[0.216s] -- Up-to-date symlink: /home/guichen/Documents/drone-radar-fusion/install/interface/include/interface/interface/msg/detail/drone_detect_array__functions.h
[0.216s] -- Up-to-date symlink: /home/guichen/Documents/drone-radar-fusion/install/interface/include/interface/interface/msg/detail/drone_detect_array__struct.h
[0.216s] -- Up-to-date symlink: /home/guichen/Documents/drone-radar-fusion/install/interface/include/interface/interface/msg/detail/drone_detect_array__type_support.h
[0.216s] -- Up-to-date symlink: /home/guichen/Documents/drone-radar-fusion/install/interface/include/interface/interface/msg/detail/radar_warn__functions.h
[0.216s] -- Up-to-date symlink: /home/guichen/Documents/drone-radar-fusion/install/interface/include/interface/interface/msg/detail/radar_warn__struct.h
[0.216s] -- Up-to-date symlink: /home/guichen/Documents/drone-radar-fusion/install/interface/include/interface/interface/msg/detail/radar_warn__type_support.h
[0.216s] -- Up-to-date symlink: /home/guichen/Documents/drone-radar-fusion/install/interface/include/interface/interface/msg/drone_detect.h
[0.216s] -- Up-to-date symlink: /home/guichen/Documents/drone-radar-fusion/install/interface/include/interface/interface/msg/drone_detect_array.h
[0.216s] -- Up-to-date symlink: /home/guichen/Documents/drone-radar-fusion/install/interface/include/interface/interface/msg/radar_warn.h
[0.216s] -- Up-to-date symlink: /home/guichen/Documents/drone-radar-fusion/install/interface/include/interface/interface/msg/rosidl_generator_c__visibility_control.h
[0.216s] -- Up-to-date symlink: /home/guichen/Documents/drone-radar-fusion/install/interface/share/interface/environment/library_path.sh
[0.216s] -- Up-to-date symlink: /home/guichen/Documents/drone-radar-fusion/install/interface/share/interface/environment/library_path.dsv
[0.216s] -- Up-to-date symlink: /home/guichen/Documents/drone-radar-fusion/install/interface/include/interface/interface/msg/detail/drone_detect__rosidl_typesupport_fastrtps_c.h
[0.216s] -- Up-to-date symlink: /home/guichen/Documents/drone-radar-fusion/install/interface/include/interface/interface/msg/detail/drone_detect_array__rosidl_typesupport_fastrtps_c.h
[0.217s] -- Up-to-date symlink: /home/guichen/Documents/drone-radar-fusion/install/interface/include/interface/interface/msg/detail/radar_warn__rosidl_typesupport_fastrtps_c.h
[0.217s] -- Up-to-date symlink: /home/guichen/Documents/drone-radar-fusion/install/interface/include/interface/interface/msg/rosidl_typesupport_fastrtps_c__visibility_control.h
[0.217s] -- Up-to-date symlink: /home/guichen/Documents/drone-radar-fusion/install/interface/include/interface/interface/msg/detail/drone_detect__rosidl_typesupport_introspection_c.h
[0.217s] -- Up-to-date symlink: /home/guichen/Documents/drone-radar-fusion/install/interface/include/interface/interface/msg/detail/drone_detect_array__rosidl_typesupport_introspection_c.h
[0.217s] -- Up-to-date symlink: /home/guichen/Documents/drone-radar-fusion/install/interface/include/interface/interface/msg/detail/radar_warn__rosidl_typesupport_introspection_c.h
[0.217s] -- Up-to-date symlink: /home/guichen/Documents/drone-radar-fusion/install/interface/include/interface/interface/msg/rosidl_typesupport_introspection_c__visibility_control.h
[0.217s] -- Up-to-date symlink: /home/guichen/Documents/drone-radar-fusion/install/interface/include/interface/interface/msg/detail/drone_detect__builder.hpp
[0.217s] -- Up-to-date symlink: /home/guichen/Documents/drone-radar-fusion/install/interface/include/interface/interface/msg/detail/drone_detect__struct.hpp
[0.217s] -- Up-to-date symlink: /home/guichen/Documents/drone-radar-fusion/install/interface/include/interface/interface/msg/detail/drone_detect__traits.hpp
[0.217s] -- Up-to-date symlink: /home/guichen/Documents/drone-radar-fusion/install/interface/include/interface/interface/msg/detail/drone_detect__type_support.hpp
[0.218s] -- Up-to-date symlink: /home/guichen/Documents/drone-radar-fusion/install/interface/include/interface/interface/msg/detail/drone_detect_array__builder.hpp
[0.218s] -- Up-to-date symlink: /home/guichen/Documents/drone-radar-fusion/install/interface/include/interface/interface/msg/detail/drone_detect_array__struct.hpp
[0.218s] -- Up-to-date symlink: /home/guichen/Documents/drone-radar-fusion/install/interface/include/interface/interface/msg/detail/drone_detect_array__traits.hpp
[0.218s] -- Up-to-date symlink: /home/guichen/Documents/drone-radar-fusion/install/interface/include/interface/interface/msg/detail/drone_detect_array__type_support.hpp
[0.218s] -- Up-to-date symlink: /home/guichen/Documents/drone-radar-fusion/install/interface/include/interface/interface/msg/detail/radar_warn__builder.hpp
[0.218s] -- Up-to-date symlink: /home/guichen/Documents/drone-radar-fusion/install/interface/include/interface/interface/msg/detail/radar_warn__struct.hpp
[0.218s] -- Up-to-date symlink: /home/guichen/Documents/drone-radar-fusion/install/interface/include/interface/interface/msg/detail/radar_warn__traits.hpp
[0.218s] -- Up-to-date symlink: /home/guichen/Documents/drone-radar-fusion/install/interface/include/interface/interface/msg/detail/radar_warn__type_support.hpp
[0.218s] -- Up-to-date symlink: /home/guichen/Documents/drone-radar-fusion/install/interface/include/interface/interface/msg/drone_detect.hpp
[0.218s] -- Up-to-date symlink: /home/guichen/Documents/drone-radar-fusion/install/interface/include/interface/interface/msg/drone_detect_array.hpp
[0.218s] -- Up-to-date symlink: /home/guichen/Documents/drone-radar-fusion/install/interface/include/interface/interface/msg/radar_warn.hpp
[0.218s] -- Up-to-date symlink: /home/guichen/Documents/drone-radar-fusion/install/interface/include/interface/interface/msg/rosidl_generator_cpp__visibility_control.hpp
[0.218s] -- Up-to-date symlink: /home/guichen/Documents/drone-radar-fusion/install/interface/include/interface/interface/msg/detail/drone_detect__rosidl_typesupport_fastrtps_cpp.hpp
[0.218s] -- Up-to-date symlink: /home/guichen/Documents/drone-radar-fusion/install/interface/include/interface/interface/msg/detail/drone_detect_array__rosidl_typesupport_fastrtps_cpp.hpp
[0.218s] -- Up-to-date symlink: /home/guichen/Documents/drone-radar-fusion/install/interface/include/interface/interface/msg/detail/radar_warn__rosidl_typesupport_fastrtps_cpp.hpp
[0.218s] -- Up-to-date symlink: /home/guichen/Documents/drone-radar-fusion/install/interface/include/interface/interface/msg/rosidl_typesupport_fastrtps_cpp__visibility_control.h
[0.219s] -- Up-to-date symlink: /home/guichen/Documents/drone-radar-fusion/install/interface/include/interface/interface/msg/detail/drone_detect__rosidl_typesupport_introspection_cpp.hpp
[0.219s] -- Up-to-date symlink: /home/guichen/Documents/drone-radar-fusion/install/interface/include/interface/interface/msg/detail/drone_detect_array__rosidl_typesupport_introspection_cpp.hpp
[0.219s] -- Up-to-date symlink: /home/guichen/Documents/drone-radar-fusion/install/interface/include/interface/interface/msg/detail/radar_warn__rosidl_typesupport_introspection_cpp.hpp
[0.219s] -- Up-to-date symlink: /home/guichen/Documents/drone-radar-fusion/install/interface/share/interface/environment/pythonpath.sh
[0.219s] -- Up-to-date symlink: /home/guichen/Documents/drone-radar-fusion/install/interface/share/interface/environment/pythonpath.dsv
[0.219s] -- Up-to-date symlink: /home/guichen/Documents/drone-radar-fusion/install/interface/local/lib/python3.10/dist-packages/interface-1.0.0-py3.10.egg-info/PKG-INFO
[0.219s] -- Up-to-date symlink: /home/guichen/Documents/drone-radar-fusion/install/interface/local/lib/python3.10/dist-packages/interface-1.0.0-py3.10.egg-info/SOURCES.txt
[0.219s] -- Up-to-date symlink: /home/guichen/Documents/drone-radar-fusion/install/interface/local/lib/python3.10/dist-packages/interface-1.0.0-py3.10.egg-info/dependency_links.txt
[0.219s] -- Up-to-date symlink: /home/guichen/Documents/drone-radar-fusion/install/interface/local/lib/python3.10/dist-packages/interface-1.0.0-py3.10.egg-info/top_level.txt
[0.219s] -- Up-to-date symlink: /home/guichen/Documents/drone-radar-fusion/install/interface/local/lib/python3.10/dist-packages/interface/__init__.py
[0.220s] -- Up-to-date symlink: /home/guichen/Documents/drone-radar-fusion/install/interface/local/lib/python3.10/dist-packages/interface/_interface_s.ep.rosidl_typesupport_c.c
[0.220s] -- Up-to-date symlink: /home/guichen/Documents/drone-radar-fusion/install/interface/local/lib/python3.10/dist-packages/interface/_interface_s.ep.rosidl_typesupport_fastrtps_c.c
[0.220s] -- Up-to-date symlink: /home/guichen/Documents/drone-radar-fusion/install/interface/local/lib/python3.10/dist-packages/interface/_interface_s.ep.rosidl_typesupport_introspection_c.c
[0.220s] -- Up-to-date symlink: /home/guichen/Documents/drone-radar-fusion/install/interface/local/lib/python3.10/dist-packages/interface/interface_s__rosidl_typesupport_c.cpython-310-x86_64-linux-gnu.so
[0.220s] -- Up-to-date symlink: /home/guichen/Documents/drone-radar-fusion/install/interface/local/lib/python3.10/dist-packages/interface/interface_s__rosidl_typesupport_fastrtps_c.cpython-310-x86_64-linux-gnu.so
[0.220s] -- Up-to-date symlink: /home/guichen/Documents/drone-radar-fusion/install/interface/local/lib/python3.10/dist-packages/interface/interface_s__rosidl_typesupport_introspection_c.cpython-310-x86_64-linux-gnu.so
[0.220s] -- Up-to-date symlink: /home/guichen/Documents/drone-radar-fusion/install/interface/local/lib/python3.10/dist-packages/interface/libinterface__rosidl_generator_py.so
[0.220s] -- Up-to-date symlink: /home/guichen/Documents/drone-radar-fusion/install/interface/local/lib/python3.10/dist-packages/interface/msg/__init__.py
[0.220s] -- Up-to-date symlink: /home/guichen/Documents/drone-radar-fusion/install/interface/local/lib/python3.10/dist-packages/interface/msg/_drone_detect.py
[0.220s] -- Up-to-date symlink: /home/guichen/Documents/drone-radar-fusion/install/interface/local/lib/python3.10/dist-packages/interface/msg/_drone_detect_array.py
[0.220s] -- Up-to-date symlink: /home/guichen/Documents/drone-radar-fusion/install/interface/local/lib/python3.10/dist-packages/interface/msg/_drone_detect_array_s.c
[0.220s] -- Up-to-date symlink: /home/guichen/Documents/drone-radar-fusion/install/interface/local/lib/python3.10/dist-packages/interface/msg/_drone_detect_s.c
[0.220s] -- Up-to-date symlink: /home/guichen/Documents/drone-radar-fusion/install/interface/local/lib/python3.10/dist-packages/interface/msg/_radar_warn.py
[0.221s] -- Up-to-date symlink: /home/guichen/Documents/drone-radar-fusion/install/interface/local/lib/python3.10/dist-packages/interface/msg/_radar_warn_s.c
[0.221s] -- Up-to-date symlink: /home/guichen/Documents/drone-radar-fusion/install/interface/local/lib/python3.10/dist-packages/interface/interface_s__rosidl_typesupport_fastrtps_c.cpython-310-x86_64-linux-gnu.so
[0.221s] -- Up-to-date symlink: /home/guichen/Documents/drone-radar-fusion/install/interface/local/lib/python3.10/dist-packages/interface/interface_s__rosidl_typesupport_introspection_c.cpython-310-x86_64-linux-gnu.so
[0.221s] -- Up-to-date symlink: /home/guichen/Documents/drone-radar-fusion/install/interface/local/lib/python3.10/dist-packages/interface/interface_s__rosidl_typesupport_c.cpython-310-x86_64-linux-gnu.so
[0.221s] -- Up-to-date symlink: /home/guichen/Documents/drone-radar-fusion/install/interface/share/ament_index/resource_index/rust_packages/interface
[0.221s] -- Up-to-date symlink: /home/guichen/Documents/drone-radar-fusion/install/interface/share/interface/rust/Cargo.toml
[0.221s] -- Up-to-date symlink: /home/guichen/Documents/drone-radar-fusion/install/interface/share/interface/rust/build.rs
[0.221s] -- Up-to-date symlink: /home/guichen/Documents/drone-radar-fusion/install/interface/share/interface/rust/src/lib.rs
[0.221s] -- Up-to-date symlink: /home/guichen/Documents/drone-radar-fusion/install/interface/share/interface/rust/src/msg.rs
[0.221s] -- Up-to-date symlink: /home/guichen/Documents/drone-radar-fusion/install/interface/share/interface/rust/src/msg/rmw.rs
[0.221s] -- Up-to-date symlink: /home/guichen/Documents/drone-radar-fusion/install/interface/share/interface/msg/DroneDetect.idl
[0.221s] -- Up-to-date symlink: /home/guichen/Documents/drone-radar-fusion/install/interface/share/interface/msg/DroneDetectArray.idl
[0.221s] -- Up-to-date symlink: /home/guichen/Documents/drone-radar-fusion/install/interface/share/interface/msg/RadarWarn.idl
[0.222s] -- Up-to-date symlink: /home/guichen/Documents/drone-radar-fusion/install/interface/share/interface/msg/DroneDetect.msg
[0.222s] -- Up-to-date symlink: /home/guichen/Documents/drone-radar-fusion/install/interface/share/interface/msg/DroneDetectArray.msg
[0.222s] -- Up-to-date symlink: /home/guichen/Documents/drone-radar-fusion/install/interface/share/interface/msg/RadarWarn.msg
[0.222s] -- Up-to-date symlink: /home/guichen/Documents/drone-radar-fusion/install/interface/share/ament_index/resource_index/package_run_dependencies/interface
[0.222s] -- Up-to-date symlink: /home/guichen/Documents/drone-radar-fusion/install/interface/share/ament_index/resource_index/parent_prefix_path/interface
[0.222s] -- Up-to-date symlink: /home/guichen/Documents/drone-radar-fusion/install/interface/share/interface/environment/ament_prefix_path.sh
[0.222s] -- Up-to-date symlink: /home/guichen/Documents/drone-radar-fusion/install/interface/share/interface/environment/ament_prefix_path.dsv
[0.222s] -- Up-to-date symlink: /home/guichen/Documents/drone-radar-fusion/install/interface/share/interface/environment/path.sh
[0.222s] -- Up-to-date symlink: /home/guichen/Documents/drone-radar-fusion/install/interface/share/interface/environment/path.dsv
[0.222s] -- Up-to-date symlink: /home/guichen/Documents/drone-radar-fusion/install/interface/share/interface/local_setup.bash
[0.222s] -- Up-to-date symlink: /home/guichen/Documents/drone-radar-fusion/install/interface/share/interface/local_setup.sh
[0.222s] -- Up-to-date symlink: /home/guichen/Documents/drone-radar-fusion/install/interface/share/interface/local_setup.zsh
[0.222s] -- Up-to-date symlink: /home/guichen/Documents/drone-radar-fusion/install/interface/share/interface/local_setup.dsv
[0.222s] -- Symlinking: /home/guichen/Documents/drone-radar-fusion/install/interface/share/interface/package.dsv
[0.227s] -- Up-to-date symlink: /home/guichen/Documents/drone-radar-fusion/install/interface/share/ament_index/resource_index/packages/interface
[0.227s] -- Up-to-date symlink: /home/guichen/Documents/drone-radar-fusion/install/interface/share/interface/cmake/rosidl_cmake-extras.cmake
[0.227s] -- Up-to-date symlink: /home/guichen/Documents/drone-radar-fusion/install/interface/share/interface/cmake/ament_cmake_export_dependencies-extras.cmake
[0.228s] -- Up-to-date symlink: /home/guichen/Documents/drone-radar-fusion/install/interface/share/interface/cmake/ament_cmake_export_include_directories-extras.cmake
[0.228s] -- Up-to-date symlink: /home/guichen/Documents/drone-radar-fusion/install/interface/share/interface/cmake/ament_cmake_export_libraries-extras.cmake
[0.228s] -- Up-to-date symlink: /home/guichen/Documents/drone-radar-fusion/install/interface/share/interface/cmake/ament_cmake_export_targets-extras.cmake
[0.228s] -- Up-to-date symlink: /home/guichen/Documents/drone-radar-fusion/install/interface/share/interface/cmake/rosidl_cmake_export_typesupport_targets-extras.cmake
[0.228s] -- Up-to-date symlink: /home/guichen/Documents/drone-radar-fusion/install/interface/share/interface/cmake/rosidl_cmake_export_typesupport_libraries-extras.cmake
[0.228s] -- Up-to-date symlink: /home/guichen/Documents/drone-radar-fusion/install/interface/share/interface/cmake/interfaceConfig.cmake
[0.228s] -- Up-to-date symlink: /home/guichen/Documents/drone-radar-fusion/install/interface/share/interface/cmake/interfaceConfig-version.cmake
[0.228s] -- Up-to-date symlink: /home/guichen/Documents/drone-radar-fusion/install/interface/share/interface/package.xml
[0.228s] -- Up-to-date: /home/guichen/Documents/drone-radar-fusion/install/interface/lib/libinterface__rosidl_generator_c.so
[0.228s] -- Up-to-date: /home/guichen/Documents/drone-radar-fusion/install/interface/lib/libinterface__rosidl_typesupport_fastrtps_c.so
[0.228s] -- Up-to-date: /home/guichen/Documents/drone-radar-fusion/install/interface/lib/libinterface__rosidl_typesupport_introspection_c.so
[0.229s] -- Up-to-date: /home/guichen/Documents/drone-radar-fusion/install/interface/lib/libinterface__rosidl_typesupport_c.so
[0.229s] -- Up-to-date: /home/guichen/Documents/drone-radar-fusion/install/interface/lib/libinterface__rosidl_typesupport_fastrtps_cpp.so
[0.229s] -- Up-to-date: /home/guichen/Documents/drone-radar-fusion/install/interface/lib/libinterface__rosidl_typesupport_introspection_cpp.so
[0.229s] -- Up-to-date: /home/guichen/Documents/drone-radar-fusion/install/interface/lib/libinterface__rosidl_typesupport_cpp.so
[0.249s] Listing '/home/guichen/Documents/drone-radar-fusion/install/interface/local/lib/python3.10/dist-packages/interface'...
[0.249s] Listing '/home/guichen/Documents/drone-radar-fusion/install/interface/local/lib/python3.10/dist-packages/interface/msg'...
[0.252s] -- Up-to-date: /home/guichen/Documents/drone-radar-fusion/install/interface/lib/libinterface__rosidl_generator_py.so
[0.252s] -- Up-to-date: /home/guichen/Documents/drone-radar-fusion/install/interface/share/interface/cmake/export_interface__rosidl_generator_cExport.cmake
[0.252s] -- Up-to-date: /home/guichen/Documents/drone-radar-fusion/install/interface/share/interface/cmake/export_interface__rosidl_generator_cExport-release.cmake
[0.252s] -- Up-to-date: /home/guichen/Documents/drone-radar-fusion/install/interface/share/interface/cmake/export_interface__rosidl_typesupport_fastrtps_cExport.cmake
[0.252s] -- Up-to-date: /home/guichen/Documents/drone-radar-fusion/install/interface/share/interface/cmake/export_interface__rosidl_typesupport_fastrtps_cExport-release.cmake
[0.252s] -- Up-to-date: /home/guichen/Documents/drone-radar-fusion/install/interface/share/interface/cmake/interface__rosidl_typesupport_introspection_cExport.cmake
[0.252s] -- Up-to-date: /home/guichen/Documents/drone-radar-fusion/install/interface/share/interface/cmake/interface__rosidl_typesupport_introspection_cExport-release.cmake
[0.252s] -- Up-to-date: /home/guichen/Documents/drone-radar-fusion/install/interface/share/interface/cmake/interface__rosidl_typesupport_cExport.cmake
[0.252s] -- Up-to-date: /home/guichen/Documents/drone-radar-fusion/install/interface/share/interface/cmake/interface__rosidl_typesupport_cExport-release.cmake
[0.252s] -- Up-to-date: /home/guichen/Documents/drone-radar-fusion/install/interface/share/interface/cmake/export_interface__rosidl_generator_cppExport.cmake
[0.252s] -- Up-to-date: /home/guichen/Documents/drone-radar-fusion/install/interface/share/interface/cmake/export_interface__rosidl_typesupport_fastrtps_cppExport.cmake
[0.252s] -- Up-to-date: /home/guichen/Documents/drone-radar-fusion/install/interface/share/interface/cmake/export_interface__rosidl_typesupport_fastrtps_cppExport-release.cmake
[0.252s] -- Up-to-date: /home/guichen/Documents/drone-radar-fusion/install/interface/share/interface/cmake/interface__rosidl_typesupport_introspection_cppExport.cmake
[0.252s] -- Up-to-date: /home/guichen/Documents/drone-radar-fusion/install/interface/share/interface/cmake/interface__rosidl_typesupport_introspection_cppExport-release.cmake
[0.252s] -- Up-to-date: /home/guichen/Documents/drone-radar-fusion/install/interface/share/interface/cmake/interface__rosidl_typesupport_cppExport.cmake
[0.252s] -- Up-to-date: /home/guichen/Documents/drone-radar-fusion/install/interface/share/interface/cmake/interface__rosidl_typesupport_cppExport-release.cmake
[0.252s] -- Up-to-date: /home/guichen/Documents/drone-radar-fusion/install/interface/share/interface/cmake/export_interface__rosidl_generator_pyExport.cmake
[0.252s] -- Up-to-date: /home/guichen/Documents/drone-radar-fusion/install/interface/share/interface/cmake/export_interface__rosidl_generator_pyExport-release.cmake
[0.254s] Invoked command in '/home/guichen/Documents/drone-radar-fusion/build/interface' returned '0': CMAKE_PREFIX_PATH=/opt/ros/humble /usr/bin/cmake --install /home/guichen/Documents/drone-radar-fusion/build/interface
